MQCT paths: /mmfs1/home/8101lukmani/pure-MQCT/EXAMPLES_IO/SYS_TYPE_1/CO_He/MQCT_PATHS.txt -> /mmfs1/home/8101lukmani/pure-MQCT/bin/mqct_COHe.exe
 MPI INITIALIZED
 PARSERING OF USER INPUT
 ARRAY_INI_STARTED
 STATES_SIZE_FOUND         441
 number_of_channels          21
 jmax_included          20
 BASIS ARRAYS CREATED
ARRAYS ALLOCATION TOOK TIME, s =             0.001
 TOTAL_SIZE_OF_M =         3311
  MAKING AN EQUIDIST GRID	
 MTRX.DAT READING STARTED
 FORMATTED READING DONE
Truncation #1 at #R = 19, R = 6.022, and #2 at #R = 29, R = 8.035
THE SIZE OF NON_ZERO PART OF Mij =       3311
 MPI TASK PER TRAJECTORY WILL BE USED
MPI TASKS WHICH ARE ASSOCIATED WITH ONE TRAJECTORY =     1
 Mij ROOT PROC DISTRIBUTION STARTED
 Mij ROOT PROC DISTRIBUTION DONE
 Mij ALL PROC DISTRIBUTION STARTED
 Mij ALL PROC DISTRIBUTION DONE
 MPI_COMMUNICATORS_CREATION STARTED
 MPI_COMMUNICATORS_CREATION DONE
TIME SPENT ON MATRIX Mij READING/COMPUTING/SAVING ON DISK ,s      10.1
 NUMBER OF TRAJECTORIES PER PROC_GROUP MIN           1
  
 SCATTERING CALCULATIONS STARTED
TOTAL J RANGE: FROM    0 TO   36
TOTAL L RANGE: FROM    0 TO   36
l_range1/2/3 =      0     0     0  total =     37
 NUMBER OF TRAJECTORIES PER PROC_GROUP MAX           2
 TOTAL NUMBER OF TRAJECTORIES          37
TIME IT TOOK TO SETUP ARRAYS, s     0
CALCULATIONS START FOR M =    0
TRAJECTORY DONE FOR L=    30 TIME_SPENT=       35.097 SEC.
TRAJECTORY DONE FOR L=    28 TIME_SPENT=       35.565 SEC.
TRAJECTORY DONE FOR L=    26 TIME_SPENT=       35.924 SEC.
TRAJECTORY DONE FOR L=    31 TIME_SPENT=       36.456 SEC.
TRAJECTORY DONE FOR L=    29 TIME_SPENT=       36.865 SEC.
TRAJECTORY DONE FOR L=    27 TIME_SPENT=       37.244 SEC.
TRAJECTORY DONE FOR L=    25 TIME_SPENT=       37.645 SEC.
TRAJECTORY DONE FOR L=    23 TIME_SPENT=       38.141 SEC.
TRAJECTORY DONE FOR L=    15 TIME_SPENT=       38.432 SEC.
TRAJECTORY DONE FOR L=    17 TIME_SPENT=       38.454 SEC.
TRAJECTORY DONE FOR L=    21 TIME_SPENT=       38.780 SEC.
TRAJECTORY DONE FOR L=    19 TIME_SPENT=       38.800 SEC.
TRAJECTORY DONE FOR L=    13 TIME_SPENT=       39.327 SEC.
TRAJECTORY DONE FOR L=    11 TIME_SPENT=       40.695 SEC.
TRAJECTORY DONE FOR L=     9 TIME_SPENT=       42.629 SEC.
TRAJECTORY DONE FOR L=     7 TIME_SPENT=       44.994 SEC.
TRAJECTORY DONE FOR L=     5 TIME_SPENT=       47.366 SEC.
TRAJECTORY DONE FOR L=     3 TIME_SPENT=       49.757 SEC.
TRAJECTORY DONE FOR L=     1 TIME_SPENT=       51.467 SEC.
TRAJECTORY DONE FOR L=    35 TIME_SPENT=       35.873 SEC.
TRAJECTORY DONE FOR L=    33 TIME_SPENT=       36.243 SEC.
TRAJECTORY DONE FOR L=    24 TIME_SPENT=      100.502 SEC.
TRAJECTORY DONE FOR L=    22 TIME_SPENT=      100.794 SEC.
TRAJECTORY DONE FOR L=    16 TIME_SPENT=      100.879 SEC.
TRAJECTORY DONE FOR L=    18 TIME_SPENT=      102.082 SEC.
TRAJECTORY DONE FOR L=    20 TIME_SPENT=      103.412 SEC.
TRAJECTORY DONE FOR L=    14 TIME_SPENT=      103.538 SEC.
TRAJECTORY DONE FOR L=    12 TIME_SPENT=      105.356 SEC.
TRAJECTORY DONE FOR L=    10 TIME_SPENT=      109.884 SEC.
TRAJECTORY DONE FOR L=     8 TIME_SPENT=      114.828 SEC.
TRAJECTORY DONE FOR L=     6 TIME_SPENT=      121.376 SEC.
TRAJECTORY DONE FOR L=     4 TIME_SPENT=      128.015 SEC.
TRAJECTORY DONE FOR L=     2 TIME_SPENT=      133.293 SEC.
TRAJECTORY DONE FOR L=     0 TIME_SPENT=      140.192 SEC.
TRAJECTORY DONE FOR L=    36 TIME_SPENT=       93.159 SEC.
TRAJECTORY DONE FOR L=    34 TIME_SPENT=       94.758 SEC.
TRAJECTORY DONE FOR L=    32 TIME_SPENT=       97.960 SEC.
ALL TRAJECTORIES DONE FOR ENER_NUM =   1 AND M12 =    0  J12=     0
TIME IT TOOK TO PROPOGATE,s        238
 DATA FROM ALL TRAJECTORIES GATHERED
 INELASTIC CROSS SECTION CALCULATED FOR M           0
  
 CROSS SECTION CALCULATED FOR ENERGY=           1
  
 Trajectory Propagation Time:   238.392106388000     
  
TOTAL TIME SPENT ON PROPAGATION,sec =     7631
THE AVERAGE TIME PER MPI TASK SPENT ON PROPAGATION =    0  h   3   m 58.5  s
TIME SPENT ON INITIALIZATION TOOK WALL CLOCK TIME =    0  h   0   m 10.3  s
TIME SPENT ON MIJ.DAT READING TOOK WALL CLOCK TIME =    0  h   0   m  1.8  s
TIME SPENT ON MIJ DISTRIBUTION TOOK WALL CLOCK TIME =    0  h   0   m 10.1  s
TIME SPENT ON MIJ REALLOCATION TOOK WALL CLOCK TIME =    0  h   0   m  1.9  s
 ALL WORK DONE

real	4m11.806s
user	50m19.151s
sys	0m5.916s
