energy#1, (U= 100.000 cm^-1)
state= 1
j12= 0
m12= 0
L_ORB  B_IMPACT(a.u.)     DEFLCT_ANGLE(rad)    SCAT_PHASE(rad)       FINISH_TIME(a.u.)    ENERGY_ERROR(%)      NORM_ERROR(%)    LOOPS   OSCIL
   0   0.00000000E+00      0.31415927E+01      -0.22041128E+02        0.24524107E+06      0.20287991E-05      0.12891723E-06       0       0
   1   0.41461336E+00      0.28301206E+01      -0.19055271E+02        0.24350902E+06      0.22620302E-05      0.12383745E-06       0       0
   2   0.82922671E+00      0.26068740E+01      -0.16336774E+02        0.24023545E+06      0.16969314E-05      0.11419808E-06       0       0
   3   0.12438401E+01      0.23946963E+01      -0.13835989E+02        0.23573211E+06      0.15133385E-05      0.10096419E-06       0       0
   4   0.16584534E+01      0.21917064E+01      -0.11542787E+02        0.23036276E+06      0.15252184E-05      0.85413010E-07       0       0
   5   0.20730668E+01      0.19974363E+01      -0.94482161E+01        0.22449111E+06      0.13450885E-05      0.68951633E-07       0       0
   6   0.24876801E+01      0.18111131E+01      -0.75439414E+01        0.21848089E+06      0.72308007E-06      0.52928639E-07       0       0
   7   0.29022935E+01      0.16315651E+01      -0.58226023E+01        0.21259192E+06      0.62938958E-06      0.38458359E-07       0       0
   8   0.33169069E+01      0.14574799E+01      -0.42780798E+01        0.20701471E+06      0.35237194E-07      0.26311964E-07       0       0
   9   0.37315202E+01      0.12875121E+01      -0.29055839E+01        0.20183588E+06      0.38612944E-06      0.16856372E-07       0       0
  10   0.41461336E+01      0.11203736E+01      -0.17016410E+01        0.19714202E+06      0.62452534E-06      0.10071000E-07       0       0
  11   0.45607469E+01      0.95454955E+00      -0.66417944E+00        0.19298510E+06      0.14408445E-06      0.56105787E-08       0       0
  12   0.49753603E+01      0.78801066E+00       0.20710066E+00        0.18943440E+06      0.34006491E-07      0.30621283E-08       0       0
  13   0.53899736E+01      0.61986514E+00       0.91103857E+00        0.18647259E+06      0.13303981E-06      0.20649704E-08       0       0
  14   0.58045870E+01      0.44840083E+00       0.14451716E+01        0.18420360E+06      0.13836991E-06      0.12316592E-08       0       0
  15   0.62192004E+01      0.27236543E+00       0.18055547E+01        0.18266208E+06      0.91240833E-07      0.62940764E-09       0       0
  16   0.66338137E+01      0.90991852E-01       0.19872333E+01        0.18203854E+06      0.23953667E-06      0.26203484E-09       0       0
  17   0.70484271E+01     -0.92467478E-01       0.19864955E+01        0.18250619E+06      0.21892033E-06      0.84554586E-10       0       0
  18   0.74630404E+01     -0.25966858E+00       0.18104275E+01        0.18408236E+06      0.22628052E-06      0.22848390E-10       0       0
  19   0.78776538E+01     -0.35266837E+00       0.15042590E+01        0.18567585E+06      0.71542392E-07      0.89706020E-11       0       0
  20   0.82922671E+01     -0.33018612E+00       0.11628318E+01        0.18550264E+06      0.13368673E-06      0.41522341E-11       0       0
  21   0.87068805E+01     -0.25468153E+00       0.87039794E+00        0.18397844E+06      0.48481429E-07      0.31752379E-11       0       0
  22   0.91214939E+01     -0.18548220E+00       0.65031608E+00        0.18228103E+06      0.19196401E-06      0.11324275E-11       0       0
  23   0.95361072E+01     -0.13476603E+00       0.49019197E+00        0.18079146E+06      0.12736031E-06      0.13322676E-11       0       0
  24   0.99507206E+01     -0.99252910E-01       0.37318250E+00        0.17947510E+06      0.11367518E-06      0.47739590E-12       0       0
  25   0.10365334E+02     -0.74348654E-01       0.28638172E+00        0.17831463E+06      0.12857193E-07      0.53290705E-12       0       0
  26   0.10779947E+02     -0.56625393E-01       0.22089469E+00        0.17725808E+06      0.30880693E-06      0.20872193E-11       0       0
  27   0.11194561E+02     -0.43786472E-01       0.17068876E+00        0.17625349E+06      0.16532430E-06      0.84376950E-12       0       0
  28   0.11609174E+02     -0.34320633E-01       0.13163521E+00        0.17528354E+06      0.16438159E-06      0.77715612E-12       0       0
  29   0.12023787E+02     -0.27226332E-01       0.10086173E+00        0.17431359E+06      0.23006193E-06      0.58841820E-12       0       0
  30   0.12438401E+02     -0.21829807E-01       0.76333658E-01        0.17336097E+06      0.37007215E-06      0.14210855E-11       0       0
  31   0.12853014E+02     -0.17669718E-01       0.56583895E-01        0.17239102E+06      0.93351486E-07      0.13433699E-11       0       0
  32   0.13267627E+02     -0.14424436E-01       0.40536818E-01        0.17142107E+06      0.25756696E-06      0.88817842E-12       0       0
  33   0.13682241E+02     -0.11865766E-01       0.27391717E-01        0.17041648E+06      0.43620174E-07      0.77715612E-12       0       0
  34   0.14096854E+02     -0.98291514E-02       0.16544258E-01        0.16941189E+06      0.86369762E-07      0.42188475E-12       0       0
  35   0.14511468E+02     -0.81940954E-02       0.75326347E-02        0.16835534E+06      0.92805337E-07      0.13322676E-11       0       0
  36   0.14926081E+02     -0.68711741E-02       0.00000000E+00        0.16729879E+06      0.95212907E-07      0.59952043E-12       0       0
 
