 FOR ENERGY=           1
 MAXIMUM PROBABILITY ERROR
 B_IMP  0.000000000000000E+000
 L_ORB  0.000000000000000E+000
 R_FIN   35.0020129374322     
 PHI_FIN  0.000000000000000E+000
 PROBAB_SURV  0.386131914307598     
 ERROR_ENERG  2.028799080502512E-006
 ERROR_PROBAB  1.289172324447918E-007
 STATE           1
 #NTRAJECT           1
 #NPROC           0
 
 MAXIMUM ENERGY ERROR
 B_IMP  0.586351833129256     
 L_ORB   1.00000000000000     
 R_FIN   35.0008149645207     
 PHI_FIN  0.258872751952070     
 PROBAB_SURV  0.387846897675374     
 ERROR_ENERG  2.262030234126930E-006
 ERROR_PROBAB  1.238374514045404E-007
 STATE           1
 #NTRAJECT           1
 #NPROC           1
 -------------------------
