 M RESOLVED CROSSECTIONS WITHOUT BILLING CORRECTION
INI_STATE#    1
   ENERGY#    1
 j12=           0
 m12=           0
CHANNEL# CROSSSECTIONS,ANG^2
   1       0.18384475829E+03
   2       0.66964133075E+01
   3       0.37622838995E+01
   4       0.31661475800E+01
   5       0.11849352538E+01
   6       0.15273489380E+01
   7       0.12410255267E+01
   8       0.98839758866E+00
   9       0.90650263111E+00
  10       0.72482276667E+00
  11       0.64204167613E+00
  12       0.53410354882E+00
  13       0.45207534852E+00
  14       0.38189318411E+00
  15       0.32593785225E+00
  16       0.26096134880E+00
  17       0.17282780132E+00
  18       0.10720398256E+00
  19       0.74591136753E-01
  20       0.26117578993E-01
  21       0.13845387398E-01
