MQCT paths: /mmfs1/home/8101lukmani/pure-MQCT/SYS_TYPE_5/CO_CO/MQCT_PATHS.txt -> /mmfs1/home/8101lukmani/pure-MQCT/bin/mqct_COCO.exe
 MPI INITIALIZED
 PARSERING OF USER INPUT
proc_id =     5, Progress =     0%, Time(sec.) =        0.000
proc_id =     2, Progress =     0%, Time(sec.) =        0.000
proc_id =    18, Progress =     0%, Time(sec.) =        0.000
proc_id =    23, Progress =     0%, Time(sec.) =        0.000
proc_id =    17, Progress =     0%, Time(sec.) =        0.000
proc_id =     8, Progress =     0%, Time(sec.) =        0.000
proc_id =    16, Progress =     0%, Time(sec.) =        0.000
proc_id =    21, Progress =     0%, Time(sec.) =        0.000
proc_id =     7, Progress =     0%, Time(sec.) =        0.000
proc_id =     1, Progress =     0%, Time(sec.) =        0.000
proc_id =    19, Progress =     0%, Time(sec.) =        0.000
proc_id =     3, Progress =     0%, Time(sec.) =        0.000
proc_id =    29, Progress =     0%, Time(sec.) =        0.000
proc_id =    25, Progress =     0%, Time(sec.) =        0.000
proc_id =    27, Progress =     0%, Time(sec.) =        0.000
proc_id =    15, Progress =     0%, Time(sec.) =        0.000
proc_id =    11, Progress =     0%, Time(sec.) =        0.000
proc_id =    13, Progress =     0%, Time(sec.) =        0.000
proc_id =     9, Progress =     0%, Time(sec.) =        0.000
 ARRAY_INI_STARTED
 EXCHANGE SYMMETRIES FOR IDENTICAL PARTICLES:
 POSITIVE EXCHANGE PARITY ONLY
 STATES_SIZE_FOUND         256
 number_of_channels          10
 jmax_included           3
 BASIS ARRAYS CREATED
ARRAYS ALLOCATION TOOK TIME, s =             0.001
 TOTAL_SIZE_OF_M =         2162
THE SIZE OF THE Mij COMPUTED BY EACH PROCESSOR= 69
 MATRIX_INI_STARTED
 COMPUTING MATRIX ELEMENTS STARTED
proc_id =     0, Progress =     0%, Time(sec.) =        0.000
 USER TERM FILE IS BEING READ 
 TERMS ARE BEING READ
proc_id =     4, Progress =     0%, Time(sec.) =        0.000
 TERMS HAVE BEEN READ
 TERM MATRIX CREATED 
Truncation #1 at #R = 7, R = 6.010, and #2 at #R = 16, R = 7.920
proc_id =     0, Progress =     8%, Time(sec.) =        0.004
proc_id =     0, Progress =    17%, Time(sec.) =        0.004
proc_id =    10, Progress =     0%, Time(sec.) =        0.000
proc_id =    26, Progress =     0%, Time(sec.) =        0.000
proc_id =    28, Progress =     0%, Time(sec.) =        0.000
proc_id =    24, Progress =     0%, Time(sec.) =        0.000
proc_id =    30, Progress =     0%, Time(sec.) =        0.000
proc_id =     0, Progress =    26%, Time(sec.) =        0.005
proc_id =     1, Progress =     8%, Time(sec.) =        0.010
proc_id =     0, Progress =    35%, Time(sec.) =        0.006
proc_id =     5, Progress =     8%, Time(sec.) =        0.011
proc_id =     4, Progress =     8%, Time(sec.) =        0.005
proc_id =     0, Progress =    44%, Time(sec.) =        0.007
proc_id =     3, Progress =     8%, Time(sec.) =        0.011
proc_id =     0, Progress =    52%, Time(sec.) =        0.007
proc_id =    14, Progress =     0%, Time(sec.) =        0.000
proc_id =    12, Progress =     0%, Time(sec.) =        0.000
proc_id =     5, Progress =    17%, Time(sec.) =        0.012
proc_id =     0, Progress =    61%, Time(sec.) =        0.008
proc_id =     1, Progress =    17%, Time(sec.) =        0.012
proc_id =     0, Progress =    70%, Time(sec.) =        0.008
proc_id =     0, Progress =    79%, Time(sec.) =        0.009
proc_id =    20, Progress =     0%, Time(sec.) =        0.000
proc_id =     5, Progress =    26%, Time(sec.) =        0.015
proc_id =    11, Progress =     8%, Time(sec.) =        0.014
proc_id =     0, Progress =    88%, Time(sec.) =        0.010
proc_id =     7, Progress =     8%, Time(sec.) =        0.015
proc_id =     1, Progress =    26%, Time(sec.) =        0.015
proc_id =     9, Progress =     8%, Time(sec.) =        0.015
proc_id =     4, Progress =    17%, Time(sec.) =        0.010
proc_id =     5, Progress =    35%, Time(sec.) =        0.016
proc_id =     1, Progress =    35%, Time(sec.) =        0.016
proc_id =     0, Progress =    97%, Time(sec.) =        0.012
proc_id =     5, Progress =    44%, Time(sec.) =        0.017
proc_id =     0, Progress =   100%, Time(sec.) =        0.013
proc_id =     3, Progress =    17%, Time(sec.) =        0.018
proc_id =     5, Progress =    52%, Time(sec.) =        0.019
proc_id =     1, Progress =    44%, Time(sec.) =        0.018
proc_id =     6, Progress =     0%, Time(sec.) =        0.000
proc_id =     7, Progress =    17%, Time(sec.) =        0.019
proc_id =     5, Progress =    61%, Time(sec.) =        0.020
proc_id =     1, Progress =    52%, Time(sec.) =        0.020
proc_id =     5, Progress =    70%, Time(sec.) =        0.022
proc_id =     3, Progress =    26%, Time(sec.) =        0.021
proc_id =     9, Progress =    17%, Time(sec.) =        0.022
proc_id =     6, Progress =     8%, Time(sec.) =        0.004
proc_id =     2, Progress =     8%, Time(sec.) =        0.023
proc_id =    25, Progress =     8%, Time(sec.) =        0.023
proc_id =     5, Progress =    79%, Time(sec.) =        0.024
proc_id =     1, Progress =    61%, Time(sec.) =        0.023
proc_id =     8, Progress =     8%, Time(sec.) =        0.024
proc_id =    21, Progress =     8%, Time(sec.) =        0.024
proc_id =     5, Progress =    88%, Time(sec.) =        0.025
proc_id =     2, Progress =    17%, Time(sec.) =        0.025
proc_id =    17, Progress =     8%, Time(sec.) =        0.026
proc_id =    22, Progress =     0%, Time(sec.) =        0.000
proc_id =     1, Progress =    70%, Time(sec.) =        0.026
proc_id =     6, Progress =    17%, Time(sec.) =        0.007
proc_id =     5, Progress =    97%, Time(sec.) =        0.027
proc_id =     2, Progress =    26%, Time(sec.) =        0.027
proc_id =    15, Progress =     8%, Time(sec.) =        0.027
proc_id =     5, Progress =   100%, Time(sec.) =        0.027
proc_id =     9, Progress =    26%, Time(sec.) =        0.027
proc_id =     1, Progress =    79%, Time(sec.) =        0.027
proc_id =    19, Progress =     8%, Time(sec.) =        0.028
proc_id =     7, Progress =    26%, Time(sec.) =        0.028
proc_id =     2, Progress =    35%, Time(sec.) =        0.029
proc_id =    11, Progress =    17%, Time(sec.) =        0.029
proc_id =     1, Progress =    88%, Time(sec.) =        0.029
proc_id =    13, Progress =     8%, Time(sec.) =        0.029
proc_id =     8, Progress =    17%, Time(sec.) =        0.030
proc_id =     9, Progress =    35%, Time(sec.) =        0.030
proc_id =     3, Progress =    35%, Time(sec.) =        0.030
proc_id =     1, Progress =    97%, Time(sec.) =        0.031
proc_id =     1, Progress =   100%, Time(sec.) =        0.031
proc_id =     2, Progress =    44%, Time(sec.) =        0.032
proc_id =     7, Progress =    35%, Time(sec.) =        0.032
proc_id =    27, Progress =     8%, Time(sec.) =        0.032
proc_id =    22, Progress =     8%, Time(sec.) =        0.008
proc_id =    29, Progress =     8%, Time(sec.) =        0.034
proc_id =     9, Progress =    44%, Time(sec.) =        0.034
proc_id =     4, Progress =    26%, Time(sec.) =        0.030
proc_id =    10, Progress =     8%, Time(sec.) =        0.028
proc_id =     3, Progress =    44%, Time(sec.) =        0.036
proc_id =    15, Progress =    17%, Time(sec.) =        0.037
proc_id =    13, Progress =    17%, Time(sec.) =        0.037
proc_id =     9, Progress =    52%, Time(sec.) =        0.038
proc_id =    26, Progress =     8%, Time(sec.) =        0.030
proc_id =    17, Progress =    17%, Time(sec.) =        0.039
proc_id =    11, Progress =    26%, Time(sec.) =        0.039
proc_id =     4, Progress =    35%, Time(sec.) =        0.034
proc_id =    10, Progress =    17%, Time(sec.) =        0.031
proc_id =     7, Progress =    44%, Time(sec.) =        0.040
proc_id =    12, Progress =     8%, Time(sec.) =        0.029
proc_id =    19, Progress =    17%, Time(sec.) =        0.041
proc_id =     3, Progress =    52%, Time(sec.) =        0.041
proc_id =    23, Progress =     8%, Time(sec.) =        0.041
proc_id =    15, Progress =    26%, Time(sec.) =        0.042
proc_id =    14, Progress =     8%, Time(sec.) =        0.032
proc_id =     3, Progress =    61%, Time(sec.) =        0.044
proc_id =    10, Progress =    26%, Time(sec.) =        0.036
proc_id =     6, Progress =    26%, Time(sec.) =        0.026
proc_id =     7, Progress =    52%, Time(sec.) =        0.045
proc_id =     9, Progress =    61%, Time(sec.) =        0.045
proc_id =    30, Progress =     8%, Time(sec.) =        0.037
proc_id =    28, Progress =     8%, Time(sec.) =        0.038
proc_id =     2, Progress =    52%, Time(sec.) =        0.047
proc_id =     6, Progress =    35%, Time(sec.) =        0.028
proc_id =    21, Progress =    17%, Time(sec.) =        0.048
proc_id =     2, Progress =    61%, Time(sec.) =        0.049
proc_id =     7, Progress =    61%, Time(sec.) =        0.049
proc_id =    15, Progress =    35%, Time(sec.) =        0.049
proc_id =     9, Progress =    70%, Time(sec.) =        0.050
proc_id =    17, Progress =    26%, Time(sec.) =        0.051
proc_id =    25, Progress =    17%, Time(sec.) =        0.051
proc_id =    26, Progress =    17%, Time(sec.) =        0.043
proc_id =     3, Progress =    70%, Time(sec.) =        0.051
proc_id =     8, Progress =    26%, Time(sec.) =        0.052
proc_id =     7, Progress =    70%, Time(sec.) =        0.052
proc_id =    18, Progress =     8%, Time(sec.) =        0.053
proc_id =    16, Progress =     8%, Time(sec.) =        0.054
proc_id =    11, Progress =    35%, Time(sec.) =        0.054
proc_id =     7, Progress =    79%, Time(sec.) =        0.055
proc_id =     8, Progress =    35%, Time(sec.) =        0.056
proc_id =     2, Progress =    70%, Time(sec.) =        0.056
proc_id =    19, Progress =    26%, Time(sec.) =        0.056
proc_id =     3, Progress =    79%, Time(sec.) =        0.057
proc_id =     9, Progress =    79%, Time(sec.) =        0.057
proc_id =    13, Progress =    26%, Time(sec.) =        0.058
proc_id =    15, Progress =    44%, Time(sec.) =        0.059
proc_id =    29, Progress =    17%, Time(sec.) =        0.059
proc_id =     7, Progress =    88%, Time(sec.) =        0.061
proc_id =    10, Progress =    35%, Time(sec.) =        0.053
proc_id =     4, Progress =    44%, Time(sec.) =        0.058
proc_id =     9, Progress =    88%, Time(sec.) =        0.063
proc_id =    21, Progress =    26%, Time(sec.) =        0.064
proc_id =    19, Progress =    35%, Time(sec.) =        0.065
proc_id =     7, Progress =    97%, Time(sec.) =        0.065
proc_id =     3, Progress =    88%, Time(sec.) =        0.065
proc_id =    17, Progress =    35%, Time(sec.) =        0.068
proc_id =    23, Progress =    17%, Time(sec.) =        0.068
proc_id =    10, Progress =    44%, Time(sec.) =        0.059
proc_id =    28, Progress =    17%, Time(sec.) =        0.059
proc_id =     7, Progress =   100%, Time(sec.) =        0.068
proc_id =     6, Progress =    44%, Time(sec.) =        0.050
proc_id =     9, Progress =    97%, Time(sec.) =        0.069
proc_id =     4, Progress =    52%, Time(sec.) =        0.064
proc_id =    15, Progress =    52%, Time(sec.) =        0.069
proc_id =    14, Progress =    17%, Time(sec.) =        0.059
proc_id =    19, Progress =    44%, Time(sec.) =        0.071
proc_id =    24, Progress =     8%, Time(sec.) =        0.062
proc_id =     9, Progress =   100%, Time(sec.) =        0.071
proc_id =     6, Progress =    52%, Time(sec.) =        0.054
proc_id =    12, Progress =    17%, Time(sec.) =        0.061
proc_id =    10, Progress =    52%, Time(sec.) =        0.064
proc_id =     3, Progress =    97%, Time(sec.) =        0.072
proc_id =     2, Progress =    79%, Time(sec.) =        0.073
proc_id =    11, Progress =    44%, Time(sec.) =        0.073
proc_id =    18, Progress =    17%, Time(sec.) =        0.074
proc_id =    26, Progress =    26%, Time(sec.) =        0.065
proc_id =     3, Progress =   100%, Time(sec.) =        0.074
proc_id =    17, Progress =    44%, Time(sec.) =        0.075
proc_id =    20, Progress =     8%, Time(sec.) =        0.062
proc_id =     8, Progress =    44%, Time(sec.) =        0.077
proc_id =     2, Progress =    88%, Time(sec.) =        0.078
proc_id =    22, Progress =    17%, Time(sec.) =        0.053
proc_id =     6, Progress =    61%, Time(sec.) =        0.060
proc_id =    27, Progress =    17%, Time(sec.) =        0.080
proc_id =    29, Progress =    26%, Time(sec.) =        0.080
proc_id =    11, Progress =    52%, Time(sec.) =        0.080
proc_id =    13, Progress =    35%, Time(sec.) =        0.080
proc_id =     8, Progress =    52%, Time(sec.) =        0.081
proc_id =    19, Progress =    52%, Time(sec.) =        0.082
proc_id =    21, Progress =    35%, Time(sec.) =        0.083
proc_id =     2, Progress =    97%, Time(sec.) =        0.084
proc_id =    18, Progress =    26%, Time(sec.) =        0.084
proc_id =    23, Progress =    26%, Time(sec.) =        0.084
proc_id =    17, Progress =    52%, Time(sec.) =        0.085
proc_id =     4, Progress =    61%, Time(sec.) =        0.082
proc_id =    15, Progress =    61%, Time(sec.) =        0.088
proc_id =    28, Progress =    26%, Time(sec.) =        0.082
proc_id =     4, Progress =    70%, Time(sec.) =        0.086
proc_id =    30, Progress =    17%, Time(sec.) =        0.083
proc_id =     4, Progress =    79%, Time(sec.) =        0.087
proc_id =    13, Progress =    44%, Time(sec.) =        0.092
proc_id =    26, Progress =    35%, Time(sec.) =        0.084
proc_id =    10, Progress =    61%, Time(sec.) =        0.084
proc_id =     4, Progress =    88%, Time(sec.) =        0.087
proc_id =     4, Progress =    97%, Time(sec.) =        0.089
proc_id =     4, Progress =   100%, Time(sec.) =        0.089
proc_id =    19, Progress =    61%, Time(sec.) =        0.095
proc_id =    29, Progress =    35%, Time(sec.) =        0.096
proc_id =    20, Progress =    17%, Time(sec.) =        0.083
proc_id =    11, Progress =    61%, Time(sec.) =        0.096
proc_id =     6, Progress =    70%, Time(sec.) =        0.078
proc_id =    15, Progress =    70%, Time(sec.) =        0.096
proc_id =    10, Progress =    70%, Time(sec.) =        0.089
proc_id =    14, Progress =    26%, Time(sec.) =        0.086
proc_id =    17, Progress =    61%, Time(sec.) =        0.098
proc_id =     2, Progress =   100%, Time(sec.) =        0.099
proc_id =     8, Progress =    61%, Time(sec.) =        0.099
proc_id =     6, Progress =    79%, Time(sec.) =        0.081
proc_id =    27, Progress =    26%, Time(sec.) =        0.100
proc_id =    30, Progress =    26%, Time(sec.) =        0.092
proc_id =     8, Progress =    70%, Time(sec.) =        0.102
proc_id =    12, Progress =    26%, Time(sec.) =        0.090
proc_id =    29, Progress =    44%, Time(sec.) =        0.102
proc_id =    16, Progress =    17%, Time(sec.) =        0.104
proc_id =    25, Progress =    26%, Time(sec.) =        0.103
proc_id =    18, Progress =    35%, Time(sec.) =        0.104
proc_id =     6, Progress =    88%, Time(sec.) =        0.085
proc_id =     8, Progress =    79%, Time(sec.) =        0.105
proc_id =    19, Progress =    70%, Time(sec.) =        0.105
proc_id =     6, Progress =    97%, Time(sec.) =        0.088
proc_id =    11, Progress =    70%, Time(sec.) =        0.107
proc_id =     6, Progress =   100%, Time(sec.) =        0.090
proc_id =     8, Progress =    88%, Time(sec.) =        0.110
proc_id =    13, Progress =    52%, Time(sec.) =        0.110
proc_id =    21, Progress =    44%, Time(sec.) =        0.112
proc_id =    15, Progress =    79%, Time(sec.) =        0.112
proc_id =    23, Progress =    35%, Time(sec.) =        0.114
proc_id =    26, Progress =    44%, Time(sec.) =        0.105
proc_id =    17, Progress =    70%, Time(sec.) =        0.116
proc_id =    22, Progress =    26%, Time(sec.) =        0.090
proc_id =    29, Progress =    52%, Time(sec.) =        0.116
proc_id =    10, Progress =    79%, Time(sec.) =        0.109
proc_id =    11, Progress =    79%, Time(sec.) =        0.119
proc_id =    27, Progress =    35%, Time(sec.) =        0.120
proc_id =    19, Progress =    79%, Time(sec.) =        0.121
proc_id =    10, Progress =    88%, Time(sec.) =        0.114
proc_id =    25, Progress =    35%, Time(sec.) =        0.123
proc_id =    21, Progress =    52%, Time(sec.) =        0.124
proc_id =    20, Progress =    26%, Time(sec.) =        0.111
proc_id =    23, Progress =    44%, Time(sec.) =        0.125
proc_id =    13, Progress =    61%, Time(sec.) =        0.125
proc_id =    11, Progress =    88%, Time(sec.) =        0.126
proc_id =     8, Progress =    97%, Time(sec.) =        0.127
proc_id =    14, Progress =    35%, Time(sec.) =        0.116
proc_id =    18, Progress =    44%, Time(sec.) =        0.129
proc_id =    17, Progress =    79%, Time(sec.) =        0.129
proc_id =     8, Progress =   100%, Time(sec.) =        0.129
proc_id =    29, Progress =    61%, Time(sec.) =        0.130
proc_id =    16, Progress =    26%, Time(sec.) =        0.132
proc_id =    30, Progress =    35%, Time(sec.) =        0.123
proc_id =    28, Progress =    35%, Time(sec.) =        0.127
proc_id =    13, Progress =    70%, Time(sec.) =        0.137
proc_id =    15, Progress =    88%, Time(sec.) =        0.139
proc_id =    21, Progress =    61%, Time(sec.) =        0.141
proc_id =    10, Progress =    97%, Time(sec.) =        0.132
proc_id =    11, Progress =    97%, Time(sec.) =        0.141
proc_id =    10, Progress =   100%, Time(sec.) =        0.133
proc_id =    12, Progress =    35%, Time(sec.) =        0.130
proc_id =    26, Progress =    52%, Time(sec.) =        0.135
proc_id =    19, Progress =    88%, Time(sec.) =        0.145
proc_id =    29, Progress =    70%, Time(sec.) =        0.145
proc_id =    17, Progress =    88%, Time(sec.) =        0.147
proc_id =    23, Progress =    52%, Time(sec.) =        0.147
proc_id =    25, Progress =    44%, Time(sec.) =        0.147
proc_id =    15, Progress =    97%, Time(sec.) =        0.147
proc_id =    18, Progress =    52%, Time(sec.) =        0.149
proc_id =    24, Progress =    17%, Time(sec.) =        0.141
proc_id =    13, Progress =    79%, Time(sec.) =        0.150
proc_id =    28, Progress =    44%, Time(sec.) =        0.141
proc_id =    11, Progress =   100%, Time(sec.) =        0.151
proc_id =    27, Progress =    44%, Time(sec.) =        0.153
proc_id =    14, Progress =    44%, Time(sec.) =        0.142
proc_id =    15, Progress =   100%, Time(sec.) =        0.154
proc_id =    13, Progress =    88%, Time(sec.) =        0.157
proc_id =    19, Progress =    97%, Time(sec.) =        0.158
proc_id =    17, Progress =    97%, Time(sec.) =        0.159
proc_id =    20, Progress =    35%, Time(sec.) =        0.148
proc_id =    29, Progress =    79%, Time(sec.) =        0.162
proc_id =    16, Progress =    35%, Time(sec.) =        0.163
proc_id =    19, Progress =   100%, Time(sec.) =        0.164
proc_id =    17, Progress =   100%, Time(sec.) =        0.165
proc_id =    13, Progress =    97%, Time(sec.) =        0.166
proc_id =    30, Progress =    44%, Time(sec.) =        0.158
proc_id =    13, Progress =   100%, Time(sec.) =        0.167
proc_id =    27, Progress =    52%, Time(sec.) =        0.168
proc_id =    21, Progress =    70%, Time(sec.) =        0.172
proc_id =    12, Progress =    44%, Time(sec.) =        0.160
proc_id =    26, Progress =    61%, Time(sec.) =        0.166
proc_id =    18, Progress =    61%, Time(sec.) =        0.177
proc_id =    28, Progress =    52%, Time(sec.) =        0.169
proc_id =    21, Progress =    79%, Time(sec.) =        0.180
proc_id =    24, Progress =    26%, Time(sec.) =        0.172
proc_id =    27, Progress =    61%, Time(sec.) =        0.184
proc_id =    20, Progress =    44%, Time(sec.) =        0.172
proc_id =    25, Progress =    52%, Time(sec.) =        0.189
proc_id =    23, Progress =    61%, Time(sec.) =        0.191
proc_id =    26, Progress =    70%, Time(sec.) =        0.182
proc_id =    27, Progress =    70%, Time(sec.) =        0.195
proc_id =    14, Progress =    52%, Time(sec.) =        0.184
proc_id =    29, Progress =    88%, Time(sec.) =        0.197
proc_id =    12, Progress =    52%, Time(sec.) =        0.188
proc_id =    23, Progress =    70%, Time(sec.) =        0.200
proc_id =    21, Progress =    88%, Time(sec.) =        0.202
proc_id =    27, Progress =    79%, Time(sec.) =        0.206
proc_id =    22, Progress =    35%, Time(sec.) =        0.184
proc_id =    16, Progress =    44%, Time(sec.) =        0.210
proc_id =    18, Progress =    70%, Time(sec.) =        0.210
proc_id =    21, Progress =    97%, Time(sec.) =        0.211
proc_id =    12, Progress =    61%, Time(sec.) =        0.199
proc_id =    24, Progress =    35%, Time(sec.) =        0.204
proc_id =    29, Progress =    97%, Time(sec.) =        0.214
proc_id =    21, Progress =   100%, Time(sec.) =        0.217
proc_id =    25, Progress =    61%, Time(sec.) =        0.218
proc_id =    12, Progress =    70%, Time(sec.) =        0.207
proc_id =    14, Progress =    61%, Time(sec.) =        0.210
proc_id =    26, Progress =    79%, Time(sec.) =        0.214
proc_id =    30, Progress =    52%, Time(sec.) =        0.216
proc_id =    29, Progress =   100%, Time(sec.) =        0.225
proc_id =    20, Progress =    52%, Time(sec.) =        0.214
proc_id =    27, Progress =    88%, Time(sec.) =        0.228
proc_id =    28, Progress =    61%, Time(sec.) =        0.220
proc_id =    23, Progress =    79%, Time(sec.) =        0.233
proc_id =    22, Progress =    44%, Time(sec.) =        0.208
proc_id =    16, Progress =    52%, Time(sec.) =        0.235
proc_id =    30, Progress =    61%, Time(sec.) =        0.229
proc_id =    20, Progress =    61%, Time(sec.) =        0.225
proc_id =    18, Progress =    79%, Time(sec.) =        0.240
proc_id =    25, Progress =    70%, Time(sec.) =        0.239
proc_id =    12, Progress =    79%, Time(sec.) =        0.229
proc_id =    27, Progress =    97%, Time(sec.) =        0.242
proc_id =    27, Progress =   100%, Time(sec.) =        0.250
proc_id =    28, Progress =    70%, Time(sec.) =        0.246
proc_id =    20, Progress =    70%, Time(sec.) =        0.244
proc_id =    30, Progress =    70%, Time(sec.) =        0.252
proc_id =    25, Progress =    79%, Time(sec.) =        0.262
proc_id =    24, Progress =    44%, Time(sec.) =        0.257
proc_id =    12, Progress =    88%, Time(sec.) =        0.254
proc_id =    14, Progress =    70%, Time(sec.) =        0.255
proc_id =    26, Progress =    88%, Time(sec.) =        0.259
proc_id =    23, Progress =    88%, Time(sec.) =        0.268
proc_id =    12, Progress =    97%, Time(sec.) =        0.265
proc_id =    28, Progress =    79%, Time(sec.) =        0.270
proc_id =    20, Progress =    79%, Time(sec.) =        0.267
proc_id =    16, Progress =    61%, Time(sec.) =        0.281
proc_id =    22, Progress =    52%, Time(sec.) =        0.255
proc_id =    25, Progress =    88%, Time(sec.) =        0.283
proc_id =    18, Progress =    88%, Time(sec.) =        0.286
proc_id =    20, Progress =    88%, Time(sec.) =        0.275
proc_id =    16, Progress =    70%, Time(sec.) =        0.291
proc_id =    25, Progress =    97%, Time(sec.) =        0.292
proc_id =    12, Progress =   100%, Time(sec.) =        0.282
proc_id =    14, Progress =    79%, Time(sec.) =        0.283
proc_id =    25, Progress =   100%, Time(sec.) =        0.295
proc_id =    26, Progress =    97%, Time(sec.) =        0.291
proc_id =    24, Progress =    52%, Time(sec.) =        0.296
proc_id =    26, Progress =   100%, Time(sec.) =        0.297
proc_id =    23, Progress =    97%, Time(sec.) =        0.307
proc_id =    30, Progress =    79%, Time(sec.) =        0.298
proc_id =    23, Progress =   100%, Time(sec.) =        0.310
proc_id =    18, Progress =    97%, Time(sec.) =        0.310
proc_id =    16, Progress =    79%, Time(sec.) =        0.313
proc_id =    28, Progress =    88%, Time(sec.) =        0.306
proc_id =    18, Progress =   100%, Time(sec.) =        0.316
proc_id =    30, Progress =    88%, Time(sec.) =        0.322
proc_id =    24, Progress =    61%, Time(sec.) =        0.322
proc_id =    16, Progress =    88%, Time(sec.) =        0.332
proc_id =    20, Progress =    97%, Time(sec.) =        0.319
proc_id =    20, Progress =   100%, Time(sec.) =        0.321
proc_id =    14, Progress =    88%, Time(sec.) =        0.332
proc_id =    30, Progress =    97%, Time(sec.) =        0.339
proc_id =    28, Progress =    97%, Time(sec.) =        0.341
proc_id =    14, Progress =    97%, Time(sec.) =        0.344
proc_id =    28, Progress =   100%, Time(sec.) =        0.348
proc_id =    16, Progress =    97%, Time(sec.) =        0.359
proc_id =    30, Progress =   100%, Time(sec.) =        0.350
proc_id =    22, Progress =    61%, Time(sec.) =        0.335
proc_id =    16, Progress =   100%, Time(sec.) =        0.364
proc_id =    24, Progress =    70%, Time(sec.) =        0.357
proc_id =    14, Progress =   100%, Time(sec.) =        0.360
proc_id =    22, Progress =    70%, Time(sec.) =        0.361
proc_id =    24, Progress =    79%, Time(sec.) =        0.387
proc_id =    22, Progress =    79%, Time(sec.) =        0.412
proc_id =    24, Progress =    88%, Time(sec.) =        0.433
proc_id =    24, Progress =    97%, Time(sec.) =        0.505
proc_id =    22, Progress =    88%, Time(sec.) =        0.498
proc_id =    24, Progress =   100%, Time(sec.) =        0.532
proc_id =    22, Progress =    97%, Time(sec.) =        0.523
proc_id =    22, Progress =   100%, Time(sec.) =        0.547
 SPLINING OF Mij STARTED
 SPLINING OF Mij FINISHED
 TERMS ARE BEING READ
 TERMS HAVE BEEN READ
 COMPUTING THE RESIDUE OF Mij
 SPLINING RESIDUE OF Mij
 SYSTEM_SETUP_DONE
MATRIX HAS BEEN SAVED INTO THE FILE  "   MTRX.DAT "
 MPI TASK PER TRAJECTORY WILL BE USED
MPI TASKS WHICH ARE ASSOCIATED WITH ONE TRAJECTORY =     1
 Mij ROOT PROC DISTRIBUTION STARTED
 Mij ROOT PROC DISTRIBUTION DONE
 Mij ALL PROC DISTRIBUTION STARTED
 Mij ALL PROC DISTRIBUTION DONE
 MPI_COMMUNICATORS_CREATION STARTED
 MPI_COMMUNICATORS_CREATION DONE
TIME SPENT ON MATRIX Mij READING/COMPUTING/SAVING ON DISK ,s       5.7
        TIME SPENT ON MATRIX Mij SAVING ON DISK ,s       1.6
 NUMBER OF TRAJECTORIES PER PROC_GROUP MIN           1
  
 SCATTERING CALCULATIONS STARTED
TOTAL J RANGE: FROM    0 TO   30
TOTAL L RANGE: FROM    0 TO   30
l_range1/2/3 =      0     0     0  total =     31
 NUMBER OF TRAJECTORIES PER PROC_GROUP MAX           1
 TOTAL NUMBER OF TRAJECTORIES          31
TIME IT TOOK TO SETUP ARRAYS, s     0
CALCULATIONS START FOR M =    0
TRAJECTORY DONE FOR L=    30 TIME_SPENT=        9.490 SEC.
TRAJECTORY DONE FOR L=    28 TIME_SPENT=        9.700 SEC.
TRAJECTORY DONE FOR L=    26 TIME_SPENT=       10.028 SEC.
TRAJECTORY DONE FOR L=    29 TIME_SPENT=       10.034 SEC.
TRAJECTORY DONE FOR L=    27 TIME_SPENT=       10.279 SEC.
TRAJECTORY DONE FOR L=    25 TIME_SPENT=       10.831 SEC.
TRAJECTORY DONE FOR L=    23 TIME_SPENT=       21.807 SEC.
TRAJECTORY DONE FOR L=    21 TIME_SPENT=       23.234 SEC.
TRAJECTORY DONE FOR L=    19 TIME_SPENT=       24.972 SEC.
TRAJECTORY DONE FOR L=    17 TIME_SPENT=       27.479 SEC.
TRAJECTORY DONE FOR L=    15 TIME_SPENT=       32.777 SEC.
TRAJECTORY DONE FOR L=    13 TIME_SPENT=       35.684 SEC.
TRAJECTORY DONE FOR L=    11 TIME_SPENT=       37.435 SEC.
TRAJECTORY DONE FOR L=     7 TIME_SPENT=       39.782 SEC.
TRAJECTORY DONE FOR L=     9 TIME_SPENT=       40.820 SEC.
TRAJECTORY DONE FOR L=    24 TIME_SPENT=       41.639 SEC.
TRAJECTORY DONE FOR L=     5 TIME_SPENT=       42.066 SEC.
TRAJECTORY DONE FOR L=     3 TIME_SPENT=       43.626 SEC.
TRAJECTORY DONE FOR L=    22 TIME_SPENT=       43.977 SEC.
TRAJECTORY DONE FOR L=     1 TIME_SPENT=       44.027 SEC.
TRAJECTORY DONE FOR L=    20 TIME_SPENT=       49.946 SEC.
TRAJECTORY DONE FOR L=    18 TIME_SPENT=       52.422 SEC.
TRAJECTORY DONE FOR L=    16 TIME_SPENT=       58.603 SEC.
TRAJECTORY DONE FOR L=    14 TIME_SPENT=       66.656 SEC.
TRAJECTORY DONE FOR L=    10 TIME_SPENT=       72.562 SEC.
TRAJECTORY DONE FOR L=    12 TIME_SPENT=       73.070 SEC.
TRAJECTORY DONE FOR L=     4 TIME_SPENT=       76.649 SEC.
TRAJECTORY DONE FOR L=     6 TIME_SPENT=       77.959 SEC.
TRAJECTORY DONE FOR L=     8 TIME_SPENT=       79.656 SEC.
TRAJECTORY DONE FOR L=     2 TIME_SPENT=       84.050 SEC.
TRAJECTORY DONE FOR L=     0 TIME_SPENT=       87.170 SEC.
ALL TRAJECTORIES DONE FOR ENER_NUM =   1 AND M12 =    0  J12=     0 P=   1
TIME IT TOOK TO PROPOGATE,s         87
 DATA FROM ALL TRAJECTORIES GATHERED
 INELASTIC CROSS SECTION CALCULATED FOR M           0
  
 CROSS SECTION CALCULATED FOR ENERGY=           1
  
 Trajectory Propagation Time:   87.2958989730000     
  
TOTAL TIME SPENT ON PROPAGATION,sec =     2707
THE AVERAGE TIME PER MPI TASK SPENT ON PROPAGATION =    0  h   1   m 27.3  s
TIME SPENT ON INITIALIZATION TOOK WALL CLOCK TIME =    0  h   0   m  5.7  s
TIME SPENT ON MIJ DISTRIBUTION TOOK WALL CLOCK TIME =    0  h   0   m  5.7  s
TIME SPENT ON MIJ REALLOCATION TOOK WALL CLOCK TIME =    0  h   0   m  0.0  s
 ALL WORK DONE

real	1m35.048s
user	38m9.370s
sys	0m7.723s
