U=      10.000000 cm^-1
   ilv     flv       sigma(U),ANG^2    E_coll,cm^-1  sigma(E_coll),ANG^2
     1       1     0.1488386118E+03       10.000000     0.1488386118E+03
     1       2     0.1582679793E+02       12.014613     0.1317295723E+02
     1       3     0.4882897758E+02       14.213975     0.3435279470E+02
     1       4     0.9146747237E+01       16.597993     0.5510754903E+01
     1       5     0.1586168284E+02       19.166849     0.8275582085E+01
     1       6     0.7639913773E+02       24.858693     0.3073336854E+02
     1       7     0.1324930798E+02       24.858346     0.5329923455E+01
     1       8     0.2194726306E+02       27.981423     0.7843512264E+01
     1       9     0.3167220676E+02       34.781689     0.9106000260E+01
TOTAL P CONSERVATION ERROR,%  0.48600E-01
TOTAL E CONSERVATION ERROR,%  0.71182E+01
 
TOTAL NUMBER OF TRAJECTORIES =  31
U=      10.000000 cm^-1
   ilv     flv       sigma(U),ANG^2    E_coll,cm^-1  sigma(E_coll),ANG^2
     1       1     0.1454663619E+03       10.000000     0.1454663619E+03
     1       2     0.2063837993E+02       12.014613     0.1717773218E+02
     1       3     0.4307759348E+02       14.213975     0.3030650646E+02
     1       4     0.1141333332E+02       16.597993     0.6876333292E+01
     1       5     0.2160326630E+02       19.166849     0.1127116242E+02
     1       6     0.6264029188E+02       24.858693     0.2519854586E+02
     1       7     0.1516199019E+02       24.858346     0.6099356074E+01
     1       8     0.2042770920E+02       27.981423     0.7300454147E+01
     1       9     0.3400374993E+02       34.781689     0.9776336648E+01
TOTAL P CONSERVATION ERROR,%  0.49069E-01
TOTAL E CONSERVATION ERROR,%  0.65987E+01
 
TOTAL NUMBER OF TRAJECTORIES =  31
