energy#1, (U= 10.000 cm^-1)
state= 1
j12= 0
m12= 0
L_ORB  B_IMPACT(a.u.)     DEFLCT_ANGLE(rad)    SCAT_PHASE(rad)       FINISH_TIME(a.u.)    ENERGY_ERROR(%)      NORM_ERROR(%)    LOOPS   OSCIL
   0   0.00000000E+00      0.31415927E+01       0.41869409E+04        0.67206653E+07      0.42050522E+01      0.30362050E-01       0      50
   1   0.65579874E+00     -0.64854786E+02       0.41560843E+04        0.66268952E+07      0.33707302E+01      0.28000324E-01       0      50
   2   0.13115975E+01     -0.28125783E+03       0.39830280E+04        0.68408357E+07      0.71182096E+01      0.48599703E-01       1      50
   3   0.19673962E+01     -0.20871153E+03       0.37380433E+04        0.71918710E+07      0.33665541E+01      0.29314903E-01       1      50
   4   0.26231950E+01     -0.26115312E+03       0.35031110E+04        0.66288123E+07      0.30542048E+01      0.23991331E-01       1      50
   5   0.32789937E+01     -0.26315304E+03       0.32409579E+04        0.62373002E+07      0.30545849E+01      0.25797418E-01       2      50
   6   0.39347925E+01     -0.21541918E+03       0.30016718E+04        0.63306869E+07      0.25798710E+01      0.22418064E-01       2      50
   7   0.45905912E+01     -0.26789111E+03       0.27600167E+04        0.61434753E+07      0.37394693E+01      0.25103599E-01       2      50
   8   0.52463900E+01     -0.23354602E+03       0.25092981E+04        0.65482970E+07      0.14625206E+01      0.14010075E-01       3      50
   9   0.59021887E+01     -0.26141774E+03       0.22618162E+04        0.65855422E+07      0.29819669E+01      0.25204953E-01       3      50
  10   0.65579874E+01     -0.22502750E+03       0.20185936E+04        0.61745859E+07      0.32437088E+01      0.25945417E-01       4      50
  11   0.72137862E+01     -0.20161416E+03       0.18052728E+04        0.59590023E+07      0.15504987E+01      0.13497551E-01       4      50
  12   0.78695849E+01     -0.17796941E+03       0.16154810E+04        0.56672305E+07      0.13176306E+01      0.11874739E-01       4      50
  13   0.85253837E+01     -0.20467356E+03       0.14241595E+04        0.54639159E+07      0.18486662E+01      0.15509339E-01       4      50
  14   0.91811824E+01     -0.18014124E+03       0.12317521E+04        0.53913427E+07      0.91938636E+00      0.91511909E-02       5      47
  15   0.98369812E+01     -0.18005751E+03       0.10516527E+04        0.51361587E+07      0.11378810E+01      0.11372291E-01       5      42
  16   0.10492780E+02     -0.15573679E+03       0.88375560E+03        0.46914628E+07      0.87605410E+00      0.85464021E-02       5      43
  17   0.11148579E+02     -0.15525872E+03       0.72825784E+03        0.44739074E+07      0.96610227E+00      0.77178027E-02       5      40
  18   0.11804377E+02     -0.12979883E+03       0.58572907E+03        0.42211334E+07      0.60975526E+00      0.60509713E-02       5      38
  19   0.12460176E+02     -0.12992559E+03       0.45586685E+03        0.40642657E+07      0.35915771E+00      0.37123442E-02       5      36
  20   0.13115975E+02     -0.92841606E+02       0.34448326E+03        0.38044261E+07      0.23255298E+00      0.23039537E-02       5      36
  21   0.13771774E+02     -0.68226873E+02       0.26394902E+03        0.36936218E+07      0.66963838E-01      0.79522895E-03       5      37
  22   0.14427572E+02     -0.93134973E+02       0.18326810E+03        0.34438056E+07      0.14320572E+00      0.16012121E-02       5      32
  23   0.15083371E+02     -0.79895625E+02       0.96752797E+02        0.33345349E+07      0.10343369E+00      0.12667698E-02       5      32
  24   0.15739170E+02     -0.55170725E+02       0.29219622E+02        0.34294005E+07      0.32415386E-01      0.43532850E-03       5      29
  25   0.16394969E+02     -0.61142908E+00       0.13285450E+01        0.17102637E+07      0.41148949E-06      0.16542323E-11       0       0
  26   0.17050767E+02     -0.37334398E+00       0.83615850E+00        0.16547246E+07      0.10342085E-05      0.20206059E-11       0       0
  27   0.17706566E+02     -0.25871840E+00       0.52012731E+00        0.16227924E+07      0.51178774E-06      0.10214052E-11       0       0
  28   0.18362365E+02     -0.19002216E+00       0.29575703E+00        0.15995690E+07      0.11375384E-05      0.16431301E-11       0       0
  29   0.19018164E+02     -0.14447458E+00       0.12850866E+00        0.15805630E+07      0.63545803E-06      0.21982416E-11       0       0
  30   0.19673962E+02     -0.11254274E+00       0.00000000E+00        0.15639670E+07      0.81829349E-06      0.94368957E-12       0       0
 
energy#1, (U= 10.000 cm^-1)
state= 1
j12= 0
m12= 0
L_ORB  B_IMPACT(a.u.)     DEFLCT_ANGLE(rad)    SCAT_PHASE(rad)       FINISH_TIME(a.u.)    ENERGY_ERROR(%)      NORM_ERROR(%)    LOOPS   OSCIL
   0   0.00000000E+00      0.31415927E+01       0.43011757E+04        0.68602798E+07      0.65986873E+01      0.49068981E-01       0      50
   1   0.65579874E+00     -0.77508985E+02       0.42639920E+04        0.67810244E+07      0.65858639E+01      0.45430631E-01       0      50
   2   0.13115975E+01     -0.30632624E+03       0.40720744E+04        0.67374804E+07      0.62882098E+01      0.45338332E-01       0      50
   3   0.19673962E+01     -0.20838367E+03       0.38147194E+04        0.67330439E+07      0.40198818E+01      0.30640203E-01       1      50
   4   0.26231950E+01     -0.23540203E+03       0.35928266E+04        0.61490621E+07      0.39239115E+01      0.31455991E-01       1      50
   5   0.32789937E+01     -0.26360358E+03       0.33433238E+04        0.64880476E+07      0.45514948E+01      0.36598577E-01       2      50
   6   0.39347925E+01     -0.22792965E+03       0.30975571E+04        0.62474878E+07      0.30017736E+01      0.25300661E-01       2      50
   7   0.45905912E+01     -0.26779856E+03       0.28496930E+04        0.61388197E+07      0.22140997E+01      0.18261569E-01       2      50
   8   0.52463900E+01     -0.22044680E+03       0.26055704E+04        0.63692465E+07      0.31991321E+01      0.24277773E-01       3      50
   9   0.59021887E+01     -0.24817248E+03       0.23712607E+04        0.63215947E+07      0.64504478E+01      0.45745871E-01       3      50
  10   0.65579874E+01     -0.26182439E+03       0.21162623E+04        0.58108982E+07      0.24154725E+01      0.21037991E-01       3      50
  11   0.72137862E+01     -0.22654784E+03       0.18720762E+04        0.57861959E+07      0.21238613E+01      0.18700017E-01       4      50
  12   0.78695849E+01     -0.19130201E+03       0.16631512E+04        0.58419540E+07      0.14947579E+01      0.14435199E-01       4      50
  13   0.85253837E+01     -0.20502146E+03       0.14649895E+04        0.55150184E+07      0.16036625E+01      0.14895885E-01       4      50
  14   0.91811824E+01     -0.19432294E+03       0.12653173E+04        0.53387613E+07      0.94251699E+00      0.81034334E-02       5      49
  15   0.98369812E+01     -0.15556201E+03       0.10903748E+04        0.50512617E+07      0.18402789E+01      0.14420425E-01       5      43
  16   0.10492780E+02     -0.18034052E+03       0.92242354E+03        0.47006098E+07      0.45661933E+00      0.50765787E-02       5      42
  17   0.11148579E+02     -0.13047849E+03       0.76701404E+03        0.42746459E+07      0.39184345E+00      0.41425185E-02       5      42
  18   0.11804377E+02     -0.14283207E+03       0.63035876E+03        0.42075499E+07      0.43945119E+00      0.44353761E-02       5      38
  19   0.12460176E+02     -0.11781333E+03       0.50003607E+03        0.38942526E+07      0.52393800E+00      0.48710213E-02       5      37
  20   0.13115975E+02     -0.93343540E+02       0.39445763E+03        0.38612797E+07      0.16284874E+00      0.17538968E-02       5      36
  21   0.13771774E+02     -0.93072288E+02       0.30124972E+03        0.36323865E+07      0.51383003E+00      0.52430380E-02       5      34
  22   0.14427572E+02     -0.10506869E+03       0.20217923E+03        0.35382329E+07      0.91959503E-01      0.11190135E-02       5      33
  23   0.15083371E+02     -0.67701844E+02       0.11579396E+03        0.33879927E+07      0.36943579E-01      0.44343461E-03       5      32
  24   0.15739170E+02     -0.80307871E+02       0.41789099E+02        0.33664124E+07      0.17723592E+00      0.17294930E-02       5      29
  25   0.16394969E+02     -0.61057427E+00       0.13298767E+01        0.17100446E+07      0.44158939E-06      0.13433699E-11       0       0
  26   0.17050767E+02     -0.37640589E+00       0.83638666E+00        0.16555462E+07      0.53444157E-06      0.83266727E-12       0       0
  27   0.17706566E+02     -0.25768350E+00       0.51934197E+00        0.16225185E+07      0.10397845E-05      0.69944051E-12       0       0
  28   0.18362365E+02     -0.18973813E+00       0.29563115E+00        0.15995142E+07      0.15142135E-06      0.11102230E-11       0       0
  29   0.19018164E+02     -0.14478797E+00       0.12836810E+00        0.15806725E+07      0.12499114E-05      0.24868996E-11       0       0
  30   0.19673962E+02     -0.11194822E+00       0.00000000E+00        0.15638027E+07      0.43777560E-06      0.83266727E-12       0       0
 
