 FOR ENERGY=           1
 MAXIMUM PROBABILITY ERROR
 B_IMP   1.60637229748194     
 L_ORB   2.00000000000000     
 R_FIN   11.3981748518628     
 PHI_FIN   6.33688359094047     
 PROBAB_SURV  6.010426679174073E-002
 ERROR_ENERG   7.11820961401383     
 ERROR_PROBAB  4.859970331201335E-002
 STATE           1
 #NTRAJECT           1
 #NPROC           2
 
 MAXIMUM ENERGY ERROR
 B_IMP   1.60637229748194     
 L_ORB   2.00000000000000     
 R_FIN   11.3981748518628     
 PHI_FIN   6.33688359094047     
 PROBAB_SURV  6.010426679174073E-002
 ERROR_ENERG   7.11820961401383     
 ERROR_PROBAB  4.859970331201335E-002
 STATE           1
 #NTRAJECT           1
 #NPROC           2
 -------------------------
 FOR ENERGY=           1
 MAXIMUM PROBABILITY ERROR
 B_IMP  0.000000000000000E+000
 L_ORB  0.000000000000000E+000
 R_FIN   11.8961135873497     
 PHI_FIN  0.000000000000000E+000
 PROBAB_SURV  0.210879472713196     
 ERROR_ENERG   6.59868731382507     
 ERROR_PROBAB  4.906898102405854E-002
 STATE           1
 #NTRAJECT           1
 #NPROC           0
 
 MAXIMUM ENERGY ERROR
 B_IMP  0.000000000000000E+000
 L_ORB  0.000000000000000E+000
 R_FIN   11.8961135873497     
 PHI_FIN  0.000000000000000E+000
 PROBAB_SURV  0.210879472713196     
 ERROR_ENERG   6.59868731382507     
 ERROR_PROBAB  4.906898102405854E-002
 STATE           1
 #NTRAJECT           1
 #NPROC           0
 -------------------------
