 M RESOLVED CROSSECTIONS WITHOUT BILLING CORRECTION
INI_STATE#    1
   ENERGY#    1
 j12=           0
 m12=           0
CHANNEL# CROSSSECTIONS,ANG^2
   1       0.74878667394E+02
   2       0.79133989646E+01
   3       0.12207244396E+02
   4       0.45733736185E+01
   5       0.79308414206E+01
   6       0.19099784432E+02
   7       0.66246539904E+01
   8       0.10973631531E+02
   9       0.15836103382E+02
  10       0.27613042818E+02
 M RESOLVED CROSSECTIONS WITHOUT BILLING CORRECTION
INI_STATE#    1
   ENERGY#    1
 j12=           0
 m12=           0
CHANNEL# CROSSSECTIONS,ANG^2
   1       0.70305372793E+02
   2       0.10319189965E+02
   3       0.10769398369E+02
   4       0.57066666588E+01
   5       0.10801633150E+02
   6       0.15660072970E+02
   7       0.75809950925E+01
   8       0.10213854601E+02
   9       0.17001874966E+02
  10       0.29291467500E+02
