STATE= 1
j12= 0
m12= 0
ENERGY#1, U(i)= 10.000 cm^-1
    B_IMPACT        L   CHANNEL=     1  CHANNEL=     2  CHANNEL=     3  CHANNEL=     4  CHANNEL=     5  CHANNEL=     6  CHANNEL=     7  CHANNEL=     8  CHANNEL=     9  CHANNEL=    10  
 0.00000000E+00      0  0.12538815E-01  0.14340965E-01  0.11130923E+00  0.41153103E-01  0.16082967E+00  0.63792739E-01  0.19512833E-01  0.21398834E+00  0.83833649E-01  0.27839703E+00 
 0.65579874E+00      1  0.68357546E-02  0.74551562E-01  0.19752911E+00  0.41543398E-01  0.10893786E+00  0.16306637E+00  0.36736894E-01  0.12182648E-01  0.16909407E+00  0.18924233E+00 
 0.13115975E+01      2  0.60104267E-01  0.53120124E-01  0.27286257E+00  0.56111264E-01  0.47688184E-01  0.40967606E-01  0.77315069E-02  0.14235165E+00  0.15261132E+00  0.16596551E+00 
 0.19673962E+01      3  0.43218941E-02  0.32699901E-02  0.11181353E+00  0.28032412E-01  0.88465953E-02  0.20175423E+00  0.38693702E-01  0.62743248E-01  0.18567033E+00  0.35456093E+00 
 0.26231950E+01      4  0.20315331E-01  0.34454414E-01  0.24953077E+00  0.11688773E-01  0.75007766E-01  0.21111386E+00  0.56404302E-01  0.69424132E-01  0.11879694E+00  0.15302380E+00 
 0.32789937E+01      5  0.16824652E-01  0.38453175E-01  0.18556915E+00  0.47060858E-01  0.79504601E-01  0.28228819E+00  0.44703041E-01  0.14953593E-01  0.91622086E-01  0.19876267E+00 
 0.39347925E+01      6  0.38840093E-01  0.19016617E-01  0.30163113E-01  0.29973547E-01  0.17021615E+00  0.40991968E+00  0.25703452E-02  0.46711605E-01  0.16609382E+00  0.86270858E-01 
 0.45905912E+01      7  0.29591246E-01  0.37981795E-01  0.13243330E+00  0.27554871E-01  0.21663817E+00  0.61572105E-01  0.45142456E-01  0.71250696E-01  0.13365445E+00  0.24392986E+00 
 0.52463900E+01      8  0.14645259E-01  0.49042060E-01  0.11135875E+00  0.14329660E+00  0.62642006E-01  0.92174672E-01  0.19571934E-02  0.11988335E+00  0.21165837E+00  0.19320164E+00 
 0.59021887E+01      9  0.10488678E+00  0.23819792E-01  0.12131274E+00  0.22750418E-01  0.20933892E+00  0.96168948E-01  0.38111070E-02  0.12569608E+00  0.14011788E+00  0.15184527E+00 
 0.65579874E+01     10  0.30644296E-01  0.73965669E-01  0.17666714E+00  0.18145999E-01  0.79660804E-02  0.23093372E+00  0.64231588E-01  0.67047744E-01  0.11546828E+00  0.21467003E+00 
 0.72137862E+01     11  0.38426191E-01  0.10864172E+00  0.82544362E-01  0.11945171E+00  0.12908239E+00  0.11573367E+00  0.42663430E-02  0.63402905E-01  0.11118416E+00  0.22713158E+00 
 0.78695849E+01     12  0.74469784E-01  0.54087214E-01  0.14489246E+00  0.39190114E-02  0.35851451E-01  0.21247717E+00  0.68712796E-02  0.11465051E+00  0.11558317E+00  0.23707920E+00 
 0.85253837E+01     13  0.60349885E-01  0.35062299E-01  0.82636634E-01  0.74766298E-02  0.11792758E+00  0.18669075E+00  0.77926064E-01  0.47769958E-01  0.16027588E+00  0.22372922E+00 
 0.91811824E+01     14  0.11297094E-01  0.52674393E-01  0.94984864E-01  0.39994060E-01  0.10118161E+00  0.95057230E-01  0.15994644E-01  0.14494123E+00  0.27416136E+00  0.16962200E+00 
 0.98369812E+01     15  0.11121763E+00  0.13832544E-01  0.12609930E+00  0.83510671E-01  0.31987562E-01  0.13963507E+00  0.27138188E-01  0.51675425E-01  0.18503843E+00  0.22975147E+00 
 0.10492780E+02     16  0.19203540E+00  0.77571171E-01  0.95652607E-01  0.10733044E-02  0.14292546E+00  0.82778698E-01  0.19456121E-01  0.38885132E-01  0.15250142E+00  0.19703522E+00 
 0.11148579E+02     17  0.28751826E-01  0.33058263E-01  0.26764912E+00  0.93390417E-01  0.12007654E+00  0.14653970E+00  0.82870115E-02  0.58007868E-02  0.93916504E-01  0.20245266E+00 
 0.11804377E+02     18  0.23224141E+00  0.22388510E-01  0.22817293E-01  0.57048928E-01  0.19332486E-01  0.18067197E+00  0.11468761E+00  0.10276752E+00  0.44090657E-01  0.20389310E+00 
 0.12460176E+02     19  0.15765721E-02  0.10484612E-01  0.14822561E+00  0.60432670E-01  0.79067660E-01  0.81348888E-01  0.10711926E-01  0.82862989E-01  0.23837850E+00  0.28687345E+00 
 0.13115975E+02     20  0.32359285E-01  0.34115208E-01  0.73864921E-01  0.22444437E-01  0.67018945E-01  0.20336226E+00  0.74638954E-01  0.77211860E-01  0.20213015E+00  0.21283094E+00 
 0.13771774E+02     21  0.55491071E-01  0.10477073E+00  0.14124472E+00  0.85515388E-02  0.11217299E+00  0.24896250E+00  0.57697516E-01  0.18524658E-01  0.19420551E+00  0.58370827E-01 
 0.14427572E+02     22  0.35973836E-01  0.57414435E-01  0.90428453E-01  0.30167799E-01  0.33258748E-01  0.15956832E+00  0.80581757E-01  0.96166887E-01  0.32953114E-01  0.38347064E+00 
 0.15083371E+02     23  0.52270893E-01  0.21088679E+00  0.78357863E-01  0.47202969E-02  0.12428995E+00  0.94714942E-01  0.58347272E-01  0.57565977E-01  0.20589363E+00  0.11293971E+00 
 0.15739170E+02     24  0.10172451E+00  0.15116027E+00  0.10351859E+00  0.56575796E-01  0.59908289E-01  0.72736199E-01  0.67765087E-01  0.76566301E-01  0.91490730E-01  0.21854988E+00 
 0.16394969E+02     25  0.99905522E+00  0.94374295E-03  0.10346176E-05  0.96062324E-10  0.25133483E-09  0.20774803E-10  0.95003395E-11  0.28139116E-13  0.42609955E-11  0.39495673E-14 
 0.17050767E+02     26  0.99950777E+00  0.49206463E-03  0.16790450E-06  0.48110018E-11  0.37445875E-09  0.26299994E-10  0.42127592E-11  0.12509475E-13  0.65061982E-13  0.10203096E-13 
 0.17706566E+02     27  0.99976646E+00  0.23335869E-03  0.17591453E-06  0.14635422E-10  0.72837922E-09  0.15011415E-10  0.39794679E-12  0.51489153E-12  0.22437467E-12  0.86364162E-15 
 0.18362365E+02     28  0.99988782E+00  0.11198384E-03  0.19567138E-06  0.14278352E-11  0.16675225E-08  0.58156851E-12  0.15969024E-13  0.59667812E-13  0.16965855E-12  0.12037449E-14 
 0.19018164E+02     29  0.99994482E+00  0.55020348E-04  0.15746509E-06  0.44114700E-11  0.59605500E-09  0.55224930E-10  0.54688822E-12  0.21692436E-11  0.11011243E-13  0.12115890E-14 
 0.19673962E+02     30  0.99997234E+00  0.27561081E-04  0.98586969E-07  0.26486693E-12  0.28546107E-10  0.21553960E-10  0.96162826E-12  0.30108405E-13  0.69479656E-13  0.67331809E-17 
 
STATE= 1
j12= 0
m12= 0
ENERGY#1, U(i)= 10.000 cm^-1
    B_IMPACT        L   CHANNEL=     1  CHANNEL=     2  CHANNEL=     3  CHANNEL=     4  CHANNEL=     5  CHANNEL=     6  CHANNEL=     7  CHANNEL=     8  CHANNEL=     9  CHANNEL=    10  
 0.00000000E+00      0  0.21087947E+00  0.28838244E-01  0.21754356E+00  0.34710414E-01  0.94963863E-01  0.10077579E+00  0.52440769E-02  0.69752085E-01  0.75539197E-01  0.16126261E+00 
 0.65579874E+00      1  0.27739465E-01  0.13719083E+00  0.66422204E-03  0.35647999E-01  0.15672335E+00  0.86858048E-01  0.94582347E-01  0.45224499E-01  0.24883891E+00  0.16607603E+00 
 0.13115975E+01      2  0.10546678E+00  0.39880912E-01  0.78287792E-01  0.15481531E-01  0.13249708E+00  0.10636606E+00  0.11686481E+00  0.89270583E-01  0.21499237E+00  0.10043870E+00 
 0.19673962E+01      3  0.18432203E-01  0.12368367E-01  0.12867449E+00  0.12965530E+00  0.32285618E+00  0.38790231E-01  0.26026579E-02  0.52018255E-01  0.62826678E-01  0.23146923E+00 
 0.26231950E+01      4  0.19246294E-01  0.31553385E-01  0.51939372E-01  0.48198569E-01  0.21561328E-01  0.11584304E+00  0.48007717E-02  0.12328489E+00  0.11182097E+00  0.47143682E+00 
 0.32789937E+01      5  0.11120048E+00  0.55708491E-01  0.68463903E-01  0.71111008E-02  0.32377548E-01  0.29710770E-01  0.11872900E+00  0.86988022E-01  0.29089158E+00  0.19845311E+00 
 0.39347925E+01      6  0.16047004E-02  0.21756813E-01  0.13192414E+00  0.46802610E-01  0.24774233E+00  0.11294564E+00  0.38817373E-01  0.10768328E+00  0.57427409E-01  0.23304270E+00 
 0.45905912E+01      7  0.10215970E+00  0.70289658E-01  0.32646666E-01  0.11507309E+00  0.19128655E+00  0.20885876E+00  0.26566999E-01  0.88641013E-01  0.12123010E+00  0.43064855E-01 
 0.52463900E+01      8  0.22880696E+00  0.23611312E+00  0.35991826E-01  0.52031314E-01  0.12821224E+00  0.41936854E-01  0.41823950E-01  0.37644829E-01  0.10704767E+00  0.90148470E-01 
 0.59021887E+01      9  0.34766839E-02  0.51526863E-02  0.23092272E+00  0.11813628E+00  0.36140667E-01  0.16484322E+00  0.37446377E-01  0.56320754E-01  0.87417417E-01  0.25968574E+00 
 0.65579874E+01     10  0.22068197E-01  0.42673300E-01  0.63249809E-01  0.44165556E-01  0.53277718E-01  0.33242189E+00  0.26519683E-01  0.12961266E-01  0.17245169E+00  0.23000051E+00 
 0.72137862E+01     11  0.36627488E-01  0.18512547E-01  0.69781817E-01  0.62407559E-02  0.62890116E-01  0.29146488E+00  0.10713693E-01  0.16081404E+00  0.14891138E+00  0.19385628E+00 
 0.78695849E+01     12  0.13843355E+00  0.37921988E-01  0.55632504E-01  0.72549611E-01  0.65820585E-01  0.12869067E+00  0.14660552E+00  0.44374529E-01  0.73122478E-01  0.23670421E+00 
 0.85253837E+01     13  0.10220413E+00  0.69507870E-01  0.35380000E-01  0.15441304E-01  0.10590514E+00  0.77460690E-01  0.66658110E-01  0.10349646E+00  0.14740440E+00  0.27639293E+00 
 0.91811824E+01     14  0.10233532E-01  0.18001753E-01  0.22208279E+00  0.64133913E-01  0.15608749E+00  0.58764875E-01  0.12068284E+00  0.71112265E-01  0.14722729E+00  0.13159222E+00 
 0.98369812E+01     15  0.20340581E-01  0.17553156E-01  0.13217435E-01  0.26796829E+00  0.62477369E-01  0.21360459E-01  0.23131040E-01  0.45508674E-01  0.29277664E+00  0.23552216E+00 
 0.10492780E+02     16  0.70226049E-01  0.71426799E-01  0.67374287E-01  0.14875040E-01  0.69031976E-01  0.64583793E-01  0.79751574E-02  0.10669203E+00  0.25970391E+00  0.26806018E+00 
 0.11148579E+02     17  0.68941293E-02  0.37750780E-01  0.48185449E-01  0.15138865E-01  0.36960632E-01  0.28555692E+00  0.41364924E-01  0.11101749E+00  0.13392910E+00  0.28316029E+00 
 0.11804377E+02     18  0.24591377E-01  0.43534442E-01  0.13649538E+00  0.16905731E-01  0.81524226E-02  0.14140500E+00  0.49106984E-01  0.92789228E-01  0.10473716E+00  0.38223792E+00 
 0.12460176E+02     19  0.17793543E-01  0.13394297E+00  0.25134324E-01  0.52087585E-01  0.92513610E-01  0.10556476E+00  0.89915381E-01  0.18244900E+00  0.15814471E+00  0.14240541E+00 
 0.13115975E+02     20  0.38273726E-01  0.74308543E-01  0.69037458E-01  0.77826761E-01  0.94961887E-01  0.80545030E-01  0.60781896E-01  0.10501425E+00  0.15124841E+00  0.24798450E+00 
 0.13771774E+02     21  0.18489943E-01  0.29516223E-01  0.16755672E+00  0.38417413E-02  0.83338770E-01  0.24636318E+00  0.90464010E-02  0.70146354E-02  0.21978065E+00  0.21499930E+00 
 0.14427572E+02     22  0.17238910E-01  0.17390641E+00  0.11377037E+00  0.41470780E-02  0.11370616E+00  0.81088816E-01  0.38293438E-01  0.12370041E+00  0.12834425E+00  0.20579296E+00 
 0.15083371E+02     23  0.99140619E-02  0.31229146E-01  0.54343542E-01  0.31373801E-01  0.13634492E+00  0.15861230E+00  0.39192308E-01  0.13915768E+00  0.12085969E+00  0.27896811E+00 
 0.15739170E+02     24  0.48944613E-02  0.10662676E+00  0.13825755E-01  0.80595404E-01  0.67689597E-01  0.23096258E+00  0.85129535E-01  0.62456123E-01  0.12392585E+00  0.22387663E+00 
 0.16394969E+02     25  0.99905409E+00  0.94464488E-03  0.12337949E-05  0.52288942E-09  0.10990158E-07  0.15482979E-07  0.51853798E-09  0.82756155E-10  0.13523617E-08  0.24539774E-13 
 0.17050767E+02     26  0.99950875E+00  0.49105889E-03  0.16084642E-06  0.74814833E-08  0.16429351E-08  0.18077094E-07  0.33302246E-09  0.12038151E-10  0.17548763E-11  0.19411047E-13 
 0.17706566E+02     27  0.99976227E+00  0.23748555E-03  0.22249792E-06  0.36779215E-08  0.34433920E-08  0.11098273E-07  0.23386088E-09  0.12562762E-09  0.25564673E-10  0.63345404E-15 
 0.18362365E+02     28  0.99988974E+00  0.11000455E-03  0.25417107E-06  0.19611662E-09  0.30344687E-09  0.25022111E-08  0.22125934E-10  0.11662536E-10  0.28642355E-11  0.22913602E-15 
 0.19018164E+02     29  0.99994558E+00  0.54184373E-04  0.23139761E-06  0.61649690E-09  0.11340094E-08  0.32900688E-09  0.79133904E-11  0.61302747E-13  0.13935689E-11  0.41478466E-15 
 0.19673962E+02     30  0.99997224E+00  0.27670835E-04  0.91154363E-07  0.21833803E-09  0.76531294E-10  0.83520413E-09  0.38026387E-11  0.28040661E-13  0.73111756E-13  0.28823367E-15 
 
