STATE= 1
j12= 0
m12= 0
ENERGY#1, U(i)= 10.000 cm^-1
J_TOTAL  CHANNEL=     1  CHANNEL=     2  CHANNEL=     3  CHANNEL=     4  CHANNEL=     5  CHANNEL=     6  CHANNEL=     7  CHANNEL=     8  CHANNEL=     9  CHANNEL=    10  
    0    0.47440560E-02  0.54258988E-02  0.42113804E-01  0.15570261E-01  0.60849846E-01  0.24135958E-01  0.73826729E-02  0.80962408E-01  0.31718429E-01  0.10533141E+00 
    1    0.00000000E+00  0.00000000E+00  0.00000000E+00  0.00000000E+00  0.00000000E+00  0.00000000E+00  0.00000000E+00  0.00000000E+00  0.00000000E+00  0.00000000E+00 
    2    0.11370213E+00  0.10048989E+00  0.51618725E+00  0.10614838E+00  0.90214030E-01  0.77500390E-01  0.14626063E-01  0.26929346E+00  0.28870218E+00  0.31396493E+00 
    3    0.00000000E+00  0.00000000E+00  0.00000000E+00  0.00000000E+00  0.00000000E+00  0.00000000E+00  0.00000000E+00  0.00000000E+00  0.00000000E+00  0.00000000E+00 
    4    0.69176679E-01  0.11732233E+00  0.84968883E+00  0.39801986E-01  0.25541244E+00  0.71887363E+00  0.19206491E+00  0.23639934E+00  0.40452099E+00  0.52106848E+00 
    5    0.00000000E+00  0.00000000E+00  0.00000000E+00  0.00000000E+00  0.00000000E+00  0.00000000E+00  0.00000000E+00  0.00000000E+00  0.00000000E+00  0.00000000E+00 
    6    0.19103675E+00  0.93534089E-01  0.14835863E+00  0.14742624E+00  0.83721580E+00  0.20162084E+01  0.12642359E-01  0.22975313E+00  0.81693991E+00  0.42432710E+00 
    7    0.00000000E+00  0.00000000E+00  0.00000000E+00  0.00000000E+00  0.00000000E+00  0.00000000E+00  0.00000000E+00  0.00000000E+00  0.00000000E+00  0.00000000E+00 
    8    0.94197479E-01  0.31543576E+00  0.71625317E+00  0.92167563E+00  0.40290985E+00  0.59286228E+00  0.12588557E-01  0.77108296E+00  0.13613747E+01  0.12426620E+01 
    9    0.00000000E+00  0.00000000E+00  0.00000000E+00  0.00000000E+00  0.00000000E+00  0.00000000E+00  0.00000000E+00  0.00000000E+00  0.00000000E+00  0.00000000E+00 
   10    0.24347941E+00  0.58768253E+00  0.14036808E+01  0.14417617E+00  0.63293233E-01  0.18348474E+01  0.51034193E+00  0.53271726E+00  0.91743493E+00  0.17056268E+01 
   11    0.00000000E+00  0.00000000E+00  0.00000000E+00  0.00000000E+00  0.00000000E+00  0.00000000E+00  0.00000000E+00  0.00000000E+00  0.00000000E+00  0.00000000E+00 
   12    0.70439036E+00  0.51159692E+00  0.13705002E+01  0.37068912E-01  0.33910957E+00  0.20097664E+01  0.64993650E-01  0.10844495E+01  0.10932712E+01  0.22424706E+01 
   13    0.00000000E+00  0.00000000E+00  0.00000000E+00  0.00000000E+00  0.00000000E+00  0.00000000E+00  0.00000000E+00  0.00000000E+00  0.00000000E+00  0.00000000E+00 
   14    0.12395329E+00  0.57795076E+00  0.10421871E+01  0.43882038E+00  0.11101787E+01  0.10429811E+01  0.17549546E+00  0.15903153E+01  0.30081365E+01  0.18611162E+01 
   15    0.00000000E+00  0.00000000E+00  0.00000000E+00  0.00000000E+00  0.00000000E+00  0.00000000E+00  0.00000000E+00  0.00000000E+00  0.00000000E+00  0.00000000E+00 
   16    0.23976651E+01  0.96851776E+00  0.11942742E+01  0.13400782E-01  0.17845012E+01  0.10335365E+01  0.24292012E+00  0.48550177E+00  0.19040622E+01  0.24600906E+01 
   17    0.00000000E+00  0.00000000E+00  0.00000000E+00  0.00000000E+00  0.00000000E+00  0.00000000E+00  0.00000000E+00  0.00000000E+00  0.00000000E+00  0.00000000E+00 
   18    0.32511326E+01  0.31341531E+00  0.31941782E+00  0.79862428E+00  0.27063424E+00  0.25292154E+01  0.16055045E+01  0.14386359E+01  0.61722228E+00  0.28542865E+01 
   19    0.00000000E+00  0.00000000E+00  0.00000000E+00  0.00000000E+00  0.00000000E+00  0.00000000E+00  0.00000000E+00  0.00000000E+00  0.00000000E+00  0.00000000E+00 
   20    0.50196805E+00  0.52920651E+00  0.11458174E+01  0.34816560E+00  0.10396203E+01  0.31546234E+01  0.11578244E+01  0.11977362E+01  0.31355105E+01  0.33015046E+01 
   21    0.00000000E+00  0.00000000E+00  0.00000000E+00  0.00000000E+00  0.00000000E+00  0.00000000E+00  0.00000000E+00  0.00000000E+00  0.00000000E+00  0.00000000E+00 
   22    0.61248091E+00  0.97752283E+00  0.15396107E+01  0.51362888E+00  0.56625455E+00  0.27167676E+01  0.13719635E+01  0.16373117E+01  0.56105092E+00  0.65288687E+01 
   23    0.00000000E+00  0.00000000E+00  0.00000000E+00  0.00000000E+00  0.00000000E+00  0.00000000E+00  0.00000000E+00  0.00000000E+00  0.00000000E+00  0.00000000E+00 
   24    0.18858841E+01  0.28023801E+01  0.19191447E+01  0.10488661E+01  0.11106476E+01  0.13484659E+01  0.12563058E+01  0.14194727E+01  0.16961587E+01  0.40517249E+01 
   25    0.00000000E+00  0.00000000E+00  0.00000000E+00  0.00000000E+00  0.00000000E+00  0.00000000E+00  0.00000000E+00  0.00000000E+00  0.00000000E+00  0.00000000E+00 
   26    0.20042659E+02  0.98671407E-02  0.33669099E-05  0.96472757E-10  0.75088451E-08  0.52738141E-09  0.84476479E-10  0.25084663E-12  0.13046573E-11  0.20459790E-12 
   27    0.00000000E+00  0.00000000E+00  0.00000000E+00  0.00000000E+00  0.00000000E+00  0.00000000E+00  0.00000000E+00  0.00000000E+00  0.00000000E+00  0.00000000E+00 
   28    0.21563509E+02  0.24150355E-02  0.42198349E-05  0.30792591E-10  0.35961671E-07  0.12542065E-10  0.34438683E-12  0.12867918E-11  0.36588441E-11  0.25959875E-13 
   29    0.00000000E+00  0.00000000E+00  0.00000000E+00  0.00000000E+00  0.00000000E+00  0.00000000E+00  0.00000000E+00  0.00000000E+00  0.00000000E+00  0.00000000E+00 
   30    0.23078688E+02  0.63609118E-03  0.22753209E-05  0.61129504E-11  0.65882494E-09  0.49745088E-09  0.22193733E-10  0.69488172E-12  0.16035437E-11  0.15539728E-15 
STATE= 1
j12= 0
m12= 0
ENERGY#1, U(i)= 10.000 cm^-1
J_TOTAL  CHANNEL=     1  CHANNEL=     2  CHANNEL=     3  CHANNEL=     4  CHANNEL=     5  CHANNEL=     6  CHANNEL=     7  CHANNEL=     8  CHANNEL=     9  CHANNEL=    10  
    0    0.79786168E-01  0.10910938E-01  0.82307522E-01  0.13132672E-01  0.35929541E-01  0.38128482E-01  0.19840945E-02  0.26390675E-01  0.28580226E-01  0.61013647E-01 
    1    0.00000000E+00  0.00000000E+00  0.00000000E+00  0.00000000E+00  0.00000000E+00  0.00000000E+00  0.00000000E+00  0.00000000E+00  0.00000000E+00  0.00000000E+00 
    2    0.19951658E+00  0.75444640E-01  0.14810078E+00  0.29287157E-01  0.25065109E+00  0.20121779E+00  0.22107878E+00  0.16887745E+00  0.40671141E+00  0.19000472E+00 
    3    0.00000000E+00  0.00000000E+00  0.00000000E+00  0.00000000E+00  0.00000000E+00  0.00000000E+00  0.00000000E+00  0.00000000E+00  0.00000000E+00  0.00000000E+00 
    4    0.65536453E-01  0.10744390E+00  0.17686117E+00  0.16412319E+00  0.73419484E-01  0.39446252E+00  0.16347331E-01  0.41980312E+00  0.38076681E+00  0.16053115E+01 
    5    0.00000000E+00  0.00000000E+00  0.00000000E+00  0.00000000E+00  0.00000000E+00  0.00000000E+00  0.00000000E+00  0.00000000E+00  0.00000000E+00  0.00000000E+00 
    6    0.78927914E-02  0.10701186E+00  0.64887484E+00  0.23020075E+00  0.12185318E+01  0.55552820E+00  0.19092500E+00  0.52964505E+00  0.28245930E+00  0.11462310E+01 
    7    0.00000000E+00  0.00000000E+00  0.00000000E+00  0.00000000E+00  0.00000000E+00  0.00000000E+00  0.00000000E+00  0.00000000E+00  0.00000000E+00  0.00000000E+00 
    8    0.14716734E+01  0.15186662E+01  0.23149739E+00  0.33466247E+00  0.82465388E+00  0.26973548E+00  0.26900928E+00  0.24212942E+00  0.68852454E+00  0.57982987E+00 
    9    0.00000000E+00  0.00000000E+00  0.00000000E+00  0.00000000E+00  0.00000000E+00  0.00000000E+00  0.00000000E+00  0.00000000E+00  0.00000000E+00  0.00000000E+00 
   10    0.17533937E+00  0.33905396E+00  0.50254137E+00  0.35091045E+00  0.42330969E+00  0.26412056E+01  0.21070795E+00  0.10298169E+00  0.13701876E+01  0.18274327E+01 
   11    0.00000000E+00  0.00000000E+00  0.00000000E+00  0.00000000E+00  0.00000000E+00  0.00000000E+00  0.00000000E+00  0.00000000E+00  0.00000000E+00  0.00000000E+00 
   12    0.13094070E+01  0.35869424E+00  0.52621341E+00  0.68622794E+00  0.62257983E+00  0.12172517E+01  0.13867036E+01  0.41972715E+00  0.69164654E+00  0.22389237E+01 
   13    0.00000000E+00  0.00000000E+00  0.00000000E+00  0.00000000E+00  0.00000000E+00  0.00000000E+00  0.00000000E+00  0.00000000E+00  0.00000000E+00  0.00000000E+00 
   14    0.11228374E+00  0.19751774E+00  0.24367232E+01  0.70368620E+00  0.17126136E+01  0.64477637E+00  0.13241489E+01  0.78025365E+00  0.16153982E+01  0.14438482E+01 
   15    0.00000000E+00  0.00000000E+00  0.00000000E+00  0.00000000E+00  0.00000000E+00  0.00000000E+00  0.00000000E+00  0.00000000E+00  0.00000000E+00  0.00000000E+00 
   16    0.87680996E+00  0.89180197E+00  0.84120419E+00  0.18572286E+00  0.86190132E+00  0.80636336E+00  0.99574126E-01  0.13321074E+01  0.32425429E+01  0.33468755E+01 
   17    0.00000000E+00  0.00000000E+00  0.00000000E+00  0.00000000E+00  0.00000000E+00  0.00000000E+00  0.00000000E+00  0.00000000E+00  0.00000000E+00  0.00000000E+00 
   18    0.34425311E+00  0.60943587E+00  0.19107900E+01  0.23666225E+00  0.11412524E+00  0.19795195E+01  0.68744552E+00  0.12989504E+01  0.14662088E+01  0.53509242E+01 
   19    0.00000000E+00  0.00000000E+00  0.00000000E+00  0.00000000E+00  0.00000000E+00  0.00000000E+00  0.00000000E+00  0.00000000E+00  0.00000000E+00  0.00000000E+00 
   20    0.59371483E+00  0.11526990E+01  0.10709321E+01  0.12072747E+01  0.14730805E+01  0.12494414E+01  0.94286909E+00  0.16290162E+01  0.23462159E+01  0.38468184E+01 
   21    0.00000000E+00  0.00000000E+00  0.00000000E+00  0.00000000E+00  0.00000000E+00  0.00000000E+00  0.00000000E+00  0.00000000E+00  0.00000000E+00  0.00000000E+00 
   22    0.29350507E+00  0.29608841E+01  0.19370240E+01  0.70607042E-01  0.19359308E+01  0.13805965E+01  0.65197385E+00  0.21060901E+01  0.21851550E+01  0.35037759E+01 
   23    0.00000000E+00  0.00000000E+00  0.00000000E+00  0.00000000E+00  0.00000000E+00  0.00000000E+00  0.00000000E+00  0.00000000E+00  0.00000000E+00  0.00000000E+00 
   24    0.90739060E-01  0.19767676E+01  0.25631749E+00  0.14941688E+01  0.12549063E+01  0.42818456E+01  0.15782276E+01  0.11578823E+01  0.22974777E+01  0.41504783E+01 
   25    0.00000000E+00  0.00000000E+00  0.00000000E+00  0.00000000E+00  0.00000000E+00  0.00000000E+00  0.00000000E+00  0.00000000E+00  0.00000000E+00  0.00000000E+00 
   26    0.20042679E+02  0.98469730E-02  0.32253777E-05  0.15002267E-06  0.32945005E-07  0.36249147E-06  0.66779428E-08  0.24139537E-09  0.35189708E-10  0.38924059E-12 
   27    0.00000000E+00  0.00000000E+00  0.00000000E+00  0.00000000E+00  0.00000000E+00  0.00000000E+00  0.00000000E+00  0.00000000E+00  0.00000000E+00  0.00000000E+00 
   28    0.21563550E+02  0.23723503E-02  0.54814350E-05  0.42294370E-08  0.65441135E-08  0.53962505E-07  0.47716631E-09  0.25151341E-09  0.61769897E-10  0.49415309E-14 
   29    0.00000000E+00  0.00000000E+00  0.00000000E+00  0.00000000E+00  0.00000000E+00  0.00000000E+00  0.00000000E+00  0.00000000E+00  0.00000000E+00  0.00000000E+00 
   30    0.23078686E+02  0.63862424E-03  0.21037813E-05  0.50390948E-08  0.17662907E-08  0.19275949E-07  0.87762340E-10  0.64715958E-12  0.16873701E-11  0.66522391E-14 
