RESONANCE TRAJECTORIES IF THEY EXIST
RESONANCE TRAJECTORIES IF THEY EXIST
RESONANCE TRAJECTORIES IF THEY EXIST
i_energy=   1  state_ini=      1
L_ORBITAL     B_IMPACT   R_FINAL  PHI_FINAL  SURV_PROBAB  %ERR_ENERGY  %ERR_PROBAB  LOOPS  OSCIL
        0     0.000000    10.692      0.000   0.01253882    4.2050522   0.03036205      0     50
        1     0.927439    11.322      3.573   0.00683575    3.3707302   0.02800032      0     50
        2     1.606372    11.398      6.337   0.06010427    7.1182096   0.04859970      1     50
        3     2.271753    10.259      9.180   0.00432189    3.3665541   0.02931490      1     50
        4     2.932821    10.876     11.336   0.02031533    3.0542048   0.02399133      1     50
        5     3.591958    10.908     13.324   0.01682465    3.0545849   0.02579742      2     50
        6     4.250062    10.654     15.844   0.03884009    2.5798710   0.02241806      2     50
        7     4.907548    10.677     18.037   0.02959125    3.7394693   0.02510360      2     50
        8     5.564637    10.631     21.376   0.01464526    1.4625206   0.01401008      3     50
        9     6.221453    10.771     24.103   0.10488678    2.9819669   0.02520495      3     50
       10     6.878075    10.651     25.398   0.03064430    3.2437088   0.02594542      4     50
       11     7.534554    10.387     27.105   0.03842619    1.5504987   0.01349755      4     50
       12     8.190924    10.257     28.580   0.07446978    1.3176306   0.01187474      4     50
       13     8.847209    10.105     30.138   0.06034988    1.8486662   0.01550934      4     50
       14     9.503427     9.458     31.416   0.01129709    0.9193864   0.00915119      5     47
       15    10.159590     9.072     31.416   0.11121763    1.1378810   0.01137229      5     42
       16    10.815710     8.558     31.416   0.19203540    0.8760541   0.00854640      5     43
       17    11.471793     7.973     31.416   0.02875183    0.9661023   0.00771780      5     40
       18    12.127845     8.510     31.416   0.23224141    0.6097553   0.00605097      5     38
       19    12.783871     7.928     31.416   0.00157657    0.3591577   0.00371234      5     36
       20    13.439875     8.868     31.416   0.03235928    0.2325530   0.00230395      5     36
       21    14.095860     8.030     31.416   0.05549107    0.0669638   0.00079523      5     37
       22    14.751828     8.456     31.416   0.03597384    0.1432057   0.00160121      5     32
       23    15.407782     8.595     31.417   0.05227089    0.1034337   0.00126677      5     32
       24    16.063723     8.533     31.417   0.10172451    0.0324154   0.00043533      5     29
 
RESONANCE TRAJECTORIES IF THEY EXIST
i_energy=   1  state_ini=      1
L_ORBITAL     B_IMPACT   R_FINAL  PHI_FINAL  SURV_PROBAB  %ERR_ENERGY  %ERR_PROBAB  LOOPS  OSCIL
        0     0.000000    11.896      0.000   0.21087947    6.5986873   0.04906898      0     50
        1     0.927439    10.918      3.657   0.02773946    6.5858639   0.04543063      0     50
        2     1.606372    11.039      6.272   0.10546678    6.2882098   0.04533833      0     50
        3     2.271753    10.962      8.849   0.01843220    4.0198818   0.03064020      1     50
        4     2.932821    10.033     10.720   0.01924629    3.9239115   0.03145599      1     50
        5     3.591958    10.765     13.773   0.11120048    4.5514948   0.03659858      2     50
        6     4.250062    10.490     15.787   0.00160470    3.0017736   0.02530066      2     50
        7     4.907548    11.064     17.945   0.10215970    2.2140997   0.01826157      2     50
        8     5.564637    12.192     20.844   0.22880696    3.1991321   0.02427777      3     50
        9     6.221453    10.774     23.424   0.00347668    6.4504478   0.04574587      3     50
       10     6.878075    10.314     24.496   0.02206820    2.4154725   0.02103799      3     50
       11     7.534554    10.047     26.905   0.03662749    2.1238613   0.01870002      4     50
       12     8.190924    10.729     29.346   0.13843355    1.4947579   0.01443520      4     50
       13     8.847209     9.927     30.485   0.10220413    1.6036625   0.01489589      4     50
       14     9.503427     8.703     31.416   0.01023353    0.9425170   0.00810343      5     49
       15    10.159590     9.899     31.416   0.02034058    1.8402789   0.01442043      5     43
       16    10.815710     7.781     31.416   0.07022605    0.4566193   0.00507658      5     42
       17    11.471793     9.249     31.416   0.00689413    0.3918434   0.00414252      5     42
       18    12.127845     8.376     31.416   0.02459138    0.4394512   0.00443538      5     38
       19    12.783871     9.486     31.416   0.01779354    0.5239380   0.00487102      5     37
       20    13.439875     9.533     31.416   0.03827373    0.1628487   0.00175390      5     36
       21    14.095860     9.179     31.416   0.01848994    0.5138300   0.00524304      5     34
       22    14.751828     8.151     31.417   0.01723891    0.0919595   0.00111901      5     33
       23    15.407782     8.726     31.416   0.00991406    0.0369436   0.00044343      5     32
       24    16.063723     7.937     31.416   0.00489446    0.1772359   0.00172949      5     29
 
