STATE= 1
j12= 0
m12= 0
ENERGY#1, U(i)= 10.000 cm^-1
B_IMPACT            L   TOT_ELAST_PROB TOT_INELAST_PROB
 0.00000000E+00      0  0.99969638E+00  0.98715756E+00
 0.65579874E+00      1  0.99972000E+00  0.99288424E+00
 0.13115975E+01      2  0.99951400E+00  0.93940974E+00
 0.19673962E+01      3  0.99970685E+00  0.99538496E+00
 0.26231950E+01      4  0.99976009E+00  0.97944476E+00
 0.32789937E+01      5  0.99974203E+00  0.98291737E+00
 0.39347925E+01      6  0.99977582E+00  0.96093573E+00
 0.45905912E+01      7  0.99974896E+00  0.97015772E+00
 0.52463900E+01      8  0.99985990E+00  0.98521464E+00
 0.59021887E+01      9  0.99974795E+00  0.89486117E+00
 0.65579874E+01     10  0.99974055E+00  0.96909625E+00
 0.72137862E+01     11  0.99986502E+00  0.96143883E+00
 0.78695849E+01     12  0.99988125E+00  0.92541147E+00
 0.85253837E+01     13  0.99984491E+00  0.93949502E+00
 0.91811824E+01     14  0.99990849E+00  0.98861139E+00
 0.98369812E+01     15  0.99988628E+00  0.88866865E+00
 0.10492780E+02     16  0.99991454E+00  0.80787914E+00
 0.11148579E+02     17  0.99992282E+00  0.97117100E+00
 0.11804377E+02     18  0.99993949E+00  0.76769808E+00
 0.12460176E+02     19  0.99996288E+00  0.99838630E+00
 0.13115975E+02     20  0.99997696E+00  0.96761768E+00
 0.13771774E+02     21  0.99999205E+00  0.94450098E+00
 0.14427572E+02     22  0.99998399E+00  0.96401015E+00
 0.15083371E+02     23  0.99998733E+00  0.94771644E+00
 0.15739170E+02     24  0.99999565E+00  0.89827114E+00
 0.16394969E+02     25  0.10000000E+01  0.94477795E-03
 0.17050767E+02     26  0.10000000E+01  0.49223295E-03
 0.17706566E+02     27  0.10000000E+01  0.23353537E-03
 0.18362365E+02     28  0.10000000E+01  0.11218118E-03
 0.19018164E+02     29  0.10000000E+01  0.55178472E-04
 0.19673962E+02     30  0.10000000E+01  0.27659719E-04
 
STATE= 1
j12= 0
m12= 0
ENERGY#1, U(i)= 10.000 cm^-1
B_IMPACT            L   TOT_ELAST_PROB TOT_INELAST_PROB
 0.00000000E+00      0  0.99950931E+00  0.78862984E+00
 0.65579874E+00      1  0.99954569E+00  0.97180623E+00
 0.13115975E+01      2  0.99954662E+00  0.89407984E+00
 0.19673962E+01      3  0.99969360E+00  0.98126140E+00
 0.26231950E+01      4  0.99968544E+00  0.98043915E+00
 0.32789937E+01      5  0.99963401E+00  0.88843353E+00
 0.39347925E+01      6  0.99974699E+00  0.99814229E+00
 0.45905912E+01      7  0.99981738E+00  0.89765769E+00
 0.52463900E+01      8  0.99975722E+00  0.77095027E+00
 0.59021887E+01      9  0.99954254E+00  0.99606586E+00
 0.65579874E+01     10  0.99978962E+00  0.97772142E+00
 0.72137862E+01     11  0.99981300E+00  0.96318551E+00
 0.78695849E+01     12  0.99985565E+00  0.86142210E+00
 0.85253837E+01     13  0.99985104E+00  0.89764691E+00
 0.91811824E+01     14  0.99991897E+00  0.98968543E+00
 0.98369812E+01     15  0.99985580E+00  0.97951521E+00
 0.10492780E+02     16  0.99994923E+00  0.92972318E+00
 0.11148579E+02     17  0.99995857E+00  0.99306445E+00
 0.11804377E+02     18  0.99995565E+00  0.97536427E+00
 0.12460176E+02     19  0.99995129E+00  0.98215775E+00
 0.13115975E+02     20  0.99998246E+00  0.96170874E+00
 0.13771774E+02     21  0.99994757E+00  0.98145763E+00
 0.14427572E+02     22  0.99998881E+00  0.98274990E+00
 0.15083371E+02     23  0.99999557E+00  0.99008150E+00
 0.15739170E+02     24  0.99998271E+00  0.99508824E+00
 0.16394969E+02     25  0.10000000E+01  0.94590762E-03
 0.17050767E+02     26  0.10000000E+01  0.49124728E-03
 0.17706566E+02     27  0.10000000E+01  0.23772665E-03
 0.18362365E+02     28  0.10000000E+01  0.11026176E-03
 0.19018164E+02     29  0.10000000E+01  0.54417860E-04
 0.19673962E+02     30  0.10000000E+01  0.27763123E-04
 
