MQCT paths: /mmfs1/home/8101lukmani/pure-MQCT/EXAMPLES_IO/SYS_TYPE_3/C6H6_He/MQCT_PATHS.txt -> /mmfs1/home/8101lukmani/pure-MQCT/bin/mqct_C6H6_He.exe
 MPI INITIALIZED
 PARSERING OF USER INPUT
 ARRAY_INI_STARTED
 STATES_SIZE_FOUND         192
 number_of_channels          12
 jmax_included          12
 BASIS ARRAYS CREATED
ARRAYS ALLOCATION TOOK TIME, s =             0.000
 TOTAL_SIZE_OF_M =          938
  MAKING AN EQUIDIST GRID	
 EXPANSION WILL BE COMPUTED
The list of expansion terms was generated and saved in the file named EXPANSION_TERMS_LIST.DAT
 Program will stop now.
The list of expansion terms was generated and saved in the file named EXPANSION_TERMS_LIST.DAT
 Program will stop now.
The list of expansion terms was generated and saved in the file named EXPANSION_TERMS_LIST.DAT
 Program will stop now.
The list of expansion terms was generated and saved in the file named EXPANSION_TERMS_LIST.DAT
 Program will stop now.
The list of expansion terms was generated and saved in the file named EXPANSION_TERMS_LIST.DAT
 Program will stop now.
The list of expansion terms was generated and saved in the file named EXPANSION_TERMS_LIST.DAT
 Program will stop now.
The list of expansion terms was generated and saved in the file named EXPANSION_TERMS_LIST.DAT
 Program will stop now.
The list of expansion terms was generated and saved in the file named EXPANSION_TERMS_LIST.DAT
 Program will stop now.
The list of expansion terms was generated and saved in the file named EXPANSION_TERMS_LIST.DAT
 Program will stop now.
The list of expansion terms was generated and saved in the file named EXPANSION_TERMS_LIST.DAT
 Program will stop now.
The list of expansion terms was generated and saved in the file named EXPANSION_TERMS_LIST.DAT
 Program will stop now.
The list of expansion terms was generated and saved in the file named EXPANSION_TERMS_LIST.DAT
 Program will stop now.
The list of expansion terms was generated and saved in the file named EXPANSION_TERMS_LIST.DAT
 Program will stop now.
The list of expansion terms was generated and saved in the file named EXPANSION_TERMS_LIST.DAT
 Program will stop now.
The list of expansion terms was generated and saved in the file named EXPANSION_TERMS_LIST.DAT
 Program will stop now.
The list of expansion terms was generated and saved in the file named EXPANSION_TERMS_LIST.DAT
 Program will stop now.
The list of expansion terms was generated and saved in the file named EXPANSION_TERMS_LIST.DAT
 Program will stop now.
The list of expansion terms was generated and saved in the file named EXPANSION_TERMS_LIST.DAT
 Program will stop now.
The list of expansion terms was generated and saved in the file named EXPANSION_TERMS_LIST.DAT
 Program will stop now.
The list of expansion terms was generated and saved in the file named EXPANSION_TERMS_LIST.DAT
 Program will stop now.
The list of expansion terms was generated and saved in the file named EXPANSION_TERMS_LIST.DAT
 Program will stop now.
The list of expansion terms was generated and saved in the file named EXPANSION_TERMS_LIST.DAT
 Program will stop now.
The list of expansion terms was generated and saved in the file named EXPANSION_TERMS_LIST.DAT
 Program will stop now.
The list of expansion terms was generated and saved in the file named EXPANSION_TERMS_LIST.DAT
 Program will stop now.
The list of expansion terms was generated and saved in the file named EXPANSION_TERMS_LIST.DAT
 Program will stop now.
The list of expansion terms was generated and saved in the file named EXPANSION_TERMS_LIST.DAT
The list of expansion terms was generated and saved in the file named EXPANSION_TERMS_LIST.DAT
 Program will stop now.
 Program will stop now.
The list of expansion terms was generated and saved in the file named EXPANSION_TERMS_LIST.DAT
 Program will stop now.
The list of expansion terms was generated and saved in the file named EXPANSION_TERMS_LIST.DAT
 Program will stop now.
The list of expansion terms was generated and saved in the file named EXPANSION_TERMS_LIST.DAT
 Program will stop now.
The list of expansion terms was generated and saved in the file named EXPANSION_TERMS_LIST.DAT
 Program will stop now.
The list of expansion terms was generated and saved in the file named EXPANSION_TERMS_LIST.DAT
 Program will stop now.
--------------------------------------------------------------------------
mpirun has exited due to process rank 7 with PID 642256 on
node raj-cn10 exiting improperly. There are three reasons this could occur:

1. this process did not call "init" before exiting, but others in
the job did. This can cause a job to hang indefinitely while it waits
for all processes to call "init". By rule, if one process calls "init",
then ALL processes must call "init" prior to termination.

2. this process called "init", but exited without calling "finalize".
By rule, all processes that call "init" MUST call "finalize" prior to
exiting or it will be considered an "abnormal termination"

3. this process called "MPI_Abort" or "orte_abort" and the mca parameter
orte_create_session_dirs is set to false. In this case, the run-time cannot
detect that the abort call was an abnormal termination. Hence, the only
error message you will receive is this one.

This may have caused other processes in the application to be
terminated by signals sent by mpirun (as reported here).

You can avoid this message by specifying -quiet on the mpirun command line.
--------------------------------------------------------------------------

real	0m2.638s
user	0m0.826s
sys	0m0.320s
