MQCT paths: /mmfs1/home/8101lukmani/pure-MQCT/EXAMPLES_IO/SYS_TYPE_2/CO_H/MQCT_PATHS.txt -> /mmfs1/home/8101lukmani/pure-MQCT/bin/mqct_HCO.exe
 MPI INITIALIZED
 PARSERING OF USER INPUT
 Equilibrium bond distance: morse_re =    2.13220000000000      a.u.
 ARRAY_INI_STARTED
 STATES_SIZE_FOUND           6
 number_of_channels           6
 jmax_included           0
 BASIS ARRAYS CREATED
ARRAYS ALLOCATION TOOK TIME, s =             0.000
 TOTAL_SIZE_OF_M =           21
  MAKING AN EQUIDIST GRID	
 NUMBER OF CPUS > SIZE OF Mij
 MATRIX_INI_STARTED
 COMPUTING THE RESIDUE OF Mij
 THE GRID INI
 ARRAYS ALLOCATED
=============================================================
UCCSD(T) H-CO interaction potential, April 2013.
Lei Song, Ad van der Avoird, Gerrit C. Groenenboom,
Theoretical Chemistry, IMM, Radboud University Nijmegen
http://www.theochem.ru.nl/, e-mail: gerritg@theochem.ru.nl.
=============================================================
=============================================================
UCCSD(T) H-CO interaction potential, April 2013.
Lei Song, Ad van der Avoird, Gerrit C. Groenenboom,
Theoretical Chemistry, IMM, Radboud University Nijmegen
http://www.theochem.ru.nl/, e-mail: gerritg@theochem.ru.nl.
=============================================================
=============================================================
UCCSD(T) H-CO interaction potential, April 2013.
Lei Song, Ad van der Avoird, Gerrit C. Groenenboom,
Theoretical Chemistry, IMM, Radboud University Nijmegen
http://www.theochem.ru.nl/, e-mail: gerritg@theochem.ru.nl.
=============================================================
=============================================================
UCCSD(T) H-CO interaction potential, April 2013.
Lei Song, Ad van der Avoird, Gerrit C. Groenenboom,
Theoretical Chemistry, IMM, Radboud University Nijmegen
http://www.theochem.ru.nl/, e-mail: gerritg@theochem.ru.nl.
=============================================================
=============================================================
UCCSD(T) H-CO interaction potential, April 2013.
Lei Song, Ad van der Avoird, Gerrit C. Groenenboom,
Theoretical Chemistry, IMM, Radboud University Nijmegen
http://www.theochem.ru.nl/, e-mail: gerritg@theochem.ru.nl.
=============================================================
=============================================================
UCCSD(T) H-CO interaction potential, April 2013.
Lei Song, Ad van der Avoird, Gerrit C. Groenenboom,
Theoretical Chemistry, IMM, Radboud University Nijmegen
http://www.theochem.ru.nl/, e-mail: gerritg@theochem.ru.nl.
=============================================================
=============================================================
UCCSD(T) H-CO interaction potential, April 2013.
Lei Song, Ad van der Avoird, Gerrit C. Groenenboom,
Theoretical Chemistry, IMM, Radboud University Nijmegen
http://www.theochem.ru.nl/, e-mail: gerritg@theochem.ru.nl.
=============================================================
=============================================================
UCCSD(T) H-CO interaction potential, April 2013.
Lei Song, Ad van der Avoird, Gerrit C. Groenenboom,
Theoretical Chemistry, IMM, Radboud University Nijmegen
http://www.theochem.ru.nl/, e-mail: gerritg@theochem.ru.nl.
=============================================================
=============================================================
UCCSD(T) H-CO interaction potential, April 2013.
Lei Song, Ad van der Avoird, Gerrit C. Groenenboom,
Theoretical Chemistry, IMM, Radboud University Nijmegen
http://www.theochem.ru.nl/, e-mail: gerritg@theochem.ru.nl.
=============================================================
=============================================================
UCCSD(T) H-CO interaction potential, April 2013.
Lei Song, Ad van der Avoird, Gerrit C. Groenenboom,
Theoretical Chemistry, IMM, Radboud University Nijmegen
http://www.theochem.ru.nl/, e-mail: gerritg@theochem.ru.nl.
=============================================================
=============================================================
UCCSD(T) H-CO interaction potential, April 2013.
Lei Song, Ad van der Avoird, Gerrit C. Groenenboom,
Theoretical Chemistry, IMM, Radboud University Nijmegen
http://www.theochem.ru.nl/, e-mail: gerritg@theochem.ru.nl.
=============================================================
=============================================================
UCCSD(T) H-CO interaction potential, April 2013.
Lei Song, Ad van der Avoird, Gerrit C. Groenenboom,
Theoretical Chemistry, IMM, Radboud University Nijmegen
http://www.theochem.ru.nl/, e-mail: gerritg@theochem.ru.nl.
=============================================================
=============================================================
UCCSD(T) H-CO interaction potential, April 2013.
Lei Song, Ad van der Avoird, Gerrit C. Groenenboom,
Theoretical Chemistry, IMM, Radboud University Nijmegen
http://www.theochem.ru.nl/, e-mail: gerritg@theochem.ru.nl.
=============================================================
=============================================================
UCCSD(T) H-CO interaction potential, April 2013.
Lei Song, Ad van der Avoird, Gerrit C. Groenenboom,
Theoretical Chemistry, IMM, Radboud University Nijmegen
http://www.theochem.ru.nl/, e-mail: gerritg@theochem.ru.nl.
=============================================================
=============================================================
UCCSD(T) H-CO interaction potential, April 2013.
Lei Song, Ad van der Avoird, Gerrit C. Groenenboom,
Theoretical Chemistry, IMM, Radboud University Nijmegen
http://www.theochem.ru.nl/, e-mail: gerritg@theochem.ru.nl.
=============================================================
=============================================================
UCCSD(T) H-CO interaction potential, April 2013.
Lei Song, Ad van der Avoird, Gerrit C. Groenenboom,
Theoretical Chemistry, IMM, Radboud University Nijmegen
http://www.theochem.ru.nl/, e-mail: gerritg@theochem.ru.nl.
=============================================================
=============================================================
UCCSD(T) H-CO interaction potential, April 2013.
Lei Song, Ad van der Avoird, Gerrit C. Groenenboom,
Theoretical Chemistry, IMM, Radboud University Nijmegen
http://www.theochem.ru.nl/, e-mail: gerritg@theochem.ru.nl.
=============================================================
=============================================================
UCCSD(T) H-CO interaction potential, April 2013.
Lei Song, Ad van der Avoird, Gerrit C. Groenenboom,
Theoretical Chemistry, IMM, Radboud University Nijmegen
http://www.theochem.ru.nl/, e-mail: gerritg@theochem.ru.nl.
=============================================================
=============================================================
UCCSD(T) H-CO interaction potential, April 2013.
Lei Song, Ad van der Avoird, Gerrit C. Groenenboom,
Theoretical Chemistry, IMM, Radboud University Nijmegen
http://www.theochem.ru.nl/, e-mail: gerritg@theochem.ru.nl.
=============================================================
=============================================================
UCCSD(T) H-CO interaction potential, April 2013.
Lei Song, Ad van der Avoird, Gerrit C. Groenenboom,
Theoretical Chemistry, IMM, Radboud University Nijmegen
http://www.theochem.ru.nl/, e-mail: gerritg@theochem.ru.nl.
=============================================================
=============================================================
UCCSD(T) H-CO interaction potential, April 2013.
Lei Song, Ad van der Avoird, Gerrit C. Groenenboom,
Theoretical Chemistry, IMM, Radboud University Nijmegen
http://www.theochem.ru.nl/, e-mail: gerritg@theochem.ru.nl.
=============================================================
 Morse Depth: morse_de =  0.403535691062146      a.u.
 Morse Width: morse_a =   1.23037900000000      a.u.
 COMPUTING VIBRATIONAL WAVE_FUNCTIONS
 GAUSS-LEGENDRE GRID DONE
Truncation #1 at #R = 19, R = 6.000, and #2 at #R = 29, R = 8.000
 SPLINING RESIDUE OF Mij
 SYSTEM_SETUP_DONE
MATRIX HAS BEEN SAVED INTO THE FILE  "   MTRX.DAT "
TIME SPENT ON MATRIX Mij READING/COMPUTING/SAVING ON DISK ,s       4.0
        TIME SPENT ON MATRIX Mij SAVING ON DISK ,s       0.0
 ALL WORK ON MATRIX IS DONE
--------------------------------------------------------------------------
mpirun has exited due to process rank 26 with PID 367014 on
node raj-cn05 exiting improperly. There are three reasons this could occur:

1. this process did not call "init" before exiting, but others in
the job did. This can cause a job to hang indefinitely while it waits
for all processes to call "init". By rule, if one process calls "init",
then ALL processes must call "init" prior to termination.

2. this process called "init", but exited without calling "finalize".
By rule, all processes that call "init" MUST call "finalize" prior to
exiting or it will be considered an "abnormal termination"

3. this process called "MPI_Abort" or "orte_abort" and the mca parameter
orte_create_session_dirs is set to false. In this case, the run-time cannot
detect that the abort call was an abnormal termination. Hence, the only
error message you will receive is this one.

This may have caused other processes in the application to be
terminated by signals sent by mpirun (as reported here).

You can avoid this message by specifying -quiet on the mpirun command line.
--------------------------------------------------------------------------

real	2m11.078s
user	2m9.443s
sys	0m0.319s
