MQCT paths: /mmfs1/home/8101lukmani/pure-MQCT/EXAMPLES_IO/SYS_TYPE_5/CO_CO/MQCT_PATHS.txt -> /mmfs1/home/8101lukmani/pure-MQCT/bin/mqct_COCO.exe
 MPI INITIALIZED
 PARSERING OF USER INPUT
 ARRAY_INI_STARTED
 EXCHANGE SYMMETRIES FOR IDENTICAL PARTICLES:
 POSITIVE EXCHANGE PARITY ONLY
 STATES_SIZE_FOUND         256
 number_of_channels          10
 jmax_included           3
 BASIS ARRAYS CREATED
ARRAYS ALLOCATION TOOK TIME, s =             0.001
 TOTAL_SIZE_OF_M =         2162
 MTRX.DAT READING STARTED
 FORMATTED READING DONE
Truncation #1 at #R = 7, R = 6.010, and #2 at #R = 16, R = 7.920
THE SIZE OF NON_ZERO PART OF Mij =       1982
 MPI TASK PER TRAJECTORY WILL BE USED
MPI TASKS WHICH ARE ASSOCIATED WITH ONE TRAJECTORY =     1
 Mij ROOT PROC DISTRIBUTION STARTED
 Mij ROOT PROC DISTRIBUTION DONE
 Mij ALL PROC DISTRIBUTION STARTED
 Mij ALL PROC DISTRIBUTION DONE
 MPI_COMMUNICATORS_CREATION STARTED
 MPI_COMMUNICATORS_CREATION DONE
TIME SPENT ON MATRIX Mij READING/COMPUTING/SAVING ON DISK ,s       2.8
 NUMBER OF TRAJECTORIES PER PROC_GROUP MIN           1
  
 SCATTERING CALCULATIONS STARTED
TOTAL J RANGE: FROM    0 TO   30
TOTAL L RANGE: FROM    0 TO   30
l_range1/2/3 =      0     0     0  total =     31
 NUMBER OF TRAJECTORIES PER PROC_GROUP MAX           1
 TOTAL NUMBER OF TRAJECTORIES          31
TIME IT TOOK TO SETUP ARRAYS, s     0
CALCULATIONS START FOR M =    0
TRAJECTORY DONE FOR L=    29 TIME_SPENT=       11.880 SEC.
TRAJECTORY DONE FOR L=    27 TIME_SPENT=       12.854 SEC.
TRAJECTORY DONE FOR L=    25 TIME_SPENT=       14.636 SEC.
TRAJECTORY DONE FOR L=    30 TIME_SPENT=       15.762 SEC.
TRAJECTORY DONE FOR L=    28 TIME_SPENT=       16.178 SEC.
TRAJECTORY DONE FOR L=    26 TIME_SPENT=       16.405 SEC.
TRAJECTORY DONE FOR L=    24 TIME_SPENT=       33.438 SEC.
TRAJECTORY DONE FOR L=    23 TIME_SPENT=       33.631 SEC.
TRAJECTORY DONE FOR L=    21 TIME_SPENT=       35.869 SEC.
TRAJECTORY DONE FOR L=    22 TIME_SPENT=       38.153 SEC.
TRAJECTORY DONE FOR L=    19 TIME_SPENT=       38.804 SEC.
TRAJECTORY DONE FOR L=    20 TIME_SPENT=       40.912 SEC.
TRAJECTORY DONE FOR L=    17 TIME_SPENT=       44.246 SEC.
TRAJECTORY DONE FOR L=    18 TIME_SPENT=       44.404 SEC.
TRAJECTORY DONE FOR L=    16 TIME_SPENT=       49.882 SEC.
TRAJECTORY DONE FOR L=    15 TIME_SPENT=       50.054 SEC.
TRAJECTORY DONE FOR L=    14 TIME_SPENT=       56.255 SEC.
TRAJECTORY DONE FOR L=    13 TIME_SPENT=       56.983 SEC.
TRAJECTORY DONE FOR L=    11 TIME_SPENT=       58.320 SEC.
TRAJECTORY DONE FOR L=     9 TIME_SPENT=       60.568 SEC.
TRAJECTORY DONE FOR L=    12 TIME_SPENT=       61.202 SEC.
TRAJECTORY DONE FOR L=     6 TIME_SPENT=       61.381 SEC.
TRAJECTORY DONE FOR L=     3 TIME_SPENT=       63.252 SEC.
TRAJECTORY DONE FOR L=     5 TIME_SPENT=       63.612 SEC.
TRAJECTORY DONE FOR L=     7 TIME_SPENT=       63.918 SEC.
TRAJECTORY DONE FOR L=    10 TIME_SPENT=       64.562 SEC.
TRAJECTORY DONE FOR L=     8 TIME_SPENT=       64.653 SEC.
TRAJECTORY DONE FOR L=     2 TIME_SPENT=       65.018 SEC.
TRAJECTORY DONE FOR L=     1 TIME_SPENT=       67.376 SEC.
TRAJECTORY DONE FOR L=     4 TIME_SPENT=       67.430 SEC.
TRAJECTORY DONE FOR L=     0 TIME_SPENT=       68.406 SEC.
ALL TRAJECTORIES DONE FOR ENER_NUM =   1 AND M12 =    0  J12=     0 P=   1
TIME IT TOOK TO PROPOGATE,s         68
 DATA FROM ALL TRAJECTORIES GATHERED
 INELASTIC CROSS SECTION CALCULATED FOR M           0
  
 CROSS SECTION CALCULATED FOR ENERGY=           1
  
 Trajectory Propagation Time:   68.5223484340000     
  
TOTAL TIME SPENT ON PROPAGATION,sec =     2125
THE AVERAGE TIME PER MPI TASK SPENT ON PROPAGATION =    0  h   1   m  8.5  s
TIME SPENT ON INITIALIZATION TOOK WALL CLOCK TIME =    0  h   0   m  2.9  s
TIME SPENT ON MIJ.DAT READING TOOK WALL CLOCK TIME =    0  h   0   m  0.2  s
TIME SPENT ON MIJ DISTRIBUTION TOOK WALL CLOCK TIME =    0  h   0   m  2.8  s
TIME SPENT ON MIJ REALLOCATION TOOK WALL CLOCK TIME =    0  h   0   m  0.3  s
 ALL WORK DONE

real	1m13.496s
user	20m48.269s
sys	0m8.919s
