energy#1, (U= 10.000 cm^-1)
state= 1
j12= 0
m12= 0
L_ORB  B_IMPACT(a.u.)     DEFLCT_ANGLE(rad)    SCAT_PHASE(rad)       FINISH_TIME(a.u.)    ENERGY_ERROR(%)      NORM_ERROR(%)    LOOPS   OSCIL
   0   0.00000000E+00      0.31415927E+01       0.43014275E+04        0.68575412E+07      0.45491359E+01      0.36177251E-01       0      50
   1   0.65579874E+00     -0.10267627E+03       0.42516602E+04        0.69623205E+07      0.43299261E+01      0.33345927E-01       0      50
   2   0.13115975E+01     -0.31874561E+03       0.40409492E+04        0.65465991E+07      0.64460700E+01      0.42431126E-01       0      50
   3   0.19673962E+01     -0.20835932E+03       0.37773968E+04        0.66084917E+07      0.60553880E+01      0.46021877E-01       1      50
   4   0.26231950E+01     -0.26136860E+03       0.35425328E+04        0.68231990E+07      0.34749906E+01      0.26520551E-01       1      50
   5   0.32789937E+01     -0.26305752E+03       0.32803197E+04        0.61710257E+07      0.30739674E+01      0.26412637E-01       2      50
   6   0.39347925E+01     -0.22787777E+03       0.30348521E+04        0.62656174E+07      0.22808174E+01      0.18894262E-01       2      50
   7   0.45905912E+01     -0.25629569E+03       0.27927654E+04        0.66164337E+07      0.26666836E+01      0.24762432E-01       3      50
   8   0.52463900E+01     -0.23258628E+03       0.25483244E+04        0.61464330E+07      0.18699515E+01      0.17024420E-01       3      50
   9   0.59021887E+01     -0.22291009E+03       0.23205762E+04        0.62863213E+07      0.45214746E+01      0.34746776E-01       3      50
  10   0.65579874E+01     -0.22494732E+03       0.20966475E+04        0.61076542E+07      0.41844883E+01      0.32650828E-01       4      50
  11   0.72137862E+01     -0.22629977E+03       0.18710239E+04        0.58318759E+07      0.11902547E+01      0.11099830E-01       4      50
  12   0.78695849E+01     -0.19137360E+03       0.16621873E+04        0.58620554E+07      0.17620854E+01      0.15306089E-01       4      50
  13   0.85253837E+01     -0.20552970E+03       0.14637356E+04        0.56916590E+07      0.14167647E+01      0.12159322E-01       4      50
  14   0.91811824E+01     -0.20539670E+03       0.12582724E+04        0.53750753E+07      0.49645330E+00      0.50606733E-02       5      47
  15   0.98369812E+01     -0.15583883E+03       0.10776546E+04        0.49355827E+07      0.78779531E+00      0.76416085E-02       5      46
  16   0.10492780E+02     -0.16801640E+03       0.91572703E+03        0.46996786E+07      0.10658416E+01      0.96130182E-02       5      42
  17   0.11148579E+02     -0.11724344E+03       0.77309711E+03        0.43833141E+07      0.17802043E+00      0.21918078E-02       5      42
  18   0.11804377E+02     -0.13011196E+03       0.64941941E+03        0.41739197E+07      0.35111969E+00      0.37103636E-02       5      38
  19   0.12460176E+02     -0.14357408E+03       0.51257639E+03        0.39188454E+07      0.88889632E+00      0.82788528E-02       5      37
  20   0.13115975E+02     -0.93355314E+02       0.39411169E+03        0.38164212E+07      0.35722622E+00      0.35548014E-02       5      35
  21   0.13771774E+02     -0.92874456E+02       0.30099681E+03        0.36179814E+07      0.46857297E+00      0.45778262E-02       5      33
  22   0.14427572E+02     -0.10499123E+03       0.20206396E+03        0.35811196E+07      0.12521398E+00      0.14133169E-02       5      36
  23   0.15083371E+02     -0.67700148E+02       0.11571827E+03        0.33879379E+07      0.36942039E-01      0.44338414E-03       5      32
  24   0.15739170E+02     -0.80233033E+02       0.41751680E+02        0.33711776E+07      0.17384300E+00      0.16801129E-02       5      29
  25   0.16394969E+02     -0.61057427E+00       0.13298767E+01        0.17100446E+07      0.44158963E-06      0.13322676E-11       0       0
  26   0.17050767E+02     -0.37640589E+00       0.83638666E+00        0.16555462E+07      0.53444186E-06      0.14321877E-11       0       0
  27   0.17706566E+02     -0.25768350E+00       0.51934197E+00        0.16225185E+07      0.10397835E-05      0.13322676E-11       0       0
  28   0.18362365E+02     -0.18973813E+00       0.29563115E+00        0.15995142E+07      0.15142247E-06      0.77715612E-12       0       0
  29   0.19018164E+02     -0.14478797E+00       0.12836810E+00        0.15806725E+07      0.12499111E-05      0.28976821E-11       0       0
  30   0.19673962E+02     -0.11194822E+00       0.00000000E+00        0.15638027E+07      0.43777529E-06      0.10436096E-11       0       0
 
