 FOR ENERGY=           1
 MAXIMUM PROBABILITY ERROR
 B_IMP   2.27175348931939     
 L_ORB   3.00000000000000     
 R_FIN   10.9642961035996     
 PHI_FIN   8.82404166366660     
 PROBAB_SURV  3.826152164063588E-002
 ERROR_ENERG   6.05538803933107     
 ERROR_PROBAB  4.602187685762704E-002
 STATE           1
 #NTRAJECT           1
 #NPROC           3
 
 MAXIMUM ENERGY ERROR
 B_IMP   1.60637229748194     
 L_ORB   2.00000000000000     
 R_FIN   10.7984987171719     
 PHI_FIN   6.12556482841631     
 PROBAB_SURV  4.972070616437294E-002
 ERROR_ENERG   6.44607002220215     
 ERROR_PROBAB  4.243112612711819E-002
 STATE           1
 #NTRAJECT           1
 #NPROC           2
 -------------------------
