STATE= 1
j12= 0
m12= 0
ENERGY#1, U(i)= 10.000 cm^-1
    B_IMPACT        L   CHANNEL=     1  CHANNEL=     2  CHANNEL=     3  CHANNEL=     4  CHANNEL=     5  CHANNEL=     6  CHANNEL=     7  CHANNEL=     8  CHANNEL=     9  CHANNEL=    10  
 0.00000000E+00      0  0.48300770E-02  0.28171402E-02  0.98144103E-01  0.65118256E-01  0.69835431E-01  0.28097421E+00  0.93804217E-01  0.23127074E+00  0.69580157E-01  0.83263890E-01 
 0.65579874E+00      1  0.38037737E-01  0.79114273E-02  0.69603127E-01  0.24113562E-01  0.62534056E-01  0.24139170E+00  0.13979537E+00  0.74347003E-01  0.12669849E+00  0.21523407E+00 
 0.13115975E+01      2  0.49720706E-01  0.68727003E-01  0.16243386E+00  0.16086092E-01  0.94544218E-01  0.92794157E-01  0.16136889E-02  0.14536276E+00  0.19204388E+00  0.17624932E+00 
 0.19673962E+01      3  0.38261522E-01  0.84860066E-01  0.91225044E-01  0.87857087E-01  0.71338522E-01  0.68740277E-01  0.22218705E-01  0.16237269E+00  0.15686349E+00  0.21580238E+00 
 0.26231950E+01      4  0.22926107E-02  0.10417192E-01  0.85510076E-01  0.31441547E-01  0.44285762E-01  0.39380022E+00  0.52663565E-01  0.61737546E-01  0.86883448E-01  0.23070283E+00 
 0.32789937E+01      5  0.28436701E-02  0.10863598E+00  0.16466418E+00  0.88773805E-01  0.12488515E+00  0.63258742E-01  0.51353581E-03  0.15787416E-01  0.20865653E+00  0.22171686E+00 
 0.39347925E+01      6  0.60309663E-01  0.18344816E-01  0.26292622E+00  0.45991649E-01  0.87974075E-01  0.10874477E+00  0.18418295E-01  0.37054153E-01  0.21105905E+00  0.14898837E+00 
 0.45905912E+01      7  0.90386518E-01  0.35882011E-01  0.14173975E+00  0.19822516E-01  0.16912700E+00  0.67273584E-01  0.52431500E-01  0.93807698E-01  0.24316216E+00  0.86119637E-01 
 0.52463900E+01      8  0.13326565E+00  0.15773948E-01  0.98591569E-01  0.75158409E-02  0.32575116E-01  0.31292241E+00  0.10915190E-01  0.41096413E-01  0.12850954E+00  0.21866407E+00 
 0.59021887E+01      9  0.22515722E+00  0.63983208E-02  0.19079480E+00  0.30269424E-01  0.10866736E+00  0.16028973E+00  0.26315579E-01  0.17460837E-01  0.11672032E+00  0.11757894E+00 
 0.65579874E+01     10  0.88239149E-02  0.82345846E-01  0.17622455E+00  0.56072644E-01  0.28942280E-01  0.13771524E+00  0.12950788E+00  0.14768129E+00  0.90232898E-01  0.14212696E+00 
 0.72137862E+01     11  0.12541774E-01  0.73084649E-01  0.74374448E-01  0.48240178E-01  0.40617169E-01  0.80009646E-01  0.95739998E-02  0.20977184E-01  0.30207944E+00  0.33839052E+00 
 0.78695849E+01     12  0.20484840E-01  0.13365708E+00  0.46653381E-01  0.70592652E-01  0.94027329E-01  0.67469647E-01  0.65714523E-01  0.10427865E+00  0.13795666E+00  0.25901218E+00 
 0.85253837E+01     13  0.44845981E-02  0.70332868E-01  0.36755334E-01  0.66221738E-01  0.57481999E-01  0.32559969E+00  0.14070938E+00  0.18987839E-01  0.68301152E-01  0.21100381E+00 
 0.91811824E+01     14  0.84799259E-01  0.61420712E-01  0.32218836E-01  0.83106351E-01  0.22240866E+00  0.10147613E+00  0.36269990E-01  0.17404996E+00  0.11031613E+00  0.93883379E-01 
 0.98369812E+01     15  0.87120520E-01  0.51582958E-01  0.90096404E-01  0.10096115E+00  0.62059798E-01  0.14414455E+00  0.46759629E-01  0.38756489E-01  0.23908912E+00  0.13935296E+00 
 0.10492780E+02     16  0.40607525E-02  0.62226301E-01  0.82324049E-01  0.50832230E-01  0.57230331E-01  0.18647449E+00  0.16855847E-01  0.89902099E-01  0.31894349E+00  0.13105429E+00 
 0.11148579E+02     17  0.15073002E-03  0.26426034E-01  0.13803903E+00  0.55910663E-01  0.19932914E-01  0.13078340E+00  0.91867707E-01  0.17714149E+00  0.25237646E+00  0.10734964E+00 
 0.11804377E+02     18  0.54854584E-02  0.48038197E-01  0.13167936E+00  0.80298231E-01  0.78256680E-01  0.25165091E+00  0.40102259E-01  0.61121643E-01  0.98452587E-01  0.20487758E+00 
 0.12460176E+02     19  0.39020903E-01  0.92446730E-01  0.70385813E-01  0.29750161E-01  0.73746407E-01  0.95954414E-01  0.14499120E+00  0.15172496E+00  0.10090753E+00  0.20098909E+00 
 0.13115975E+02     20  0.38617535E-01  0.89862472E-03  0.12915570E-01  0.82872308E-01  0.20720401E+00  0.59748324E-01  0.99571069E-01  0.20749500E+00  0.89591520E-01  0.20105049E+00 
 0.13771774E+02     21  0.97109457E-01  0.11793813E-01  0.23022927E-01  0.58792325E-01  0.50304674E-01  0.14162798E+00  0.61904239E-01  0.13155186E+00  0.14498936E+00  0.27885759E+00 
 0.14427572E+02     22  0.13666500E-01  0.33027079E-01  0.23237192E+00  0.45937850E-01  0.13188951E+00  0.15421446E+00  0.53657696E-01  0.14531637E+00  0.93730025E-01  0.96174452E-01 
 0.15083371E+02     23  0.11243481E-01  0.34770641E-01  0.47348076E-01  0.35230389E-01  0.12591860E+00  0.15557492E+00  0.36766044E-01  0.13717581E+00  0.13289056E+00  0.28307704E+00 
 0.15739170E+02     24  0.37599978E-01  0.25796522E-01  0.63261270E-01  0.22256245E-01  0.64927206E-01  0.63769065E-01  0.69387316E-02  0.15705996E+00  0.15995387E+00  0.39842035E+00 
 0.16394969E+02     25  0.99905409E+00  0.94464488E-03  0.12337949E-05  0.52288942E-09  0.10990158E-07  0.15482979E-07  0.51853798E-09  0.82756155E-10  0.13523617E-08  0.24539774E-13 
 0.17050767E+02     26  0.99950875E+00  0.49105889E-03  0.16084642E-06  0.74814833E-08  0.16429351E-08  0.18077094E-07  0.33302246E-09  0.12038151E-10  0.17548763E-11  0.19411047E-13 
 0.17706566E+02     27  0.99976227E+00  0.23748555E-03  0.22249792E-06  0.36779215E-08  0.34433920E-08  0.11098273E-07  0.23386088E-09  0.12562762E-09  0.25564673E-10  0.63345404E-15 
 0.18362365E+02     28  0.99988974E+00  0.11000455E-03  0.25417107E-06  0.19611662E-09  0.30344687E-09  0.25022111E-08  0.22125934E-10  0.11662536E-10  0.28642355E-11  0.22913602E-15 
 0.19018164E+02     29  0.99994558E+00  0.54184373E-04  0.23139761E-06  0.61649690E-09  0.11340094E-08  0.32900688E-09  0.79133904E-11  0.61302747E-13  0.13935689E-11  0.41478466E-15 
 0.19673962E+02     30  0.99997224E+00  0.27670835E-04  0.91154363E-07  0.21833803E-09  0.76531294E-10  0.83520413E-09  0.38026387E-11  0.28040662E-13  0.73111759E-13  0.28823367E-15 
 
