STATE= 1
j12= 0
m12= 0
ENERGY#1, U(i)= 10.000 cm^-1
J_TOTAL  CHANNEL=     1  CHANNEL=     2  CHANNEL=     3  CHANNEL=     4  CHANNEL=     5  CHANNEL=     6  CHANNEL=     7  CHANNEL=     8  CHANNEL=     9  CHANNEL=    10  
    0    0.18274578E-02  0.10658639E-02  0.37132784E-01  0.24637467E-01  0.26422209E-01  0.10630649E+00  0.35490790E-01  0.87501197E-01  0.26325626E-01  0.31502861E-01 
    1    0.00000000E+00  0.00000000E+00  0.00000000E+00  0.00000000E+00  0.00000000E+00  0.00000000E+00  0.00000000E+00  0.00000000E+00  0.00000000E+00  0.00000000E+00 
    2    0.94059051E-01  0.13001418E+00  0.30728395E+00  0.30430835E-01  0.17885384E+00  0.17554317E+00  0.30526929E-02  0.27498972E+00  0.36329864E+00  0.33341932E+00 
    3    0.00000000E+00  0.00000000E+00  0.00000000E+00  0.00000000E+00  0.00000000E+00  0.00000000E+00  0.00000000E+00  0.00000000E+00  0.00000000E+00  0.00000000E+00 
    4    0.78066755E-02  0.35472064E-01  0.29117434E+00  0.10706308E+00  0.15079951E+00  0.13409475E+01  0.17932716E+00  0.21022539E+00  0.29585088E+00  0.78557693E+00 
    5    0.00000000E+00  0.00000000E+00  0.00000000E+00  0.00000000E+00  0.00000000E+00  0.00000000E+00  0.00000000E+00  0.00000000E+00  0.00000000E+00  0.00000000E+00 
    6    0.29663579E+00  0.90229805E-01  0.12932144E+01  0.22621199E+00  0.43270445E+00  0.53486604E+00  0.90591214E-01  0.18225252E+00  0.10381034E+01  0.73280601E+00 
    7    0.00000000E+00  0.00000000E+00  0.00000000E+00  0.00000000E+00  0.00000000E+00  0.00000000E+00  0.00000000E+00  0.00000000E+00  0.00000000E+00  0.00000000E+00 
    8    0.85715715E+00  0.10145714E+00  0.63413540E+00  0.48341464E-01  0.20952130E+00  0.20126993E+01  0.70205887E-01  0.26432981E+00  0.82656609E+00  0.14064350E+01 
    9    0.00000000E+00  0.00000000E+00  0.00000000E+00  0.00000000E+00  0.00000000E+00  0.00000000E+00  0.00000000E+00  0.00000000E+00  0.00000000E+00  0.00000000E+00 
   10    0.70109022E-01  0.65426591E+00  0.14001643E+01  0.44551633E+00  0.22995632E+00  0.10941946E+01  0.10289844E+01  0.11733783E+01  0.71693124E+00  0.11292473E+01 
   11    0.00000000E+00  0.00000000E+00  0.00000000E+00  0.00000000E+00  0.00000000E+00  0.00000000E+00  0.00000000E+00  0.00000000E+00  0.00000000E+00  0.00000000E+00 
   12    0.19376079E+00  0.12642276E+01  0.44128222E+00  0.66771757E+00  0.88938010E+00  0.63817788E+00  0.62157662E+00  0.98634464E+00  0.13048963E+01  0.24499290E+01 
   13    0.00000000E+00  0.00000000E+00  0.00000000E+00  0.00000000E+00  0.00000000E+00  0.00000000E+00  0.00000000E+00  0.00000000E+00  0.00000000E+00  0.00000000E+00 
   14    0.93042925E+00  0.67391659E+00  0.35350954E+00  0.91185443E+00  0.24402987E+01  0.11134102E+01  0.39795937E+00  0.19097003E+01  0.12104039E+01  0.10301015E+01 
   15    0.00000000E+00  0.00000000E+00  0.00000000E+00  0.00000000E+00  0.00000000E+00  0.00000000E+00  0.00000000E+00  0.00000000E+00  0.00000000E+00  0.00000000E+00 
   16    0.50700677E-01  0.77692881E+00  0.10278600E+01  0.63466771E+00  0.71455143E+00  0.23282342E+01  0.21045431E+00  0.11224760E+01  0.39821808E+01  0.16362832E+01 
   17    0.00000000E+00  0.00000000E+00  0.00000000E+00  0.00000000E+00  0.00000000E+00  0.00000000E+00  0.00000000E+00  0.00000000E+00  0.00000000E+00  0.00000000E+00 
   18    0.76790581E-01  0.67248363E+00  0.18433709E+01  0.11240898E+01  0.10955102E+01  0.35228449E+01  0.56138895E+00  0.85563797E+00  0.13782315E+01  0.28680680E+01 
   19    0.00000000E+00  0.00000000E+00  0.00000000E+00  0.00000000E+00  0.00000000E+00  0.00000000E+00  0.00000000E+00  0.00000000E+00  0.00000000E+00  0.00000000E+00 
   20    0.59904812E+00  0.13939767E-01  0.20035064E+00  0.12855429E+01  0.32142179E+01  0.92683598E+00  0.15445797E+01  0.32187318E+01  0.13897736E+01  0.31187625E+01 
   21    0.00000000E+00  0.00000000E+00  0.00000000E+00  0.00000000E+00  0.00000000E+00  0.00000000E+00  0.00000000E+00  0.00000000E+00  0.00000000E+00  0.00000000E+00 
   22    0.23268217E+00  0.56231022E+00  0.39563022E+01  0.78212556E+00  0.22455156E+01  0.26256142E+01  0.91356160E+00  0.24741177E+01  0.15958224E+01  0.16374405E+01 
   23    0.00000000E+00  0.00000000E+00  0.00000000E+00  0.00000000E+00  0.00000000E+00  0.00000000E+00  0.00000000E+00  0.00000000E+00  0.00000000E+00  0.00000000E+00 
   24    0.69707093E+00  0.47824511E+00  0.11728090E+01  0.41261145E+00  0.12036940E+01  0.11822231E+01  0.12863806E+00  0.29117553E+01  0.29654058E+01  0.73863671E+01 
   25    0.00000000E+00  0.00000000E+00  0.00000000E+00  0.00000000E+00  0.00000000E+00  0.00000000E+00  0.00000000E+00  0.00000000E+00  0.00000000E+00  0.00000000E+00 
   26    0.20042679E+02  0.98469730E-02  0.32253777E-05  0.15002267E-06  0.32945005E-07  0.36249147E-06  0.66779428E-08  0.24139537E-09  0.35189709E-10  0.38924059E-12 
   27    0.00000000E+00  0.00000000E+00  0.00000000E+00  0.00000000E+00  0.00000000E+00  0.00000000E+00  0.00000000E+00  0.00000000E+00  0.00000000E+00  0.00000000E+00 
   28    0.21563550E+02  0.23723503E-02  0.54814350E-05  0.42294371E-08  0.65441134E-08  0.53962505E-07  0.47716631E-09  0.25151341E-09  0.61769898E-10  0.49415309E-14 
   29    0.00000000E+00  0.00000000E+00  0.00000000E+00  0.00000000E+00  0.00000000E+00  0.00000000E+00  0.00000000E+00  0.00000000E+00  0.00000000E+00  0.00000000E+00 
   30    0.23078686E+02  0.63862424E-03  0.21037813E-05  0.50390948E-08  0.17662907E-08  0.19275949E-07  0.87762340E-10  0.64715959E-12  0.16873702E-11  0.66522391E-14 
