RESONANCE TRAJECTORIES IF THEY EXIST
i_energy=   1  state_ini=      1
L_ORBITAL     B_IMPACT   R_FINAL  PHI_FINAL  SURV_PROBAB  %ERR_ENERGY  %ERR_PROBAB  LOOPS  OSCIL
        0     0.000000    11.056      0.000   0.00483008    4.5491359   0.03617725      0     50
        1     0.927439    10.272      3.693   0.03803774    4.3299261   0.03334593      0     50
        2     1.606372    10.798      6.126   0.04972071    6.4460700   0.04243113      0     50
        3     2.271753    10.964      8.824   0.03826152    6.0553880   0.04602188      1     50
        4     2.932821    10.548     11.553   0.00229261    3.4749906   0.02652055      1     50
        5     3.591958    11.160     13.229   0.00284367    3.0739674   0.02641264      2     50
        6     4.250062    11.046     15.735   0.06030966    2.2808174   0.01889426      2     50
        7     4.907548    11.064     19.008   0.09038652    2.6666836   0.02476243      3     50
        8     5.564637    10.549     20.417   0.13326565    1.8699515   0.01702442      3     50
        9     6.221453    11.163     23.294   0.22515722    4.5214746   0.03474678      3     50
       10     6.878075    10.559     25.319   0.00882391    4.1844883   0.03265083      4     50
       11     7.534554     9.959     26.659   0.01254177    1.1902547   0.01109983      4     50
       12     8.190924    10.256     29.417   0.02048484    1.7620854   0.01530609      4     50
       13     8.847209    10.506     30.994   0.00448460    1.4167647   0.01215932      4     50
       14     9.503427     9.980     31.416   0.08479926    0.4964533   0.00506067      5     47
       15    10.159590     9.964     31.416   0.08712052    0.7877953   0.00764161      5     46
       16    10.815710     9.554     31.416   0.00406075    1.0658416   0.00961302      5     42
       17    11.471793     9.046     31.416   0.00015073    0.1780204   0.00219181      5     42
       18    12.127845     9.339     31.416   0.00548546    0.3511197   0.00371036      5     38
       19    12.783871     8.144     31.416   0.03902090    0.8888963   0.00827885      5     37
       20    13.439875     8.345     31.416   0.03861754    0.3572262   0.00355480      5     35
       21    14.095860     8.978     31.416   0.09710946    0.4685730   0.00457783      5     33
       22    14.751828     9.282     31.416   0.01366650    0.1252140   0.00141332      5     36
       23    15.407782     8.729     31.417   0.01124348    0.0369420   0.00044338      5     32
       24    16.063723     8.316     31.416   0.03759998    0.1738430   0.00168011      5     29
 
