STATE= 1
j12= 0
m12= 0
ENERGY#1, U(i)= 10.000 cm^-1
B_IMPACT            L   TOT_ELAST_PROB TOT_INELAST_PROB
 0.00000000E+00      0  0.99963823E+00  0.99480815E+00
 0.65579874E+00      1  0.99966654E+00  0.96162880E+00
 0.13115975E+01      2  0.99957569E+00  0.94985498E+00
 0.19673962E+01      3  0.99953978E+00  0.96127826E+00
 0.26231950E+01      4  0.99973479E+00  0.99744218E+00
 0.32789937E+01      5  0.99973587E+00  0.99689220E+00
 0.39347925E+01      6  0.99981106E+00  0.93950139E+00
 0.45905912E+01      7  0.99975238E+00  0.90936586E+00
 0.52463900E+01      8  0.99982976E+00  0.86656410E+00
 0.59021887E+01      9  0.99965253E+00  0.77449531E+00
 0.65579874E+01     10  0.99967349E+00  0.99084958E+00
 0.72137862E+01     11  0.99988900E+00  0.98734723E+00
 0.78695849E+01     12  0.99984694E+00  0.97936210E+00
 0.85253837E+01     13  0.99987841E+00  0.99539381E+00
 0.91811824E+01     14  0.99994939E+00  0.91515013E+00
 0.98369812E+01     15  0.99992358E+00  0.91280306E+00
 0.10492780E+02     16  0.99990387E+00  0.99584312E+00
 0.11148579E+02     17  0.99997808E+00  0.99982735E+00
 0.11804377E+02     18  0.99996290E+00  0.99447744E+00
 0.12460176E+02     19  0.99991721E+00  0.96089631E+00
 0.13115975E+02     20  0.99996445E+00  0.96134692E+00
 0.13771774E+02     21  0.99995422E+00  0.90284476E+00
 0.14427572E+02     22  0.99998587E+00  0.98631937E+00
 0.15083371E+02     23  0.99999557E+00  0.98875209E+00
 0.15739170E+02     24  0.99998320E+00  0.96238322E+00
 0.16394969E+02     25  0.10000000E+01  0.94590762E-03
 0.17050767E+02     26  0.10000000E+01  0.49124728E-03
 0.17706566E+02     27  0.10000000E+01  0.23772665E-03
 0.18362365E+02     28  0.10000000E+01  0.11026176E-03
 0.19018164E+02     29  0.10000000E+01  0.54417860E-04
 0.19673962E+02     30  0.10000000E+01  0.27763123E-04
 
