energy#1, (U= 100.000 cm^-1)
state= 1
j12= 0
m12= 0
L_ORB  B_IMPACT(a.u.)     DEFLCT_ANGLE(rad)    SCAT_PHASE(rad)       FINISH_TIME(a.u.)    ENERGY_ERROR(%)      NORM_ERROR(%)    LOOPS   OSCIL
   0   0.00000000E+00      0.31415927E+01      -0.36567674E+02        0.12158997E+06      0.48395684E+01      0.41029463E-03       0       0
   1   0.39763452E+00      0.29958454E+01      -0.33498955E+02        0.12158997E+06      0.48343534E+01      0.40164209E-03       0       0
   2   0.79526904E+00      0.28888912E+01      -0.30556586E+02        0.12176317E+06      0.48232391E+01      0.38480771E-03       0       0
   3   0.11929036E+01      0.27836647E+01      -0.27720308E+02        0.12193638E+06      0.48096848E+01      0.36069485E-03       0       0
   4   0.15905381E+01      0.26785465E+01      -0.24989203E+02        0.12219618E+06      0.47935986E+01      0.33057704E-03       0       0
   5   0.19881726E+01      0.25729859E+01      -0.22363437E+02        0.12254259E+06      0.47778357E+01      0.29599268E-03       0       0
   6   0.23858071E+01      0.24666556E+01      -0.19843616E+02        0.12297561E+06      0.47683079E+01      0.25864208E-03       0       0
   7   0.27834417E+01      0.23592893E+01      -0.17430643E+02        0.12340862E+06      0.47708183E+01      0.22025997E-03       0       0
   8   0.31810762E+01      0.22506343E+01      -0.15125682E+02        0.12401484E+06      0.47921082E+01      0.18249282E-03       0       0
   9   0.35787107E+01      0.21404317E+01      -0.12930149E+02        0.12462106E+06      0.48434267E+01      0.14679589E-03       0       0
  10   0.39763452E+01      0.20284048E+01      -0.10845730E+02        0.12531388E+06      0.49352534E+01      0.11434133E-03       0       0
  11   0.43739797E+01      0.19142448E+01      -0.88744055E+01        0.12617990E+06      0.50762980E+01      0.85963055E-04       0       0
  12   0.47716143E+01      0.17976136E+01      -0.70184763E+01        0.12713253E+06      0.52762305E+01      0.62129666E-04       0       0
  13   0.51692488E+01      0.16781213E+01      -0.52806089E+01        0.12817176E+06      0.55357050E+01      0.42952066E-04       0       0
  14   0.55668833E+01      0.15553216E+01      -0.36638874E+01        0.12929759E+06      0.58469919E+01      0.28224571E-04       0       0
  15   0.59645178E+01      0.14286913E+01      -0.21718810E+01        0.13059663E+06      0.61884134E+01      0.17489824E-04       0       0
  16   0.63621524E+01      0.12975584E+01      -0.80875607E+00        0.13206887E+06      0.65146092E+01      0.10123041E-04       0       0
  17   0.67597869E+01      0.11610594E+01       0.42055286E+00        0.13362772E+06      0.67663031E+01      0.54105866E-05       0       0
  18   0.71574214E+01      0.10182156E+01       0.15101904E+01        0.13553298E+06      0.68657451E+01      0.26304968E-05       0       0
  19   0.75550559E+01      0.86787559E+00       0.24532359E+01        0.13761144E+06      0.67310328E+01      0.11439925E-05       0       0
  20   0.79526904E+01      0.70864112E+00       0.32414943E+01        0.13994971E+06      0.62878436E+01      0.44061811E-06       0       0
  21   0.83503250E+01      0.53832150E+00       0.38649756E+01        0.14263438E+06      0.55042008E+01      0.15490361E-06       0       0
  22   0.87479595E+01      0.35427921E+00       0.43112760E+01        0.14575208E+06      0.44197580E+01      0.56367755E-07       0       0
  23   0.91455940E+01      0.15427139E+00       0.45655513E+01        0.14938938E+06      0.31611704E+01      0.24418101E-07       0       0
  24   0.95432285E+01     -0.64565433E-01       0.46104042E+01        0.15371951E+06      0.19631968E+01      0.11191958E-07       0       0
  25   0.99408631E+01     -0.29630503E+00       0.44299690E+01        0.15874246E+06      0.10850432E+01      0.42274406E-08       0       0
  26   0.10338498E+02     -0.49918212E+00       0.40322254E+01        0.16359220E+06      0.66775137E+00      0.11925572E-08       0       0
  27   0.10736132E+02     -0.54288961E+00       0.35111896E+01        0.16506444E+06      0.45343517E+00      0.24131808E-09       0       0
  28   0.11133767E+02     -0.40225144E+00       0.30386191E+01        0.16168694E+06      0.19902956E+00      0.39201975E-10       0       0
  29   0.11531401E+02     -0.25440185E+00       0.27102924E+01        0.15727021E+06      0.59334826E-01      0.74495965E-11       0       0
  30   0.11929036E+02     -0.15389878E+00       0.25061421E+01        0.15371951E+06      0.14150593E-01      0.22648550E-11       0       0
  31   0.12326670E+02     -0.90418314E-01       0.23839835E+01        0.15094823E+06      0.64933370E-02      0.94368957E-12       0       0
  32   0.12724305E+02     -0.51426905E-01       0.23130609E+01        0.14878316E+06      0.10900888E-01      0.31086245E-12       0       0
  33   0.13121939E+02     -0.28721508E-01       0.22729867E+01        0.14705111E+06      0.16523004E-01      0.76605389E-12       0       0
  34   0.13519574E+02     -0.17147308E-01       0.22500523E+01        0.14557887E+06      0.19468300E-01      0.89928065E-12       0       0
  35   0.13917208E+02     -0.13314032E-01       0.22348216E+01        0.14427983E+06      0.21616393E-01      0.97699626E-12       0       0
  36   0.14314843E+02     -0.14927051E-01       0.22207011E+01        0.14324060E+06      0.20882684E-01      0.74384943E-12       0       0
  37   0.14712477E+02     -0.20318847E-01       0.22030782E+01        0.14220137E+06      0.19065437E-01      0.37747583E-12       0       0
  38   0.15110112E+02     -0.28261795E-01       0.21787878E+01        0.14133535E+06      0.15400221E-01      0.37747583E-12       0       0
  39   0.15507746E+02     -0.37810971E-01       0.21457514E+01        0.14046932E+06      0.10823745E-01      0.73274720E-12       0       0
  40   0.15905381E+02     -0.48205437E-01       0.21027432E+01        0.13960330E+06      0.82847748E-02      0.96589403E-12       0       0
  41   0.16303015E+02     -0.58850746E-01       0.20492152E+01        0.13873727E+06      0.65387285E-02      0.75495166E-12       0       0
  42   0.16700650E+02     -0.69256068E-01       0.19851617E+01        0.13787124E+06      0.52795544E-02      0.56621374E-12       0       0
  43   0.17098284E+02     -0.79012372E-01       0.19110275E+01        0.13700522E+06      0.50424091E-02      0.36637360E-12       0       0
  44   0.17495919E+02     -0.87775170E-01       0.18276338E+01        0.13596599E+06      0.71970790E-02      0.28865799E-12       0       0
  45   0.17893553E+02     -0.95253515E-01       0.17361194E+01        0.13492676E+06      0.98327899E-02      0.88817842E-12       0       0
  46   0.18291188E+02     -0.10120774E+00       0.16378888E+01        0.13371432E+06      0.13993157E-01      0.43298698E-12       0       0
  47   0.18688823E+02     -0.10547552E+00       0.15345472E+01        0.13241528E+06      0.17242432E-01      0.42188475E-12       0       0
  48   0.19086457E+02     -0.10797115E+00       0.14278238E+01        0.13094304E+06      0.20196705E-01      0.56621374E-12       0       0
  49   0.19484092E+02     -0.10870149E+00       0.13194875E+01        0.12938420E+06      0.22636007E-01      0.28865799E-12       0       0
  50   0.19881726E+02     -0.10776711E+00       0.12112532E+01        0.12756554E+06      0.25123828E-01      0.31086245E-12       0       0
  51   0.20279361E+02     -0.10535011E+00       0.11046946E+01        0.12566029E+06      0.25660422E-01      0.35527137E-12       0       0
  52   0.20676995E+02     -0.10167932E+00       0.10011799E+01        0.12366843E+06      0.24394399E-01      0.31086245E-12       0       0
  53   0.21074630E+02     -0.97006566E-01       0.90183693E+00        0.12141676E+06      0.23403405E-01      0.37747583E-12       0       0
  54   0.21472264E+02     -0.91597597E-01       0.80753485E+00        0.11907849E+06      0.21247527E-01      0.22204460E-12       0       0
  55   0.21869899E+02     -0.85692846E-01       0.71888963E+00        0.11656702E+06      0.19587012E-01      0.44408921E-12       0       0
  56   0.22267533E+02     -0.79520890E-01       0.63628276E+00        0.11396894E+06      0.16661435E-01      0.19984014E-12       0       0
  57   0.22665168E+02     -0.73253480E-01       0.55989557E+00        0.11119766E+06      0.14785966E-01      0.22204460E-12       0       0
  58   0.23062802E+02     -0.67048567E-01       0.48974455E+00        0.10833978E+06      0.12113970E-01      0.58841820E-12       0       0
  59   0.23460437E+02     -0.61011926E-01       0.42571430E+00        0.10539529E+06      0.95271018E-02      0.51070259E-12       0       0
  60   0.23858071E+02     -0.55223909E-01       0.36759639E+00        0.10227760E+06      0.73999511E-02      0.39968029E-12       0       0
  61   0.24255706E+02     -0.49738527E-01       0.31511517E+00        0.98986704E+05      0.56060101E-02      0.25535130E-12       0       0
  62   0.24653340E+02     -0.44582814E-01       0.26795450E+00        0.95609205E+05      0.42660675E-02      0.28865799E-12       0       0
  63   0.25050975E+02     -0.39772272E-01       0.22577695E+00        0.91971898E+05      0.33255699E-02      0.26645353E-12       0       0
  64   0.25448609E+02     -0.35317505E-01       0.18823207E+00        0.88247989E+05      0.24621216E-02      0.26645353E-12       0       0
  65   0.25846244E+02     -0.31200231E-01       0.15497320E+00        0.84350874E+05      0.15060532E-02      0.33306691E-12       0       0
  66   0.26243878E+02     -0.27408644E-01       0.12566876E+00        0.80193952E+05      0.68896765E-03      0.32196468E-12       0       0
  67   0.26641513E+02     -0.23913770E-01       0.10000755E+00        0.75690620E+05      0.75668756E-03      0.32196468E-12       0       0
  68   0.27039148E+02     -0.20698177E-01       0.77701579E-01        0.70927481E+05      0.52116945E-03      0.24424907E-12       0       0
  69   0.27436782E+02     -0.17729915E-01       0.58487533E-01        0.65817931E+05      0.25017377E-03      0.22204460E-12       0       0
  70   0.27834417E+02     -0.14977145E-01       0.42134003E-01        0.60188766E+05      0.10431402E-04      0.21094237E-12       0       0
  71   0.28232051E+02     -0.12395895E-01       0.28447483E-01        0.53866780E+05      0.64730707E-04      0.24424907E-12       0       0
  72   0.28629686E+02     -0.99312917E-02       0.17283890E-01        0.46678769E+05      0.19126322E-03      0.16653345E-12       0       0
  73   0.29027320E+02     -0.74814143E-02       0.85775372E-02        0.38018515E+05      0.10373591E-03      0.26645353E-12       0       0
  74   0.29424955E+02     -0.48368301E-02       0.24184150E-02        0.26673582E+05      0.16905106E-03      0.12212453E-12       0       0
  75   0.29822589E+02      0.00000000E+00       0.00000000E+00        0.00000000E+00      0.00000000E+00      0.00000000E+00       0       0
 
