 FOR ENERGY=           1
 MAXIMUM PROBABILITY ERROR
 B_IMP  0.000000000000000E+000
 L_ORB  0.000000000000000E+000
 R_FIN   30.0073230178208     
 PHI_FIN  0.000000000000000E+000
 PROBAB_SURV  0.693667241626302     
 ERROR_ENERG   4.83956837619717     
 ERROR_PROBAB  4.102946299266996E-004
 STATE           1
 #NTRAJECT           1
 #NPROC           0
 
 MAXIMUM ENERGY ERROR
 B_IMP   7.35355145048897     
 L_ORB   18.0000000000000     
 R_FIN   30.0096145582780     
 PHI_FIN   1.62817452121441     
 PROBAB_SURV  0.470539227163315     
 ERROR_ENERG   6.86574512805262     
 ERROR_PROBAB  2.630496787059400E-006
 STATE           1
 #NTRAJECT           1
 #NPROC          18
 -------------------------
