STATE= 1
j12= 0
m12= 0
ENERGY#1, U(i)= 100.000 cm^-1
    B_IMPACT        L   CHANNEL=     1  CHANNEL=     2  CHANNEL=     3  CHANNEL=     4  CHANNEL=     5  CHANNEL=     6  CHANNEL=     7  CHANNEL=     8  CHANNEL=     9  CHANNEL=    10  CHANNEL=    11  CHANNEL=    12  
 0.00000000E+00      0  0.69366724E+00  0.27220807E-01  0.74860264E-02  0.15536379E-01  0.30244710E-01  0.38463967E-02  0.47197527E-01  0.19817047E-01  0.21559902E-01  0.39048426E-01  0.52404159E-01  0.41967275E-01 
 0.39763452E+00      1  0.68826401E+00  0.28884346E-01  0.80735096E-02  0.15868162E-01  0.33634536E-01  0.39325504E-02  0.48188343E-01  0.19538250E-01  0.21489792E-01  0.38641520E-01  0.51846769E-01  0.41634200E-01 
 0.79526904E+00      2  0.67732988E+00  0.32330510E-01  0.92881355E-02  0.16513041E-01  0.40451030E-01  0.41025485E-02  0.50085534E-01  0.18999459E-01  0.21328919E-01  0.37847915E-01  0.50745816E-01  0.40973366E-01 
 0.11929036E+01      3  0.66064354E+00  0.37778732E-01  0.11205786E-01  0.17431197E-01  0.50749399E-01  0.43502740E-02  0.52715056E-01  0.18238621E-01  0.21038835E-01  0.36709253E-01  0.49134043E-01  0.40001654E-01 
 0.15905381E+01      4  0.63796610E+00  0.45506125E-01  0.13929860E-01  0.18556992E-01  0.64562440E-01  0.46631678E-02  0.55804411E-01  0.17313582E-01  0.20569660E-01  0.35290996E-01  0.47073163E-01  0.38760197E-01 
 0.19881726E+01      5  0.60915215E+00  0.55781786E-01  0.17577384E-01  0.19794366E-01  0.81841220E-01  0.50194008E-02  0.58976160E-01  0.16302036E-01  0.19870347E-01  0.33683965E-01  0.44665906E-01  0.37332323E-01 
 0.23858071E+01      6  0.57431611E+00  0.68764775E-01  0.22254711E-01  0.21013164E-01  0.10236791E+00  0.53860290E-02  0.61748679E-01  0.15300906E-01  0.18904371E-01  0.32004842E-01  0.42069257E-01  0.35866666E-01 
 0.27834417E+01      7  0.53403568E+00  0.84372625E-01  0.28022916E-01  0.22050411E-01  0.12564946E+00  0.57199971E-02  0.63555075E-01  0.14423336E-01  0.17670719E-01  0.30392374E-01  0.39502926E-01  0.34602276E-01 
 0.31810762E+01      8  0.48958369E+00  0.10212488E+00  0.34850376E-01  0.22719014E-01  0.15079606E+00  0.59738177E-02  0.63789035E-01  0.13792881E-01  0.16229810E-01  0.28997789E-01  0.37248564E-01  0.33892263E-01 
 0.35787107E+01      9  0.44316024E+00  0.12098005E+00  0.42552331E-01  0.22826626E-01  0.17639705E+00  0.61076879E-02  0.61887260E-01  0.13534128E-01  0.14732101E-01  0.27967726E-01  0.35633541E-01  0.34219792E-01 
 0.39763452E+01     10  0.39804415E+00  0.13922109E+00  0.50726365E-01  0.22205995E-01  0.20043125E+00  0.61085204E-02  0.57452495E-01  0.13758985E-01  0.13443058E-01  0.27418151E-01  0.34992115E-01  0.36196678E-01 
 0.43739797E+01     11  0.35857745E+00  0.15445463E+00  0.58696022E-01  0.20754232E-01  0.22025253E+00  0.60141886E-02  0.50411832E-01  0.14548950E-01  0.12755361E-01  0.27400950E-01  0.35600693E-01  0.40532304E-01 
 0.47716143E+01     12  0.32983685E+00  0.16383017E+00  0.65491625E-01  0.18473848E-01  0.23272374E+00  0.59372082E-02  0.41187145E-01  0.15933824E-01  0.13173351E-01  0.27867006E-01  0.37587792E-01  0.47956816E-01 
 0.51692488E+01     13  0.31684771E+00  0.16458298E+00  0.69911090E-01  0.15502722E-01  0.23458399E+00  0.60766254E-02  0.30830280E-01  0.17868149E-01  0.15250904E-01  0.28634466E-01  0.40829447E-01  0.59081206E-01 
 0.55668833E+01     14  0.32323815E+00  0.15496094E+00  0.70718831E-01  0.12117108E-01  0.22313994E+00  0.67005775E-02  0.21046565E-01  0.20207171E-01  0.19462243E-01  0.29375678E-01  0.44854516E-01  0.74178002E-01 
 0.59645178E+01     15  0.34938718E+00  0.13545329E+00  0.67046300E-01  0.86960473E-02  0.19734538E+00  0.80769696E-02  0.14002907E-01  0.22685007E-01  0.25990337E-01  0.29641141E-01  0.48802061E-01  0.92873213E-01 
 0.63621524E+01     16  0.39044067E+00  0.10995606E+00  0.59035093E-01  0.56550386E-02  0.15926506E+00  0.10329822E-01  0.11806546E-01  0.24899905E-01  0.34431511E-01  0.28944053E-01  0.51493808E-01  0.11374232E+00 
 0.67597869E+01     17  0.43556389E+00  0.85813454E-01  0.48546760E-01  0.33600709E-02  0.11530649E+00  0.13244873E-01  0.15579287E-01  0.26342109E-01  0.43555059E-01  0.26912936E-01  0.51709660E-01  0.13406535E+00 
 0.71574214E+01     18  0.47053923E+00  0.71459428E-01  0.39341782E-01  0.21055978E-02  0.75913429E-01  0.16156430E-01  0.24593892E-01  0.26471948E-01  0.51354321E-01  0.23429388E-01  0.48567271E-01  0.15006726E+00 
 0.75550559E+01     19  0.48335767E+00  0.72117012E-01  0.36495354E-01  0.22733045E-02  0.53984141E-01  0.17970786E-01  0.35889565E-01  0.24804329E-01  0.55282842E-01  0.18733456E-01  0.41873118E-01  0.15721841E+00 
 0.79526904E+01     20  0.47292309E+00  0.84388183E-01  0.44313799E-01  0.44903184E-02  0.60654609E-01  0.17490356E-01  0.44671314E-01  0.21081266E-01  0.52968430E-01  0.13442711E-01  0.32395411E-01  0.15118050E+00 
 0.83503250E+01     21  0.45717855E+00  0.94078072E-01  0.62117978E-01  0.93768102E-02  0.97442146E-01  0.14212774E-01  0.46218639E-01  0.15592130E-01  0.43599108E-01  0.84425719E-02  0.21913106E-01  0.12982812E+00 
 0.87479595E+01     22  0.46921338E+00  0.86066597E-01  0.80281559E-01  0.16502129E-01  0.14858674E+00  0.91761505E-02  0.39116962E-01  0.93488417E-02  0.29180704E-01  0.44723565E-02  0.12468556E-01  0.95586026E-01 
 0.91455940E+01     23  0.53272904E+00  0.67425332E-01  0.81979132E-01  0.22827485E-01  0.18164511E+00  0.47794210E-02  0.26866771E-01  0.39333732E-02  0.14353684E-01  0.18460845E-02  0.55270476E-02  0.56087515E-01 
 0.95432285E+01     24  0.62200875E+00  0.84790781E-01  0.57827275E-01  0.22701084E-01  0.16330482E+00  0.29543082E-02  0.15847445E-01  0.88211250E-03  0.44332344E-02  0.48772546E-03  0.16258544E-02  0.23136603E-01 
 0.99408631E+01     25  0.66238234E+00  0.18398989E+00  0.27573508E-01  0.14026200E-01  0.94458884E-01  0.25391606E-02  0.85823632E-02  0.19304436E-03  0.87017339E-03  0.44505762E-04  0.20042399E-03  0.51395053E-02 
 0.10338498E+02     26  0.63403429E+00  0.30469538E+00  0.23920220E-01  0.54530832E-02  0.26517598E-01  0.13465442E-02  0.31243167E-02  0.20787352E-03  0.32006497E-03  0.18239343E-04  0.16302810E-04  0.34608446E-03 
 0.10736132E+02     27  0.68522543E+00  0.28656679E+00  0.22586212E-01  0.25114338E-02  0.22024364E-02  0.36751033E-03  0.39827352E-03  0.60622302E-04  0.63152488E-04  0.84425745E-05  0.69789902E-05  0.27195429E-05 
 0.11133767E+02     28  0.85313773E+00  0.13604937E+00  0.98788886E-02  0.74206365E-03  0.91019149E-04  0.67589449E-04  0.19469550E-04  0.75283460E-05  0.47729409E-05  0.87313300E-06  0.66232544E-06  0.33557900E-07 
 0.11531401E+02     29  0.95983326E+00  0.35249164E-01  0.46322443E-02  0.17518791E-03  0.95880238E-04  0.11444676E-04  0.14022600E-05  0.90189615E-06  0.36358773E-06  0.83754040E-07  0.59429041E-07  0.91452888E-08 
 0.11929036E+02     30  0.99360235E+00  0.38343400E-02  0.24369553E-02  0.61691015E-04  0.61124659E-04  0.24015828E-05  0.96010828E-06  0.12819516E-06  0.33038115E-07  0.10137102E-07  0.65546339E-08  0.25754448E-08 
 0.12326670E+02     31  0.99719659E+00  0.14587242E-02  0.12812029E-02  0.33688056E-04  0.28262166E-04  0.82294738E-06  0.66891884E-06  0.25281092E-07  0.10480236E-07  0.12906773E-08  0.65899084E-09  0.53338513E-09 
 0.12724305E+02     32  0.99222893E+00  0.70317578E-02  0.70557827E-03  0.21541435E-04  0.11364402E-04  0.45686631E-06  0.35378186E-06  0.97937139E-08  0.84471092E-08  0.21405392E-09  0.10825197E-09  0.97299799E-10 
 0.13121939E+02     33  0.98661182E+00  0.12919876E-01  0.44887895E-03  0.14696540E-04  0.42664779E-05  0.29965910E-06  0.15522354E-06  0.59235163E-08  0.54490466E-08  0.11017170E-09  0.10293011E-09  0.14924721E-10 
 0.13519574E+02     34  0.98283886E+00  0.16800206E-01  0.34817001E-03  0.10953907E-04  0.15485218E-05  0.19658638E-06  0.63068391E-07  0.40422647E-08  0.24372359E-08  0.70955160E-10  0.10650513E-09  0.30397174E-11 
 0.13917208E+02     35  0.98140384E+00  0.18268796E-01  0.31757489E-03  0.90944795E-05  0.53202395E-06  0.12625501E-06  0.27975214E-07  0.31874363E-08  0.81933912E-09  0.58649727E-10  0.50819126E-10  0.19637106E-11 
 0.14314843E+02     36  0.98205468E+00  0.17616266E-01  0.32058636E-03  0.82119057E-05  0.15273263E-06  0.85593405E-07  0.14783831E-07  0.28145454E-08  0.39397702E-09  0.45838974E-10  0.11798336E-10  0.68843655E-12 
 0.14712477E+02     37  0.98425344E+00  0.15392128E-01  0.34660197E-03  0.77127886E-05  0.36403512E-07  0.72351752E-07  0.81767882E-08  0.21973481E-08  0.38808908E-09  0.64058980E-10  0.11139411E-10  0.16477145E-12 
 0.15110112E+02     38  0.98735705E+00  0.12241395E-01  0.39417597E-03  0.72581188E-05  0.38086294E-07  0.78958871E-07  0.35914127E-08  0.16184100E-08  0.40978220E-09  0.10891193E-09  0.91796054E-11  0.16665553E-12 
 0.15507746E+02     39  0.99070762E+00  0.88252379E-02  0.46028165E-03  0.66930490E-05  0.68017726E-07  0.96428258E-07  0.14032982E-08  0.18283669E-08  0.27059081E-09  0.84815560E-10  0.16122147E-10  0.12296791E-12 
 0.15905381E+02     40  0.99369744E+00  0.57610960E-02  0.53522030E-03  0.60507809E-05  0.71642096E-07  0.12079608E-06  0.16404397E-08  0.23985970E-08  0.85352023E-10  0.35312479E-10  0.14901327E-10  0.78279348E-13 
 0.16303015E+02     41  0.99582777E+00  0.35635146E-02  0.60293231E-03  0.55838360E-05  0.46556539E-07  0.14746959E-06  0.21207978E-08  0.24568254E-08  0.41403992E-10  0.34958713E-10  0.46391744E-11  0.34637857E-14 
 0.16700650E+02     42  0.99676175E+00  0.25867441E-02  0.64564566E-03  0.56736429E-05  0.18897671E-07  0.16393492E-06  0.16338238E-08  0.22295533E-08  0.61558906E-10  0.53868101E-10  0.10249208E-11  0.13936600E-14 
 0.17098284E+02     43  0.99636196E+00  0.29808301E-02  0.65047665E-03  0.65676022E-05  0.41875136E-08  0.15884858E-06  0.79151677E-09  0.23876911E-08  0.55935898E-10  0.57545417E-10  0.12875649E-11  0.86369057E-15 
 0.17495919E+02     44  0.99470310E+00  0.46740832E-02  0.61455202E-03  0.81277766E-05  0.42328191E-09  0.13603049E-06  0.24033848E-09  0.29086707E-08  0.31467560E-10  0.49349873E-10  0.13581580E-11  0.21163728E-15 
 0.17893553E+02     45  0.99205127E+00  0.73930550E-02  0.54571988E-03  0.98410484E-05  0.78937077E-09  0.11226254E-06  0.45311812E-10  0.32493338E-08  0.11594292E-10  0.44701102E-10  0.87829118E-12  0.25362301E-16 
 0.18291188E+02     46  0.98880947E+00  0.10720667E-01  0.45865981E-03  0.11092834E-04  0.13388051E-08  0.10248477E-06  0.26097184E-10  0.30638679E-08  0.26246178E-11  0.48138635E-10  0.38777735E-12  0.14657114E-16 
 0.18688823E+02     47  0.98543979E+00  0.14179606E-01  0.36901800E-03  0.11476033E-04  0.12583510E-08  0.10921794E-06  0.41169433E-10  0.24859679E-08  0.60250807E-12  0.52060585E-10  0.11662703E-12  0.18151741E-16 
 0.19086457E+02     48  0.98238079E+00  0.17319476E-01  0.28867667E-03  0.10929859E-04  0.94702211E-09  0.12392922E-06  0.41906035E-10  0.18774755E-08  0.87266797E-12  0.49028565E-10  0.24538179E-13  0.13201550E-16 
 0.19484092E+02     49  0.97997939E+00  0.19787004E-01  0.22379082E-03  0.96756936E-05  0.77503017E-09  0.13540607E-06  0.30171369E-10  0.14843093E-08  0.11666589E-11  0.39177687E-10  0.13311965E-13  0.69580408E-17 
 0.19881726E+02     50  0.97845012E+00  0.21366293E-01  0.17539302E-03  0.80522988E-05  0.80010104E-09  0.13677966E-06  0.17761543E-10  0.13235935E-08  0.10352760E-11  0.27489957E-10  0.19801121E-13  0.30617337E-17 
 0.20279361E+02     51  0.97786609E+00  0.21986112E-01  0.14130361E-03  0.63684650E-05  0.90866854E-09  0.12732599E-06  0.10637376E-10  0.12797806E-08  0.69632363E-12  0.18225909E-10  0.21557512E-13  0.13156566E-17 
 0.20676995E+02     52  0.97817686E+00  0.21700125E-01  0.11807638E-03  0.48305929E-05  0.98251661E-09  0.11035543E-06  0.86169671E-11  0.12368648E-08  0.38753341E-12  0.12603310E-10  0.17243911E-13  0.68670969E-18 
 0.21074630E+02     53  0.97924322E+00  0.20650837E-01  0.10230815E-03  0.35385023E-05  0.96801910E-09  0.90222084E-07  0.91670210E-11  0.11409471E-08  0.20026831E-12  0.97143817E-11  0.11006700E-13  0.45957706E-18 
 0.21472264E+02     54  0.98087734E+00  0.19028835E-01  0.91233618E-04  0.25151483E-05  0.87048728E-09  0.70386973E-07  0.10067682E-10  0.99401040E-09  0.12139848E-12  0.81866763E-11  0.58790912E-14  0.32965396E-18 
 0.21869899E+02     55  0.98287901E+00  0.17036357E-01  0.82841843E-04  0.17406563E-05  0.72339273E-09  0.52842117E-07  0.10230626E-10  0.82253703E-09  0.10414384E-12  0.70945770E-11  0.27731895E-14  0.22115213E-18 
 0.22267533E+02     56  0.98506270E+00  0.14860308E-01  0.75778230E-04  0.11769995E-05  0.56259996E-09  0.38357281E-07  0.94853116E-11  0.65279779E-09  0.10850960E-12  0.60646696E-11  0.13523388E-14  0.13351770E-18 
 0.22665168E+02     57  0.98727388E+00  0.12656115E-01  0.69198605E-04  0.78187887E-06  0.41377492E-09  0.26958522E-07  0.81118292E-11  0.50102340E-09  0.11232571E-12  0.50451140E-11  0.92989102E-15  0.72599917E-19 
 0.23062802E+02     58  0.98939570E+00  0.10541128E-01  0.62639792E-04  0.51529886E-06  0.29010992E-09  0.18321006E-07  0.64855622E-11  0.37367426E-09  0.10799162E-12  0.40856290E-11  0.93174338E-15  0.35903133E-19 
 0.23460437E+02     59  0.99134870E+00  0.85950323E-02  0.55915881E-04  0.34233102E-06  0.19506463E-09  0.11999897E-07  0.49021359E-11  0.27114810E-09  0.95934357E-13  0.32304837E-11  0.10168888E-14  0.16303403E-19 
 0.23858071E+02     60  0.99308623E+00  0.68644974E-02  0.49032661E-04  0.23416938E-06  0.12630846E-09  0.75396988E-08  0.35324477E-11  0.19111005E-09  0.79481494E-13  0.24958829E-11  0.10391546E-14  0.68472024E-20 
 0.24255706E+02     61  0.99458793E+00  0.53697821E-02  0.42114728E-04  0.16832710E-06  0.78973538E-10  0.45185728E-08  0.24412501E-11  0.13038048E-09  0.62031273E-13  0.18799015E-11  0.96983992E-15  0.26738275E-20 
 0.24653340E+02     62  0.99585287E+00  0.41116495E-02  0.35344748E-04  0.12828108E-06  0.47740979E-10  0.25662640E-08  0.16245255E-11  0.85710195E-10  0.45963368E-13  0.13744629E-11  0.83306374E-15  0.97708113E-21 
 0.25050975E+02     63  0.99689338E+00  0.30775951E-02  0.28916145E-04  0.10271151E-06  0.27903236E-10  0.13720329E-08  0.10433092E-11  0.54011394E-10  0.32509338E-13  0.97053947E-12  0.66595523E-15  0.33990290E-21 
 0.25448609E+02     64  0.99772989E+00  0.22470270E-02  0.23000560E-04  0.84500424E-07  0.15746081E-10  0.68745675E-09  0.64713986E-12  0.32433355E-10  0.22017474E-13  0.65848488E-12  0.49972359E-15  0.11864494E-21 
 0.25846244E+02     65  0.99838701E+00  0.15951956E-02  0.17728744E-04  0.69657900E-07  0.85541133E-11  0.32451835E-09  0.38738072E-12  0.18427421E-10  0.14294041E-13  0.42708833E-12  0.35386509E-15  0.46843984E-22 
 0.26243878E+02     66  0.99889074E+00  0.10960211E-02  0.13182774E-04  0.56322077E-07  0.44521291E-11  0.14951157E-09  0.22322598E-12  0.98168514E-11  0.88862285E-14  0.26337538E-12  0.23696865E-15  0.23743569E-22 
 0.26641513E+02     67  0.99926655E+00  0.72400559E-03  0.93965008E-05  0.43926619E-07  0.22037223E-11  0.73983448E-10  0.12325605E-12  0.48440835E-11  0.52715281E-14  0.15343319E-12  0.14989509E-15  0.14896262E-22 
 0.27039148E+02     68  0.99953821E+00  0.45539579E-03  0.63609809E-05  0.32573753E-07  0.10260567E-11  0.44376825E-10  0.64722378E-13  0.21759683E-11  0.29640015E-14  0.83719759E-13  0.89113183E-16  0.99608188E-23 
 0.27436782E+02     69  0.99972712E+00  0.26882255E-03  0.40324474E-05  0.22609847E-07  0.44197725E-12  0.31907164E-10  0.31936934E-13  0.86708975E-12  0.15612880E-14  0.42255805E-13  0.49283315E-16  0.63873592E-23 
 0.27834417E+02     70  0.99985209E+00  0.14555981E-03  0.23407897E-05  0.14372560E-07  0.17160880E-12  0.23733371E-10  0.14524505E-13  0.29424309E-12  0.75538642E-15  0.19347857E-13  0.24896439E-16  0.37242256E-23 
 0.28232051E+02     71  0.99992925E+00  0.69546571E-04  0.11974412E-05  0.80673327E-08  0.57504600E-13  0.15984982E-10  0.58866203E-14  0.79291492E-13  0.32434761E-15  0.77764156E-14  0.11117775E-16  0.18925716E-23 
 0.28629686E+02     72  0.99997225E+00  0.27241878E-04  0.50175611E-06  0.37257467E-08  0.15342696E-13  0.88158497E-11  0.19910168E-14  0.14803304E-13  0.11592085E-15  0.25752591E-14  0.41107039E-17  0.78498639E-24 
 0.29027320E+02     73  0.99999245E+00  0.73997253E-05  0.14572072E-06  0.12010283E-08  0.27291824E-14  0.34008101E-11  0.48112465E-15  0.13636500E-14  0.29909331E-16  0.60601025E-15  0.10815305E-17  0.23043603E-24 
 0.29424955E+02     74  0.99999918E+00  0.80396157E-06  0.16921057E-07  0.15622974E-09  0.18413570E-15  0.54148532E-12  0.48707933E-16  0.13604605E-16  0.34113078E-17  0.63336626E-16  0.12649990E-18  0.29577393E-25 
 0.29822589E+02     75  0.10000000E+01  0.00000000E+00  0.00000000E+00  0.00000000E+00  0.00000000E+00  0.00000000E+00  0.00000000E+00  0.00000000E+00  0.00000000E+00  0.00000000E+00  0.00000000E+00  0.00000000E+00 
 
