STATE= 1
j12= 0
m12= 0
ENERGY#1, U(i)= 100.000 cm^-1
J_TOTAL  CHANNEL=     1  CHANNEL=     2  CHANNEL=     3  CHANNEL=     4  CHANNEL=     5  CHANNEL=     6  CHANNEL=     7  CHANNEL=     8  CHANNEL=     9  CHANNEL=    10  CHANNEL=    11  CHANNEL=    12  
    0    0.96487597E-01  0.37863547E-02  0.10412899E-02  0.21610764E-02  0.42069731E-02  0.53502537E-03  0.65650728E-02  0.27565079E-02  0.29989352E-02  0.54315507E-02  0.72893040E-02  0.58375562E-02 
    1    0.28720805E+00  0.12053248E-01  0.33690226E-02  0.66216801E-02  0.14035471E-01  0.16410275E-02  0.20108680E-01  0.81531835E-02  0.89675491E-02  0.16124853E-01  0.21635316E-01  0.17373679E-01 
    2    0.47107552E+00  0.22485517E-01  0.64597967E-02  0.11484640E-01  0.28133249E-01  0.28532776E-02  0.34833941E-01  0.13213916E-01  0.14834030E-01  0.26322811E-01  0.35293160E-01  0.28496528E-01 
    3    0.64325850E+00  0.36784574E-01  0.10910902E-01  0.16972489E-01  0.49413913E-01  0.42357952E-02  0.51327843E-01  0.17758666E-01  0.20485192E-01  0.35743237E-01  0.47841066E-01  0.38948999E-01 
    4    0.79865721E+00  0.56968222E-01  0.17438517E-01  0.23231133E-01  0.80824448E-01  0.58377279E-02  0.69860444E-01  0.21674533E-01  0.25750753E-01  0.44180104E-01  0.58929966E-01  0.48523128E-01 
    5    0.93204905E+00  0.85350369E-01  0.26894733E-01  0.30286884E-01  0.12522328E+00  0.76800644E-02  0.90238003E-01  0.24943353E-01  0.30403141E-01  0.51539025E-01  0.68342228E-01  0.57121289E-01 
    6    0.10385195E+01  0.12434539E+00  0.40242561E-01  0.37997507E-01  0.18510897E+00  0.97394031E-02  0.11165838E+00  0.27668194E-01  0.34184238E-01  0.57873447E-01  0.76072642E-01  0.64856672E-01 
    7    0.11142479E+01  0.17604071E+00  0.58468896E-01  0.46007459E-01  0.26216347E+00  0.11934586E-01  0.13260558E+00  0.30093818E-01  0.36869376E-01  0.63412692E-01  0.82421560E-01  0.72196514E-01 
    8    0.11577004E+01  0.24149090E+00  0.82409390E-01  0.53722808E-01  0.35658183E+00  0.14126065E-01  0.15083956E+00  0.32615514E-01  0.38378028E-01  0.68569995E-01  0.88080295E-01  0.80143773E-01 
    9    0.11712098E+01  0.31973315E+00  0.11245979E+00  0.60327541E-01  0.46619245E+00  0.16141755E-01  0.16355927E+00  0.35768786E-01  0.38934858E-01  0.73914741E-01  0.94174406E-01  0.90438067E-01 
   10    0.11627085E+01  0.40667234E+00  0.14817445E+00  0.64864913E-01  0.58547053E+00  0.17843318E-01  0.16782184E+00  0.40190739E-01  0.39267899E-01  0.80089902E-01  0.10221386E+00  0.10573245E+00 
   11    0.11471788E+01  0.49413893E+00  0.18778323E+00  0.66397970E-01  0.70464283E+00  0.19240891E-01  0.16128004E+00  0.46545725E-01  0.40807583E-01  0.87662480E-01  0.11389551E+00  0.12967296E+00 
   12    0.11469896E+01  0.56971047E+00  0.22774354E+00  0.64241796E-01  0.80928407E+00  0.20646317E-01  0.14322605E+00  0.55409003E-01  0.45809609E-01  0.96905989E-01  0.13070949E+00  0.16676721E+00 
   13    0.11899662E+01  0.61811459E+00  0.26256095E+00  0.58222656E-01  0.88101325E+00  0.22821623E-01  0.11578746E+00  0.67106353E-01  0.57276921E-01  0.10754077E+00  0.15334074E+00  0.22188780E+00 
   14    0.13038899E+01  0.62508710E+00  0.28526821E+00  0.48878434E-01  0.90011007E+00  0.27029035E-01  0.84898404E-01  0.81512425E-01  0.78507507E-01  0.11849669E+00  0.18093579E+00  0.29922194E+00 
   15    0.15065688E+01  0.58407893E+00  0.28910581E+00  0.37497636E-01  0.85095962E+00  0.34828153E-01  0.60380985E-01  0.97818481E-01  0.11207117E+00  0.12781355E+00  0.21043606E+00  0.40047229E+00 
   16    0.17922117E+01  0.50472339E+00  0.27098453E+00  0.25957916E-01  0.73106293E+00  0.47416235E-01  0.54194737E-01  0.11429624E+00  0.15804848E+00  0.13285980E+00  0.23636831E+00  0.52210316E+00 
   17    0.21205095E+01  0.41777623E+00  0.23634619E+00  0.16358248E-01  0.56136082E+00  0.64481653E-01  0.75846565E-01  0.12824454E+00  0.21204447E+00  0.13102357E+00  0.25174452E+00  0.65268692E+00 
   18    0.24216862E+01  0.36777446E+00  0.20247716E+00  0.10836710E-01  0.39069751E+00  0.83150991E-01  0.12657539E+00  0.13624103E+00  0.26430113E+00  0.12058214E+00  0.24995724E+00  0.77233902E+00 
   19    0.26221258E+01  0.39122143E+00  0.19798054E+00  0.12332256E-01  0.29285396E+00  0.97488183E-01  0.19469424E+00  0.13455889E+00  0.29989918E+00  0.10162553E+00  0.22715390E+00  0.85288075E+00 
   20    0.26970853E+01  0.48126668E+00  0.25272205E+00  0.25608333E-01  0.34591386E+00  0.99747684E-01  0.25476096E+00  0.12022668E+00  0.30207951E+00  0.76663917E-01  0.18475136E+00  0.86218398E+00 
   21    0.27344791E+01  0.56270033E+00  0.37154042E+00  0.56084633E-01  0.58282155E+00  0.85009526E-01  0.27644320E+00  0.93259741E-01  0.26077525E+00  0.50496762E-01  0.13106680E+00  0.77652870E+00 
   22    0.29369950E+01  0.53872539E+00  0.50251452E+00  0.10329345E+00  0.93006409E+00  0.57437211E-01  0.24484877E+00  0.58518155E-01  0.18265374E+00  0.27994276E-01  0.78045698E-01  0.59831133E+00 
   23    0.34827679E+01  0.44079966E+00  0.53594654E+00  0.14923690E+00  0.11875226E+01  0.31245930E-01  0.17564413E+00  0.25714810E-01  0.93838605E-01  0.12068957E-01  0.36133611E-01  0.36667759E+00 
   24    0.42394828E+01  0.57791640E+00  0.39413873E+00  0.15472589E+00  0.11130519E+01  0.20135953E-01  0.10801290E+00  0.60122961E-02  0.30216007E-01  0.33242357E-02  0.11081487E-01  0.15769429E+00 
   25    0.46989327E+01  0.13052222E+01  0.19560615E+00  0.99501699E-01  0.67009023E+00  0.18012776E-01  0.60883186E-01  0.13694545E-02  0.61730000E-02  0.31572337E-03  0.14218055E-02  0.36459592E-01 
   26    0.46742175E+01  0.22462704E+01  0.17634427E+00  0.40201133E-01  0.19549262E+00  0.99269715E-02  0.23033038E-01  0.15324819E-02  0.23595779E-02  0.13446380E-03  0.12018732E-03  0.25513984E-02 
   27    0.52422347E+01  0.21923447E+01  0.17279310E+00  0.19213422E-01  0.16849475E-01  0.28115936E-02  0.30469436E-02  0.46378363E-03  0.48314052E-03  0.64588901E-04  0.53391925E-04  0.20805536E-04 
   28    0.67641668E+01  0.10786777E+01  0.78325513E-01  0.58835076E-02  0.72165218E-03  0.53588804E-03  0.15436580E-03  0.59689059E-04  0.37842622E-04  0.69227008E-05  0.52512971E-05  0.26606634E-06 
   29    0.78771317E+01  0.28928182E+00  0.38015768E-01  0.14377270E-02  0.78686715E-03  0.93923835E-04  0.11508027E-04  0.74016551E-05  0.29838813E-05  0.68735023E-06  0.48772053E-06  0.75053291E-07 
   30    0.84306827E+01  0.32534247E-01  0.20677485E-01  0.52344620E-03  0.51864069E-03  0.20377350E-04  0.81464867E-05  0.10877316E-05  0.28032731E-06  0.86012972E-07  0.55615850E-07  0.21852563E-07 
   31    0.87385955E+01  0.12783037E-01  0.11227388E-01  0.29521390E-03  0.24766595E-03  0.72116214E-05  0.58618443E-05  0.22154231E-06  0.91840010E-07  0.11310415E-07  0.57748436E-08  0.46741404E-08 
   32    0.89710968E+01  0.63576638E-01  0.63793856E-02  0.19476383E-03  0.10274963E-03  0.41306918E-05  0.31986684E-05  0.88548472E-07  0.76373337E-07  0.19353381E-08  0.97874484E-09  0.87972230E-09 
   33    0.91947816E+01  0.12040748E+00  0.41833514E-02  0.13696519E-03  0.39761669E-04  0.27926890E-05  0.14466141E-05  0.55204527E-07  0.50782681E-07  0.10267511E-08  0.95926270E-09  0.13909174E-09 
   34    0.94330408E+01  0.16124416E+00  0.33416485E-02  0.10513285E-03  0.14862324E-04  0.18867868E-05  0.60531460E-06  0.38796643E-07  0.23391979E-07  0.68100982E-09  0.10222095E-08  0.29174445E-10 
   35    0.96922901E+01  0.18042162E+00  0.31363520E-02  0.89816578E-04  0.52542392E-05  0.12468875E-05  0.27628167E-06  0.31478945E-07  0.80917479E-08  0.57922146E-09  0.50188688E-09  0.19393498E-10 
   36    0.99719211E+01  0.17887804E+00  0.32552789E-02  0.83384843E-04  0.15508686E-05  0.86912745E-06  0.15011709E-06  0.28579289E-07  0.40004979E-08  0.46545538E-09  0.11980196E-09  0.69904813E-11 
   37    0.10268063E+02  0.16057585E+00  0.36158682E-02  0.80462402E-04  0.37977367E-06  0.75479779E-06  0.85303002E-07  0.22923474E-07  0.40486756E-08  0.66828480E-09  0.11621008E-09  0.17189512E-11 
   38    0.10575119E+02  0.13111185E+00  0.42218342E-02  0.77738311E-04  0.40792445E-06  0.84569149E-06  0.38465939E-07  0.17334031E-07  0.43889852E-08  0.11665047E-08  0.98318454E-10  0.17849694E-11 
   39    0.10886616E+02  0.96978132E-01  0.50579096E-02  0.73548090E-04  0.74742824E-06  0.10596238E-05  0.15420461E-07  0.20091425E-07  0.29734486E-08  0.93201505E-09  0.17716188E-09  0.13512608E-11 
   40    0.11195912E+02  0.64909824E-01  0.60302859E-02  0.68173681E-04  0.80718597E-06  0.13610001E-05  0.18482708E-07  0.27024807E-07  0.96165467E-09  0.39786298E-09  0.16789210E-09  0.88196738E-12 
   41    0.11496950E+02  0.41141199E-01  0.69609249E-02  0.64466048E-04  0.53750077E-06  0.17025538E-05  0.24484862E-07  0.28364340E-07  0.47801399E-09  0.40360248E-09  0.53559818E-10  0.39989816E-13 
   42    0.11785027E+02  0.30583888E-01  0.76336714E-02  0.67081262E-04  0.22343311E-06  0.19382540E-05  0.19317211E-07  0.26360709E-07  0.72783029E-09  0.63689948E-09  0.12117960E-10  0.16477680E-13 
   43    0.12057484E+02  0.36072544E-01  0.78717495E-02  0.79477902E-04  0.50675236E-07  0.19223076E-05  0.95785479E-08  0.28894667E-07  0.67690881E-09  0.69638642E-09  0.15581480E-10  0.10451960E-13 
   44    0.12314131E+02  0.57863773E-01  0.76079729E-02  0.10061948E-03  0.52401054E-08  0.16840174E-05  0.29753196E-08  0.36008486E-07  0.38955912E-09  0.61093689E-09  0.16813596E-10  0.26200071E-14 
   45    0.12557287E+02  0.93580559E-01  0.69076682E-02  0.12456702E-03  0.99917771E-08  0.14210081E-05  0.57355243E-09  0.41129745E-07  0.14675940E-09  0.56582213E-09  0.11117323E-10  0.32103349E-15 
   46    0.12791335E+02  0.13868358E+00  0.59332677E-02  0.14349797E-03  0.17318912E-07  0.13257529E-05  0.33759569E-09  0.39634491E-07  0.33952309E-10  0.62272604E-09  0.50163252E-11  0.18960584E-15 
   47    0.13021889E+02  0.18737345E+00  0.48763117E-02  0.15164766E-03  0.16628218E-07  0.14432377E-05  0.54402492E-09  0.32850307E-07  0.79617177E-11  0.68794379E-09  0.15411437E-11  0.23986241E-15 
   48    0.13254761E+02  0.23368282E+00  0.38949665E-02  0.14747099E-03  0.12777684E-07  0.16721135E-05  0.56541667E-09  0.25331816E-07  0.11774462E-10  0.66151732E-09  0.33108108E-12  0.17812175E-15 
   49    0.13494986E+02  0.27248058E+00  0.30817525E-02  0.13324092E-03  0.10672695E-07  0.18646341E-05  0.41548038E-09  0.20439954E-07  0.16065691E-10  0.53950352E-09  0.18331486E-12  0.95816978E-16 
   50    0.13746128E+02  0.30017247E+00  0.24640754E-02  0.11312577E-03  0.11240523E-07  0.19216009E-05  0.24952977E-09  0.18595005E-07  0.14544467E-10  0.38620308E-09  0.27818355E-12  0.43013927E-16 
   51    0.14009961E+02  0.31499668E+00  0.20244674E-02  0.91241474E-04  0.13018562E-07  0.18242090E-05  0.15240248E-09  0.18335513E-07  0.99762806E-11  0.26112396E-09  0.30885608E-12  0.18849510E-16 
   52    0.14286537E+02  0.31693620E+00  0.17245375E-02  0.70552115E-04  0.14349921E-07  0.16117709E-05  0.12585314E-09  0.18064745E-07  0.56600303E-11  0.18407476E-09  0.25185198E-12  0.10029581E-16 
   53    0.14574533E+02  0.30735604E+00  0.15226999E-02  0.52665179E-04  0.14407479E-07  0.13428173E-05  0.13643705E-09  0.16981247E-07  0.29806865E-11  0.14458367E-09  0.16381785E-12  0.68400995E-17 
   54    0.14871730E+02  0.28850875E+00  0.13832532E-02  0.38133828E-04  0.13198034E-07  0.10671835E-05  0.15264279E-09  0.15070849E-07  0.18406027E-11  0.12412362E-09  0.89136792E-13  0.49981018E-17 
   55    0.15175512E+02  0.26303892E+00  0.12790662E-02  0.26875485E-04  0.11169080E-07  0.81587475E-06  0.15795941E-09  0.12699854E-07  0.16079660E-11  0.10953926E-09  0.42817649E-13  0.34145573E-17 
   56    0.15483268E+02  0.23357511E+00  0.11910862E-02  0.18500140E-04  0.88429760E-08  0.60290177E-06  0.14909063E-09  0.10260710E-07  0.17055597E-11  0.95324798E-10  0.21256133E-13  0.20986383E-17 
   57    0.15792678E+02  0.20245035E+00  0.11069181E-02  0.12507129E-04  0.66188465E-08  0.43123522E-06  0.12975884E-09  0.80144949E-08  0.17967899E-11  0.80702897E-10  0.14874768E-13  0.11613263E-17 
   58    0.16101865E+02  0.17155100E+00  0.10194278E-02  0.83862026E-05  0.47213777E-08  0.29816419E-06  0.10554892E-09  0.60813408E-08  0.17575036E-11  0.66491341E-10  0.15163606E-13  0.58430354E-18 
   59    0.16409438E+02  0.14227047E+00  0.92555543E-03  0.56664821E-05  0.32288345E-08  0.19862998E-06  0.81143289E-10  0.44882168E-08  0.15879669E-11  0.53473033E-10  0.16832193E-13  0.26986436E-18 
   60    0.16714471E+02  0.11553523E+00  0.82526064E-03  0.39412662E-05  0.21258770E-08  0.12689943E-06  0.59454047E-10  0.32165417E-08  0.13377399E-11  0.42007794E-10  0.17489840E-13  0.11524414E-18 
   61    0.17016436E+02  0.91871768E-01  0.72054220E-03  0.28799136E-05  0.13511607E-08  0.77308402E-07  0.41767424E-10  0.22306837E-08  0.10612950E-11  0.32163294E-10  0.16593021E-13  0.45746597E-19 
   62    0.17315120E+02  0.71490183E-01  0.61454715E-03  0.22304522E-05  0.83008322E-09  0.44620214E-07  0.28245993E-10  0.14902626E-08  0.79917550E-12  0.23898098E-10  0.14484668E-13  0.16988731E-19 
   63    0.17610543E+02  0.54367018E-01  0.51081592E-03  0.18144421E-05  0.49292245E-09  0.24237541E-07  0.18430498E-10  0.95413408E-09  0.57429118E-12  0.17144990E-10  0.11764380E-13  0.60045283E-20 
   64    0.17902884E+02  0.40319794E-01  0.41271326E-03  0.15162433E-05  0.28254166E-09  0.12335461E-07  0.11612030E-10  0.58197172E-09  0.39507314E-12  0.11815601E-10  0.89668492E-14  0.21289195E-20 
   65    0.18192422E+02  0.29067357E-01  0.32304987E-03  0.12692933E-05  0.15587146E-09  0.59133128E-08  0.70587792E-11  0.33578103E-09  0.26046335E-12  0.77823239E-11  0.64480637E-14  0.85358234E-21 
   66    0.18479488E+02  0.20276401E-01  0.24388144E-03  0.10419589E-05  0.82364428E-10  0.27659655E-08  0.41296827E-11  0.18161184E-09  0.16439531E-12  0.48724469E-11  0.43839222E-14  0.43925625E-21 
   67    0.18764432E+02  0.13595525E-01  0.17644942E-03  0.82486305E-06  0.41381948E-10  0.13892763E-08  0.23145273E-11  0.90963193E-10  0.98989835E-13  0.28811999E-11  0.28147606E-14  0.27972505E-21 
   68    0.19047600E+02  0.86782045E-02  0.12121740E-03  0.62073849E-06  0.19552948E-10  0.84566255E-09  0.12333755E-11  0.41466123E-10  0.56483199E-13  0.15953973E-11  0.16981765E-14  0.18981735E-21 
   69    0.19329320E+02  0.51975755E-02  0.77965742E-04  0.43715226E-06  0.85454516E-11  0.61691213E-09  0.61748772E-12  0.16764830E-10  0.30186873E-13  0.81699893E-12  0.95287298E-15  0.12349701E-21 
   70    0.19609891E+02  0.28548342E-02  0.45909420E-04  0.28188603E-06  0.33657277E-11  0.46547766E-09  0.28486609E-12  0.57709285E-11  0.14815237E-13  0.37946548E-12  0.48828867E-15  0.73042461E-22 
   71    0.19889580E+02  0.13833500E-02  0.23818287E-04  0.16046721E-06  0.11438233E-11  0.31795708E-09  0.11709069E-12  0.15771861E-11  0.64515941E-14  0.15468058E-12  0.22114352E-15  0.37645117E-22 
   72    0.20168623E+02  0.54944642E-03  0.10120011E-04  0.75145268E-07  0.30944964E-12  0.17780849E-09  0.40157182E-13  0.29857054E-12  0.23380289E-14  0.51940872E-13  0.82909538E-16  0.15832534E-22 
   73    0.20447224E+02  0.15130498E-03  0.29796068E-05  0.24557880E-07  0.55804626E-13  0.69537651E-10  0.98377378E-14  0.27883067E-13  0.61156742E-15  0.12391321E-13  0.22114464E-16  0.47118128E-23 
   74    0.20725557E+02  0.16662565E-04  0.35069862E-06  0.32379512E-08  0.38163182E-14  0.11222594E-10  0.10094999E-14  0.28196326E-15  0.70701312E-16  0.13126879E-14  0.26217830E-17  0.61300846E-24 
   75    0.21003770E+02  0.00000000E+00  0.00000000E+00  0.00000000E+00  0.00000000E+00  0.00000000E+00  0.00000000E+00  0.00000000E+00  0.00000000E+00  0.00000000E+00  0.00000000E+00  0.00000000E+00 
