energy#1, (U= 800.000 cm^-1)
state= 1
j12= 0
m12= 0
L_ORB  B_IMPACT(a.u.)     DEFLCT_ANGLE(rad)    SCAT_PHASE(rad)       FINISH_TIME(a.u.)    ENERGY_ERROR(%)      NORM_ERROR(%)    LOOPS   OSCIL
   0   0.00000000E+00      0.31415927E+01      -0.66771521E+02        0.37722142E+05      0.31802519E-03      0.21643997E-03       0       0
   1   0.14978241E+00      0.30486128E+01      -0.63676418E+02        0.37752761E+05      0.37258172E-03      0.21431612E-03       0       0
   2   0.29956482E+00      0.29805083E+01      -0.60661858E+02        0.37752761E+05      0.41330633E-03      0.21012507E-03       0       0
   3   0.44934722E+00      0.29137033E+01      -0.57714752E+02        0.37752761E+05      0.36541707E-03      0.20397856E-03       0       0
   4   0.59912963E+00      0.28472474E+01      -0.54834277E+02        0.37783379E+05      0.25664480E-03      0.19603807E-03       0       0
   5   0.74891204E+00      0.27808769E+01      -0.52020214E+02        0.37813998E+05      0.38824702E-03      0.18650578E-03       0       0
   6   0.89869445E+00      0.27144767E+01      -0.49272538E+02        0.37844617E+05      0.25739652E-03      0.17562530E-03       0       0
   7   0.10484769E+01      0.26479787E+01      -0.46591310E+02        0.37905854E+05      0.30702730E-03      0.16366078E-03       0       0
   8   0.11982593E+01      0.25813339E+01      -0.43976654E+02        0.37936472E+05      0.22190928E-03      0.15089758E-03       0       0
   9   0.13480417E+01      0.25145013E+01      -0.41428736E+02        0.37997710E+05      0.19091707E-03      0.13762479E-03       0       0
  10   0.14978241E+01      0.24474437E+01      -0.38947764E+02        0.38058947E+05      0.20487786E-03      0.12412795E-03       0       0
  11   0.16476065E+01      0.23801254E+01      -0.36533979E+02        0.38120184E+05      0.16616494E-03      0.11068016E-03       0       0
  12   0.17973889E+01      0.23125108E+01      -0.34187661E+02        0.38181421E+05      0.15626545E-03      0.97532012E-04       0       0
  13   0.19471713E+01      0.22445639E+01      -0.31909124E+02        0.38273277E+05      0.17404299E-03      0.84904890E-04       0       0
  14   0.20969537E+01      0.21762480E+01      -0.29698718E+02        0.38365133E+05      0.12443305E-03      0.72986800E-04       0       0
  15   0.22467361E+01      0.21075251E+01      -0.27556831E+02        0.38456989E+05      0.64805304E-04      0.61926160E-04       0       0
  16   0.23965185E+01      0.20383558E+01      -0.25483891E+02        0.38548845E+05      0.55825011E-04      0.51831774E-04       0       0
  17   0.25463009E+01      0.19686991E+01      -0.23480363E+02        0.38671319E+05      0.10537561E-03      0.42772642E-04       0       0
  18   0.26960833E+01      0.18985134E+01      -0.21546757E+02        0.38763175E+05      0.16437906E-04      0.34779496E-04       0       0
  19   0.28458657E+01      0.18277544E+01      -0.19683623E+02        0.38885650E+05      0.28648474E-04      0.27847011E-04       0       0
  20   0.29956482E+01      0.17563782E+01      -0.17891557E+02        0.39038743E+05      0.39357195E-04      0.21939803E-04       0       0
  21   0.31454306E+01      0.16843409E+01      -0.16171197E+02        0.39161217E+05      0.43938299E-04      0.16996810E-04       0       0
  22   0.32952130E+01      0.16116024E+01      -0.14523226E+02        0.39314310E+05      0.13829721E-04      0.13501671E-04       0       0
  23   0.34449954E+01      0.15381347E+01      -0.12948357E+02        0.39467403E+05      0.11130704E-04      0.12372669E-04       0       0
  24   0.35947778E+01      0.14639528E+01      -0.11447313E+02        0.39620497E+05      0.20092897E-04      0.11200460E-04       0       0
  25   0.37445602E+01      0.13890745E+01      -0.10020800E+02        0.39804208E+05      0.39608523E-04      0.10001547E-04       0       0
  26   0.38943426E+01      0.13135090E+01      -0.86695081E+01        0.39957301E+05      0.19639207E-04      0.88017219E-05       0       0
  27   0.40441250E+01      0.12372834E+01      -0.73941119E+01        0.40141013E+05      0.21732859E-05      0.76240984E-05       0       0
  28   0.41939074E+01      0.11604503E+01      -0.61952450E+01        0.40324725E+05      0.95064200E-05      0.64936243E-05       0       0
  29   0.43436898E+01      0.10830960E+01      -0.50734719E+01        0.40508437E+05      0.51993781E-05      0.54433683E-05       0       0
  30   0.44934722E+01      0.10053476E+01      -0.40292501E+01        0.40722767E+05      0.41325111E-05      0.44821227E-05       0       0
  31   0.46432546E+01      0.92737035E+00      -0.30628911E+01        0.40906479E+05      0.54321126E-05      0.36297094E-05       0       0
  32   0.47930370E+01      0.84931363E+00      -0.21745491E+01        0.41120809E+05      0.48839709E-05      0.28862412E-05       0       0
  33   0.49428195E+01      0.77144083E+00      -0.13641719E+01        0.41335139E+05      0.31254233E-05      0.22542696E-05       0       0
  34   0.50926019E+01      0.69415540E+00      -0.63137375E+00        0.41549470E+05      0.55843356E-05      0.17290809E-05       0       0
  35   0.52423843E+01      0.61789855E+00       0.24653227E-01        0.41733181E+05      0.10862314E-05      0.12999167E-05       0       0
  36   0.53921667E+01      0.54287213E+00       0.60503857E+00        0.41947512E+05      0.51756179E-05      0.95170734E-06       0       0
  37   0.55419491E+01      0.46799361E+00       0.11104714E+01        0.42161842E+05      0.17332908E-05      0.66948498E-06       0       0
  38   0.56917315E+01      0.39252186E+00       0.15407292E+01        0.42406791E+05      0.10775050E-04      0.44759616E-06       0       0
  39   0.58415139E+01      0.31671298E+00       0.18953466E+01        0.42651740E+05      0.47371879E-05      0.28232001E-06       0       0
  40   0.59912963E+01      0.24153395E+00       0.21744701E+01        0.42927308E+05      0.35561582E-05      0.16741026E-06       0       0
  41   0.61410787E+01      0.16924281E+00       0.23798584E+01        0.43202875E+05      0.65442296E-05      0.93975472E-07       0       0
  42   0.62908611E+01      0.10202956E+00       0.25154946E+01        0.43447824E+05      0.76867904E-05      0.50758109E-07       0       0
  43   0.64406435E+01      0.41428668E-01       0.25872237E+01        0.43692773E+05      0.18906831E-05      0.27234170E-07       0       0
  44   0.65904259E+01     -0.11403515E-01       0.26022363E+01        0.43907104E+05      0.41222530E-06      0.15653079E-07       0       0
  45   0.67402083E+01     -0.55603735E-01       0.25687327E+01        0.44090815E+05      0.24031935E-05      0.10480239E-07       0       0
  46   0.68899907E+01     -0.93004856E-01       0.24944284E+01        0.44243908E+05      0.22493191E-05      0.84757978E-08       0       0
  47   0.70397732E+01     -0.12208077E+00       0.23868856E+01        0.44366383E+05      0.10858401E-05      0.79590556E-08       0       0
  48   0.71895556E+01     -0.14111390E+00       0.22552882E+01        0.44427620E+05      0.68617379E-05      0.78034468E-08       0       0
  49   0.73393380E+01     -0.15071801E+00       0.21093723E+01        0.44427620E+05      0.12513082E-05      0.74767970E-08       0       0
  50   0.74891204E+01     -0.15317980E+00       0.19574234E+01        0.44397002E+05      0.27630215E-05      0.69230843E-08       0       0
  51   0.76389028E+01     -0.15230279E+00       0.18046821E+01        0.44366383E+05      0.14182643E-05      0.62398975E-08       0       0
  52   0.77886852E+01     -0.14804009E+00       0.16545107E+01        0.44274527E+05      0.44239382E-05      0.54267701E-08       0       0
  53   0.79384676E+01     -0.13985745E+00       0.15105619E+01        0.44182671E+05      0.79675367E-07      0.45484061E-08       0       0
  54   0.80882500E+01     -0.12919434E+00       0.13760360E+01        0.44029578E+05      0.12925859E-05      0.37286618E-08       0       0
  55   0.82380324E+01     -0.11869733E+00       0.12520902E+01        0.43907104E+05      0.70495079E-05      0.30579983E-08       0       0
  56   0.83878148E+01     -0.11019316E+00       0.11376449E+01        0.43784629E+05      0.40345990E-06      0.25095259E-08       0       0
  57   0.85375972E+01     -0.10102176E+00       0.10320375E+01        0.43631536E+05      0.68522682E-05      0.20099034E-08       0       0
  58   0.86873796E+01     -0.91249106E-01       0.93590202E+00        0.43478443E+05      0.38032753E-05      0.15891066E-08       0       0
  59   0.88371620E+01     -0.82571446E-01       0.84899174E+00        0.43325350E+05      0.15467607E-05      0.12565726E-08       0       0
  60   0.89869445E+01     -0.74285721E-01       0.77056316E+00        0.43172257E+05      0.44269052E-05      0.98692166E-09       0       0
  61   0.91367269E+01     -0.66602361E-01       0.70011912E+00        0.43049782E+05      0.38939964E-05      0.78106410E-09       0       0
  62   0.92865093E+01     -0.60680650E-01       0.63647761E+00        0.42896689E+05      0.79298939E-05      0.62840844E-09       0       0
  63   0.94362917E+01     -0.55421294E-01       0.57842664E+00        0.42743596E+05      0.16671188E-06      0.50137672E-09       0       0
  64   0.95860741E+01     -0.49921663E-01       0.52575516E+00        0.42621122E+05      0.38348309E-05      0.39366288E-09       0       0
  65   0.97358565E+01     -0.44755204E-01       0.47841673E+00        0.42468028E+05      0.10425071E-05      0.30953018E-09       0       0
  66   0.98856389E+01     -0.40360834E-01       0.43585871E+00        0.42314935E+05      0.86084013E-05      0.24802382E-09       0       0
  67   0.10035421E+02     -0.36951815E-01       0.39720239E+00        0.42161842E+05      0.64126719E-06      0.20097257E-09       0       0
  68   0.10185204E+02     -0.33788764E-01       0.36183210E+00        0.42039368E+05      0.17055691E-05      0.16111557E-09       0       0
  69   0.10334986E+02     -0.30521163E-01       0.32967713E+00        0.41886275E+05      0.84318610E-05      0.12769785E-09       0       0
  70   0.10484769E+02     -0.27485158E-01       0.30067397E+00        0.41733181E+05      0.64685448E-05      0.10162982E-09       0       0
  71   0.10634551E+02     -0.24937801E-01       0.27446249E+00        0.41580088E+05      0.36412278E-06      0.82667206E-10       0       0
  72   0.10784333E+02     -0.22983063E-01       0.25050206E+00        0.41457614E+05      0.50231978E-06      0.67879036E-10       0       0
  73   0.10934116E+02     -0.21144573E-01       0.22843824E+00        0.41304521E+05      0.67476055E-05      0.55266902E-10       0       0
  74   0.11083898E+02     -0.19265596E-01       0.20823316E+00        0.41151428E+05      0.92496241E-05      0.44897419E-10       0       0
  75   0.11233681E+02     -0.17598439E-01       0.18980114E+00        0.40998335E+05      0.61570368E-05      0.36348702E-10       0       0
  76   0.11383463E+02     -0.16079289E-01       0.17296228E+00        0.40845241E+05      0.45175390E-05      0.29709568E-10       0       0
  77   0.11533245E+02     -0.14629187E-01       0.15760804E+00        0.40692148E+05      0.50852301E-05      0.24025226E-10       0       0
  78   0.11683028E+02     -0.13452449E-01       0.14356722E+00        0.40539055E+05      0.56447003E-05      0.19917401E-10       0       0
  79   0.11832810E+02     -0.12520006E-01       0.13058099E+00        0.40385962E+05      0.63873592E-05      0.16764368E-10       0       0
  80   0.11982593E+02     -0.11565926E-01       0.11853803E+00        0.40232869E+05      0.95043744E-05      0.13855583E-10       0       0
  81   0.12132375E+02     -0.10599470E-01       0.10745533E+00        0.40079776E+05      0.29755204E-05      0.11168844E-10       0       0
  82   0.12282157E+02     -0.97077652E-02       0.97301713E-01        0.39896064E+05      0.42367665E-05      0.94368957E-11       0       0
  83   0.12431940E+02     -0.89833901E-02       0.87956136E-01        0.39742971E+05      0.50635014E-05      0.78825835E-11       0       0
  84   0.12581722E+02     -0.83980461E-02       0.79265418E-01        0.39589878E+05      0.38048303E-05      0.65503158E-11       0       0
  85   0.12731505E+02     -0.77936771E-02       0.71169556E-01        0.39406166E+05      0.17774733E-06      0.54400928E-11       0       0
  86   0.12881287E+02     -0.71995676E-02       0.63672934E-01        0.39253073E+05      0.35819006E-05      0.47739590E-11       0       0
  87   0.13031069E+02     -0.66800089E-02       0.56733146E-01        0.39069361E+05      0.43969611E-05      0.41078252E-11       0       0
  88   0.13180852E+02     -0.61820667E-02       0.50302108E-01        0.38885650E+05      0.42173607E-05      0.33750780E-11       0       0
  89   0.13330634E+02     -0.57092599E-02       0.44356445E-01        0.38732557E+05      0.92742227E-06      0.28199665E-11       0       0
  90   0.13480417E+02     -0.53386343E-02       0.38832497E-01        0.38548845E+05      0.55303095E-05      0.22648550E-11       0       0
  91   0.13630199E+02     -0.50212722E-02       0.33652544E-01        0.38365133E+05      0.80226915E-05      0.21982416E-11       0       0
  92   0.13779981E+02     -0.46814317E-02       0.28801192E-01        0.38181421E+05      0.75457897E-05      0.19539925E-11       0       0
  93   0.13929764E+02     -0.43429367E-02       0.24289008E-01        0.37997710E+05      0.43884722E-05      0.16653345E-11       0       0
  94   0.14079546E+02     -0.40346965E-02       0.20100191E-01        0.37813998E+05      0.11136200E-05      0.13322676E-11       0       0
  95   0.14229329E+02     -0.37840446E-02       0.16190821E-01        0.37599668E+05      0.51919843E-06      0.82156504E-12       0       0
  96   0.14379111E+02     -0.35662768E-02       0.12515660E-01        0.37415956E+05      0.88822829E-05      0.95479180E-12       0       0
  97   0.14528894E+02     -0.33398488E-02       0.90625973E-02        0.37232244E+05      0.38253893E-05      0.53290705E-12       0       0
  98   0.14678676E+02     -0.31145304E-02       0.58354077E-02        0.37017914E+05      0.78508210E-05      0.52180482E-12       0       0
  99   0.14828458E+02     -0.29075409E-02       0.28243721E-02        0.36803583E+05      0.11280379E-05      0.35527137E-12       0       0
 100   0.14978241E+02     -0.27412032E-02       0.00000000E+00        0.36619872E+05      0.34583388E-05      0.48849813E-12       0       0
 
