 FOR ENERGY=           1
 MAXIMUM PROBABILITY ERROR
 B_IMP  0.000000000000000E+000
 L_ORB  0.000000000000000E+000
 R_FIN   25.0054477542751     
 PHI_FIN  0.000000000000000E+000
 PROBAB_SURV  0.252512478988762     
 ERROR_ENERG  3.180251882887182E-004
 ERROR_PROBAB  2.164399740101075E-004
 STATE           1
 #NTRAJECT           1
 #NPROC           0
 
 MAXIMUM ENERGY ERROR
 B_IMP  0.366890471034293     
 L_ORB   2.00000000000000     
 R_FIN   25.0199314416996     
 PHI_FIN  0.131564380370571     
 PROBAB_SURV  0.249010797042394     
 ERROR_ENERG  4.133063252652331E-004
 ERROR_PROBAB  2.101250669350740E-004
 STATE           1
 #NTRAJECT           1
 #NPROC           8
 -------------------------
