MQCT paths: /mmfs1/home/8101lukmani/pure-MQCT/EXAMPLES_IO/SYS_TYPE_7/NH3_H2/ND3_D2_Dynamic/MQCT_PATHS.txt -> /mmfs1/home/8101lukmani/MQCT-main/bin/mqct_ND3D2.exe
 MPI INITIALIZED
 PARSERING OF USER INPUT
 ARRAY_INI_STARTED
 STATES_SIZE_FOUND          80
 number_of_channels          14
 jmax_included           5
 BASIS ARRAYS CREATED
ARRAYS ALLOCATION TOOK TIME, s =             0.000
 TOTAL_SIZE_OF_M =          461
  MAKING AN EQUIDIST GRID	
 MTRX.DAT READING STARTED
 FORMATTED READING DONE
Truncation #1 at #R = 11, R = 6.030, and #2 at #R = 19, R = 8.050
THE SIZE OF NON_ZERO PART OF Mij =        241
 MPI TASK PER TRAJECTORY WILL BE USED
MPI TASKS WHICH ARE ASSOCIATED WITH ONE TRAJECTORY =     4
 Mij ROOT PROC DISTRIBUTION STARTED
 Mij ROOT PROC DISTRIBUTION DONE
 Mij ALL PROC DISTRIBUTION STARTED
 Mij ALL PROC DISTRIBUTION DONE
 MPI_COMMUNICATORS_CREATION STARTED
 MPI_COMMUNICATORS_CREATION DONE
TIME SPENT ON MATRIX Mij READING/COMPUTING/SAVING ON DISK ,s       0.1
  
 SCATTERING CALCULATIONS STARTED
 NUMBER OF TRAJECTORIES PER PROC_GROUP MIN           1
TOTAL J RANGE: FROM    0 TO  100
TOTAL L RANGE: FROM    0 TO  100
l_range1/2/3 =      0     0     0  total =    101
 NUMBER OF TRAJECTORIES PER PROC_GROUP MAX           2
 TOTAL NUMBER OF TRAJECTORIES         101
TIME IT TOOK TO SETUP ARRAYS, s     0
CALCULATIONS START FOR M =    0
TRAJECTORY DONE FOR L=     1 TIME_SPENT=        0.140 SEC.
TRAJECTORY DONE FOR L=     2 TIME_SPENT=        0.140 SEC.
TRAJECTORY DONE FOR L=     0 TIME_SPENT=        0.137 SEC.
TRAJECTORY DONE FOR L=     9 TIME_SPENT=        0.141 SEC.
TRAJECTORY DONE FOR L=     4 TIME_SPENT=        0.141 SEC.
TRAJECTORY DONE FOR L=     5 TIME_SPENT=        0.142 SEC.
TRAJECTORY DONE FOR L=     6 TIME_SPENT=        0.142 SEC.
TRAJECTORY DONE FOR L=    10 TIME_SPENT=        0.143 SEC.
TRAJECTORY DONE FOR L=    15 TIME_SPENT=        0.145 SEC.
TRAJECTORY DONE FOR L=    13 TIME_SPENT=        0.145 SEC.
TRAJECTORY DONE FOR L=    14 TIME_SPENT=        0.145 SEC.
TRAJECTORY DONE FOR L=    18 TIME_SPENT=        0.146 SEC.
TRAJECTORY DONE FOR L=    19 TIME_SPENT=        0.146 SEC.
TRAJECTORY DONE FOR L=    17 TIME_SPENT=        0.147 SEC.
TRAJECTORY DONE FOR L=    22 TIME_SPENT=        0.147 SEC.
TRAJECTORY DONE FOR L=    21 TIME_SPENT=        0.147 SEC.
TRAJECTORY DONE FOR L=    20 TIME_SPENT=        0.148 SEC.
TRAJECTORY DONE FOR L=    12 TIME_SPENT=        0.148 SEC.
TRAJECTORY DONE FOR L=    23 TIME_SPENT=        0.148 SEC.
TRAJECTORY DONE FOR L=     3 TIME_SPENT=        0.148 SEC.
TRAJECTORY DONE FOR L=    24 TIME_SPENT=        0.149 SEC.
TRAJECTORY DONE FOR L=     8 TIME_SPENT=        0.149 SEC.
TRAJECTORY DONE FOR L=     7 TIME_SPENT=        0.149 SEC.
TRAJECTORY DONE FOR L=    11 TIME_SPENT=        0.150 SEC.
TRAJECTORY DONE FOR L=    25 TIME_SPENT=        0.150 SEC.
TRAJECTORY DONE FOR L=    26 TIME_SPENT=        0.151 SEC.
TRAJECTORY DONE FOR L=    27 TIME_SPENT=        0.152 SEC.
TRAJECTORY DONE FOR L=    33 TIME_SPENT=        0.153 SEC.
TRAJECTORY DONE FOR L=    29 TIME_SPENT=        0.154 SEC.
TRAJECTORY DONE FOR L=    30 TIME_SPENT=        0.154 SEC.
TRAJECTORY DONE FOR L=    35 TIME_SPENT=        0.154 SEC.
TRAJECTORY DONE FOR L=    31 TIME_SPENT=        0.155 SEC.
TRAJECTORY DONE FOR L=    34 TIME_SPENT=        0.155 SEC.
TRAJECTORY DONE FOR L=    36 TIME_SPENT=        0.155 SEC.
TRAJECTORY DONE FOR L=    32 TIME_SPENT=        0.155 SEC.
TRAJECTORY DONE FOR L=    38 TIME_SPENT=        0.157 SEC.
TRAJECTORY DONE FOR L=    37 TIME_SPENT=        0.158 SEC.
TRAJECTORY DONE FOR L=    16 TIME_SPENT=        0.159 SEC.
TRAJECTORY DONE FOR L=    28 TIME_SPENT=        0.160 SEC.
TRAJECTORY DONE FOR L=    62 TIME_SPENT=        0.161 SEC.
TRAJECTORY DONE FOR L=    63 TIME_SPENT=        0.161 SEC.
TRAJECTORY DONE FOR L=    40 TIME_SPENT=        0.162 SEC.
TRAJECTORY DONE FOR L=    61 TIME_SPENT=        0.162 SEC.
TRAJECTORY DONE FOR L=    41 TIME_SPENT=        0.163 SEC.
TRAJECTORY DONE FOR L=    42 TIME_SPENT=        0.164 SEC.
TRAJECTORY DONE FOR L=    60 TIME_SPENT=        0.164 SEC.
TRAJECTORY DONE FOR L=    43 TIME_SPENT=        0.164 SEC.
TRAJECTORY DONE FOR L=    57 TIME_SPENT=        0.164 SEC.
TRAJECTORY DONE FOR L=    54 TIME_SPENT=        0.164 SEC.
TRAJECTORY DONE FOR L=    56 TIME_SPENT=        0.165 SEC.
TRAJECTORY DONE FOR L=    55 TIME_SPENT=        0.165 SEC.
TRAJECTORY DONE FOR L=    52 TIME_SPENT=        0.165 SEC.
TRAJECTORY DONE FOR L=    53 TIME_SPENT=        0.166 SEC.
TRAJECTORY DONE FOR L=    48 TIME_SPENT=        0.166 SEC.
TRAJECTORY DONE FOR L=    44 TIME_SPENT=        0.166 SEC.
TRAJECTORY DONE FOR L=    51 TIME_SPENT=        0.166 SEC.
TRAJECTORY DONE FOR L=    47 TIME_SPENT=        0.166 SEC.
TRAJECTORY DONE FOR L=    45 TIME_SPENT=        0.166 SEC.
TRAJECTORY DONE FOR L=    50 TIME_SPENT=        0.167 SEC.
TRAJECTORY DONE FOR L=    58 TIME_SPENT=        0.167 SEC.
TRAJECTORY DONE FOR L=    49 TIME_SPENT=        0.167 SEC.
TRAJECTORY DONE FOR L=    39 TIME_SPENT=        0.173 SEC.
TRAJECTORY DONE FOR L=    59 TIME_SPENT=        0.174 SEC.
TRAJECTORY DONE FOR L=    46 TIME_SPENT=        0.174 SEC.
TRAJECTORY DONE FOR L=    86 TIME_SPENT=        0.139 SEC.
TRAJECTORY DONE FOR L=   100 TIME_SPENT=        0.132 SEC.
TRAJECTORY DONE FOR L=    83 TIME_SPENT=        0.140 SEC.
TRAJECTORY DONE FOR L=    87 TIME_SPENT=        0.138 SEC.
TRAJECTORY DONE FOR L=    85 TIME_SPENT=        0.140 SEC.
TRAJECTORY DONE FOR L=    88 TIME_SPENT=        0.138 SEC.
TRAJECTORY DONE FOR L=    82 TIME_SPENT=        0.142 SEC.
TRAJECTORY DONE FOR L=    99 TIME_SPENT=        0.134 SEC.
TRAJECTORY DONE FOR L=    73 TIME_SPENT=        0.147 SEC.
TRAJECTORY DONE FOR L=    90 TIME_SPENT=        0.138 SEC.
TRAJECTORY DONE FOR L=    89 TIME_SPENT=        0.139 SEC.
TRAJECTORY DONE FOR L=    65 TIME_SPENT=        0.149 SEC.
TRAJECTORY DONE FOR L=    79 TIME_SPENT=        0.145 SEC.
TRAJECTORY DONE FOR L=    74 TIME_SPENT=        0.146 SEC.
TRAJECTORY DONE FOR L=    93 TIME_SPENT=        0.136 SEC.
TRAJECTORY DONE FOR L=    94 TIME_SPENT=        0.135 SEC.
TRAJECTORY DONE FOR L=    68 TIME_SPENT=        0.148 SEC.
TRAJECTORY DONE FOR L=    66 TIME_SPENT=        0.149 SEC.
TRAJECTORY DONE FOR L=    70 TIME_SPENT=        0.147 SEC.
TRAJECTORY DONE FOR L=    81 TIME_SPENT=        0.143 SEC.
TRAJECTORY DONE FOR L=    78 TIME_SPENT=        0.145 SEC.
TRAJECTORY DONE FOR L=    77 TIME_SPENT=        0.145 SEC.
TRAJECTORY DONE FOR L=    69 TIME_SPENT=        0.148 SEC.
TRAJECTORY DONE FOR L=    64 TIME_SPENT=        0.149 SEC.
TRAJECTORY DONE FOR L=    95 TIME_SPENT=        0.136 SEC.
TRAJECTORY DONE FOR L=    98 TIME_SPENT=        0.136 SEC.
TRAJECTORY DONE FOR L=    76 TIME_SPENT=        0.146 SEC.
TRAJECTORY DONE FOR L=    96 TIME_SPENT=        0.139 SEC.
TRAJECTORY DONE FOR L=    84 TIME_SPENT=        0.147 SEC.
TRAJECTORY DONE FOR L=    75 TIME_SPENT=        0.145 SEC.
TRAJECTORY DONE FOR L=    91 TIME_SPENT=        0.144 SEC.
TRAJECTORY DONE FOR L=    92 TIME_SPENT=        0.136 SEC.
TRAJECTORY DONE FOR L=    71 TIME_SPENT=        0.147 SEC.
TRAJECTORY DONE FOR L=    67 TIME_SPENT=        0.148 SEC.
TRAJECTORY DONE FOR L=    97 TIME_SPENT=        0.143 SEC.
TRAJECTORY DONE FOR L=    80 TIME_SPENT=        0.142 SEC.
TRAJECTORY DONE FOR L=    72 TIME_SPENT=        0.154 SEC.
ALL TRAJECTORIES DONE FOR ENER_NUM =   1 AND M12 =    0  J12=     0
TIME IT TOOK TO PROPOGATE,s          0
 DATA FROM ALL TRAJECTORIES GATHERED
 INELASTIC CROSS SECTION CALCULATED FOR M           0
  
 CROSS SECTION CALCULATED FOR ENERGY=           1
  
 Trajectory Propagation Time:  0.334904126000000     
  
TOTAL TIME SPENT ON PROPAGATION,sec =       86
THE AVERAGE TIME PER MPI TASK SPENT ON PROPAGATION =    0  h   0   m  0.3  s
TIME SPENT ON INITIALIZATION TOOK WALL CLOCK TIME =    0  h   0   m  0.1  s
TIME SPENT ON MIJ.DAT READING TOOK WALL CLOCK TIME =    0  h   0   m  0.0  s
TIME SPENT ON MIJ DISTRIBUTION TOOK WALL CLOCK TIME =    0  h   0   m  0.1  s
TIME SPENT ON MIJ REALLOCATION TOOK WALL CLOCK TIME =    0  h   0   m  0.0  s
 ALL WORK DONE

real	0m4.739s
user	1m41.433s
sys	2m19.085s
