STATE= 1
j12= 0
m12= 0
ENERGY#1, U(i)= 800.000 cm^-1
    B_IMPACT        L   CHANNEL=     1  CHANNEL=     2  CHANNEL=     3  CHANNEL=     4  CHANNEL=     5  CHANNEL=     6  CHANNEL=     7  CHANNEL=     8  CHANNEL=     9  CHANNEL=    10  CHANNEL=    11  CHANNEL=    12  CHANNEL=    13  CHANNEL=    14  
 0.00000000E+00      0  0.25251248E+00  0.49524277E-01  0.58538918E+00  0.85684530E-01  0.00000000E+00  0.26887368E-01  0.00000000E+00  0.00000000E+00  0.00000000E+00  0.00000000E+00  0.00000000E+00  0.00000000E+00  0.00000000E+00  0.00000000E+00 
 0.14978241E+00      1  0.25134632E+00  0.49888663E-01  0.58476030E+00  0.86082968E-01  0.86815937E-05  0.27910916E-01  0.00000000E+00  0.00000000E+00  0.00000000E+00  0.00000000E+00  0.00000000E+00  0.00000000E+00  0.00000000E+00  0.00000000E+00 
 0.29956482E+00      2  0.24901080E+00  0.50618505E-01  0.58348629E+00  0.86878084E-01  0.25747473E-04  0.29978473E-01  0.00000000E+00  0.00000000E+00  0.00000000E+00  0.00000000E+00  0.00000000E+00  0.00000000E+00  0.00000000E+00  0.00000000E+00 
 0.44934722E+00      3  0.24550050E+00  0.51715716E-01  0.58153524E+00  0.88066091E-01  0.50616042E-04  0.33129798E-01  0.00000000E+00  0.00000000E+00  0.00000000E+00  0.00000000E+00  0.00000000E+00  0.00000000E+00  0.00000000E+00  0.00000000E+00 
 0.59912963E+00      4  0.24080881E+00  0.53182939E-01  0.57886037E+00  0.89641062E-01  0.82446752E-04  0.37422410E-01  0.00000000E+00  0.00000000E+00  0.00000000E+00  0.00000000E+00  0.00000000E+00  0.00000000E+00  0.00000000E+00  0.00000000E+00 
 0.74891204E+00      5  0.23492912E+00  0.55023436E-01  0.57540098E+00  0.91594843E-01  0.12017575E-03  0.42929586E-01  0.00000000E+00  0.00000000E+00  0.00000000E+00  0.00000000E+00  0.00000000E+00  0.00000000E+00  0.00000000E+00  0.00000000E+00 
 0.89869445E+00      6  0.22786136E+00  0.57239391E-01  0.57108608E+00  0.93915207E-01  0.16256417E-03  0.49733641E-01  0.00000000E+00  0.00000000E+00  0.00000000E+00  0.00000000E+00  0.00000000E+00  0.00000000E+00  0.00000000E+00  0.00000000E+00 
 0.10484769E+01      7  0.21961029E+00  0.59832906E-01  0.56583443E+00  0.96587023E-01  0.20824823E-03  0.57925472E-01  0.00000000E+00  0.00000000E+00  0.00000000E+00  0.00000000E+00  0.00000000E+00  0.00000000E+00  0.00000000E+00  0.00000000E+00 
 0.11982593E+01      8  0.21019428E+00  0.62803702E-01  0.55955972E+00  0.99589920E-01  0.25580145E-03  0.67595076E-01  0.00000000E+00  0.00000000E+00  0.00000000E+00  0.00000000E+00  0.00000000E+00  0.00000000E+00  0.00000000E+00  0.00000000E+00 
 0.13480417E+01      9  0.19964687E+00  0.66149219E-01  0.55217260E+00  0.10289851E+00  0.30379284E-03  0.78827638E-01  0.00000000E+00  0.00000000E+00  0.00000000E+00  0.00000000E+00  0.00000000E+00  0.00000000E+00  0.00000000E+00  0.00000000E+00 
 0.14978241E+01     10  0.18802225E+00  0.69863418E-01  0.54358473E+00  0.10648148E+00  0.35084662E-03  0.91696029E-01  0.00000000E+00  0.00000000E+00  0.00000000E+00  0.00000000E+00  0.00000000E+00  0.00000000E+00  0.00000000E+00  0.00000000E+00 
 0.16476065E+01     11  0.17540146E+00  0.73935413E-01  0.53371393E+00  0.11030047E+00  0.39570106E-03  0.10625192E+00  0.00000000E+00  0.00000000E+00  0.00000000E+00  0.00000000E+00  0.00000000E+00  0.00000000E+00  0.00000000E+00  0.00000000E+00 
 0.17973889E+01     12  0.16189577E+00  0.78348932E-01  0.52248774E+00  0.11430998E+00  0.43725493E-03  0.12251935E+00  0.00000000E+00  0.00000000E+00  0.00000000E+00  0.00000000E+00  0.00000000E+00  0.00000000E+00  0.00000000E+00  0.00000000E+00 
 0.19471713E+01     13  0.14765167E+00  0.83081185E-01  0.50984836E+00  0.11845686E+00  0.47460760E-03  0.14048646E+00  0.00000000E+00  0.00000000E+00  0.00000000E+00  0.00000000E+00  0.00000000E+00  0.00000000E+00  0.00000000E+00  0.00000000E+00 
 0.20969537E+01     14  0.13285624E+00  0.88101503E-01  0.49575858E+00  0.12267963E+00  0.50709194E-03  0.16009621E+00  0.00000000E+00  0.00000000E+00  0.00000000E+00  0.00000000E+00  0.00000000E+00  0.00000000E+00  0.00000000E+00  0.00000000E+00 
 0.22467361E+01     15  0.11773764E+00  0.93371385E-01  0.48020415E+00  0.12690938E+00  0.53428110E-03  0.18124254E+00  0.00000000E+00  0.00000000E+00  0.00000000E+00  0.00000000E+00  0.00000000E+00  0.00000000E+00  0.00000000E+00  0.00000000E+00 
 0.23965185E+01     16  0.10256886E+00  0.98843269E-01  0.46319946E+00  0.13106948E+00  0.55599515E-03  0.20376242E+00  0.00000000E+00  0.00000000E+00  0.00000000E+00  0.00000000E+00  0.00000000E+00  0.00000000E+00  0.00000000E+00  0.00000000E+00 
 0.25463009E+01     17  0.87668058E-01  0.10446017E+00  0.44479103E+00  0.13507638E+00  0.57228744E-03  0.22743165E+00  0.00000000E+00  0.00000000E+00  0.00000000E+00  0.00000000E+00  0.00000000E+00  0.00000000E+00  0.00000000E+00  0.00000000E+00 
 0.26960833E+01     18  0.73396739E-01  0.11015568E+00  0.42505957E+00  0.13884080E+00  0.58341541E-03  0.25196345E+00  0.00000000E+00  0.00000000E+00  0.00000000E+00  0.00000000E+00  0.00000000E+00  0.00000000E+00  0.00000000E+00  0.00000000E+00 
 0.28458657E+01     19  0.60155559E-01  0.11585468E+00  0.40411947E+00  0.14226945E+00  0.58979373E-03  0.27701078E+00  0.00000000E+00  0.00000000E+00  0.00000000E+00  0.00000000E+00  0.00000000E+00  0.00000000E+00  0.00000000E+00  0.00000000E+00 
 0.29956482E+01     20  0.48381107E-01  0.12147320E+00  0.38211996E+00  0.14526633E+00  0.59194812E-03  0.30216724E+00  0.00000000E+00  0.00000000E+00  0.00000000E+00  0.00000000E+00  0.00000000E+00  0.00000000E+00  0.00000000E+00  0.00000000E+00 
 0.31454306E+01     21  0.38538467E-01  0.12691984E+00  0.35923959E+00  0.14773517E+00  0.59044081E-03  0.32697632E+00  0.00000000E+00  0.00000000E+00  0.00000000E+00  0.00000000E+00  0.00000000E+00  0.00000000E+00  0.00000000E+00  0.00000000E+00 
 0.32952130E+01     22  0.31115809E-01  0.13209657E+00  0.33567903E+00  0.14958138E+00  0.58578574E-03  0.35094129E+00  0.00000000E+00  0.00000000E+00  0.00000000E+00  0.00000000E+00  0.00000000E+00  0.00000000E+00  0.00000000E+00  0.00000000E+00 
 0.34449954E+01     23  0.26621410E-01  0.13690022E+00  0.31163996E+00  0.15071440E+00  0.57829786E-03  0.37354562E+00  0.00000000E+00  0.00000000E+00  0.00000000E+00  0.00000000E+00  0.00000000E+00  0.00000000E+00  0.00000000E+00  0.00000000E+00 
 0.35947778E+01     24  0.25600696E-01  0.14122242E+00  0.28726994E+00  0.15104906E+00  0.56774566E-03  0.39429008E+00  0.00000000E+00  0.00000000E+00  0.00000000E+00  0.00000000E+00  0.00000000E+00  0.00000000E+00  0.00000000E+00  0.00000000E+00 
 0.37445602E+01     25  0.28677220E-01  0.14493156E+00  0.26279229E+00  0.15048777E+00  0.55400611E-03  0.41255710E+00  0.00000000E+00  0.00000000E+00  0.00000000E+00  0.00000000E+00  0.00000000E+00  0.00000000E+00  0.00000000E+00  0.00000000E+00 
 0.38943426E+01     26  0.36510479E-01  0.14787838E+00  0.23852339E+00  0.14892870E+00  0.53715045E-03  0.42762186E+00  0.00000000E+00  0.00000000E+00  0.00000000E+00  0.00000000E+00  0.00000000E+00  0.00000000E+00  0.00000000E+00  0.00000000E+00 
 0.40441250E+01     27  0.49765719E-01  0.14990579E+00  0.21480009E+00  0.14627735E+00  0.51707008E-03  0.43873396E+00  0.00000000E+00  0.00000000E+00  0.00000000E+00  0.00000000E+00  0.00000000E+00  0.00000000E+00  0.00000000E+00  0.00000000E+00 
 0.41939074E+01     28  0.69096042E-01  0.15085115E+00  0.19197097E+00  0.14244999E+00  0.49347697E-03  0.44513834E+00  0.00000000E+00  0.00000000E+00  0.00000000E+00  0.00000000E+00  0.00000000E+00  0.00000000E+00  0.00000000E+00  0.00000000E+00 
 0.43436898E+01     29  0.95117586E-01  0.15054987E+00  0.17038563E+00  0.13737792E+00  0.46594411E-03  0.44610303E+00  0.00000000E+00  0.00000000E+00  0.00000000E+00  0.00000000E+00  0.00000000E+00  0.00000000E+00  0.00000000E+00  0.00000000E+00 
 0.44934722E+01     30  0.12837124E+00  0.14884136E+00  0.15038273E+00  0.13101327E+00  0.43400711E-03  0.44095738E+00  0.00000000E+00  0.00000000E+00  0.00000000E+00  0.00000000E+00  0.00000000E+00  0.00000000E+00  0.00000000E+00  0.00000000E+00 
 0.46432546E+01     31  0.16924929E+00  0.14558142E+00  0.13228015E+00  0.12333958E+00  0.39737636E-03  0.42915217E+00  0.00000000E+00  0.00000000E+00  0.00000000E+00  0.00000000E+00  0.00000000E+00  0.00000000E+00  0.00000000E+00  0.00000000E+00 
 0.47930370E+01     32  0.21782063E+00  0.14067415E+00  0.11637264E+00  0.11439630E+00  0.35636177E-03  0.41037991E+00  0.00000000E+00  0.00000000E+00  0.00000000E+00  0.00000000E+00  0.00000000E+00  0.00000000E+00  0.00000000E+00  0.00000000E+00 
 0.49428195E+01     33  0.27396885E+00  0.13405414E+00  0.10280044E+00  0.10426296E+00  0.31132181E-03  0.38460230E+00  0.00000000E+00  0.00000000E+00  0.00000000E+00  0.00000000E+00  0.00000000E+00  0.00000000E+00  0.00000000E+00  0.00000000E+00 
 0.50926019E+01     34  0.33734558E+00  0.12569530E+00  0.91557581E-01  0.93063384E-01  0.26302548E-03  0.35207513E+00  0.00000000E+00  0.00000000E+00  0.00000000E+00  0.00000000E+00  0.00000000E+00  0.00000000E+00  0.00000000E+00  0.00000000E+00 
 0.52423843E+01     35  0.40707715E+00  0.11566689E+00  0.82526411E-01  0.81005022E-01  0.21326268E-03  0.31351126E+00  0.00000000E+00  0.00000000E+00  0.00000000E+00  0.00000000E+00  0.00000000E+00  0.00000000E+00  0.00000000E+00  0.00000000E+00 
 0.53921667E+01     36  0.48127348E+00  0.10423505E+00  0.75497469E-01  0.68446264E-01  0.16511413E-03  0.27038262E+00  0.00000000E+00  0.00000000E+00  0.00000000E+00  0.00000000E+00  0.00000000E+00  0.00000000E+00  0.00000000E+00  0.00000000E+00 
 0.55419491E+01     37  0.55583387E+00  0.92117249E-01  0.70262775E-01  0.56056168E-01  0.12314852E-03  0.22560679E+00  0.00000000E+00  0.00000000E+00  0.00000000E+00  0.00000000E+00  0.00000000E+00  0.00000000E+00  0.00000000E+00  0.00000000E+00 
 0.56917315E+01     38  0.62735969E+00  0.79936639E-01  0.66280935E-01  0.44410805E-01  0.88861266E-04  0.18192307E+00  0.00000000E+00  0.00000000E+00  0.00000000E+00  0.00000000E+00  0.00000000E+00  0.00000000E+00  0.00000000E+00  0.00000000E+00 
 0.58415139E+01     39  0.69395175E+00  0.68054759E-01  0.62841122E-01  0.33869681E-01  0.61703805E-04  0.14122099E+00  0.00000000E+00  0.00000000E+00  0.00000000E+00  0.00000000E+00  0.00000000E+00  0.00000000E+00  0.00000000E+00  0.00000000E+00 
 0.59912963E+01     40  0.75440676E+00  0.56722075E-01  0.59274970E-01  0.24680088E-01  0.40876565E-04  0.10487523E+00  0.00000000E+00  0.00000000E+00  0.00000000E+00  0.00000000E+00  0.00000000E+00  0.00000000E+00  0.00000000E+00  0.00000000E+00 
 0.61410787E+01     41  0.80828382E+00  0.46059497E-01  0.54986370E-01  0.16967190E-01  0.25528929E-04  0.73677591E-01  0.00000000E+00  0.00000000E+00  0.00000000E+00  0.00000000E+00  0.00000000E+00  0.00000000E+00  0.00000000E+00  0.00000000E+00 
 0.62908611E+01     42  0.85482004E+00  0.36300298E-01  0.49678364E-01  0.10849799E-01  0.15166723E-04  0.48336328E-01  0.00000000E+00  0.00000000E+00  0.00000000E+00  0.00000000E+00  0.00000000E+00  0.00000000E+00  0.00000000E+00  0.00000000E+00 
 0.64406435E+01     43  0.89332242E+00  0.27721388E-01  0.43401749E-01  0.63645654E-02  0.89906300E-05  0.29180889E-01  0.00000000E+00  0.00000000E+00  0.00000000E+00  0.00000000E+00  0.00000000E+00  0.00000000E+00  0.00000000E+00  0.00000000E+00 
 0.65904259E+01     44  0.92389821E+00  0.20476063E-01  0.36387392E-01  0.33858594E-02  0.57308839E-05  0.15846741E-01  0.00000000E+00  0.00000000E+00  0.00000000E+00  0.00000000E+00  0.00000000E+00  0.00000000E+00  0.00000000E+00  0.00000000E+00 
 0.67402083E+01     45  0.94722629E+00  0.14589318E-01  0.29068731E-01  0.16662698E-02  0.40836927E-05  0.74453022E-02  0.00000000E+00  0.00000000E+00  0.00000000E+00  0.00000000E+00  0.00000000E+00  0.00000000E+00  0.00000000E+00  0.00000000E+00 
 0.68899907E+01     46  0.96384223E+00  0.10116401E-01  0.22148757E-01  0.91923154E-03  0.31500210E-05  0.29702339E-02  0.00000000E+00  0.00000000E+00  0.00000000E+00  0.00000000E+00  0.00000000E+00  0.00000000E+00  0.00000000E+00  0.00000000E+00 
 0.70397732E+01     47  0.97513558E+00  0.68817130E-02  0.16055175E-01  0.78815859E-03  0.24431926E-05  0.11369310E-02  0.00000000E+00  0.00000000E+00  0.00000000E+00  0.00000000E+00  0.00000000E+00  0.00000000E+00  0.00000000E+00  0.00000000E+00 
 0.71895556E+01     48  0.98267333E+00  0.46147778E-02  0.11010604E-01  0.94565091E-03  0.18077385E-05  0.75382950E-03  0.00000000E+00  0.00000000E+00  0.00000000E+00  0.00000000E+00  0.00000000E+00  0.00000000E+00  0.00000000E+00  0.00000000E+00 
 0.73393380E+01     49  0.98764243E+00  0.30704698E-02  0.71313795E-02  0.11679755E-02  0.12547444E-05  0.98648589E-03  0.00000000E+00  0.00000000E+00  0.00000000E+00  0.00000000E+00  0.00000000E+00  0.00000000E+00  0.00000000E+00  0.00000000E+00 
 0.74891204E+01     50  0.99088412E+00  0.20555960E-02  0.43867245E-02  0.13303424E-02  0.82593263E-06  0.13423959E-02  0.00000000E+00  0.00000000E+00  0.00000000E+00  0.00000000E+00  0.00000000E+00  0.00000000E+00  0.00000000E+00  0.00000000E+00 
 0.76389028E+01     51  0.99303985E+00  0.14017889E-02  0.25658864E-02  0.13941173E-02  0.52653439E-06  0.15978312E-02  0.00000000E+00  0.00000000E+00  0.00000000E+00  0.00000000E+00  0.00000000E+00  0.00000000E+00  0.00000000E+00  0.00000000E+00 
 0.77886852E+01     52  0.99455608E+00  0.97175650E-03  0.13946696E-02  0.13699879E-02  0.32641036E-06  0.17071767E-02  0.00000000E+00  0.00000000E+00  0.00000000E+00  0.00000000E+00  0.00000000E+00  0.00000000E+00  0.00000000E+00  0.00000000E+00 
 0.79384676E+01     53  0.99566767E+00  0.68673454E-03  0.69384075E-03  0.12756436E-02  0.19799232E-06  0.16759148E-02  0.00000000E+00  0.00000000E+00  0.00000000E+00  0.00000000E+00  0.00000000E+00  0.00000000E+00  0.00000000E+00  0.00000000E+00 
 0.80882500E+01     54  0.99650432E+00  0.49820477E-03  0.31545928E-03  0.11385989E-02  0.11935177E-06  0.15433006E-02  0.00000000E+00  0.00000000E+00  0.00000000E+00  0.00000000E+00  0.00000000E+00  0.00000000E+00  0.00000000E+00  0.00000000E+00 
 0.82380324E+01     55  0.99713909E+00  0.37214371E-03  0.13194359E-03  0.98997273E-03  0.72709446E-07  0.13667781E-02  0.00000000E+00  0.00000000E+00  0.00000000E+00  0.00000000E+00  0.00000000E+00  0.00000000E+00  0.00000000E+00  0.00000000E+00 
 0.83878148E+01     56  0.99763810E+00  0.28557121E-03  0.53933790E-04  0.84480586E-03  0.44990944E-07  0.11775429E-02  0.00000000E+00  0.00000000E+00  0.00000000E+00  0.00000000E+00  0.00000000E+00  0.00000000E+00  0.00000000E+00  0.00000000E+00 
 0.85375972E+01     57  0.99804988E+00  0.22329856E-03  0.30522420E-04  0.70735212E-03  0.27924064E-07  0.98892219E-03  0.00000000E+00  0.00000000E+00  0.00000000E+00  0.00000000E+00  0.00000000E+00  0.00000000E+00  0.00000000E+00  0.00000000E+00 
 0.86873796E+01     58  0.99838762E+00  0.17804125E-03  0.33758199E-04  0.58462224E-03  0.17467102E-07  0.81593932E-03  0.00000000E+00  0.00000000E+00  0.00000000E+00  0.00000000E+00  0.00000000E+00  0.00000000E+00  0.00000000E+00  0.00000000E+00 
 0.88371620E+01     59  0.99866332E+00  0.14479907E-03  0.46305603E-04  0.47966233E-03  0.11089221E-07  0.66590056E-03  0.00000000E+00  0.00000000E+00  0.00000000E+00  0.00000000E+00  0.00000000E+00  0.00000000E+00  0.00000000E+00  0.00000000E+00 
 0.89869445E+01     60  0.99889095E+00  0.11955950E-03  0.59596093E-04  0.39112554E-03  0.71116489E-08  0.53876126E-03  0.00000000E+00  0.00000000E+00  0.00000000E+00  0.00000000E+00  0.00000000E+00  0.00000000E+00  0.00000000E+00  0.00000000E+00 
 0.91367269E+01     61  0.99907744E+00  0.10004660E-03  0.69844327E-04  0.31828921E-03  0.46131949E-08  0.43437384E-03  0.00000000E+00  0.00000000E+00  0.00000000E+00  0.00000000E+00  0.00000000E+00  0.00000000E+00  0.00000000E+00  0.00000000E+00 
 0.92865093E+01     62  0.99923061E+00  0.84700331E-04  0.76138609E-04  0.25892486E-03  0.30330657E-08  0.34962812E-03  0.00000000E+00  0.00000000E+00  0.00000000E+00  0.00000000E+00  0.00000000E+00  0.00000000E+00  0.00000000E+00  0.00000000E+00 
 0.94362917E+01     63  0.99935942E+00  0.72189436E-04  0.78885013E-04  0.20972187E-03  0.20043745E-08  0.27978509E-03  0.00000000E+00  0.00000000E+00  0.00000000E+00  0.00000000E+00  0.00000000E+00  0.00000000E+00  0.00000000E+00  0.00000000E+00 
 0.95860741E+01     64  0.99946731E+00  0.61831882E-04  0.78511074E-04  0.16934793E-03  0.13284236E-08  0.22299477E-03  0.00000000E+00  0.00000000E+00  0.00000000E+00  0.00000000E+00  0.00000000E+00  0.00000000E+00  0.00000000E+00  0.00000000E+00 
 0.97358565E+01     65  0.99955613E+00  0.53295473E-04  0.75722293E-04  0.13692800E-03  0.88746834E-09  0.17792171E-03  0.00000000E+00  0.00000000E+00  0.00000000E+00  0.00000000E+00  0.00000000E+00  0.00000000E+00  0.00000000E+00  0.00000000E+00 
 0.98856389E+01     66  0.99962893E+00  0.46237780E-04  0.71394988E-04  0.11103957E-03  0.59891438E-09  0.14239652E-03  0.00000000E+00  0.00000000E+00  0.00000000E+00  0.00000000E+00  0.00000000E+00  0.00000000E+00  0.00000000E+00  0.00000000E+00 
 0.10035421E+02     67  0.99968932E+00  0.40228597E-04  0.66192775E-04  0.90163501E-04  0.40713069E-09  0.11409854E-03  0.00000000E+00  0.00000000E+00  0.00000000E+00  0.00000000E+00  0.00000000E+00  0.00000000E+00  0.00000000E+00  0.00000000E+00 
 0.10185204E+02     68  0.99974023E+00  0.34942185E-04  0.60498997E-04  0.73093735E-04  0.27705233E-09  0.91234193E-04  0.00000000E+00  0.00000000E+00  0.00000000E+00  0.00000000E+00  0.00000000E+00  0.00000000E+00  0.00000000E+00  0.00000000E+00 
 0.10334986E+02     69  0.99978282E+00  0.30335224E-04  0.54577536E-04  0.59280009E-04  0.18903628E-09  0.72987221E-04  0.00000000E+00  0.00000000E+00  0.00000000E+00  0.00000000E+00  0.00000000E+00  0.00000000E+00  0.00000000E+00  0.00000000E+00 
 0.10484769E+02     70  0.99981798E+00  0.26403232E-04  0.48726695E-04  0.48250246E-04  0.12995551E-09  0.58639782E-04  0.00000000E+00  0.00000000E+00  0.00000000E+00  0.00000000E+00  0.00000000E+00  0.00000000E+00  0.00000000E+00  0.00000000E+00 
 0.10634551E+02     71  0.99984693E+00  0.23084781E-04  0.43187950E-04  0.39441003E-04  0.90216729E-10  0.47357512E-04  0.00000000E+00  0.00000000E+00  0.00000000E+00  0.00000000E+00  0.00000000E+00  0.00000000E+00  0.00000000E+00  0.00000000E+00 
 0.10784333E+02     72  0.99987105E+00  0.20272647E-04  0.38050526E-04  0.32293173E-04  0.63185866E-10  0.38336711E-04  0.00000000E+00  0.00000000E+00  0.00000000E+00  0.00000000E+00  0.00000000E+00  0.00000000E+00  0.00000000E+00  0.00000000E+00 
 0.10934116E+02     73  0.99989139E+00  0.17839866E-04  0.33344933E-04  0.26410424E-04  0.44476061E-10  0.31013405E-04  0.00000000E+00  0.00000000E+00  0.00000000E+00  0.00000000E+00  0.00000000E+00  0.00000000E+00  0.00000000E+00  0.00000000E+00 
 0.11083898E+02     74  0.99990841E+00  0.15687994E-04  0.29136799E-04  0.21626507E-04  0.31421887E-10  0.25135637E-04  0.00000000E+00  0.00000000E+00  0.00000000E+00  0.00000000E+00  0.00000000E+00  0.00000000E+00  0.00000000E+00  0.00000000E+00 
 0.11233681E+02     75  0.99992259E+00  0.13773029E-04  0.25420913E-04  0.17767184E-04  0.22295415E-10  0.20453523E-04  0.00000000E+00  0.00000000E+00  0.00000000E+00  0.00000000E+00  0.00000000E+00  0.00000000E+00  0.00000000E+00  0.00000000E+00 
 0.11383463E+02     76  0.99993445E+00  0.12077550E-04  0.22133036E-04  0.14637762E-04  0.15886842E-10  0.16703360E-04  0.00000000E+00  0.00000000E+00  0.00000000E+00  0.00000000E+00  0.00000000E+00  0.00000000E+00  0.00000000E+00  0.00000000E+00 
 0.11533245E+02     77  0.99994434E+00  0.10598852E-04  0.19247815E-04  0.12106243E-04  0.11384657E-10  0.13706001E-04  0.00000000E+00  0.00000000E+00  0.00000000E+00  0.00000000E+00  0.00000000E+00  0.00000000E+00  0.00000000E+00  0.00000000E+00 
 0.11683028E+02     78  0.99995259E+00  0.93247629E-05  0.16731067E-04  0.10054557E-04  0.82181669E-11  0.11303657E-04  0.00000000E+00  0.00000000E+00  0.00000000E+00  0.00000000E+00  0.00000000E+00  0.00000000E+00  0.00000000E+00  0.00000000E+00 
 0.11832810E+02     79  0.99995957E+00  0.82191968E-05  0.14514079E-04  0.83584536E-05  0.59647286E-11  0.93358809E-05  0.00000000E+00  0.00000000E+00  0.00000000E+00  0.00000000E+00  0.00000000E+00  0.00000000E+00  0.00000000E+00  0.00000000E+00 
 0.11982593E+02     80  0.99996553E+00  0.72464816E-05  0.12562442E-04  0.69477073E-05  0.43432430E-11  0.77125336E-05  0.00000000E+00  0.00000000E+00  0.00000000E+00  0.00000000E+00  0.00000000E+00  0.00000000E+00  0.00000000E+00  0.00000000E+00 
 0.12132375E+02     81  0.99997057E+00  0.63845342E-05  0.10869180E-04  0.57888731E-05  0.31731377E-11  0.63902242E-05  0.00000000E+00  0.00000000E+00  0.00000000E+00  0.00000000E+00  0.00000000E+00  0.00000000E+00  0.00000000E+00  0.00000000E+00 
 0.12282157E+02     82  0.99997480E+00  0.56254219E-05  0.94105874E-05  0.48422018E-05  0.23285435E-11  0.53194282E-05  0.00000000E+00  0.00000000E+00  0.00000000E+00  0.00000000E+00  0.00000000E+00  0.00000000E+00  0.00000000E+00  0.00000000E+00 
 0.12431940E+02     83  0.99997838E+00  0.49603004E-05  0.81505456E-05  0.40642784E-05  0.17170214E-11  0.44470610E-05  0.00000000E+00  0.00000000E+00  0.00000000E+00  0.00000000E+00  0.00000000E+00  0.00000000E+00  0.00000000E+00  0.00000000E+00 
 0.12581722E+02     84  0.99998144E+00  0.43748266E-05  0.70492320E-05  0.34139559E-05  0.12705058E-11  0.37233222E-05  0.00000000E+00  0.00000000E+00  0.00000000E+00  0.00000000E+00  0.00000000E+00  0.00000000E+00  0.00000000E+00  0.00000000E+00 
 0.12731505E+02     85  0.99998406E+00  0.38622424E-05  0.60875733E-05  0.28679396E-05  0.94350873E-12  0.31199432E-05  0.00000000E+00  0.00000000E+00  0.00000000E+00  0.00000000E+00  0.00000000E+00  0.00000000E+00  0.00000000E+00  0.00000000E+00 
 0.12881287E+02     86  0.99998629E+00  0.34190809E-05  0.52592793E-05  0.24141351E-05  0.70464231E-12  0.26220009E-05  0.00000000E+00  0.00000000E+00  0.00000000E+00  0.00000000E+00  0.00000000E+00  0.00000000E+00  0.00000000E+00  0.00000000E+00 
 0.13031069E+02     87  0.99998817E+00  0.30312807E-05  0.45471491E-05  0.20365137E-05  0.52866132E-12  0.22102089E-05  0.00000000E+00  0.00000000E+00  0.00000000E+00  0.00000000E+00  0.00000000E+00  0.00000000E+00  0.00000000E+00  0.00000000E+00 
 0.13180852E+02     88  0.99998979E+00  0.26876569E-05  0.39337859E-05  0.17211406E-05  0.39778308E-12  0.18680135E-05  0.00000000E+00  0.00000000E+00  0.00000000E+00  0.00000000E+00  0.00000000E+00  0.00000000E+00  0.00000000E+00  0.00000000E+00 
 0.13330634E+02     89  0.99999116E+00  0.23863851E-05  0.34078023E-05  0.14590517E-05  0.30049871E-12  0.15848587E-05  0.00000000E+00  0.00000000E+00  0.00000000E+00  0.00000000E+00  0.00000000E+00  0.00000000E+00  0.00000000E+00  0.00000000E+00 
 0.13480417E+02     90  0.99999233E+00  0.21234333E-05  0.29539600E-05  0.12398091E-05  0.22794529E-12  0.13486879E-05  0.00000000E+00  0.00000000E+00  0.00000000E+00  0.00000000E+00  0.00000000E+00  0.00000000E+00  0.00000000E+00  0.00000000E+00 
 0.13630199E+02     91  0.99999335E+00  0.18931334E-05  0.25570134E-05  0.10534313E-05  0.17340649E-12  0.11481140E-05  0.00000000E+00  0.00000000E+00  0.00000000E+00  0.00000000E+00  0.00000000E+00  0.00000000E+00  0.00000000E+00  0.00000000E+00 
 0.13779981E+02     92  0.99999422E+00  0.16938311E-05  0.22116376E-05  0.89540871E-06  0.13241720E-12  0.97807259E-06  0.00000000E+00  0.00000000E+00  0.00000000E+00  0.00000000E+00  0.00000000E+00  0.00000000E+00  0.00000000E+00  0.00000000E+00 
 0.13929764E+02     93  0.99999496E+00  0.15261337E-05  0.19134882E-05  0.76285840E-06  0.10172884E-12  0.83485957E-06  0.00000000E+00  0.00000000E+00  0.00000000E+00  0.00000000E+00  0.00000000E+00  0.00000000E+00  0.00000000E+00  0.00000000E+00 
 0.14079546E+02     94  0.99999559E+00  0.13907336E-05  0.16544200E-05  0.65188985E-06  0.78745543E-13  0.71340901E-06  0.00000000E+00  0.00000000E+00  0.00000000E+00  0.00000000E+00  0.00000000E+00  0.00000000E+00  0.00000000E+00  0.00000000E+00 
 0.14229329E+02     95  0.99999611E+00  0.12854300E-05  0.14312744E-05  0.55781013E-06  0.61413978E-13  0.61080050E-06  0.00000000E+00  0.00000000E+00  0.00000000E+00  0.00000000E+00  0.00000000E+00  0.00000000E+00  0.00000000E+00  0.00000000E+00 
 0.14379111E+02     96  0.99999655E+00  0.12003548E-05  0.12434454E-05  0.47660868E-06  0.48094106E-13  0.52529860E-06  0.00000000E+00  0.00000000E+00  0.00000000E+00  0.00000000E+00  0.00000000E+00  0.00000000E+00  0.00000000E+00  0.00000000E+00 
 0.14528894E+02     97  0.99999694E+00  0.11087653E-05  0.10862779E-05  0.40737465E-06  0.37410309E-13  0.45384244E-06  0.00000000E+00  0.00000000E+00  0.00000000E+00  0.00000000E+00  0.00000000E+00  0.00000000E+00  0.00000000E+00  0.00000000E+00 
 0.14678676E+02     98  0.99999731E+00  0.99551835E-06  0.95248585E-06  0.34942180E-06  0.28655044E-13  0.39307569E-06  0.00000000E+00  0.00000000E+00  0.00000000E+00  0.00000000E+00  0.00000000E+00  0.00000000E+00  0.00000000E+00  0.00000000E+00 
 0.14828458E+02     99  0.99999765E+00  0.87678577E-06  0.83391562E-06  0.30044725E-06  0.21731147E-13  0.34016427E-06  0.00000000E+00  0.00000000E+00  0.00000000E+00  0.00000000E+00  0.00000000E+00  0.00000000E+00  0.00000000E+00  0.00000000E+00 
 0.14978241E+02    100  0.99999795E+00  0.76662450E-06  0.72749563E-06  0.25843524E-06  0.16429013E-13  0.29373134E-06  0.00000000E+00  0.00000000E+00  0.00000000E+00  0.00000000E+00  0.00000000E+00  0.00000000E+00  0.00000000E+00  0.00000000E+00 
 
