STATE= 1
j12= 0
m12= 0
ENERGY#1, U(i)= 800.000 cm^-1
J_TOTAL  CHANNEL=     1  CHANNEL=     2  CHANNEL=     3  CHANNEL=     4  CHANNEL=     5  CHANNEL=     6  CHANNEL=     7  CHANNEL=     8  CHANNEL=     9  CHANNEL=    10  CHANNEL=    11  CHANNEL=    12  CHANNEL=    13  CHANNEL=    14  
    0    0.49837540E-02  0.97744403E-03  0.11553630E-01  0.16911268E-02  0.00000000E+00  0.53066695E-03  0.00000000E+00  0.00000000E+00  0.00000000E+00  0.00000000E+00  0.00000000E+00  0.00000000E+00  0.00000000E+00  0.00000000E+00 
    1    0.14882214E-01  0.29539074E-02  0.34623653E-01  0.50969719E-02  0.51403710E-06  0.16526051E-02  0.00000000E+00  0.00000000E+00  0.00000000E+00  0.00000000E+00  0.00000000E+00  0.00000000E+00  0.00000000E+00  0.00000000E+00 
    2    0.24573212E-01  0.49952022E-02  0.57580365E-01  0.85734178E-02  0.25408461E-05  0.29583753E-02  0.00000000E+00  0.00000000E+00  0.00000000E+00  0.00000000E+00  0.00000000E+00  0.00000000E+00  0.00000000E+00  0.00000000E+00 
    3    0.33917526E-01  0.71448700E-02  0.80342961E-01  0.12166916E-01  0.69929428E-05  0.45771019E-02  0.00000000E+00  0.00000000E+00  0.00000000E+00  0.00000000E+00  0.00000000E+00  0.00000000E+00  0.00000000E+00  0.00000000E+00 
    4    0.42774864E-01  0.94468842E-02  0.10282296E+00  0.15922940E-01  0.14645015E-04  0.66473419E-02  0.00000000E+00  0.00000000E+00  0.00000000E+00  0.00000000E+00  0.00000000E+00  0.00000000E+00  0.00000000E+00  0.00000000E+00 
    5    0.51003888E-01  0.11945770E-01  0.12492145E+00  0.19885543E-01  0.26090553E-04  0.93201550E-02  0.00000000E+00  0.00000000E+00  0.00000000E+00  0.00000000E+00  0.00000000E+00  0.00000000E+00  0.00000000E+00  0.00000000E+00 
    6    0.58463901E-01  0.14686290E-01  0.14652734E+00  0.24096448E-01  0.41710168E-04  0.12760490E-01  0.00000000E+00  0.00000000E+00  0.00000000E+00  0.00000000E+00  0.00000000E+00  0.00000000E+00  0.00000000E+00  0.00000000E+00 
    7    0.65015617E-01  0.17713530E-01  0.16751526E+00  0.28594585E-01  0.61651882E-04  0.17148834E-01  0.00000000E+00  0.00000000E+00  0.00000000E+00  0.00000000E+00  0.00000000E+00  0.00000000E+00  0.00000000E+00  0.00000000E+00 
    8    0.70525076E-01  0.21072105E-01  0.18774532E+00  0.33414738E-01  0.85827344E-04  0.22679723E-01  0.00000000E+00  0.00000000E+00  0.00000000E+00  0.00000000E+00  0.00000000E+00  0.00000000E+00  0.00000000E+00  0.00000000E+00 
    9    0.74866902E-01  0.24805734E-01  0.20706286E+00  0.38586592E-01  0.11392129E-03  0.29560098E-01  0.00000000E+00  0.00000000E+00  0.00000000E+00  0.00000000E+00  0.00000000E+00  0.00000000E+00  0.00000000E+00  0.00000000E+00 
   10    0.77929574E-01  0.28956287E-01  0.22529954E+00  0.44133373E-01  0.14541538E-03  0.38005249E-01  0.00000000E+00  0.00000000E+00  0.00000000E+00  0.00000000E+00  0.00000000E+00  0.00000000E+00  0.00000000E+00  0.00000000E+00 
   11    0.79622315E-01  0.33562483E-01  0.24227585E+00  0.50070155E-01  0.17962583E-03  0.48232345E-01  0.00000000E+00  0.00000000E+00  0.00000000E+00  0.00000000E+00  0.00000000E+00  0.00000000E+00  0.00000000E+00  0.00000000E+00 
   12    0.79882059E-01  0.38658664E-01  0.25780413E+00  0.56402443E-01  0.21574884E-03  0.60453082E-01  0.00000000E+00  0.00000000E+00  0.00000000E+00  0.00000000E+00  0.00000000E+00  0.00000000E+00  0.00000000E+00  0.00000000E+00 
   13    0.78682088E-01  0.44273127E-01  0.27169306E+00  0.63124469E-01  0.25291361E-03  0.74863823E-01  0.00000000E+00  0.00000000E+00  0.00000000E+00  0.00000000E+00  0.00000000E+00  0.00000000E+00  0.00000000E+00  0.00000000E+00 
   14    0.76042034E-01  0.50426064E-01  0.28375400E+00  0.70217316E-01  0.29024079E-03  0.91633191E-01  0.00000000E+00  0.00000000E+00  0.00000000E+00  0.00000000E+00  0.00000000E+00  0.00000000E+00  0.00000000E+00  0.00000000E+00 
   15    0.72036196E-01  0.57128030E-01  0.29380647E+00  0.77647803E-01  0.32689273E-03  0.11089082E+00  0.00000000E+00  0.00000000E+00  0.00000000E+00  0.00000000E+00  0.00000000E+00  0.00000000E+00  0.00000000E+00  0.00000000E+00 
   16    0.66804116E-01  0.64377602E-01  0.30168640E+00  0.85366854E-01  0.36212515E-03  0.13271248E+00  0.00000000E+00  0.00000000E+00  0.00000000E+00  0.00000000E+00  0.00000000E+00  0.00000000E+00  0.00000000E+00  0.00000000E+00 
   17    0.60559626E-01  0.72159334E-01  0.30725419E+00  0.93308498E-01  0.39532658E-03  0.15710598E+00  0.00000000E+00  0.00000000E+00  0.00000000E+00  0.00000000E+00  0.00000000E+00  0.00000000E+00  0.00000000E+00  0.00000000E+00 
   18    0.53598452E-01  0.80441907E-01  0.31040254E+00  0.10138941E+00  0.42604294E-03  0.18399797E+00  0.00000000E+00  0.00000000E+00  0.00000000E+00  0.00000000E+00  0.00000000E+00  0.00000000E+00  0.00000000E+00  0.00000000E+00 
   19    0.46303533E-01  0.89176808E-01  0.31106284E+00  0.10950905E+00  0.45398187E-03  0.21322348E+00  0.00000000E+00  0.00000000E+00  0.00000000E+00  0.00000000E+00  0.00000000E+00  0.00000000E+00  0.00000000E+00  0.00000000E+00 
   20    0.39150148E-01  0.98296503E-01  0.30921271E+00  0.11754999E+00  0.47900633E-03  0.24451470E+00  0.00000000E+00  0.00000000E+00  0.00000000E+00  0.00000000E+00  0.00000000E+00  0.00000000E+00  0.00000000E+00  0.00000000E+00 
   21    0.32706694E-01  0.10771389E+00  0.30487822E+00  0.12537938E+00  0.50109328E-03  0.27749714E+00  0.00000000E+00  0.00000000E+00  0.00000000E+00  0.00000000E+00  0.00000000E+00  0.00000000E+00  0.00000000E+00  0.00000000E+00 
   22    0.27635502E-01  0.11732156E+00  0.29813329E+00  0.13285069E+00  0.52026554E-03  0.31168847E+00  0.00000000E+00  0.00000000E+00  0.00000000E+00  0.00000000E+00  0.00000000E+00  0.00000000E+00  0.00000000E+00  0.00000000E+00 
   23    0.24694638E-01  0.12699183E+00  0.28908446E+00  0.13980618E+00  0.53644252E-03  0.34650959E+00  0.00000000E+00  0.00000000E+00  0.00000000E+00  0.00000000E+00  0.00000000E+00  0.00000000E+00  0.00000000E+00  0.00000000E+00 
   24    0.24758344E-01  0.13657571E+00  0.27781777E+00  0.14607902E+00  0.54906487E-03  0.38131657E+00  0.00000000E+00  0.00000000E+00  0.00000000E+00  0.00000000E+00  0.00000000E+00  0.00000000E+00  0.00000000E+00  0.00000000E+00 
   25    0.28865626E-01  0.14588374E+00  0.26451880E+00  0.15147645E+00  0.55764586E-03  0.41526755E+00  0.00000000E+00  0.00000000E+00  0.00000000E+00  0.00000000E+00  0.00000000E+00  0.00000000E+00  0.00000000E+00  0.00000000E+00 
   26    0.38191538E-01  0.15468718E+00  0.24950578E+00  0.15578585E+00  0.56188258E-03  0.44731094E+00  0.00000000E+00  0.00000000E+00  0.00000000E+00  0.00000000E+00  0.00000000E+00  0.00000000E+00  0.00000000E+00  0.00000000E+00 
   27    0.54021510E-01  0.16272521E+00  0.23316905E+00  0.15878648E+00  0.56128812E-03  0.47625297E+00  0.00000000E+00  0.00000000E+00  0.00000000E+00  0.00000000E+00  0.00000000E+00  0.00000000E+00  0.00000000E+00  0.00000000E+00 
   28    0.77732347E-01  0.16970602E+00  0.21596540E+00  0.16025480E+00  0.55515659E-03  0.50077612E+00  0.00000000E+00  0.00000000E+00  0.00000000E+00  0.00000000E+00  0.00000000E+00  0.00000000E+00  0.00000000E+00  0.00000000E+00 
   29    0.11076093E+00  0.17530978E+00  0.19840780E+00  0.15997153E+00  0.54257477E-03  0.51947056E+00  0.00000000E+00  0.00000000E+00  0.00000000E+00  0.00000000E+00  0.00000000E+00  0.00000000E+00  0.00000000E+00  0.00000000E+00 
   30    0.15455083E+00  0.17919555E+00  0.18105126E+00  0.15773167E+00  0.52251700E-03  0.53088470E+00  0.00000000E+00  0.00000000E+00  0.00000000E+00  0.00000000E+00  0.00000000E+00  0.00000000E+00  0.00000000E+00  0.00000000E+00 
   31    0.21044624E+00  0.18101738E+00  0.16447844E+00  0.15336165E+00  0.49410168E-03  0.53361203E+00  0.00000000E+00  0.00000000E+00  0.00000000E+00  0.00000000E+00  0.00000000E+00  0.00000000E+00  0.00000000E+00  0.00000000E+00 
   32    0.27943842E+00  0.18046850E+00  0.14929250E+00  0.14675709E+00  0.45717052E-03  0.52646948E+00  0.00000000E+00  0.00000000E+00  0.00000000E+00  0.00000000E+00  0.00000000E+00  0.00000000E+00  0.00000000E+00  0.00000000E+00 
   33    0.36228449E+00  0.17726736E+00  0.13593883E+00  0.13787280E+00  0.41167842E-03  0.50858135E+00  0.00000000E+00  0.00000000E+00  0.00000000E+00  0.00000000E+00  0.00000000E+00  0.00000000E+00  0.00000000E+00  0.00000000E+00 
   34    0.45940728E+00  0.17117561E+00  0.12468585E+00  0.12673649E+00  0.35819594E-03  0.47946641E+00  0.00000000E+00  0.00000000E+00  0.00000000E+00  0.00000000E+00  0.00000000E+00  0.00000000E+00  0.00000000E+00  0.00000000E+00 
   35    0.57043850E+00  0.16208438E+00  0.11564452E+00  0.11351259E+00  0.29884567E-03  0.43932432E+00  0.00000000E+00  0.00000000E+00  0.00000000E+00  0.00000000E+00  0.00000000E+00  0.00000000E+00  0.00000000E+00  0.00000000E+00 
   36    0.69340751E+00  0.15017941E+00  0.10877498E+00  0.98615768E-01  0.23789255E-03  0.38956092E+00  0.00000000E+00  0.00000000E+00  0.00000000E+00  0.00000000E+00  0.00000000E+00  0.00000000E+00  0.00000000E+00  0.00000000E+00 
   37    0.82277298E+00  0.13635654E+00  0.10400646E+00  0.82977132E-01  0.18229057E-03  0.33395441E+00  0.00000000E+00  0.00000000E+00  0.00000000E+00  0.00000000E+00  0.00000000E+00  0.00000000E+00  0.00000000E+00  0.00000000E+00 
   38    0.95341304E+00  0.12148156E+00  0.10072867E+00  0.67492128E-01  0.13504452E-03  0.27647270E+00  0.00000000E+00  0.00000000E+00  0.00000000E+00  0.00000000E+00  0.00000000E+00  0.00000000E+00  0.00000000E+00  0.00000000E+00 
   39    0.10820071E+01  0.10611074E+00  0.97981656E-01  0.52809487E-01  0.96208355E-04  0.22019126E+00  0.00000000E+00  0.00000000E+00  0.00000000E+00  0.00000000E+00  0.00000000E+00  0.00000000E+00  0.00000000E+00  0.00000000E+00 
   40    0.12060473E+01  0.90679868E-01  0.94761104E-01  0.39455312E-01  0.65348130E-04  0.16766086E+00  0.00000000E+00  0.00000000E+00  0.00000000E+00  0.00000000E+00  0.00000000E+00  0.00000000E+00  0.00000000E+00  0.00000000E+00 
   41    0.13240846E+01  0.75452048E-01  0.90075544E-01  0.27794685E-01  0.41820040E-04  0.12069444E+00  0.00000000E+00  0.00000000E+00  0.00000000E+00  0.00000000E+00  0.00000000E+00  0.00000000E+00  0.00000000E+00  0.00000000E+00 
   42    0.14340602E+01  0.60897978E-01  0.83341242E-01  0.18201801E-01  0.25443944E-04  0.81089820E-01  0.00000000E+00  0.00000000E+00  0.00000000E+00  0.00000000E+00  0.00000000E+00  0.00000000E+00  0.00000000E+00  0.00000000E+00 
   43    0.15339148E+01  0.47600112E-01  0.74524700E-01  0.10928530E-01  0.15437719E-04  0.50106207E-01  0.00000000E+00  0.00000000E+00  0.00000000E+00  0.00000000E+00  0.00000000E+00  0.00000000E+00  0.00000000E+00  0.00000000E+00 
   44    0.16228855E+01  0.35967497E-01  0.63916750E-01  0.59474757E-02  0.10066659E-04  0.27835800E-01  0.00000000E+00  0.00000000E+00  0.00000000E+00  0.00000000E+00  0.00000000E+00  0.00000000E+00  0.00000000E+00  0.00000000E+00 
   45    0.17012529E+01  0.26202947E-01  0.52208501E-01  0.29926813E-02  0.73344609E-05  0.13372034E-01  0.00000000E+00  0.00000000E+00  0.00000000E+00  0.00000000E+00  0.00000000E+00  0.00000000E+00  0.00000000E+00  0.00000000E+00 
   46    0.17691418E+01  0.18568753E-01  0.40654259E-01  0.16872585E-02  0.57818943E-05  0.54518934E-02  0.00000000E+00  0.00000000E+00  0.00000000E+00  0.00000000E+00  0.00000000E+00  0.00000000E+00  0.00000000E+00  0.00000000E+00 
   47    0.18283627E+01  0.12903096E-01  0.30103182E-01  0.14777840E-02  0.45809448E-05  0.21317263E-02  0.00000000E+00  0.00000000E+00  0.00000000E+00  0.00000000E+00  0.00000000E+00  0.00000000E+00  0.00000000E+00  0.00000000E+00 
   48    0.18812853E+01  0.88347910E-02  0.21079322E-01  0.18104075E-02  0.34608366E-05  0.14431737E-02  0.00000000E+00  0.00000000E+00  0.00000000E+00  0.00000000E+00  0.00000000E+00  0.00000000E+00  0.00000000E+00  0.00000000E+00 
   49    0.19297839E+01  0.59994823E-02  0.13934215E-01  0.22821421E-02  0.24516825E-05  0.19275241E-02  0.00000000E+00  0.00000000E+00  0.00000000E+00  0.00000000E+00  0.00000000E+00  0.00000000E+00  0.00000000E+00  0.00000000E+00 
   50    0.19752315E+01  0.40976314E-02  0.87445102E-02  0.26519086E-02  0.16464166E-05  0.26759361E-02  0.00000000E+00  0.00000000E+00  0.00000000E+00  0.00000000E+00  0.00000000E+00  0.00000000E+00  0.00000000E+00  0.00000000E+00 
   51    0.20187273E+01  0.28496636E-02  0.52161298E-02  0.28340682E-02  0.10703793E-05  0.32481934E-02  0.00000000E+00  0.00000000E+00  0.00000000E+00  0.00000000E+00  0.00000000E+00  0.00000000E+00  0.00000000E+00  0.00000000E+00 
   52    0.20610680E+01  0.20138193E-02  0.28902432E-02  0.28390940E-02  0.67643642E-06  0.35378672E-02  0.00000000E+00  0.00000000E+00  0.00000000E+00  0.00000000E+00  0.00000000E+00  0.00000000E+00  0.00000000E+00  0.00000000E+00 
   53    0.21026740E+01  0.14502618E-02  0.14652689E-02  0.26939336E-02  0.41812474E-06  0.35392356E-02  0.00000000E+00  0.00000000E+00  0.00000000E+00  0.00000000E+00  0.00000000E+00  0.00000000E+00  0.00000000E+00  0.00000000E+00 
   54    0.21437761E+01  0.10717861E-02  0.67864641E-03  0.24494637E-02  0.25676103E-06  0.33200971E-02  0.00000000E+00  0.00000000E+00  0.00000000E+00  0.00000000E+00  0.00000000E+00  0.00000000E+00  0.00000000E+00  0.00000000E+00 
   55    0.21845021E+01  0.81528117E-03  0.28905802E-03  0.21688023E-02  0.15928965E-06  0.29942961E-02  0.00000000E+00  0.00000000E+00  0.00000000E+00  0.00000000E+00  0.00000000E+00  0.00000000E+00  0.00000000E+00  0.00000000E+00 
   56    0.22249754E+01  0.63689321E-03  0.12028546E-03  0.18841224E-02  0.10034074E-06  0.26262070E-02  0.00000000E+00  0.00000000E+00  0.00000000E+00  0.00000000E+00  0.00000000E+00  0.00000000E+00  0.00000000E+00  0.00000000E+00 
   57    0.22652902E+01  0.50682441E-03  0.69277236E-04  0.16054887E-02  0.63379705E-07  0.22445729E-02  0.00000000E+00  0.00000000E+00  0.00000000E+00  0.00000000E+00  0.00000000E+00  0.00000000E+00  0.00000000E+00  0.00000000E+00 
   58    0.23054664E+01  0.41113103E-03  0.77954085E-04  0.13500037E-02  0.40334853E-07  0.18841587E-02  0.00000000E+00  0.00000000E+00  0.00000000E+00  0.00000000E+00  0.00000000E+00  0.00000000E+00  0.00000000E+00  0.00000000E+00 
   59    0.23455236E+01  0.34008421E-03  0.10875626E-03  0.11265652E-02  0.26044844E-07  0.15639760E-02  0.00000000E+00  0.00000000E+00  0.00000000E+00  0.00000000E+00  0.00000000E+00  0.00000000E+00  0.00000000E+00  0.00000000E+00 
   60    0.23854878E+01  0.28552439E-03  0.14232360E-03  0.93406113E-03  0.16983587E-07  0.12866354E-02  0.00000000E+00  0.00000000E+00  0.00000000E+00  0.00000000E+00  0.00000000E+00  0.00000000E+00  0.00000000E+00  0.00000000E+00 
   61    0.24253701E+01  0.24287410E-03  0.16955477E-03  0.77268197E-03  0.11199037E-07  0.10544901E-02  0.00000000E+00  0.00000000E+00  0.00000000E+00  0.00000000E+00  0.00000000E+00  0.00000000E+00  0.00000000E+00  0.00000000E+00 
   62    0.24651849E+01  0.20896275E-03  0.18784027E-03  0.63878914E-03  0.74828250E-08  0.86256159E-03  0.00000000E+00  0.00000000E+00  0.00000000E+00  0.00000000E+00  0.00000000E+00  0.00000000E+00  0.00000000E+00  0.00000000E+00 
   63    0.25049507E+01  0.18094689E-03  0.19772973E-03  0.52567969E-03  0.50240776E-08  0.70129709E-03  0.00000000E+00  0.00000000E+00  0.00000000E+00  0.00000000E+00  0.00000000E+00  0.00000000E+00  0.00000000E+00  0.00000000E+00 
   64    0.25446734E+01  0.15742581E-03  0.19989152E-03  0.43116486E-03  0.33822060E-08  0.56775131E-03  0.00000000E+00  0.00000000E+00  0.00000000E+00  0.00000000E+00  0.00000000E+00  0.00000000E+00  0.00000000E+00  0.00000000E+00 
   65    0.25843554E+01  0.13779561E-03  0.19578022E-03  0.35402776E-03  0.22945521E-08  0.46001712E-03  0.00000000E+00  0.00000000E+00  0.00000000E+00  0.00000000E+00  0.00000000E+00  0.00000000E+00  0.00000000E+00  0.00000000E+00 
   66    0.26240023E+01  0.12137308E-03  0.18741015E-03  0.29147626E-03  0.15721361E-08  0.37378749E-03  0.00000000E+00  0.00000000E+00  0.00000000E+00  0.00000000E+00  0.00000000E+00  0.00000000E+00  0.00000000E+00  0.00000000E+00 
   67    0.26636219E+01  0.10718707E-03  0.17636732E-03  0.24023611E-03  0.10847792E-08  0.30400983E-03  0.00000000E+00  0.00000000E+00  0.00000000E+00  0.00000000E+00  0.00000000E+00  0.00000000E+00  0.00000000E+00  0.00000000E+00 
   68    0.27032206E+01  0.94480977E-04  0.16358463E-03  0.19763983E-03  0.74912817E-09  0.24669023E-03  0.00000000E+00  0.00000000E+00  0.00000000E+00  0.00000000E+00  0.00000000E+00  0.00000000E+00  0.00000000E+00  0.00000000E+00 
   69    0.27428005E+01  0.83221541E-04  0.14972781E-03  0.16262856E-03  0.51860145E-09  0.20023287E-03  0.00000000E+00  0.00000000E+00  0.00000000E+00  0.00000000E+00  0.00000000E+00  0.00000000E+00  0.00000000E+00  0.00000000E+00 
   70    0.27823631E+01  0.73476754E-04  0.13560004E-03  0.13427415E-03  0.36164924E-09  0.16318687E-03  0.00000000E+00  0.00000000E+00  0.00000000E+00  0.00000000E+00  0.00000000E+00  0.00000000E+00  0.00000000E+00  0.00000000E+00 
   71    0.28219110E+01  0.65153169E-04  0.12189121E-03  0.11131604E-03  0.25462255E-09  0.13365914E-03  0.00000000E+00  0.00000000E+00  0.00000000E+00  0.00000000E+00  0.00000000E+00  0.00000000E+00  0.00000000E+00  0.00000000E+00 
   72    0.28614473E+01  0.58016591E-04  0.10889361E-03  0.92417129E-04  0.18082634E-09  0.10971262E-03  0.00000000E+00  0.00000000E+00  0.00000000E+00  0.00000000E+00  0.00000000E+00  0.00000000E+00  0.00000000E+00  0.00000000E+00 
   73    0.29009745E+01  0.51758618E-04  0.96743309E-04  0.76624289E-04  0.12903794E-09  0.89978872E-04  0.00000000E+00  0.00000000E+00  0.00000000E+00  0.00000000E+00  0.00000000E+00  0.00000000E+00  0.00000000E+00  0.00000000E+00 
   74    0.29404936E+01  0.46134671E-04  0.85684421E-04  0.63598431E-04  0.92404322E-10  0.73917950E-04  0.00000000E+00  0.00000000E+00  0.00000000E+00  0.00000000E+00  0.00000000E+00  0.00000000E+00  0.00000000E+00  0.00000000E+00 
   75    0.29800056E+01  0.41046879E-04  0.75760329E-04  0.52950406E-04  0.66445606E-10  0.60956332E-04  0.00000000E+00  0.00000000E+00  0.00000000E+00  0.00000000E+00  0.00000000E+00  0.00000000E+00  0.00000000E+00  0.00000000E+00 
   76    0.30195117E+01  0.36470695E-04  0.66835340E-04  0.44201790E-04  0.47973649E-10  0.50439297E-04  0.00000000E+00  0.00000000E+00  0.00000000E+00  0.00000000E+00  0.00000000E+00  0.00000000E+00  0.00000000E+00  0.00000000E+00 
   77    0.30590127E+01  0.32423826E-04  0.58882587E-04  0.37035213E-04  0.34827748E-10  0.41929165E-04  0.00000000E+00  0.00000000E+00  0.00000000E+00  0.00000000E+00  0.00000000E+00  0.00000000E+00  0.00000000E+00  0.00000000E+00 
   78    0.30985094E+01  0.28894235E-04  0.51843826E-04  0.31155617E-04  0.25465275E-10  0.35026147E-04  0.00000000E+00  0.00000000E+00  0.00000000E+00  0.00000000E+00  0.00000000E+00  0.00000000E+00  0.00000000E+00  0.00000000E+00 
   79    0.31380027E+01  0.25792905E-04  0.45547062E-04  0.26229911E-04  0.18718092E-10  0.29297204E-04  0.00000000E+00  0.00000000E+00  0.00000000E+00  0.00000000E+00  0.00000000E+00  0.00000000E+00  0.00000000E+00  0.00000000E+00 
   80    0.31774934E+01  0.23026441E-04  0.39918453E-04  0.22077055E-04  0.13801102E-10  0.24507369E-04  0.00000000E+00  0.00000000E+00  0.00000000E+00  0.00000000E+00  0.00000000E+00  0.00000000E+00  0.00000000E+00  0.00000000E+00 
   81    0.32169816E+01  0.20539533E-04  0.34966980E-04  0.18623246E-04  0.10208226E-10  0.20557839E-04  0.00000000E+00  0.00000000E+00  0.00000000E+00  0.00000000E+00  0.00000000E+00  0.00000000E+00  0.00000000E+00  0.00000000E+00 
   82    0.32564675E+01  0.18319465E-04  0.30646045E-04  0.15768870E-04  0.75830173E-11  0.17322982E-04  0.00000000E+00  0.00000000E+00  0.00000000E+00  0.00000000E+00  0.00000000E+00  0.00000000E+00  0.00000000E+00  0.00000000E+00 
   83    0.32959517E+01  0.16349264E-04  0.26864385E-04  0.13395955E-04  0.56593419E-11  0.14657615E-04  0.00000000E+00  0.00000000E+00  0.00000000E+00  0.00000000E+00  0.00000000E+00  0.00000000E+00  0.00000000E+00  0.00000000E+00 
   84    0.33354343E+01  0.14592218E-04  0.23512687E-04  0.11387237E-04  0.42377673E-11  0.12419127E-04  0.00000000E+00  0.00000000E+00  0.00000000E+00  0.00000000E+00  0.00000000E+00  0.00000000E+00  0.00000000E+00  0.00000000E+00 
   85    0.33749158E+01  0.13034951E-04  0.20545375E-04  0.96792090E-05  0.31843133E-11  0.10529713E-04  0.00000000E+00  0.00000000E+00  0.00000000E+00  0.00000000E+00  0.00000000E+00  0.00000000E+00  0.00000000E+00  0.00000000E+00 
   86    0.34143961E+01  0.11674256E-04  0.17957509E-04  0.82429266E-05  0.24059610E-11  0.89526724E-05  0.00000000E+00  0.00000000E+00  0.00000000E+00  0.00000000E+00  0.00000000E+00  0.00000000E+00  0.00000000E+00  0.00000000E+00 
   87    0.34538754E+01  0.10469790E-04  0.15705472E-04  0.70339478E-05  0.18259519E-11  0.76338765E-05  0.00000000E+00  0.00000000E+00  0.00000000E+00  0.00000000E+00  0.00000000E+00  0.00000000E+00  0.00000000E+00  0.00000000E+00 
   88    0.34933539E+01  0.93890325E-05  0.13742247E-04  0.60126147E-05  0.13896113E-11  0.65256990E-05  0.00000000E+00  0.00000000E+00  0.00000000E+00  0.00000000E+00  0.00000000E+00  0.00000000E+00  0.00000000E+00  0.00000000E+00 
   89    0.35328317E+01  0.84307714E-05  0.12039298E-04  0.51546297E-05  0.10616208E-11  0.55990884E-05  0.00000000E+00  0.00000000E+00  0.00000000E+00  0.00000000E+00  0.00000000E+00  0.00000000E+00  0.00000000E+00  0.00000000E+00 
   90    0.35723088E+01  0.75856178E-05  0.10552538E-04  0.44290151E-05  0.81429723E-12  0.48179666E-05  0.00000000E+00  0.00000000E+00  0.00000000E+00  0.00000000E+00  0.00000000E+00  0.00000000E+00  0.00000000E+00  0.00000000E+00 
   91    0.36117855E+01  0.68376373E-05  0.92354454E-05  0.38047932E-05  0.62631121E-12  0.41467690E-05  0.00000000E+00  0.00000000E+00  0.00000000E+00  0.00000000E+00  0.00000000E+00  0.00000000E+00  0.00000000E+00  0.00000000E+00 
   92    0.36512618E+01  0.61846564E-05  0.80753145E-05  0.32693905E-05  0.48349266E-12  0.35712197E-05  0.00000000E+00  0.00000000E+00  0.00000000E+00  0.00000000E+00  0.00000000E+00  0.00000000E+00  0.00000000E+00  0.00000000E+00 
   93    0.36907376E+01  0.56325876E-05  0.70622184E-05  0.28155244E-05  0.37545637E-12  0.30812632E-05  0.00000000E+00  0.00000000E+00  0.00000000E+00  0.00000000E+00  0.00000000E+00  0.00000000E+00  0.00000000E+00  0.00000000E+00 
   94    0.37302131E+01  0.51877554E-05  0.61713663E-05  0.24316988E-05  0.29373895E-12  0.26611794E-05  0.00000000E+00  0.00000000E+00  0.00000000E+00  0.00000000E+00  0.00000000E+00  0.00000000E+00  0.00000000E+00  0.00000000E+00 
   95    0.37696882E+01  0.48456893E-05  0.53954791E-05  0.21027785E-05  0.23151245E-12  0.23025364E-05  0.00000000E+00  0.00000000E+00  0.00000000E+00  0.00000000E+00  0.00000000E+00  0.00000000E+00  0.00000000E+00  0.00000000E+00 
   96    0.38091631E+01  0.45723630E-05  0.47365026E-05  0.18154864E-05  0.18319892E-12  0.20009549E-05  0.00000000E+00  0.00000000E+00  0.00000000E+00  0.00000000E+00  0.00000000E+00  0.00000000E+00  0.00000000E+00  0.00000000E+00 
   97    0.38486378E+01  0.42672489E-05  0.41807030E-05  0.15678422E-05  0.14397917E-12  0.17466805E-05  0.00000000E+00  0.00000000E+00  0.00000000E+00  0.00000000E+00  0.00000000E+00  0.00000000E+00  0.00000000E+00  0.00000000E+00 
   98    0.38881124E+01  0.38706977E-05  0.37033820E-05  0.13585949E-05  0.11141433E-12  0.15283266E-05  0.00000000E+00  0.00000000E+00  0.00000000E+00  0.00000000E+00  0.00000000E+00  0.00000000E+00  0.00000000E+00  0.00000000E+00 
   99    0.39275869E+01  0.34436604E-05  0.32752838E-05  0.11800355E-05  0.85351168E-13  0.13360279E-05  0.00000000E+00  0.00000000E+00  0.00000000E+00  0.00000000E+00  0.00000000E+00  0.00000000E+00  0.00000000E+00  0.00000000E+00 
  100    0.39670614E+01  0.30412527E-05  0.28860257E-05  0.10252306E-05  0.65175035E-13  0.11652526E-05  0.00000000E+00  0.00000000E+00  0.00000000E+00  0.00000000E+00  0.00000000E+00  0.00000000E+00  0.00000000E+00  0.00000000E+00 
