Loading openmpi-geib-cuda10.2-intel/4.0.5
  Loading requirement: hpcx/2.10 cuda10.2/toolkit/10.2.89
MQCT paths: /mmfs1/home/8101lukmani/pure-MQCT/EXAMPLES_IO/SYS_TYPE_8/H2O_H2/MQCT_PATHS.txt -> /mmfs1/home/8101lukmani/pure-MQCT/bin/mqct_H2OH2.exe
 MPI INITIALIZED
 PARSERING OF USER INPUT
 ARRAY_INI_STARTED
 STATES_SIZE_FOUND         104
 number_of_channels          10
 jmax_included           3
 BASIS ARRAYS CREATED
ARRAYS ALLOCATION TOOK TIME, s =             0.000
 TOTAL_SIZE_OF_M =          891
THE SIZE OF THE Mij COMPUTED BY EACH PROCESSOR= 10
 MATRIX_INI_STARTED
 COMPUTING MATRIX ELEMENTS STARTED
 USER TERM FILE IS BEING READ 
 TERMS ARE BEING READ
 TERMS HAVE BEEN READ
 TERM MATRIX CREATED 
Truncation #1 at #R = 12, R = 5.970, and #2 at #R = 20, R = 8.130
proc_id =     0, Progress =   100%, Time(sec.) =        0.035
proc_id =     3, Progress =   100%, Time(sec.) =        0.046
proc_id =     5, Progress =   100%, Time(sec.) =        0.046
proc_id =     1, Progress =   100%, Time(sec.) =        0.046
proc_id =     2, Progress =   100%, Time(sec.) =        0.045
proc_id =     4, Progress =   100%, Time(sec.) =        0.045
proc_id =     8, Progress =   100%, Time(sec.) =        0.045
proc_id =    12, Progress =   100%, Time(sec.) =        0.045
proc_id =     6, Progress =   100%, Time(sec.) =        0.045
proc_id =     7, Progress =   100%, Time(sec.) =        0.047
proc_id =     9, Progress =   100%, Time(sec.) =        0.047
proc_id =    11, Progress =   100%, Time(sec.) =        0.047
proc_id =    20, Progress =   100%, Time(sec.) =        0.047
proc_id =    16, Progress =   100%, Time(sec.) =        0.048
proc_id =    13, Progress =   100%, Time(sec.) =        0.047
proc_id =    24, Progress =   100%, Time(sec.) =        0.049
proc_id =    15, Progress =   100%, Time(sec.) =        0.047
proc_id =    33, Progress =   100%, Time(sec.) =        0.047
proc_id =    30, Progress =   100%, Time(sec.) =        0.049
proc_id =    14, Progress =   100%, Time(sec.) =        0.047
proc_id =    28, Progress =   100%, Time(sec.) =        0.048
proc_id =    39, Progress =   100%, Time(sec.) =        0.048
proc_id =    18, Progress =   100%, Time(sec.) =        0.048
proc_id =    17, Progress =   100%, Time(sec.) =        0.049
proc_id =    21, Progress =   100%, Time(sec.) =        0.048
proc_id =    27, Progress =   100%, Time(sec.) =        0.048
proc_id =    37, Progress =   100%, Time(sec.) =        0.048
proc_id =    19, Progress =   100%, Time(sec.) =        0.048
proc_id =    25, Progress =   100%, Time(sec.) =        0.048
proc_id =    73, Progress =   100%, Time(sec.) =        0.048
proc_id =    23, Progress =   100%, Time(sec.) =        0.049
proc_id =    36, Progress =   100%, Time(sec.) =        0.021
proc_id =    29, Progress =   100%, Time(sec.) =        0.048
proc_id =    31, Progress =   100%, Time(sec.) =        0.049
proc_id =    35, Progress =   100%, Time(sec.) =        0.049
proc_id =    32, Progress =   100%, Time(sec.) =        0.048
proc_id =    22, Progress =   100%, Time(sec.) =        0.049
proc_id =    46, Progress =   100%, Time(sec.) =        0.051
proc_id =    42, Progress =   100%, Time(sec.) =        0.051
proc_id =    71, Progress =   100%, Time(sec.) =        0.048
proc_id =    40, Progress =   100%, Time(sec.) =        0.051
proc_id =    26, Progress =   100%, Time(sec.) =        0.051
proc_id =    47, Progress =   100%, Time(sec.) =        0.049
proc_id =    75, Progress =   100%, Time(sec.) =        0.049
proc_id =    79, Progress =   100%, Time(sec.) =        0.049
proc_id =    81, Progress =   100%, Time(sec.) =        0.049
proc_id =    53, Progress =   100%, Time(sec.) =        0.049
proc_id =    55, Progress =   100%, Time(sec.) =        0.049
proc_id =    61, Progress =   100%, Time(sec.) =        0.037
proc_id =    45, Progress =   100%, Time(sec.) =        0.050
proc_id =    52, Progress =   100%, Time(sec.) =        0.050
proc_id =    60, Progress =   100%, Time(sec.) =        0.051
proc_id =    68, Progress =   100%, Time(sec.) =        0.049
proc_id =    64, Progress =   100%, Time(sec.) =        0.049
proc_id =    56, Progress =   100%, Time(sec.) =        0.051
proc_id =    70, Progress =   100%, Time(sec.) =        0.049
proc_id =    63, Progress =   100%, Time(sec.) =        0.050
proc_id =    49, Progress =   100%, Time(sec.) =        0.050
proc_id =    50, Progress =   100%, Time(sec.) =        0.052
proc_id =    58, Progress =   100%, Time(sec.) =        0.052
proc_id =    43, Progress =   100%, Time(sec.) =        0.051
proc_id =    77, Progress =   100%, Time(sec.) =        0.051
proc_id =    66, Progress =   100%, Time(sec.) =        0.050
proc_id =    48, Progress =   100%, Time(sec.) =        0.053
proc_id =    78, Progress =   100%, Time(sec.) =        0.051
proc_id =    65, Progress =   100%, Time(sec.) =        0.051
proc_id =    54, Progress =   100%, Time(sec.) =        0.053
proc_id =    62, Progress =   100%, Time(sec.) =        0.052
proc_id =    57, Progress =   100%, Time(sec.) =        0.051
proc_id =    44, Progress =   100%, Time(sec.) =        0.053
proc_id =    41, Progress =   100%, Time(sec.) =        0.052
proc_id =    69, Progress =   100%, Time(sec.) =        0.051
proc_id =    67, Progress =   100%, Time(sec.) =        0.051
proc_id =    51, Progress =   100%, Time(sec.) =        0.051
proc_id =    80, Progress =   100%, Time(sec.) =        0.052
proc_id =    59, Progress =   100%, Time(sec.) =        0.052
proc_id =    82, Progress =   100%, Time(sec.) =        0.052
proc_id =    72, Progress =   100%, Time(sec.) =        0.053
proc_id =    74, Progress =   100%, Time(sec.) =        0.053
proc_id =    76, Progress =   100%, Time(sec.) =        0.054
proc_id =    10, Progress =   100%, Time(sec.) =        0.033
proc_id =    38, Progress =   100%, Time(sec.) =        0.005
proc_id =    34, Progress =   100%, Time(sec.) =        0.059
 SPLINING OF Mij STARTED
 SPLINING OF Mij FINISHED
 TERMS ARE BEING READ
 TERMS HAVE BEEN READ
 COMPUTING THE RESIDUE OF Mij
 SPLINING RESIDUE OF Mij
 SYSTEM_SETUP_DONE
MATRIX HAS BEEN SAVED INTO THE FILE  "   MTRX.DAT "
TIME SPENT ON MATRIX Mij READING/COMPUTING/SAVING ON DISK ,s       0.0
        TIME SPENT ON MATRIX Mij SAVING ON DISK ,s       0.5
 ALL WORK ON MATRIX IS DONE
--------------------------------------------------------------------------
mpirun has exited due to process rank 66 with PID 811071 on
node raj-gpu04 exiting improperly. There are three reasons this could occur:

1. this process did not call "init" before exiting, but others in
the job did. This can cause a job to hang indefinitely while it waits
for all processes to call "init". By rule, if one process calls "init",
then ALL processes must call "init" prior to termination.

2. this process called "init", but exited without calling "finalize".
By rule, all processes that call "init" MUST call "finalize" prior to
exiting or it will be considered an "abnormal termination"

3. this process called "MPI_Abort" or "orte_abort" and the mca parameter
orte_create_session_dirs is set to false. In this case, the run-time cannot
detect that the abort call was an abnormal termination. Hence, the only
error message you will receive is this one.

This may have caused other processes in the application to be
terminated by signals sent by mpirun (as reported here).

You can avoid this message by specifying -quiet on the mpirun command line.
--------------------------------------------------------------------------

real	0m3.065s
user	0m3.981s
sys	0m2.576s
