energy#1, (U= 100.000 cm^-1)
state= 1
j12= 0
m12= 0
L_ORB  B_IMPACT(a.u.)     DEFLCT_ANGLE(rad)    SCAT_PHASE(rad)       FINISH_TIME(a.u.)    ENERGY_ERROR(%)      NORM_ERROR(%)    LOOPS   OSCIL
   0   0.00000000E+00      0.31415927E+01      -0.34740274E+02        0.12993845E+06      0.32054079E-04      0.82411944E-07       0       0
   1   0.24315243E+00      0.30205711E+01      -0.31659192E+02        0.12995577E+06      0.43114388E-04      0.82075968E-07       0       0
   2   0.48630486E+00      0.29319396E+01      -0.28682936E+02        0.13000773E+06      0.89974014E-05      0.81400886E-07       0       0
   3   0.72945729E+00      0.28450172E+01      -0.25794458E+02        0.13009434E+06      0.64419887E-05      0.80403462E-07       0       0
   4   0.97260972E+00      0.27585712E+01      -0.22992664E+02        0.13021558E+06      0.64083585E-04      0.79081719E-07       0       0
   5   0.12157621E+01      0.26722605E+01      -0.20277248E+02        0.13035414E+06      0.33187540E-04      0.77448492E-07       0       0
   6   0.14589146E+01      0.25859327E+01      -0.17648151E+02        0.13054467E+06      0.61309254E-04      0.75516260E-07       0       0
   7   0.17020670E+01      0.24994935E+01      -0.15105438E+02        0.13076984E+06      0.27693295E-04      0.73304518E-07       0       0
   8   0.19452194E+01      0.24128681E+01      -0.12649257E+02        0.13101232E+06      0.18658597E-05      0.70828321E-07       0       0
   9   0.21883719E+01      0.23259861E+01      -0.10279830E+02        0.13132409E+06      0.14645344E-04      0.68114514E-07       0       0
  10   0.24315243E+01      0.22387761E+01      -0.79974492E+01        0.13165318E+06      0.30456982E-04      0.65178085E-07       0       0
  11   0.26746767E+01      0.21511601E+01      -0.58024810E+01        0.13205155E+06      0.10990369E-04      0.62043037E-07       0       0
  12   0.29178292E+01      0.20630529E+01      -0.36953745E+01        0.13250189E+06      0.21953684E-04      0.58746452E-07       0       0
  13   0.31609816E+01      0.19743586E+01      -0.16766688E+01        0.13302150E+06      0.11049037E-04      0.55313509E-07       0       0
  14   0.34041340E+01      0.18849700E+01       0.25299556E+00        0.13359308E+06      0.19006743E-04      0.51768567E-07       0       0
  15   0.36472864E+01      0.17947651E+01       0.20928631E+01        0.13423394E+06      0.46045548E-04      0.48152859E-07       0       0
  16   0.38904389E+01      0.17036048E+01       0.38420480E+01        0.13496140E+06      0.47906492E-04      0.44492054E-07       0       0
  17   0.41335913E+01      0.16113291E+01       0.54995150E+01        0.13577546E+06      0.24224993E-04      0.40820924E-07       0       0
  18   0.43767437E+01      0.15177464E+01       0.70640527E+01        0.13667613E+06      0.18531179E-04      0.37169823E-07       0       0
  19   0.46198962E+01      0.14226400E+01       0.85342459E+01        0.13769804E+06      0.19914823E-04      0.33573855E-07       0       0
  20   0.48630486E+01      0.13257671E+01       0.99084494E+01        0.13882387E+06      0.36416177E-04      0.30065350E-07       0       0
  21   0.51062010E+01      0.12268430E+01       0.11184754E+02        0.14008827E+06      0.54347460E-04      0.26671021E-07       0       0
  22   0.53493534E+01      0.11255315E+01       0.12360942E+02        0.14149123E+06      0.16033835E-04      0.23423841E-07       0       0
  23   0.55925059E+01      0.10214253E+01       0.13434420E+02        0.14306740E+06      0.44221141E-04      0.20346858E-07       0       0
  24   0.58356583E+01      0.91401390E+00       0.14402140E+02        0.14481677E+06      0.30492380E-05      0.17461077E-07       0       0
  25   0.60788107E+01      0.80264155E+00       0.15260467E+02        0.14679131E+06      0.52265017E-04      0.14787460E-07       0       0
  26   0.63219632E+01      0.68652839E+00       0.16005052E+02        0.14900833E+06      0.55270880E-04      0.12340662E-07       0       0
  27   0.65651156E+01      0.56468467E+00       0.16630659E+02        0.15151980E+06      0.12370400E-04      0.10133494E-07       0       0
  28   0.68082680E+01      0.43580773E+00       0.17130905E+02        0.15436037E+06      0.74686672E-05      0.81729290E-08       0       0
  29   0.70514205E+01      0.29809621E+00       0.17497857E+02        0.15763394E+06      0.68625464E-06      0.64600547E-08       0       0
  30   0.72945729E+01      0.14919213E+00       0.17721501E+02        0.16142714E+06      0.49630878E-05      0.49923177E-08       0       0
  31   0.75377253E+01     -0.14085350E-01       0.17789055E+02        0.16587851E+06      0.52162542E-04      0.37630121E-08       0       0
  32   0.77808777E+01     -0.19629520E+00       0.17683864E+02        0.17116126E+06      0.58298231E-04      0.27563063E-08       0       0
  33   0.80240302E+01     -0.40378669E+00       0.17383823E+02        0.17751789E+06      0.48985370E-05      0.19547253E-08       0       0
  34   0.82671826E+01     -0.64532528E+00       0.16859267E+02        0.18522551E+06      0.25568720E-05      0.13330226E-08       0       0
  35   0.85103350E+01     -0.93298535E+00       0.16070112E+02        0.19456127E+06      0.79291274E-05      0.88316021E-09       0       0
  36   0.87534875E+01     -0.12813255E+01       0.14962957E+02        0.20564639E+06      0.11349430E-04      0.44810822E-09       0       0
  37   0.89966399E+01     -0.17047792E+01       0.13469904E+02        0.21809984E+06      0.14278039E-04      0.71461725E-09       0       0
  38   0.92397923E+01     -0.22042239E+01       0.11515403E+02        0.23124610E+06      0.13960095E-04      0.17520763E-08       0       0
  39   0.94829447E+01     -0.27203581E+01       0.90531117E+01        0.24357831E+06      0.29302117E-04      0.30440539E-08       0       0
  40   0.97260972E+01     -0.34635206E+01       0.59611723E+01        0.26550607E+06      0.13280193E-04      0.35533798E-08       0       0
  41   0.99692496E+01     -0.10570211E+01       0.37009015E+01        0.19941101E+06      0.10450959E-04      0.54178884E-11       0       0
  42   0.10212402E+02     -0.62478308E+00       0.28599994E+01        0.18072218E+06      0.30315656E-04      0.28199665E-11       0       0
  43   0.10455554E+02     -0.44338218E+00       0.23259168E+01        0.17195800E+06      0.37234575E-04      0.13100632E-11       0       0
  44   0.10698707E+02     -0.33693024E+00       0.19357606E+01        0.16624224E+06      0.50493923E-04      0.62172489E-12       0       0
  45   0.10941859E+02     -0.26593714E+00       0.16343269E+01        0.16192943E+06      0.36160883E-04      0.82156504E-12       0       0
  46   0.11185012E+02     -0.21516145E+00       0.13937776E+01        0.15839605E+06      0.34092369E-04      0.14210855E-11       0       0
  47   0.11428164E+02     -0.17718535E+00       0.11976042E+01        0.15533032E+06      0.35443430E-05      0.97699626E-12       0       0
  48   0.11671317E+02     -0.14788028E+00       0.10350714E+01        0.15255904E+06      0.17759497E-04      0.37747583E-12       0       0
  49   0.11914469E+02     -0.12473548E+00       0.89876351E+00        0.14997828E+06      0.26769499E-05      0.94368957E-12       0       0
  50   0.12157621E+02     -0.10612426E+00       0.78333364E+00        0.14751877E+06      0.31011501E-04      0.57731597E-12       0       0
  51   0.12400774E+02     -0.90942113E-01       0.68480046E+00        0.14514586E+06      0.82411887E-05      0.73274720E-12       0       0
  52   0.12643926E+02     -0.78410160E-01       0.60012432E+00        0.14282491E+06      0.97237553E-05      0.81046281E-12       0       0
  53   0.12887079E+02     -0.67962878E-01       0.52693780E+00        0.14053860E+06      0.14090147E-05      0.62172489E-12       0       0
  54   0.13130231E+02     -0.59178546E-01       0.46336709E+00        0.13823497E+06      0.50597457E-05      0.68833828E-12       0       0
  55   0.13373384E+02     -0.51739250E-01       0.40790819E+00        0.13594867E+06      0.15166218E-04      0.10436096E-11       0       0
  56   0.13616536E+02     -0.45396515E-01       0.35934031E+00        0.13361040E+06      0.12332375E-04      0.48849813E-12       0       0
  57   0.13859688E+02     -0.39958576E-01       0.31666276E+00        0.13125481E+06      0.12592161E-04      0.65503158E-12       0       0
  58   0.14102841E+02     -0.35271837E-01       0.27904756E+00        0.12886458E+06      0.37145897E-04      0.62172489E-12       0       0
  59   0.14345993E+02     -0.31213081E-01       0.24580510E+00        0.12642239E+06      0.34522872E-05      0.66613381E-12       0       0
  60   0.14589146E+02     -0.27682370E-01       0.21635737E+00        0.12391091E+06      0.20220068E-04      0.57731597E-12       0       0
  61   0.14832298E+02     -0.24598650E-01       0.19021686E+00        0.12133016E+06      0.14676747E-04      0.28865799E-12       0       0
  62   0.15075451E+02     -0.21895217E-01       0.16696993E+00        0.11868012E+06      0.13370928E-04      0.93258734E-12       0       0
  63   0.15318603E+02     -0.19516271E-01       0.14626419E+00        0.11594348E+06      0.71651735E-05      0.53290705E-12       0       0
  64   0.15561755E+02     -0.17415808E-01       0.12779815E+00        0.11312024E+06      0.41398488E-05      0.57731597E-12       0       0
  65   0.15804908E+02     -0.15554696E-01       0.11131289E+00        0.11019307E+06      0.61283444E-06      0.32196468E-12       0       0
  66   0.16048060E+02     -0.13900513E-01       0.96585290E-01        0.10716198E+06      0.23292501E-04      0.25535130E-12       0       0
  67   0.16291213E+02     -0.12424575E-01       0.83422746E-01        0.10399233E+06      0.55079812E-05      0.54400928E-12       0       0
  68   0.16534365E+02     -0.11104268E-01       0.71658324E-01        0.10070143E+06      0.28940968E-04      0.82156504E-12       0       0
  69   0.16777518E+02     -0.99184821E-02       0.61146949E-01        0.97254653E+05      0.16439119E-04      0.35527137E-12       0       0
  70   0.17020670E+02     -0.88496364E-02       0.51762890E-01        0.93634667E+05      0.21744179E-04      0.12323476E-11       0       0
  71   0.17263822E+02     -0.78825715E-02       0.43396786E-01        0.89824155E+05      0.24034256E-04      0.55511151E-12       0       0
  72   0.17506975E+02     -0.70035138E-02       0.35953743E-01        0.85788476E+05      0.92460545E-05      0.41078252E-12       0       0
  73   0.17750127E+02     -0.62011243E-02       0.29351424E-01        0.81510311E+05      0.94317130E-05      0.31086245E-12       0       0
  74   0.17993280E+02     -0.54649153E-02       0.23518405E-01        0.76955017E+05      0.83006576E-05      0.48849813E-12       0       0
  75   0.18236432E+02     -0.47828664E-02       0.18394514E-01        0.72018673E+05      0.48990901E-05      0.33306691E-12       0       0
  76   0.18479585E+02     -0.41476971E-02       0.13929232E-01        0.66683956E+05      0.58816481E-05      0.39968029E-12       0       0
  77   0.18722737E+02     -0.35467412E-02       0.10082013E-01        0.60777663E+05      0.53409582E-05      0.55511151E-12       0       0
  78   0.18965889E+02     -0.29705676E-02       0.68233584E-02        0.54178549E+05      0.59713933E-05      0.57731597E-12       0       0
  79   0.19209042E+02     -0.24013604E-02       0.41373945E-02        0.46540205E+05      0.11995318E-04      0.38857806E-12       0       0
  80   0.19452194E+02     -0.18117241E-02       0.20308522E-02        0.37256413E+05      0.44779147E-05      0.52180482E-12       0       0
  81   0.19695347E+02     -0.11249902E-02       0.56249510E-03        0.24508519E+05      0.54137902E-06      0.57731597E-12       0       0
  82   0.19938499E+02      0.00000000E+00       0.00000000E+00        0.00000000E+00      0.00000000E+00      0.00000000E+00       0       0
 
