 energy           1
 state =            1
 j12=           0
 m12=           0
          ANGLE,deg DIFF. CROSS.,angs^2
      0.0000000E+00       0.3416289E+05
      0.1801802E+00       0.3390225E+05
      0.3603604E+00       0.3313134E+05
      0.5405405E+00       0.3188238E+05
      0.7207207E+00       0.3020685E+05
      0.9009009E+00       0.2817225E+05
      0.1081081E+01       0.2585796E+05
      0.1261261E+01       0.2335054E+05
      0.1441441E+01       0.2073876E+05
      0.1621622E+01       0.1810878E+05
      0.1801802E+01       0.1553976E+05
      0.1981982E+01       0.1310031E+05
      0.2162162E+01       0.1084577E+05
      0.2342342E+01       0.8816705E+04
      0.2522523E+01       0.7038410E+04
      0.2702703E+01       0.5521470E+04
      0.2882883E+01       0.4263210E+04
      0.3063063E+01       0.3249826E+04
      0.3243243E+01       0.2458952E+04
      0.3423423E+01       0.1862421E+04
      0.3603604E+01       0.1428993E+04
      0.3783784E+01       0.1126827E+04
      0.3963964E+01       0.9255616E+03
      0.4144144E+01       0.7978943E+03
      0.4324324E+01       0.7206198E+03
      0.4504505E+01       0.6751398E+03
      0.4684685E+01       0.6475010E+03
      0.4864865E+01       0.6280523E+03
      0.5045045E+01       0.6108277E+03
      0.5225225E+01       0.5927723E+03
      0.5405405E+01       0.5729173E+03
      0.5585586E+01       0.5515964E+03
      0.5765766E+01       0.5297712E+03
      0.5945946E+01       0.5085098E+03
      0.6126126E+01       0.4886340E+03
      0.6306306E+01       0.4705332E+03
      0.6486486E+01       0.4541195E+03
      0.6666667E+01       0.4388927E+03
      0.6846847E+01       0.4240754E+03
      0.7027027E+01       0.4087797E+03
      0.7207207E+01       0.3921720E+03
      0.7387387E+01       0.3736112E+03
      0.7567568E+01       0.3527419E+03
      0.7747748E+01       0.3295380E+03
      0.7927928E+01       0.3042970E+03
      0.8108108E+01       0.2775934E+03
      0.8288288E+01       0.2502024E+03
      0.8468468E+01       0.2230086E+03
      0.8648649E+01       0.1969118E+03
      0.8828829E+01       0.1727425E+03
      0.9009009E+01       0.1511933E+03
      0.9189189E+01       0.1327721E+03
      0.9369369E+01       0.1177791E+03
      0.9549550E+01       0.1063036E+03
      0.9729730E+01       0.9823941E+02
      0.9909910E+01       0.9331316E+02
      0.1009009E+02       0.9112038E+02
      0.1027027E+02       0.9116476E+02
      0.1045045E+02       0.9289687E+02
      0.1063063E+02       0.9574944E+02
      0.1081081E+02       0.9916763E+02
      0.1099099E+02       0.1026336E+03
      0.1117117E+02       0.1056857E+03
      0.1135135E+02       0.1079323E+03
      0.1153153E+02       0.1090623E+03
      0.1171171E+02       0.1088509E+03
      0.1189189E+02       0.1071637E+03
      0.1207207E+02       0.1039569E+03
      0.1225225E+02       0.9927531E+02
      0.1243243E+02       0.9324725E+02
      0.1261261E+02       0.8607587E+02
      0.1279279E+02       0.7802748E+02
      0.1297297E+02       0.6941637E+02
      0.1315315E+02       0.6058695E+02
      0.1333333E+02       0.5189377E+02
      0.1351351E+02       0.4368066E+02
      0.1369369E+02       0.3626027E+02
      0.1387387E+02       0.2989532E+02
      0.1405405E+02       0.2478325E+02
      0.1423423E+02       0.2104509E+02
      0.1441441E+02       0.1871971E+02
      0.1459459E+02       0.1776369E+02
      0.1477477E+02       0.1805690E+02
      0.1495495E+02       0.1941310E+02
      0.1513514E+02       0.2159486E+02
      0.1531532E+02       0.2433124E+02
      0.1549550E+02       0.2733699E+02
      0.1567568E+02       0.3033167E+02
      0.1585586E+02       0.3305727E+02
      0.1603604E+02       0.3529314E+02
      0.1621622E+02       0.3686726E+02
      0.1639640E+02       0.3766348E+02
      0.1657658E+02       0.3762436E+02
      0.1675676E+02       0.3674997E+02
      0.1693694E+02       0.3509301E+02
      0.1711712E+02       0.3275111E+02
      0.1729730E+02       0.2985699E+02
      0.1747748E+02       0.2656749E+02
      0.1765766E+02       0.2305222E+02
      0.1783784E+02       0.1948268E+02
      0.1801802E+02       0.1602234E+02
      0.1819820E+02       0.1281822E+02
      0.1837838E+02       0.9994204E+01
      0.1855856E+02       0.7646302E+01
      0.1873874E+02       0.5839719E+01
      0.1891892E+02       0.4607822E+01
      0.1909910E+02       0.3952741E+01
      0.1927928E+02       0.3847444E+01
      0.1945946E+02       0.4239054E+01
      0.1963964E+02       0.5053159E+01
      0.1981982E+02       0.6198870E+01
      0.2000000E+02       0.7574362E+01
      0.2018018E+02       0.9072631E+01
      0.2036036E+02       0.1058721E+02
      0.2054054E+02       0.1201759E+02
      0.2072072E+02       0.1327406E+02
      0.2090090E+02       0.1428181E+02
      0.2108108E+02       0.1498404E+02
      0.2126126E+02       0.1534402E+02
      0.2144144E+02       0.1534592E+02
      0.2162162E+02       0.1499455E+02
      0.2180180E+02       0.1431390E+02
      0.2198198E+02       0.1334481E+02
      0.2216216E+02       0.1214174E+02
      0.2234234E+02       0.1076913E+02
      0.2252252E+02       0.9297275E+01
      0.2270270E+02       0.7798345E+01
      0.2288288E+02       0.6342468E+01
      0.2306306E+02       0.4994277E+01
      0.2324324E+02       0.3810016E+01
      0.2342342E+02       0.2835306E+01
      0.2360360E+02       0.2103646E+01
      0.2378378E+02       0.1635632E+01
      0.2396396E+02       0.1438844E+01
      0.2414414E+02       0.1508338E+01
      0.2432432E+02       0.1827621E+01
      0.2450450E+02       0.2370014E+01
      0.2468468E+02       0.3100299E+01
      0.2486486E+02       0.3976540E+01
      0.2504505E+02       0.4952025E+01
      0.2522523E+02       0.5977235E+01
      0.2540541E+02       0.7001827E+01
      0.2558559E+02       0.7976568E+01
      0.2576577E+02       0.8855200E+01
      0.2594595E+02       0.9596200E+01
      0.2612613E+02       0.1016440E+02
      0.2630631E+02       0.1053239E+02
      0.2648649E+02       0.1068175E+02
      0.2666667E+02       0.1060386E+02
      0.2684685E+02       0.1030046E+02
      0.2702703E+02       0.9783716E+01
      0.2720721E+02       0.9075883E+01
      0.2738739E+02       0.8208470E+01
      0.2756757E+02       0.7220951E+01
      0.2774775E+02       0.6159057E+01
      0.2792793E+02       0.5072706E+01
      0.2810811E+02       0.4013673E+01
      0.2828829E+02       0.3033111E+01
      0.2846847E+02       0.2179043E+01
      0.2864865E+02       0.1493972E+01
      0.2882883E+02       0.1012727E+01
      0.2900901E+02       0.7606600E+00
      0.2918919E+02       0.7523007E+00
      0.2936937E+02       0.9905321E+00
      0.2954955E+02       0.1466334E+01
      0.2972973E+02       0.2159105E+01
      0.2990991E+02       0.3037554E+01
      0.3009009E+02       0.4061110E+01
      0.3027027E+02       0.5181786E+01
      0.3045045E+02       0.6346413E+01
      0.3063063E+02       0.7499138E+01
      0.3081081E+02       0.8584075E+01
      0.3099099E+02       0.9547985E+01
      0.3117117E+02       0.1034287E+02
      0.3135135E+02       0.1092834E+02
      0.3153153E+02       0.1127370E+02
      0.3171171E+02       0.1135956E+02
      0.3189189E+02       0.1117895E+02
      0.3207207E+02       0.1073788E+02
      0.3225225E+02       0.1005527E+02
      0.3243243E+02       0.9162184E+01
      0.3261261E+02       0.8100549E+01
      0.3279279E+02       0.6921212E+01
      0.3297297E+02       0.5681537E+01
      0.3315315E+02       0.4442616E+01
      0.3333333E+02       0.3266223E+01
      0.3351351E+02       0.2211665E+01
      0.3369369E+02       0.1332714E+01
      0.3387387E+02       0.6747609E+00
      0.3405405E+02       0.2723729E+00
      0.3423423E+02       0.1473879E+00
      0.3441441E+02       0.3076597E+00
      0.3459459E+02       0.7465367E+00
      0.3477477E+02       0.1443111E+01
      0.3495495E+02       0.2363230E+01
      0.3513514E+02       0.3461228E+01
      0.3531532E+02       0.4682268E+01
      0.3549550E+02       0.5965189E+01
      0.3567568E+02       0.7245676E+01
      0.3585586E+02       0.8459598E+01
      0.3603604E+02       0.9546319E+01
      0.3621622E+02       0.1045180E+02
      0.3639640E+02       0.1113134E+02
      0.3657658E+02       0.1155179E+02
      0.3675676E+02       0.1169315E+02
      0.3693694E+02       0.1154946E+02
      0.3711712E+02       0.1112897E+02
      0.3729730E+02       0.1045351E+02
      0.3747748E+02       0.9557316E+01
      0.3765766E+02       0.8485054E+01
      0.3783784E+02       0.7289503E+01
      0.3801802E+02       0.6028785E+01
      0.3819820E+02       0.4763395E+01
      0.3837838E+02       0.3553157E+01
      0.3855856E+02       0.2454281E+01
      0.3873874E+02       0.1516633E+01
      0.3891892E+02       0.7813919E+00
      0.3909910E+02       0.2791648E+00
      0.3927928E+02       0.2867507E-01
      0.3945946E+02       0.3605921E-01
      0.3963964E+02       0.2948042E+00
      0.3981982E+02       0.7863129E+00
      0.4000000E+02       0.1481057E+01
      0.4018018E+02       0.2340249E+01
      0.4036036E+02       0.3317935E+01
      0.4054054E+02       0.4363399E+01
      0.4072072E+02       0.5423746E+01
      0.4090090E+02       0.6446531E+01
      0.4108108E+02       0.7382303E+01
      0.4126126E+02       0.8186930E+01
      0.4144144E+02       0.8823600E+01
      0.4162162E+02       0.9264398E+01
      0.4180180E+02       0.9491408E+01
      0.4198198E+02       0.9497270E+01
      0.4216216E+02       0.9285212E+01
      0.4234234E+02       0.8868552E+01
      0.4252252E+02       0.8269731E+01
      0.4270270E+02       0.7518925E+01
      0.4288288E+02       0.6652345E+01
      0.4306306E+02       0.5710298E+01
      0.4324324E+02       0.4735147E+01
      0.4342342E+02       0.3769241E+01
      0.4360360E+02       0.2852952E+01
      0.4378378E+02       0.2022887E+01
      0.4396396E+02       0.1310363E+01
      0.4414414E+02       0.7402043E+00
      0.4432432E+02       0.3299010E+00
      0.4450450E+02       0.8915087E-01
      0.4468468E+02       0.1978157E-01
      0.4486486E+02       0.1160378E+00
      0.4504505E+02       0.3651967E+00
      0.4522523E+02       0.7484641E+00
      0.4540541E+02       0.1242093E+01
      0.4558559E+02       0.1818661E+01
      0.4576577E+02       0.2448439E+01
      0.4594595E+02       0.3100779E+01
      0.4612613E+02       0.3745473E+01
      0.4630631E+02       0.4354006E+01
      0.4648649E+02       0.4900669E+01
      0.4666667E+02       0.5363487E+01
      0.4684685E+02       0.5724940E+01
      0.4702703E+02       0.5972451E+01
      0.4720721E+02       0.6098639E+01
      0.4738739E+02       0.6101357E+01
      0.4756757E+02       0.5983499E+01
      0.4774775E+02       0.5752627E+01
      0.4792793E+02       0.5420434E+01
      0.4810811E+02       0.5002080E+01
      0.4828829E+02       0.4515431E+01
      0.4846847E+02       0.3980243E+01
      0.4864865E+02       0.3417335E+01
      0.4882883E+02       0.2847760E+01
      0.4900901E+02       0.2292029E+01
      0.4918919E+02       0.1769400E+01
      0.4936937E+02       0.1297246E+01
      0.4954955E+02       0.8905347E+00
      0.4972973E+02       0.5614050E+00
      0.4990991E+02       0.3188691E+00
      0.5009009E+02       0.1686214E+00
      0.5027027E+02       0.1129642E+00
      0.5045045E+02       0.1508394E+00
      0.5063063E+02       0.2779621E+00
      0.5081081E+02       0.4870471E+00
      0.5099099E+02       0.7681204E+00
      0.5117117E+02       0.1108905E+01
      0.5135135E+02       0.1495271E+01
      0.5153153E+02       0.1911741E+01
      0.5171171E+02       0.2342030E+01
      0.5189189E+02       0.2769618E+01
      0.5207207E+02       0.3178329E+01
      0.5225225E+02       0.3552901E+01
      0.5243243E+02       0.3879539E+01
      0.5261261E+02       0.4146412E+01
      0.5279279E+02       0.4344098E+01
      0.5297297E+02       0.4465933E+01
      0.5315315E+02       0.4508276E+01
      0.5333333E+02       0.4470653E+01
      0.5351351E+02       0.4355774E+01
      0.5369369E+02       0.4169435E+01
      0.5387387E+02       0.3920282E+01
      0.5405405E+02       0.3619462E+01
      0.5423423E+02       0.3280159E+01
      0.5441441E+02       0.2917047E+01
      0.5459459E+02       0.2545667E+01
      0.5477477E+02       0.2181775E+01
      0.5495495E+02       0.1840665E+01
      0.5513514E+02       0.1536521E+01
      0.5531532E+02       0.1281814E+01
      0.5549550E+02       0.1086775E+01
      0.5567568E+02       0.9589718E+00
      0.5585586E+02       0.9030050E+00
      0.5603604E+02       0.9203385E+00
      0.5621622E+02       0.1009274E+01
      0.5639640E+02       0.1165070E+01
      0.5657658E+02       0.1380192E+01
      0.5675676E+02       0.1644691E+01
      0.5693694E+02       0.1946690E+01
      0.5711712E+02       0.2272945E+01
      0.5729730E+02       0.2609461E+01
      0.5747748E+02       0.2942141E+01
      0.5765766E+02       0.3257415E+01
      0.5783784E+02       0.3542844E+01
      0.5801802E+02       0.3787651E+01
      0.5819820E+02       0.3983167E+01
      0.5837838E+02       0.4123166E+01
      0.5855856E+02       0.4204078E+01
      0.5873874E+02       0.4225067E+01
      0.5891892E+02       0.4187982E+01
      0.5909910E+02       0.4097173E+01
      0.5927928E+02       0.3959200E+01
      0.5945946E+02       0.3782439E+01
      0.5963964E+02       0.3576611E+01
      0.5981982E+02       0.3352264E+01
      0.6000000E+02       0.3120234E+01
      0.6018018E+02       0.2891106E+01
      0.6036036E+02       0.2674715E+01
      0.6054054E+02       0.2479701E+01
      0.6072072E+02       0.2313142E+01
      0.6090090E+02       0.2180289E+01
      0.6108108E+02       0.2084397E+01
      0.6126126E+02       0.2026676E+01
      0.6144144E+02       0.2006345E+01
      0.6162162E+02       0.2020788E+01
      0.6180180E+02       0.2065799E+01
      0.6198198E+02       0.2135895E+01
      0.6216216E+02       0.2224684E+01
      0.6234234E+02       0.2325259E+01
      0.6252252E+02       0.2430593E+01
      0.6270270E+02       0.2533923E+01
      0.6288288E+02       0.2629092E+01
      0.6306306E+02       0.2710839E+01
      0.6324324E+02       0.2775023E+01
      0.6342342E+02       0.2818765E+01
      0.6360360E+02       0.2840516E+01
      0.6378378E+02       0.2840047E+01
      0.6396396E+02       0.2818361E+01
      0.6414414E+02       0.2777547E+01
      0.6432432E+02       0.2720578E+01
      0.6450450E+02       0.2651075E+01
      0.6468468E+02       0.2573048E+01
      0.6486486E+02       0.2490639E+01
      0.6504505E+02       0.2407868E+01
      0.6522523E+02       0.2328406E+01
      0.6540541E+02       0.2255387E+01
      0.6558559E+02       0.2191258E+01
      0.6576577E+02       0.2137685E+01
      0.6594595E+02       0.2095511E+01
      0.6612613E+02       0.2064752E+01
      0.6630631E+02       0.2044660E+01
      0.6648649E+02       0.2033812E+01
      0.6666667E+02       0.2030232E+01
      0.6684685E+02       0.2031548E+01
      0.6702703E+02       0.2035146E+01
      0.6720721E+02       0.2038342E+01
      0.6738739E+02       0.2038539E+01
      0.6756757E+02       0.2033377E+01
      0.6774775E+02       0.2020862E+01
      0.6792793E+02       0.1999465E+01
      0.6810811E+02       0.1968204E+01
      0.6828829E+02       0.1926689E+01
      0.6846847E+02       0.1875141E+01
      0.6864865E+02       0.1814386E+01
      0.6882883E+02       0.1745821E+01
      0.6900901E+02       0.1671362E+01
      0.6918919E+02       0.1593370E+01
      0.6936937E+02       0.1514566E+01
      0.6954955E+02       0.1437931E+01
      0.6972973E+02       0.1366604E+01
      0.6990991E+02       0.1303766E+01
      0.7009009E+02       0.1252528E+01
      0.7027027E+02       0.1215815E+01
      0.7045045E+02       0.1196253E+01
      0.7063063E+02       0.1196060E+01
      0.7081081E+02       0.1216943E+01
      0.7099099E+02       0.1260003E+01
      0.7117117E+02       0.1325653E+01
      0.7135135E+02       0.1413557E+01
      0.7153153E+02       0.1522582E+01
      0.7171171E+02       0.1650774E+01
      0.7189189E+02       0.1795369E+01
      0.7207207E+02       0.1952828E+01
      0.7225225E+02       0.2118904E+01
      0.7243243E+02       0.2288751E+01
      0.7261261E+02       0.2457062E+01
      0.7279279E+02       0.2618238E+01
      0.7297297E+02       0.2766589E+01
      0.7315315E+02       0.2896559E+01
      0.7333333E+02       0.3002963E+01
      0.7351351E+02       0.3081230E+01
      0.7369369E+02       0.3127641E+01
      0.7387387E+02       0.3139551E+01
      0.7405405E+02       0.3115581E+01
      0.7423423E+02       0.3055768E+01
      0.7441441E+02       0.2961665E+01
      0.7459459E+02       0.2836375E+01
      0.7477477E+02       0.2684523E+01
      0.7495495E+02       0.2512149E+01
      0.7513514E+02       0.2326534E+01
      0.7531532E+02       0.2135950E+01
      0.7549550E+02       0.1949356E+01
      0.7567568E+02       0.1776036E+01
      0.7585586E+02       0.1625198E+01
      0.7603604E+02       0.1505562E+01
      0.7621622E+02       0.1424935E+01
      0.7639640E+02       0.1389818E+01
      0.7657658E+02       0.1405041E+01
      0.7675676E+02       0.1473467E+01
      0.7693694E+02       0.1595770E+01
      0.7711712E+02       0.1770303E+01
      0.7729730E+02       0.1993072E+01
      0.7747748E+02       0.2257819E+01
      0.7765766E+02       0.2556204E+01
      0.7783784E+02       0.2878106E+01
      0.7801802E+02       0.3212000E+01
      0.7819820E+02       0.3545426E+01
      0.7837838E+02       0.3865503E+01
      0.7855856E+02       0.4159486E+01
      0.7873874E+02       0.4415323E+01
      0.7891892E+02       0.4622200E+01
      0.7909910E+02       0.4771034E+01
      0.7927928E+02       0.4854902E+01
      0.7945946E+02       0.4869377E+01
      0.7963964E+02       0.4812748E+01
      0.7981982E+02       0.4686135E+01
      0.8000000E+02       0.4493462E+01
      0.8018018E+02       0.4241313E+01
      0.8036036E+02       0.3938665E+01
      0.8054054E+02       0.3596514E+01
      0.8072072E+02       0.3227410E+01
      0.8090090E+02       0.2844927E+01
      0.8108108E+02       0.2463089E+01
      0.8126126E+02       0.2095780E+01
      0.8144144E+02       0.1756169E+01
      0.8162162E+02       0.1456173E+01
      0.8180180E+02       0.1205982E+01
      0.8198198E+02       0.1013672E+01
      0.8216216E+02       0.8849141E+00
      0.8234234E+02       0.8227995E+00
      0.8252252E+02       0.8277782E+00
      0.8270270E+02       0.8977139E+00
      0.8288288E+02       0.1028048E+01
      0.8306306E+02       0.1212063E+01
      0.8324324E+02       0.1441222E+01
      0.8342342E+02       0.1705576E+01
      0.8360360E+02       0.1994208E+01
      0.8378378E+02       0.2295694E+01
      0.8396396E+02       0.2598561E+01
      0.8414414E+02       0.2891718E+01
      0.8432432E+02       0.3164848E+01
      0.8450450E+02       0.3408732E+01
      0.8468468E+02       0.3615515E+01
      0.8486486E+02       0.3778897E+01
      0.8504505E+02       0.3894241E+01
      0.8522523E+02       0.3958615E+01
      0.8540541E+02       0.3970769E+01
      0.8558559E+02       0.3931052E+01
      0.8576577E+02       0.3841287E+01
      0.8594595E+02       0.3704614E+01
      0.8612613E+02       0.3525312E+01
      0.8630631E+02       0.3308617E+01
      0.8648649E+02       0.3060542E+01
      0.8666667E+02       0.2787705E+01
      0.8684685E+02       0.2497176E+01
      0.8702703E+02       0.2196339E+01
      0.8720721E+02       0.1892774E+01
      0.8738739E+02       0.1594144E+01
      0.8756757E+02       0.1308101E+01
      0.8774775E+02       0.1042186E+01
      0.8792793E+02       0.8037248E+00
      0.8810811E+02       0.5997124E+00
      0.8828829E+02       0.4366834E+00
      0.8846847E+02       0.3205606E+00
      0.8864865E+02       0.2564863E+00
      0.8882883E+02       0.2486366E+00
      0.8900901E+02       0.3000272E+00
      0.8918919E+02       0.4123178E+00
      0.8936937E+02       0.5856274E+00
      0.8954955E+02       0.8183744E+00
      0.8972973E+02       0.1107155E+01
      0.8990991E+02       0.1446673E+01
      0.9009009E+02       0.1829740E+01
      0.9027027E+02       0.2247343E+01
      0.9045045E+02       0.2688805E+01
      0.9063063E+02       0.3142028E+01
      0.9081081E+02       0.3593818E+01
      0.9099099E+02       0.4030296E+01
      0.9117117E+02       0.4437372E+01
      0.9135135E+02       0.4801263E+01
      0.9153153E+02       0.5109050E+01
      0.9171171E+02       0.5349234E+01
      0.9189189E+02       0.5512268E+01
      0.9207207E+02       0.5591040E+01
      0.9225225E+02       0.5581284E+01
      0.9243243E+02       0.5481886E+01
      0.9261261E+02       0.5295064E+01
      0.9279279E+02       0.5026420E+01
      0.9297297E+02       0.4684841E+01
      0.9315315E+02       0.4282246E+01
      0.9333333E+02       0.3833198E+01
      0.9351351E+02       0.3354380E+01
      0.9369369E+02       0.2863958E+01
      0.9387387E+02       0.2380866E+01
      0.9405405E+02       0.1924030E+01
      0.9423423E+02       0.1511580E+01
      0.9441441E+02       0.1160074E+01
      0.9459459E+02       0.8837842E+00
      0.9477477E+02       0.6940692E+00
      0.9495495E+02       0.5988681E+00
      0.9513514E+02       0.6023418E+00
      0.9531532E+02       0.7046799E+00
      0.9549550E+02       0.9020813E+00
      0.9567568E+02       0.1186913E+01
      0.9585586E+02       0.1548038E+01
      0.9603604E+02       0.1971298E+01
      0.9621622E+02       0.2440122E+01
      0.9639640E+02       0.2936246E+01
      0.9657658E+02       0.3440486E+01
      0.9675676E+02       0.3933550E+01
      0.9693694E+02       0.4396833E+01
      0.9711712E+02       0.4813171E+01
      0.9729730E+02       0.5167506E+01
      0.9747748E+02       0.5447448E+01
      0.9765766E+02       0.5643696E+01
      0.9783784E+02       0.5750314E+01
      0.9801802E+02       0.5764843E+01
      0.9819820E+02       0.5688265E+01
      0.9837838E+02       0.5524813E+01
      0.9855856E+02       0.5281647E+01
      0.9873874E+02       0.4968425E+01
      0.9891892E+02       0.4596787E+01
      0.9909910E+02       0.4179790E+01
      0.9927928E+02       0.3731316E+01
      0.9945946E+02       0.3265491E+01
      0.9963964E+02       0.2796142E+01
      0.9981982E+02       0.2336318E+01
      0.1000000E+03       0.1897884E+01
      0.1001802E+03       0.1491217E+01
      0.1003604E+03       0.1125002E+01
      0.1005405E+03       0.8061300E+00
      0.1007207E+03       0.5396861E+00
      0.1009009E+03       0.3290306E+00
      0.1010811E+03       0.1759411E+00
      0.1012613E+03       0.8080609E-01
      0.1014414E+03       0.4284573E-01
      0.1016216E+03       0.6033897E-01
      0.1018018E+03       0.1308379E+00
      0.1019820E+03       0.2513524E+00
      0.1021622E+03       0.4184916E+00
      0.1023423E+03       0.6285562E+00
      0.1025225E+03       0.8775763E+00
      0.1027027E+03       0.1161301E+01
      0.1028829E+03       0.1475144E+01
      0.1030631E+03       0.1814104E+01
      0.1032432E+03       0.2172663E+01
      0.1034234E+03       0.2544701E+01
      0.1036036E+03       0.2923425E+01
      0.1037838E+03       0.3301340E+01
      0.1039640E+03       0.3670280E+01
      0.1041441E+03       0.4021499E+01
      0.1043243E+03       0.4345844E+01
      0.1045045E+03       0.4633992E+01
      0.1046847E+03       0.4876768E+01
      0.1048649E+03       0.5065506E+01
      0.1050450E+03       0.5192458E+01
      0.1052252E+03       0.5251222E+01
      0.1054054E+03       0.5237159E+01
      0.1055856E+03       0.5147773E+01
      0.1057658E+03       0.4983036E+01
      0.1059459E+03       0.4745620E+01
      0.1061261E+03       0.4441025E+01
      0.1063063E+03       0.4077573E+01
      0.1064865E+03       0.3666275E+01
      0.1066667E+03       0.3220544E+01
      0.1068468E+03       0.2755791E+01
      0.1070270E+03       0.2288881E+01
      0.1072072E+03       0.1837500E+01
      0.1073874E+03       0.1419439E+01
      0.1075676E+03       0.1051843E+01
      0.1077477E+03       0.7504494E+00
      0.1079279E+03       0.5288614E+00
      0.1081081E+03       0.3978938E+00
      0.1082883E+03       0.3650219E+00
      0.1084685E+03       0.4339688E+00
      0.1086486E+03       0.6044530E+00
      0.1088288E+03       0.8721149E+00
      0.1090090E+03       0.1228627E+01
      0.1091892E+03       0.1661988E+01
      0.1093694E+03       0.2156988E+01
      0.1095495E+03       0.2695826E+01
      0.1097297E+03       0.3258848E+01
      0.1099099E+03       0.3825371E+01
      0.1100901E+03       0.4374557E+01
      0.1102703E+03       0.4886290E+01
      0.1104505E+03       0.5342011E+01
      0.1106306E+03       0.5725480E+01
      0.1108108E+03       0.6023418E+01
      0.1109910E+03       0.6226004E+01
      0.1111712E+03       0.6327208E+01
      0.1113514E+03       0.6324937E+01
      0.1115315E+03       0.6221003E+01
      0.1117117E+03       0.6020907E+01
      0.1118919E+03       0.5733470E+01
      0.1120721E+03       0.5370320E+01
      0.1122523E+03       0.4945273E+01
      0.1124324E+03       0.4473642E+01
      0.1126126E+03       0.3971521E+01
      0.1127928E+03       0.3455066E+01
      0.1129730E+03       0.2939826E+01
      0.1131532E+03       0.2440149E+01
      0.1133333E+03       0.1968692E+01
      0.1135135E+03       0.1536062E+01
      0.1136937E+03       0.1150580E+01
      0.1138739E+03       0.8182033E+00
      0.1140541E+03       0.5425664E+00
      0.1142342E+03       0.3251529E+00
      0.1144144E+03       0.1655636E+00
      0.1145946E+03       0.6186039E-01
      0.1147748E+03       0.1095540E-01
      0.1149550E+03       0.9014465E-02
      0.1151351E+03       0.5184440E-01
      0.1153153E+03       0.1352364E+00
      0.1154955E+03       0.2552422E+00
      0.1156757E+03       0.4083660E+00
      0.1158559E+03       0.5916604E+00
      0.1160360E+03       0.8027262E+00
      0.1162162E+03       0.1039618E+01
      0.1163964E+03       0.1300668E+01
      0.1165766E+03       0.1584254E+01
      0.1167568E+03       0.1888522E+01
      0.1169369E+03       0.2211098E+01
      0.1171171E+03       0.2548824E+01
      0.1172973E+03       0.2897532E+01
      0.1174775E+03       0.3251887E+01
      0.1176577E+03       0.3605325E+01
      0.1178378E+03       0.3950094E+01
      0.1180180E+03       0.4277401E+01
      0.1181982E+03       0.4577682E+01
      0.1183784E+03       0.4840958E+01
      0.1185586E+03       0.5057290E+01
      0.1187387E+03       0.5217288E+01
      0.1189189E+03       0.5312651E+01
      0.1190991E+03       0.5336712E+01
      0.1192793E+03       0.5284940E+01
      0.1194595E+03       0.5155375E+01
      0.1196396E+03       0.4948960E+01
      0.1198198E+03       0.4669741E+01
      0.1200000E+03       0.4324918E+01
      0.1201802E+03       0.3924737E+01
      0.1203604E+03       0.3482211E+01
      0.1205405E+03       0.3012684E+01
      0.1207207E+03       0.2533259E+01
      0.1209009E+03       0.2062097E+01
      0.1210811E+03       0.1617644E+01
      0.1212613E+03       0.1217806E+01
      0.1214414E+03       0.8791192E+00
      0.1216216E+03       0.6159692E+00
      0.1218018E+03       0.4398861E+00
      0.1219820E+03       0.3589659E+00
      0.1221622E+03       0.3774464E+00
      0.1223423E+03       0.4954630E+00
      0.1225225E+03       0.7089998E+00
      0.1227027E+03       0.1010042E+01
      0.1228829E+03       0.1386919E+01
      0.1230631E+03       0.1824831E+01
      0.1232432E+03       0.2306515E+01
      0.1234234E+03       0.2813040E+01
      0.1236036E+03       0.3324663E+01
      0.1237838E+03       0.3821723E+01
      0.1239640E+03       0.4285515E+01
      0.1241441E+03       0.4699100E+01
      0.1243243E+03       0.5048012E+01
      0.1245045E+03       0.5320824E+01
      0.1246847E+03       0.5509552E+01
      0.1248649E+03       0.5609868E+01
      0.1250450E+03       0.5621134E+01
      0.1252252E+03       0.5546238E+01
      0.1254054E+03       0.5391267E+01
      0.1255856E+03       0.5165029E+01
      0.1257658E+03       0.4878461E+01
      0.1259459E+03       0.4543960E+01
      0.1261261E+03       0.4174680E+01
      0.1263063E+03       0.3783831E+01
      0.1264865E+03       0.3384031E+01
      0.1266667E+03       0.2986739E+01
      0.1268468E+03       0.2601805E+01
      0.1270270E+03       0.2237156E+01
      0.1272072E+03       0.1898633E+01
      0.1273874E+03       0.1589984E+01
      0.1275676E+03       0.1312993E+01
      0.1277477E+03       0.1067755E+01
      0.1279279E+03       0.8530417E+00
      0.1281081E+03       0.6667452E+00
      0.1282883E+03       0.5063619E+00
      0.1284685E+03       0.3694712E+00
      0.1286486E+03       0.2541780E+00
      0.1288288E+03       0.1594816E+00
      0.1290090E+03       0.8554332E-01
      0.1291892E+03       0.3382975E-01
      0.1293694E+03       0.7119156E-02
      0.1295495E+03       0.9367913E-02
      0.1297297E+03       0.4544346E-01
      0.1299099E+03       0.1207404E+00
      0.1300901E+03       0.2407052E+00
      0.1302703E+03       0.4103009E+00
      0.1304505E+03       0.6334512E+00
      0.1306306E+03       0.9125017E+00
      0.1308108E+03       0.1247740E+01
      0.1309910E+03       0.1637013E+01
      0.1311712E+03       0.2075469E+01
      0.1313514E+03       0.2555459E+01
      0.1315315E+03       0.3066602E+01
      0.1317117E+03       0.3596027E+01
      0.1318919E+03       0.4128786E+01
      0.1320721E+03       0.4648414E+01
      0.1322523E+03       0.5137627E+01
      0.1324324E+03       0.5579093E+01
      0.1326126E+03       0.5956270E+01
      0.1327928E+03       0.6254234E+01
      0.1329730E+03       0.6460466E+01
      0.1331532E+03       0.6565552E+01
      0.1333333E+03       0.6563739E+01
      0.1335135E+03       0.6453330E+01
      0.1336937E+03       0.6236882E+01
      0.1338739E+03       0.5921191E+01
      0.1340541E+03       0.5517062E+01
      0.1342342E+03       0.5038876E+01
      0.1344144E+03       0.4503967E+01
      0.1345946E+03       0.3931849E+01
      0.1347748E+03       0.3343324E+01
      0.1349550E+03       0.2759525E+01
      0.1351351E+03       0.2200947E+01
      0.1353153E+03       0.1686509E+01
      0.1354955E+03       0.1232708E+01
      0.1356757E+03       0.8529026E+00
      0.1358559E+03       0.5567694E+00
      0.1360360E+03       0.3499617E+00
      0.1362162E+03       0.2339798E+00
      0.1363964E+03       0.2062651E+00
      0.1365766E+03       0.2605052E+00
      0.1367568E+03       0.3871308E+00
      0.1369369E+03       0.5739727E+00
      0.1371171E+03       0.8070381E+00
      0.1372973E+03       0.1071358E+01
      0.1374775E+03       0.1351856E+01
      0.1376577E+03       0.1634186E+01
      0.1378378E+03       0.1905493E+01
      0.1380180E+03       0.2155042E+01
      0.1381982E+03       0.2374698E+01
      0.1383784E+03       0.2559217E+01
      0.1385586E+03       0.2706336E+01
      0.1387387E+03       0.2816669E+01
      0.1389189E+03       0.2893416E+01
      0.1390991E+03       0.2941906E+01
      0.1392793E+03       0.2969008E+01
      0.1394595E+03       0.2982465E+01
      0.1396396E+03       0.2990171E+01
      0.1398198E+03       0.2999471E+01
      0.1400000E+03       0.3016509E+01
      0.1401802E+03       0.3045685E+01
      0.1403604E+03       0.3089248E+01
      0.1405405E+03       0.3147059E+01
      0.1407207E+03       0.3216543E+01
      0.1409009E+03       0.3292831E+01
      0.1410811E+03       0.3369081E+01
      0.1412613E+03       0.3436976E+01
      0.1414414E+03       0.3487337E+01
      0.1416216E+03       0.3510843E+01
      0.1418018E+03       0.3498789E+01
      0.1419820E+03       0.3443833E+01
      0.1421622E+03       0.3340695E+01
      0.1423423E+03       0.3186741E+01
      0.1425225E+03       0.2982418E+01
      0.1427027E+03       0.2731503E+01
      0.1428829E+03       0.2441152E+01
      0.1430631E+03       0.2121719E+01
      0.1432432E+03       0.1786371E+01
      0.1434234E+03       0.1450495E+01
      0.1436036E+03       0.1130945E+01
      0.1437838E+03       0.8451580E+00
      0.1439640E+03       0.6101906E+00
      0.1441441E+03       0.4417385E+00
      0.1443243E+03       0.3531894E+00
      0.1445045E+03       0.3547715E+00
      0.1446847E+03       0.4528498E+00
      0.1448649E+03       0.6494153E+00
      0.1450450E+03       0.9418021E+00
      0.1452252E+03       0.1322654E+01
      0.1454054E+03       0.1780151E+01
      0.1455856E+03       0.2298477E+01
      0.1457658E+03       0.2858528E+01
      0.1459459E+03       0.3438798E+01
      0.1461261E+03       0.4016419E+01
      0.1463063E+03       0.4568277E+01
      0.1464865E+03       0.5072159E+01
      0.1466667E+03       0.5507860E+01
      0.1468468E+03       0.5858178E+01
      0.1470270E+03       0.6109760E+01
      0.1472072E+03       0.6253732E+01
      0.1473874E+03       0.6286085E+01
      0.1475676E+03       0.6207803E+01
      0.1477477E+03       0.6024707E+01
      0.1479279E+03       0.5747047E+01
      0.1481081E+03       0.5388853E+01
      0.1482883E+03       0.4967090E+01
      0.1484685E+03       0.4500666E+01
      0.1486486E+03       0.4009357E+01
      0.1488288E+03       0.3512705E+01
      0.1490090E+03       0.3028971E+01
      0.1491892E+03       0.2574182E+01
      0.1493694E+03       0.2161357E+01
      0.1495495E+03       0.1799929E+01
      0.1497297E+03       0.1495417E+01
      0.1499099E+03       0.1249360E+01
      0.1500901E+03       0.1059500E+01
      0.1502703E+03       0.9202288E+00
      0.1504505E+03       0.8232308E+00
      0.1506306E+03       0.7583105E+00
      0.1508108E+03       0.7143269E+00
      0.1509910E+03       0.6801832E+00
      0.1511712E+03       0.6458007E+00
      0.1513514E+03       0.6030123E+00
      0.1515315E+03       0.5463146E+00
      0.1517117E+03       0.4734248E+00
      0.1518919E+03       0.3856040E+00
      0.1520721E+03       0.2877187E+00
      0.1522523E+03       0.1880343E+00
      0.1524324E+03       0.9774657E-01
      0.1526126E+03       0.3027751E-01
      0.1527928E+03       0.3772391E-03
      0.1529730E+03       0.2308538E-01
      0.1531532E+03       0.1126174E+00
      0.1533333E+03       0.2812468E+00
      0.1535135E+03       0.5382551E+00
      0.1536937E+03       0.8890216E+00
      0.1538739E+03       0.1334314E+01
      0.1540541E+03       0.1869835E+01
      0.1542342E+03       0.2486054E+01
      0.1544144E+03       0.3168362E+01
      0.1545946E+03       0.3897527E+01
      0.1547748E+03       0.4650450E+01
      0.1549550E+03       0.5401185E+01
      0.1551351E+03       0.6122155E+01
      0.1553153E+03       0.6785518E+01
      0.1554955E+03       0.7364586E+01
      0.1556757E+03       0.7835235E+01
      0.1558559E+03       0.8177207E+01
      0.1560360E+03       0.8375236E+01
      0.1562162E+03       0.8419926E+01
      0.1563964E+03       0.8308327E+01
      0.1565766E+03       0.8044166E+01
      0.1567568E+03       0.7637722E+01
      0.1569369E+03       0.7105347E+01
      0.1571171E+03       0.6468646E+01
      0.1572973E+03       0.5753376E+01
      0.1574775E+03       0.4988109E+01
      0.1576577E+03       0.4202749E+01
      0.1578378E+03       0.3426983E+01
      0.1580180E+03       0.2688744E+01
      0.1581982E+03       0.2012801E+01
      0.1583784E+03       0.1419536E+01
      0.1585586E+03       0.9239893E+00
      0.1587387E+03       0.5352333E+00
      0.1589189E+03       0.2561044E+00
      0.1590991E+03       0.8331510E-01
      0.1592793E+03       0.7934261E-02
      0.1594595E+03       0.1620903E-01
      0.1596396E+03       0.9067511E-01
      0.1598198E+03       0.2114872E+00
      0.1600000E+03       0.3578860E+00
      0.1601802E+03       0.5097090E+00
      0.1603604E+03       0.6488490E+00
      0.1605405E+03       0.7605670E+00
      0.1607207E+03       0.8345729E+00
      0.1609009E+03       0.8658021E+00
      0.1610811E+03       0.8548348E+00
      0.1612613E+03       0.8079246E+00
      0.1614414E+03       0.7366291E+00
      0.1616216E+03       0.6570600E+00
      0.1618018E+03       0.5887933E+00
      0.1619820E+03       0.5535036E+00
      0.1621622E+03       0.5734055E+00
      0.1623423E+03       0.6695981E+00
      0.1625225E+03       0.8604170E+00
      0.1627027E+03       0.1159901E+01
      0.1628829E+03       0.1576477E+01
      0.1630631E+03       0.2111947E+01
      0.1632432E+03       0.2760864E+01
      0.1634234E+03       0.3510335E+01
      0.1636036E+03       0.4340291E+01
      0.1637838E+03       0.5224209E+01
      0.1639640E+03       0.6130270E+01
      0.1641441E+03       0.7022888E+01
      0.1643243E+03       0.7864531E+01
      0.1645045E+03       0.8617736E+01
      0.1646847E+03       0.9247198E+01
      0.1648649E+03       0.9721815E+01
      0.1650450E+03       0.1001656E+02
      0.1652252E+03       0.1011405E+02
      0.1654054E+03       0.1000579E+02
      0.1655856E+03       0.9692854E+01
      0.1657658E+03       0.9186100E+01
      0.1659459E+03       0.8505832E+01
      0.1661261E+03       0.7680904E+01
      0.1663063E+03       0.6747316E+01
      0.1664865E+03       0.5746391E+01
      0.1666667E+03       0.4722605E+01
      0.1668468E+03       0.3721207E+01
      0.1670270E+03       0.2785752E+01
      0.1672072E+03       0.1955705E+01
      0.1673874E+03       0.1264246E+01
      0.1675676E+03       0.7364120E+00
      0.1677477E+03       0.3877031E+00
      0.1679279E+03       0.2232274E+00
      0.1681081E+03       0.2374594E+00
      0.1682883E+03       0.4146321E+00
      0.1684685E+03       0.7297521E+00
      0.1686486E+03       0.1150189E+01
      0.1688288E+03       0.1637758E+01
      0.1690090E+03       0.2151169E+01
      0.1691892E+03       0.2648720E+01
      0.1693694E+03       0.3091051E+01
      0.1695495E+03       0.3443822E+01
      0.1697297E+03       0.3680113E+01
      0.1699099E+03       0.3782428E+01
      0.1700901E+03       0.3744138E+01
      0.1702703E+03       0.3570277E+01
      0.1704505E+03       0.3277616E+01
      0.1706306E+03       0.2893981E+01
      0.1708108E+03       0.2456847E+01
      0.1709910E+03       0.2011252E+01
      0.1711712E+03       0.1607141E+01
      0.1713514E+03       0.1296288E+01
      0.1715315E+03       0.1128947E+01
      0.1717117E+03       0.1150452E+01
      0.1718919E+03       0.1397943E+01
      0.1720721E+03       0.1897432E+01
      0.1722523E+03       0.2661401E+01
      0.1724324E+03       0.3687096E+01
      0.1726126E+03       0.4955644E+01
      0.1727928E+03       0.6432089E+01
      0.1729730E+03       0.8066386E+01
      0.1731532E+03       0.9795337E+01
      0.1733333E+03       0.1154541E+02
      0.1735135E+03       0.1323629E+02
      0.1736937E+03       0.1478507E+02
      0.1738739E+03       0.1611077E+02
      0.1740541E+03       0.1713906E+02
      0.1742342E+03       0.1780682E+02
      0.1744144E+03       0.1806639E+02
      0.1745946E+03       0.1788917E+02
      0.1747748E+03       0.1726844E+02
      0.1749550E+03       0.1622114E+02
      0.1751351E+03       0.1478843E+02
      0.1753153E+03       0.1303514E+02
      0.1754955E+03       0.1104786E+02
      0.1756757E+03       0.8931846E+01
      0.1758559E+03       0.6806835E+01
      0.1760360E+03       0.4801931E+01
      0.1762162E+03       0.3049773E+01
      0.1763964E+03       0.1680277E+01
      0.1765766E+03       0.8142369E+00
      0.1767568E+03       0.5571031E+00
      0.1769369E+03       0.9932504E+00
      0.1771171E+03       0.2181036E+01
      0.1772973E+03       0.4148908E+01
      0.1774775E+03       0.6892792E+01
      0.1776577E+03       0.1037491E+02
      0.1778378E+03       0.1452411E+02
      0.1780180E+03       0.1923781E+02
      0.1781982E+03       0.2438533E+02
      0.1783784E+03       0.2981268E+02
      0.1785586E+03       0.3534848E+02
      0.1787387E+03       0.4081079E+02
      0.1789189E+03       0.4601458E+02
      0.1790991E+03       0.5077939E+02
      0.1792793E+03       0.5493697E+02
      0.1794595E+03       0.5833848E+02
      0.1796396E+03       0.6086089E+02
      0.1798198E+03       0.6241226E+02
      0.1800000E+03       0.6293579E+02
 
