 FOR ENERGY=           1
 MAXIMUM PROBABILITY ERROR
 B_IMP  0.000000000000000E+000
 L_ORB  0.000000000000000E+000
 R_FIN   20.0033238558622     
 PHI_FIN  0.000000000000000E+000
 PROBAB_SURV  0.548780642725985     
 ERROR_ENERG  3.205407900305576E-005
 ERROR_PROBAB  8.241194393576734E-008
 STATE           1
 #NTRAJECT           1
 #NPROC           0
 
 MAXIMUM ENERGY ERROR
 B_IMP   1.08741072231627     
 L_ORB   4.00000000000000     
 R_FIN   20.0017505285896     
 PHI_FIN  0.263845997694738     
 PROBAB_SURV  0.562967624273322     
 ERROR_ENERG  6.408358498454299E-005
 ERROR_PROBAB  7.908171895110172E-008
 STATE           1
 #NTRAJECT           1
 #NPROC           4
 -------------------------
