MQCT paths: /mmfs1/home/8101lukmani/pure-MQCT/EXAMPLES_IO/SYS_TYPE_1/N2_O/MQCT_PATHS.txt -> /mmfs1/home/8101lukmani/pure-MQCT/bin/mqct_N2O.exe
 MPI INITIALIZED
 PARSERING OF USER INPUT
proc_id =     1, Progress =     0%, Time(sec.) =        0.000
proc_id =     3, Progress =     0%, Time(sec.) =        0.000
proc_id =    27, Progress =     0%, Time(sec.) =        0.000
proc_id =    25, Progress =     0%, Time(sec.) =        0.000
proc_id =    19, Progress =     0%, Time(sec.) =        0.000
proc_id =    23, Progress =     0%, Time(sec.) =        0.000
proc_id =    17, Progress =     0%, Time(sec.) =        0.000
proc_id =    29, Progress =     0%, Time(sec.) =        0.000
proc_id =     7, Progress =     0%, Time(sec.) =        0.000
proc_id =     5, Progress =     0%, Time(sec.) =        0.000
proc_id =    15, Progress =     0%, Time(sec.) =        0.000
proc_id =    13, Progress =     0%, Time(sec.) =        0.000
proc_id =     6, Progress =     0%, Time(sec.) =        0.000
proc_id =     2, Progress =     0%, Time(sec.) =        0.000
proc_id =     8, Progress =     0%, Time(sec.) =        0.000
proc_id =    16, Progress =     0%, Time(sec.) =        0.000
proc_id =     4, Progress =     0%, Time(sec.) =        0.000
 ARRAY_INI_STARTED
 STATES_SIZE_FOUND         100
 number_of_channels          10
 jmax_included           9
 BASIS ARRAYS CREATED
ARRAYS ALLOCATION TOOK TIME, s =             0.000
 TOTAL_SIZE_OF_M =          385
  MAKING AN EQUIDIST GRID	
proc_id =     1, Progress =     9%, Time(sec.) =        0.007
proc_id =     3, Progress =     9%, Time(sec.) =        0.007
proc_id =     5, Progress =     9%, Time(sec.) =        0.007
proc_id =     7, Progress =     9%, Time(sec.) =        0.007
proc_id =    23, Progress =     9%, Time(sec.) =        0.007
proc_id =    17, Progress =     9%, Time(sec.) =        0.007
proc_id =    25, Progress =     9%, Time(sec.) =        0.008
proc_id =    13, Progress =     9%, Time(sec.) =        0.007
proc_id =    19, Progress =     9%, Time(sec.) =        0.008
proc_id =    27, Progress =     9%, Time(sec.) =        0.008
proc_id =    15, Progress =     9%, Time(sec.) =        0.008
proc_id =     1, Progress =    18%, Time(sec.) =        0.008
proc_id =    20, Progress =     0%, Time(sec.) =        0.000
proc_id =    29, Progress =     9%, Time(sec.) =        0.008
proc_id =     3, Progress =    18%, Time(sec.) =        0.009
proc_id =    11, Progress =     0%, Time(sec.) =        0.000
proc_id =     7, Progress =    18%, Time(sec.) =        0.009
proc_id =     5, Progress =    18%, Time(sec.) =        0.009
proc_id =    17, Progress =    18%, Time(sec.) =        0.009
proc_id =    23, Progress =    18%, Time(sec.) =        0.010
proc_id =     1, Progress =    27%, Time(sec.) =        0.010
proc_id =    13, Progress =    18%, Time(sec.) =        0.009
proc_id =    25, Progress =    18%, Time(sec.) =        0.010
proc_id =     9, Progress =     0%, Time(sec.) =        0.000
proc_id =    19, Progress =    18%, Time(sec.) =        0.010
proc_id =     3, Progress =    27%, Time(sec.) =        0.010
proc_id =    15, Progress =    18%, Time(sec.) =        0.010
proc_id =    27, Progress =    18%, Time(sec.) =        0.011
proc_id =     7, Progress =    27%, Time(sec.) =        0.010
proc_id =    29, Progress =    18%, Time(sec.) =        0.011
proc_id =     5, Progress =    27%, Time(sec.) =        0.011
THE SIZE OF THE Mij COMPUTED BY EACH PROCESSOR= 12
 MATRIX_INI_STARTED
proc_id =    21, Progress =     0%, Time(sec.) =        0.000
 COMPUTING MATRIX ELEMENTS STARTED
proc_id =     0, Progress =     0%, Time(sec.) =        0.000
 THE GRID INI
proc_id =     1, Progress =    36%, Time(sec.) =        0.011
proc_id =    17, Progress =    27%, Time(sec.) =        0.012
proc_id =    23, Progress =    27%, Time(sec.) =        0.012
proc_id =    13, Progress =    27%, Time(sec.) =        0.012
proc_id =    25, Progress =    27%, Time(sec.) =        0.012
proc_id =     3, Progress =    36%, Time(sec.) =        0.012
proc_id =    26, Progress =     0%, Time(sec.) =        0.000
proc_id =     7, Progress =    36%, Time(sec.) =        0.012
proc_id =     5, Progress =    36%, Time(sec.) =        0.013
proc_id =     1, Progress =    45%, Time(sec.) =        0.013
proc_id =    31, Progress =     0%, Time(sec.) =        0.000
proc_id =    22, Progress =     0%, Time(sec.) =        0.000
proc_id =    12, Progress =     0%, Time(sec.) =        0.000
proc_id =    11, Progress =     9%, Time(sec.) =        0.007
proc_id =    24, Progress =     0%, Time(sec.) =        0.000
proc_id =     9, Progress =     9%, Time(sec.) =        0.007
proc_id =    11, Progress =    18%, Time(sec.) =        0.009
proc_id =    18, Progress =     0%, Time(sec.) =        0.000
proc_id =    21, Progress =     9%, Time(sec.) =        0.018
proc_id =    10, Progress =     0%, Time(sec.) =        0.000
proc_id =     9, Progress =    18%, Time(sec.) =        0.009
proc_id =    11, Progress =    27%, Time(sec.) =        0.011
proc_id =    14, Progress =     0%, Time(sec.) =        0.000
proc_id =    26, Progress =     9%, Time(sec.) =        0.008
proc_id =    31, Progress =     9%, Time(sec.) =        0.007
proc_id =    21, Progress =    18%, Time(sec.) =        0.021
proc_id =    11, Progress =    36%, Time(sec.) =        0.013
proc_id =     9, Progress =    27%, Time(sec.) =        0.012
proc_id =    28, Progress =     0%, Time(sec.) =        0.000
proc_id =    26, Progress =    18%, Time(sec.) =        0.010
proc_id =    31, Progress =    18%, Time(sec.) =        0.010
proc_id =    21, Progress =    27%, Time(sec.) =        0.023
proc_id =    26, Progress =    27%, Time(sec.) =        0.012
proc_id =    30, Progress =     0%, Time(sec.) =        0.000
proc_id =     2, Progress =     9%, Time(sec.) =        0.022
proc_id =    31, Progress =    27%, Time(sec.) =        0.013
 GAUSS-LEGENDRE GRID DONE
proc_id =    29, Progress =    27%, Time(sec.) =        0.026
proc_id =     8, Progress =     9%, Time(sec.) =        0.022
proc_id =    19, Progress =    27%, Time(sec.) =        0.026
proc_id =    15, Progress =    27%, Time(sec.) =        0.026
proc_id =    27, Progress =    27%, Time(sec.) =        0.026
proc_id =     3, Progress =    45%, Time(sec.) =        0.027
Truncation #1 at #R = 11, R = 6.000, and #2 at #R = 31, R = 8.000
proc_id =     0, Progress =     9%, Time(sec.) =        0.016
proc_id =    17, Progress =    36%, Time(sec.) =        0.027
proc_id =     2, Progress =    18%, Time(sec.) =        0.023
proc_id =    23, Progress =    36%, Time(sec.) =        0.027
proc_id =     4, Progress =     9%, Time(sec.) =        0.022
proc_id =     6, Progress =     9%, Time(sec.) =        0.027
proc_id =     7, Progress =    45%, Time(sec.) =        0.027
proc_id =     1, Progress =    54%, Time(sec.) =        0.027
proc_id =    13, Progress =    36%, Time(sec.) =        0.027
proc_id =    25, Progress =    36%, Time(sec.) =        0.028
proc_id =     5, Progress =    45%, Time(sec.) =        0.028
proc_id =     8, Progress =    18%, Time(sec.) =        0.024
proc_id =     3, Progress =    54%, Time(sec.) =        0.028
proc_id =    15, Progress =    36%, Time(sec.) =        0.028
proc_id =     0, Progress =    18%, Time(sec.) =        0.017
proc_id =     2, Progress =    27%, Time(sec.) =        0.024
proc_id =    29, Progress =    36%, Time(sec.) =        0.028
proc_id =     4, Progress =    18%, Time(sec.) =        0.023
proc_id =     6, Progress =    18%, Time(sec.) =        0.028
proc_id =     1, Progress =    63%, Time(sec.) =        0.029
proc_id =    17, Progress =    45%, Time(sec.) =        0.029
proc_id =    19, Progress =    36%, Time(sec.) =        0.029
proc_id =    23, Progress =    45%, Time(sec.) =        0.029
proc_id =     0, Progress =    27%, Time(sec.) =        0.018
proc_id =     7, Progress =    54%, Time(sec.) =        0.029
proc_id =     3, Progress =    63%, Time(sec.) =        0.029
proc_id =    27, Progress =    36%, Time(sec.) =        0.029
proc_id =    28, Progress =     9%, Time(sec.) =        0.007
proc_id =     5, Progress =    54%, Time(sec.) =        0.029
proc_id =    13, Progress =    45%, Time(sec.) =        0.029
proc_id =    15, Progress =    45%, Time(sec.) =        0.030
proc_id =     0, Progress =    36%, Time(sec.) =        0.019
proc_id =    20, Progress =     9%, Time(sec.) =        0.022
proc_id =    25, Progress =    45%, Time(sec.) =        0.030
proc_id =     1, Progress =    72%, Time(sec.) =        0.030
proc_id =     3, Progress =    72%, Time(sec.) =        0.031
proc_id =     7, Progress =    63%, Time(sec.) =        0.030
proc_id =    29, Progress =    45%, Time(sec.) =        0.031
proc_id =    19, Progress =    45%, Time(sec.) =        0.031
proc_id =    17, Progress =    54%, Time(sec.) =        0.031
proc_id =    23, Progress =    54%, Time(sec.) =        0.031
proc_id =     5, Progress =    63%, Time(sec.) =        0.031
proc_id =     1, Progress =    81%, Time(sec.) =        0.032
proc_id =    16, Progress =     9%, Time(sec.) =        0.027
proc_id =    13, Progress =    54%, Time(sec.) =        0.031
proc_id =    15, Progress =    54%, Time(sec.) =        0.031
proc_id =    20, Progress =    18%, Time(sec.) =        0.024
proc_id =    28, Progress =    18%, Time(sec.) =        0.010
proc_id =     3, Progress =    81%, Time(sec.) =        0.032
proc_id =    27, Progress =    45%, Time(sec.) =        0.032
proc_id =    30, Progress =     9%, Time(sec.) =        0.007
proc_id =     7, Progress =    72%, Time(sec.) =        0.032
proc_id =     1, Progress =    90%, Time(sec.) =        0.033
proc_id =    25, Progress =    54%, Time(sec.) =        0.033
proc_id =    23, Progress =    63%, Time(sec.) =        0.033
proc_id =    17, Progress =    63%, Time(sec.) =        0.033
proc_id =     5, Progress =    72%, Time(sec.) =        0.033
proc_id =    19, Progress =    54%, Time(sec.) =        0.033
proc_id =     3, Progress =    90%, Time(sec.) =        0.034
proc_id =    13, Progress =    63%, Time(sec.) =        0.033
proc_id =     1, Progress =   100%, Time(sec.) =        0.034
proc_id =     1, Progress =   100%, Time(sec.) =        0.034
proc_id =    15, Progress =    63%, Time(sec.) =        0.034
proc_id =     7, Progress =    81%, Time(sec.) =        0.034
proc_id =    28, Progress =    27%, Time(sec.) =        0.013
proc_id =    30, Progress =    18%, Time(sec.) =        0.010
proc_id =    23, Progress =    72%, Time(sec.) =        0.035
proc_id =    25, Progress =    63%, Time(sec.) =        0.035
proc_id =    17, Progress =    72%, Time(sec.) =        0.035
proc_id =     5, Progress =    81%, Time(sec.) =        0.035
proc_id =     3, Progress =   100%, Time(sec.) =        0.035
proc_id =     3, Progress =   100%, Time(sec.) =        0.035
proc_id =    27, Progress =    54%, Time(sec.) =        0.036
proc_id =    19, Progress =    63%, Time(sec.) =        0.036
proc_id =    13, Progress =    72%, Time(sec.) =        0.036
proc_id =    15, Progress =    72%, Time(sec.) =        0.036
proc_id =     7, Progress =    90%, Time(sec.) =        0.036
proc_id =    11, Progress =    45%, Time(sec.) =        0.028
proc_id =    23, Progress =    81%, Time(sec.) =        0.037
proc_id =     9, Progress =    36%, Time(sec.) =        0.027
proc_id =     5, Progress =    90%, Time(sec.) =        0.037
proc_id =    17, Progress =    81%, Time(sec.) =        0.037
proc_id =    25, Progress =    72%, Time(sec.) =        0.037
proc_id =    27, Progress =    63%, Time(sec.) =        0.038
proc_id =    30, Progress =    27%, Time(sec.) =        0.013
proc_id =    19, Progress =    72%, Time(sec.) =        0.038
proc_id =    13, Progress =    81%, Time(sec.) =        0.038
proc_id =     7, Progress =   100%, Time(sec.) =        0.038
proc_id =     7, Progress =   100%, Time(sec.) =        0.038
proc_id =    11, Progress =    54%, Time(sec.) =        0.029
proc_id =    24, Progress =     9%, Time(sec.) =        0.022
proc_id =     9, Progress =    45%, Time(sec.) =        0.029
proc_id =     5, Progress =   100%, Time(sec.) =        0.039
proc_id =     5, Progress =   100%, Time(sec.) =        0.039
proc_id =    15, Progress =    81%, Time(sec.) =        0.038
proc_id =    21, Progress =    36%, Time(sec.) =        0.039
proc_id =    26, Progress =    36%, Time(sec.) =        0.028
proc_id =    11, Progress =    63%, Time(sec.) =        0.031
proc_id =     9, Progress =    54%, Time(sec.) =        0.030
proc_id =    24, Progress =    18%, Time(sec.) =        0.024
proc_id =    31, Progress =    36%, Time(sec.) =        0.028
proc_id =    10, Progress =     9%, Time(sec.) =        0.022
proc_id =    22, Progress =     9%, Time(sec.) =        0.027
proc_id =     9, Progress =    63%, Time(sec.) =        0.032
proc_id =    11, Progress =    72%, Time(sec.) =        0.033
proc_id =    21, Progress =    45%, Time(sec.) =        0.042
proc_id =    12, Progress =     9%, Time(sec.) =        0.027
proc_id =    26, Progress =    45%, Time(sec.) =        0.030
proc_id =    31, Progress =    45%, Time(sec.) =        0.030
proc_id =    10, Progress =    18%, Time(sec.) =        0.024
proc_id =    22, Progress =    18%, Time(sec.) =        0.029
proc_id =     9, Progress =    72%, Time(sec.) =        0.033
proc_id =    11, Progress =    81%, Time(sec.) =        0.035
proc_id =    21, Progress =    54%, Time(sec.) =        0.044
proc_id =    12, Progress =    18%, Time(sec.) =        0.029
proc_id =    31, Progress =    54%, Time(sec.) =        0.032
proc_id =    26, Progress =    54%, Time(sec.) =        0.033
proc_id =     9, Progress =    81%, Time(sec.) =        0.035
proc_id =    18, Progress =     9%, Time(sec.) =        0.027
proc_id =    29, Progress =    54%, Time(sec.) =        0.045
proc_id =    11, Progress =    90%, Time(sec.) =        0.037
proc_id =    21, Progress =    63%, Time(sec.) =        0.046
proc_id =    14, Progress =     9%, Time(sec.) =        0.027
proc_id =     9, Progress =    90%, Time(sec.) =        0.037
proc_id =    31, Progress =    63%, Time(sec.) =        0.034
proc_id =    18, Progress =    18%, Time(sec.) =        0.029
proc_id =    26, Progress =    63%, Time(sec.) =        0.036
proc_id =    29, Progress =    63%, Time(sec.) =        0.048
proc_id =    21, Progress =    72%, Time(sec.) =        0.048
proc_id =    14, Progress =    18%, Time(sec.) =        0.028
proc_id =     8, Progress =    27%, Time(sec.) =        0.046
proc_id =    31, Progress =    72%, Time(sec.) =        0.037
proc_id =     2, Progress =    36%, Time(sec.) =        0.046
proc_id =     4, Progress =    27%, Time(sec.) =        0.045
proc_id =     6, Progress =    27%, Time(sec.) =        0.050
proc_id =    28, Progress =    36%, Time(sec.) =        0.028
proc_id =     2, Progress =    45%, Time(sec.) =        0.047
proc_id =    29, Progress =    72%, Time(sec.) =        0.051
proc_id =     0, Progress =    45%, Time(sec.) =        0.040
proc_id =     4, Progress =    36%, Time(sec.) =        0.046
proc_id =     8, Progress =    36%, Time(sec.) =        0.048
proc_id =     6, Progress =    36%, Time(sec.) =        0.052
proc_id =     2, Progress =    54%, Time(sec.) =        0.049
proc_id =    23, Progress =    90%, Time(sec.) =        0.052
proc_id =    27, Progress =    72%, Time(sec.) =        0.052
proc_id =     0, Progress =    54%, Time(sec.) =        0.042
proc_id =    17, Progress =    90%, Time(sec.) =        0.053
proc_id =    28, Progress =    45%, Time(sec.) =        0.031
proc_id =    25, Progress =    81%, Time(sec.) =        0.053
proc_id =     4, Progress =    45%, Time(sec.) =        0.048
proc_id =    19, Progress =    81%, Time(sec.) =        0.053
proc_id =    30, Progress =    36%, Time(sec.) =        0.028
proc_id =    13, Progress =    90%, Time(sec.) =        0.053
proc_id =     6, Progress =    45%, Time(sec.) =        0.053
proc_id =    15, Progress =    90%, Time(sec.) =        0.053
proc_id =    20, Progress =    27%, Time(sec.) =        0.045
proc_id =     0, Progress =    63%, Time(sec.) =        0.043
proc_id =    29, Progress =    81%, Time(sec.) =        0.054
proc_id =    16, Progress =    18%, Time(sec.) =        0.050
proc_id =    27, Progress =    81%, Time(sec.) =        0.054
proc_id =     4, Progress =    54%, Time(sec.) =        0.049
proc_id =    23, Progress =   100%, Time(sec.) =        0.055
proc_id =    23, Progress =   100%, Time(sec.) =        0.055
proc_id =    17, Progress =   100%, Time(sec.) =        0.055
proc_id =    17, Progress =   100%, Time(sec.) =        0.055
proc_id =    28, Progress =    54%, Time(sec.) =        0.033
proc_id =    25, Progress =    90%, Time(sec.) =        0.055
proc_id =     0, Progress =    72%, Time(sec.) =        0.045
proc_id =    15, Progress =   100%, Time(sec.) =        0.055
proc_id =    15, Progress =   100%, Time(sec.) =        0.055
proc_id =    20, Progress =    36%, Time(sec.) =        0.047
proc_id =    30, Progress =    45%, Time(sec.) =        0.031
proc_id =    16, Progress =    27%, Time(sec.) =        0.052
proc_id =    19, Progress =    90%, Time(sec.) =        0.056
proc_id =    13, Progress =   100%, Time(sec.) =        0.056
proc_id =    13, Progress =   100%, Time(sec.) =        0.056
proc_id =    27, Progress =    90%, Time(sec.) =        0.057
proc_id =    28, Progress =    63%, Time(sec.) =        0.035
proc_id =    20, Progress =    45%, Time(sec.) =        0.050
proc_id =    16, Progress =    36%, Time(sec.) =        0.054
proc_id =    25, Progress =   100%, Time(sec.) =        0.058
proc_id =    25, Progress =   100%, Time(sec.) =        0.058
proc_id =    30, Progress =    54%, Time(sec.) =        0.033
proc_id =    27, Progress =   100%, Time(sec.) =        0.059
proc_id =    27, Progress =   100%, Time(sec.) =        0.059
proc_id =    19, Progress =   100%, Time(sec.) =        0.059
proc_id =    19, Progress =   100%, Time(sec.) =        0.059
proc_id =    28, Progress =    72%, Time(sec.) =        0.038
proc_id =    30, Progress =    63%, Time(sec.) =        0.035
proc_id =    11, Progress =   100%, Time(sec.) =        0.052
proc_id =    11, Progress =   100%, Time(sec.) =        0.052
proc_id =     9, Progress =   100%, Time(sec.) =        0.052
proc_id =     9, Progress =   100%, Time(sec.) =        0.052
proc_id =    30, Progress =    72%, Time(sec.) =        0.038
proc_id =    24, Progress =    27%, Time(sec.) =        0.047
proc_id =    21, Progress =    81%, Time(sec.) =        0.064
proc_id =    26, Progress =    72%, Time(sec.) =        0.052
proc_id =    31, Progress =    81%, Time(sec.) =        0.052
proc_id =    24, Progress =    36%, Time(sec.) =        0.049
proc_id =    10, Progress =    27%, Time(sec.) =        0.046
proc_id =    22, Progress =    27%, Time(sec.) =        0.051
proc_id =    21, Progress =    90%, Time(sec.) =        0.066
proc_id =    12, Progress =    27%, Time(sec.) =        0.051
proc_id =    26, Progress =    81%, Time(sec.) =        0.055
proc_id =    31, Progress =    90%, Time(sec.) =        0.054
proc_id =    10, Progress =    36%, Time(sec.) =        0.048
proc_id =    22, Progress =    36%, Time(sec.) =        0.054
proc_id =    12, Progress =    36%, Time(sec.) =        0.053
proc_id =    21, Progress =   100%, Time(sec.) =        0.069
proc_id =    21, Progress =   100%, Time(sec.) =        0.069
proc_id =    31, Progress =   100%, Time(sec.) =        0.056
proc_id =    31, Progress =   100%, Time(sec.) =        0.056
proc_id =    29, Progress =    90%, Time(sec.) =        0.069
proc_id =    29, Progress =   100%, Time(sec.) =        0.071
proc_id =    29, Progress =   100%, Time(sec.) =        0.071
proc_id =    26, Progress =    90%, Time(sec.) =        0.057
proc_id =    26, Progress =   100%, Time(sec.) =        0.059
proc_id =    26, Progress =   100%, Time(sec.) =        0.059
proc_id =    14, Progress =    27%, Time(sec.) =        0.050
proc_id =    14, Progress =    36%, Time(sec.) =        0.052
proc_id =    14, Progress =    45%, Time(sec.) =        0.054
proc_id =    18, Progress =    27%, Time(sec.) =        0.052
proc_id =    18, Progress =    36%, Time(sec.) =        0.054
proc_id =     8, Progress =    45%, Time(sec.) =        0.070
proc_id =     8, Progress =    54%, Time(sec.) =        0.072
proc_id =     8, Progress =    63%, Time(sec.) =        0.074
proc_id =     2, Progress =    63%, Time(sec.) =        0.070
proc_id =     2, Progress =    72%, Time(sec.) =        0.072
proc_id =     2, Progress =    81%, Time(sec.) =        0.073
proc_id =     6, Progress =    54%, Time(sec.) =        0.075
proc_id =     6, Progress =    63%, Time(sec.) =        0.077
proc_id =    28, Progress =    81%, Time(sec.) =        0.053
proc_id =    28, Progress =    90%, Time(sec.) =        0.056
proc_id =    28, Progress =   100%, Time(sec.) =        0.059
proc_id =    28, Progress =   100%, Time(sec.) =        0.059
proc_id =     4, Progress =    63%, Time(sec.) =        0.071
proc_id =     4, Progress =    72%, Time(sec.) =        0.073
proc_id =     4, Progress =    81%, Time(sec.) =        0.074
proc_id =     0, Progress =    81%, Time(sec.) =        0.066
proc_id =     0, Progress =    90%, Time(sec.) =        0.067
proc_id =     0, Progress =   100%, Time(sec.) =        0.068
proc_id =     0, Progress =   100%, Time(sec.) =        0.068
proc_id =    30, Progress =    81%, Time(sec.) =        0.053
proc_id =    30, Progress =    90%, Time(sec.) =        0.056
proc_id =    30, Progress =   100%, Time(sec.) =        0.058
proc_id =    30, Progress =   100%, Time(sec.) =        0.058
proc_id =    16, Progress =    45%, Time(sec.) =        0.076
proc_id =    16, Progress =    54%, Time(sec.) =        0.078
proc_id =    20, Progress =    54%, Time(sec.) =        0.072
proc_id =    20, Progress =    63%, Time(sec.) =        0.074
proc_id =    24, Progress =    45%, Time(sec.) =        0.071
proc_id =    24, Progress =    54%, Time(sec.) =        0.074
proc_id =    10, Progress =    45%, Time(sec.) =        0.071
proc_id =    12, Progress =    45%, Time(sec.) =        0.075
proc_id =    22, Progress =    45%, Time(sec.) =        0.076
proc_id =    10, Progress =    54%, Time(sec.) =        0.072
proc_id =    12, Progress =    54%, Time(sec.) =        0.077
proc_id =    22, Progress =    54%, Time(sec.) =        0.079
proc_id =    10, Progress =    63%, Time(sec.) =        0.074
proc_id =    18, Progress =    45%, Time(sec.) =        0.076
proc_id =    12, Progress =    63%, Time(sec.) =        0.079
proc_id =    14, Progress =    54%, Time(sec.) =        0.076
proc_id =    18, Progress =    54%, Time(sec.) =        0.078
proc_id =    14, Progress =    63%, Time(sec.) =        0.078
proc_id =     2, Progress =    90%, Time(sec.) =        0.095
proc_id =     6, Progress =    72%, Time(sec.) =        0.099
proc_id =     8, Progress =    72%, Time(sec.) =        0.096
proc_id =     2, Progress =   100%, Time(sec.) =        0.097
proc_id =     2, Progress =   100%, Time(sec.) =        0.097
proc_id =     6, Progress =    81%, Time(sec.) =        0.101
proc_id =     4, Progress =    90%, Time(sec.) =        0.096
proc_id =     8, Progress =    81%, Time(sec.) =        0.098
proc_id =     6, Progress =    90%, Time(sec.) =        0.102
proc_id =     4, Progress =   100%, Time(sec.) =        0.098
proc_id =     4, Progress =   100%, Time(sec.) =        0.098
proc_id =    16, Progress =    63%, Time(sec.) =        0.100
proc_id =    20, Progress =    72%, Time(sec.) =        0.097
proc_id =    16, Progress =    72%, Time(sec.) =        0.102
proc_id =    20, Progress =    81%, Time(sec.) =        0.099
proc_id =    16, Progress =    81%, Time(sec.) =        0.104
proc_id =    24, Progress =    63%, Time(sec.) =        0.096
proc_id =    24, Progress =    72%, Time(sec.) =        0.098
proc_id =    22, Progress =    63%, Time(sec.) =        0.101
proc_id =    10, Progress =    72%, Time(sec.) =        0.096
proc_id =    12, Progress =    72%, Time(sec.) =        0.101
proc_id =    22, Progress =    72%, Time(sec.) =        0.103
proc_id =    10, Progress =    81%, Time(sec.) =        0.098
proc_id =    12, Progress =    81%, Time(sec.) =        0.103
proc_id =    18, Progress =    63%, Time(sec.) =        0.101
proc_id =    14, Progress =    72%, Time(sec.) =        0.100
proc_id =    18, Progress =    72%, Time(sec.) =        0.103
proc_id =    14, Progress =    81%, Time(sec.) =        0.102
proc_id =     8, Progress =    90%, Time(sec.) =        0.120
proc_id =    14, Progress =    90%, Time(sec.) =        0.104
proc_id =     6, Progress =   100%, Time(sec.) =        0.124
proc_id =     6, Progress =   100%, Time(sec.) =        0.124
proc_id =     8, Progress =   100%, Time(sec.) =        0.122
proc_id =     8, Progress =   100%, Time(sec.) =        0.122
proc_id =    20, Progress =    90%, Time(sec.) =        0.121
proc_id =    16, Progress =    90%, Time(sec.) =        0.125
proc_id =    20, Progress =   100%, Time(sec.) =        0.123
proc_id =    20, Progress =   100%, Time(sec.) =        0.123
proc_id =    16, Progress =   100%, Time(sec.) =        0.127
proc_id =    16, Progress =   100%, Time(sec.) =        0.127
proc_id =    24, Progress =    81%, Time(sec.) =        0.120
proc_id =    24, Progress =    90%, Time(sec.) =        0.123
proc_id =    22, Progress =    81%, Time(sec.) =        0.125
proc_id =    10, Progress =    90%, Time(sec.) =        0.120
proc_id =    12, Progress =    90%, Time(sec.) =        0.126
proc_id =    10, Progress =   100%, Time(sec.) =        0.122
proc_id =    10, Progress =   100%, Time(sec.) =        0.122
proc_id =    22, Progress =    90%, Time(sec.) =        0.127
proc_id =    12, Progress =   100%, Time(sec.) =        0.128
proc_id =    12, Progress =   100%, Time(sec.) =        0.128
proc_id =    18, Progress =    81%, Time(sec.) =        0.126
proc_id =    18, Progress =    90%, Time(sec.) =        0.128
proc_id =    14, Progress =   100%, Time(sec.) =        0.126
proc_id =    14, Progress =   100%, Time(sec.) =        0.126
proc_id =    24, Progress =   100%, Time(sec.) =        0.145
proc_id =    24, Progress =   100%, Time(sec.) =        0.145
proc_id =    22, Progress =   100%, Time(sec.) =        0.150
proc_id =    22, Progress =   100%, Time(sec.) =        0.150
proc_id =    18, Progress =   100%, Time(sec.) =        0.149
proc_id =    18, Progress =   100%, Time(sec.) =        0.149
 SPLINING OF Mij STARTED
 SPLINING OF Mij FINISHED
 COMPUTING THE RESIDUE OF Mij
 SPLINING RESIDUE OF Mij
 MPI TASK PER TRAJECTORY WILL BE USED
MPI TASKS WHICH ARE ASSOCIATED WITH ONE TRAJECTORY =     1
 Mij ROOT PROC DISTRIBUTION STARTED
 Mij ROOT PROC DISTRIBUTION DONE
 Mij ALL PROC DISTRIBUTION STARTED
 Mij ALL PROC DISTRIBUTION DONE
 MPI_COMMUNICATORS_CREATION STARTED
 MPI_COMMUNICATORS_CREATION DONE
TIME SPENT ON MATRIX Mij READING/COMPUTING/SAVING ON DISK ,s       7.3
 NUMBER OF TRAJECTORIES PER PROC_GROUP MIN           2
  
 SCATTERING CALCULATIONS STARTED
TOTAL J RANGE: FROM    0 TO   82
TOTAL L RANGE: FROM    0 TO   82
l_range1/2/3 =      0     0     0  total =     83
 NUMBER OF TRAJECTORIES PER PROC_GROUP MAX           3
 TOTAL NUMBER OF TRAJECTORIES          83
TIME IT TOOK TO SETUP ARRAYS, s     0
CALCULATIONS START FOR M =    0
TRAJECTORY DONE FOR L=     5 TIME_SPENT=        3.452 SEC.
TRAJECTORY DONE FOR L=     1 TIME_SPENT=        3.487 SEC.
TRAJECTORY DONE FOR L=     3 TIME_SPENT=        3.503 SEC.
TRAJECTORY DONE FOR L=     7 TIME_SPENT=        3.524 SEC.
TRAJECTORY DONE FOR L=    13 TIME_SPENT=        3.554 SEC.
TRAJECTORY DONE FOR L=     9 TIME_SPENT=        3.569 SEC.
TRAJECTORY DONE FOR L=    11 TIME_SPENT=        3.582 SEC.
TRAJECTORY DONE FOR L=    17 TIME_SPENT=        3.628 SEC.
TRAJECTORY DONE FOR L=    15 TIME_SPENT=        3.646 SEC.
TRAJECTORY DONE FOR L=    19 TIME_SPENT=        3.678 SEC.
TRAJECTORY DONE FOR L=    21 TIME_SPENT=        3.743 SEC.
TRAJECTORY DONE FOR L=    26 TIME_SPENT=        3.794 SEC.
TRAJECTORY DONE FOR L=    23 TIME_SPENT=        3.833 SEC.
TRAJECTORY DONE FOR L=    28 TIME_SPENT=        3.893 SEC.
TRAJECTORY DONE FOR L=    25 TIME_SPENT=        3.905 SEC.
TRAJECTORY DONE FOR L=    27 TIME_SPENT=        4.098 SEC.
TRAJECTORY DONE FOR L=    30 TIME_SPENT=        4.100 SEC.
TRAJECTORY DONE FOR L=    29 TIME_SPENT=        4.249 SEC.
TRAJECTORY DONE FOR L=    31 TIME_SPENT=        4.465 SEC.
TRAJECTORY DONE FOR L=    60 TIME_SPENT=        3.131 SEC.
TRAJECTORY DONE FOR L=    58 TIME_SPENT=        3.261 SEC.
TRAJECTORY DONE FOR L=    62 TIME_SPENT=        3.000 SEC.
TRAJECTORY DONE FOR L=    57 TIME_SPENT=        3.449 SEC.
TRAJECTORY DONE FOR L=    59 TIME_SPENT=        3.324 SEC.
TRAJECTORY DONE FOR L=    61 TIME_SPENT=        3.203 SEC.
TRAJECTORY DONE FOR L=    55 TIME_SPENT=        3.626 SEC.
TRAJECTORY DONE FOR L=    53 TIME_SPENT=        3.751 SEC.
TRAJECTORY DONE FOR L=    63 TIME_SPENT=        3.046 SEC.
TRAJECTORY DONE FOR L=    51 TIME_SPENT=        3.872 SEC.
TRAJECTORY DONE FOR L=    49 TIME_SPENT=        3.940 SEC.
TRAJECTORY DONE FOR L=    47 TIME_SPENT=        4.164 SEC.
TRAJECTORY DONE FOR L=    45 TIME_SPENT=        4.342 SEC.
TRAJECTORY DONE FOR L=    43 TIME_SPENT=        4.651 SEC.
TRAJECTORY DONE FOR L=    81 TIME_SPENT=        0.667 SEC.
TRAJECTORY DONE FOR L=    33 TIME_SPENT=        4.816 SEC.
TRAJECTORY DONE FOR L=    35 TIME_SPENT=        5.296 SEC.
TRAJECTORY DONE FOR L=     2 TIME_SPENT=        8.783 SEC.
TRAJECTORY DONE FOR L=     4 TIME_SPENT=        8.830 SEC.
TRAJECTORY DONE FOR L=    41 TIME_SPENT=        5.382 SEC.
TRAJECTORY DONE FOR L=     6 TIME_SPENT=        8.943 SEC.
TRAJECTORY DONE FOR L=    12 TIME_SPENT=        8.936 SEC.
TRAJECTORY DONE FOR L=    10 TIME_SPENT=        8.996 SEC.
TRAJECTORY DONE FOR L=     8 TIME_SPENT=        9.027 SEC.
TRAJECTORY DONE FOR L=    79 TIME_SPENT=        1.251 SEC.
TRAJECTORY DONE FOR L=    14 TIME_SPENT=        9.077 SEC.
TRAJECTORY DONE FOR L=     0 TIME_SPENT=        9.094 SEC.
TRAJECTORY DONE FOR L=    37 TIME_SPENT=        5.945 SEC.
TRAJECTORY DONE FOR L=    77 TIME_SPENT=        1.636 SEC.
TRAJECTORY DONE FOR L=    16 TIME_SPENT=        9.516 SEC.
TRAJECTORY DONE FOR L=    22 TIME_SPENT=        9.827 SEC.
TRAJECTORY DONE FOR L=    20 TIME_SPENT=        9.879 SEC.
TRAJECTORY DONE FOR L=    18 TIME_SPENT=        9.909 SEC.
TRAJECTORY DONE FOR L=    39 TIME_SPENT=        6.473 SEC.
TRAJECTORY DONE FOR L=    24 TIME_SPENT=       10.087 SEC.
TRAJECTORY DONE FOR L=    75 TIME_SPENT=        1.939 SEC.
TRAJECTORY DONE FOR L=    73 TIME_SPENT=        2.194 SEC.
TRAJECTORY DONE FOR L=    65 TIME_SPENT=        2.972 SEC.
TRAJECTORY DONE FOR L=    67 TIME_SPENT=        2.787 SEC.
TRAJECTORY DONE FOR L=    69 TIME_SPENT=        2.602 SEC.
TRAJECTORY DONE FOR L=    71 TIME_SPENT=        2.406 SEC.
TRAJECTORY DONE FOR L=    56 TIME_SPENT=        9.137 SEC.
TRAJECTORY DONE FOR L=    54 TIME_SPENT=        9.573 SEC.
TRAJECTORY DONE FOR L=    52 TIME_SPENT=        9.750 SEC.
TRAJECTORY DONE FOR L=    46 TIME_SPENT=       10.679 SEC.
TRAJECTORY DONE FOR L=    48 TIME_SPENT=       10.645 SEC.
TRAJECTORY DONE FOR L=    50 TIME_SPENT=       10.423 SEC.
WARNING: COLLISION IMPACT PARAMETER, b,  EXCEEDS RMAX FOR TRAJECTORY L = 82. THIS TRAJECTORY IS NOT PROPAGATED.
TRAJECTORY DONE FOR L=    82 TIME_SPENT=        0.002 SEC.
TRAJECTORY DONE FOR L=    44 TIME_SPENT=       11.376 SEC.
TRAJECTORY DONE FOR L=    32 TIME_SPENT=       11.975 SEC.
TRAJECTORY DONE FOR L=    34 TIME_SPENT=       12.530 SEC.
TRAJECTORY DONE FOR L=    42 TIME_SPENT=       12.425 SEC.
TRAJECTORY DONE FOR L=    80 TIME_SPENT=        2.527 SEC.
TRAJECTORY DONE FOR L=    36 TIME_SPENT=       14.102 SEC.
TRAJECTORY DONE FOR L=    78 TIME_SPENT=        3.673 SEC.
TRAJECTORY DONE FOR L=    38 TIME_SPENT=       15.828 SEC.
TRAJECTORY DONE FOR L=    76 TIME_SPENT=        4.548 SEC.
TRAJECTORY DONE FOR L=    74 TIME_SPENT=        5.275 SEC.
TRAJECTORY DONE FOR L=    40 TIME_SPENT=       18.084 SEC.
TRAJECTORY DONE FOR L=    66 TIME_SPENT=        7.273 SEC.
TRAJECTORY DONE FOR L=    64 TIME_SPENT=        8.014 SEC.
TRAJECTORY DONE FOR L=    68 TIME_SPENT=        7.027 SEC.
TRAJECTORY DONE FOR L=    70 TIME_SPENT=        6.620 SEC.
TRAJECTORY DONE FOR L=    72 TIME_SPENT=        6.046 SEC.
ALL TRAJECTORIES DONE FOR ENER_NUM =   1 AND M12 =    0  J12=     0
TIME IT TOOK TO PROPOGATE,s         29
 DATA FROM ALL TRAJECTORIES GATHERED
 INELASTIC CROSS SECTION CALCULATED FOR M           0
  
 CROSS SECTION CALCULATED FOR ENERGY=           1
  
 Trajectory Propagation Time:   33.3755069110000     
  
TOTAL TIME SPENT ON PROPAGATION,sec =     1071
THE AVERAGE TIME PER MPI TASK SPENT ON PROPAGATION =    0  h   0   m 33.5  s
TIME SPENT ON INITIALIZATION TOOK WALL CLOCK TIME =    0  h   0   m  7.4  s
TIME SPENT ON MIJ DISTRIBUTION TOOK WALL CLOCK TIME =    0  h   0   m  7.3  s
TIME SPENT ON MIJ REALLOCATION TOOK WALL CLOCK TIME =    0  h   0   m  0.0  s
 ALL WORK DONE

real	0m43.941s
user	8m33.824s
sys	0m6.251s
