STATE= 1
j12= 0
m12= 0
ENERGY#1, U(i)= 100.000 cm^-1
    B_IMPACT        L   CHANNEL=     1  CHANNEL=     2  CHANNEL=     3  CHANNEL=     4  CHANNEL=     5  CHANNEL=     6  CHANNEL=     7  CHANNEL=     8  CHANNEL=     9  CHANNEL=    10  
 0.00000000E+00      0  0.54878064E+00  0.00000000E+00  0.22030281E+00  0.00000000E+00  0.55157726E-01  0.00000000E+00  0.12013064E+00  0.00000000E+00  0.55628186E-01  0.00000000E+00 
 0.24315243E+00      1  0.55023175E+00  0.00000000E+00  0.21918623E+00  0.00000000E+00  0.55344299E-01  0.00000000E+00  0.11984248E+00  0.00000000E+00  0.55395233E-01  0.00000000E+00 
 0.48630486E+00      2  0.55311289E+00  0.00000000E+00  0.21695873E+00  0.00000000E+00  0.55730795E-01  0.00000000E+00  0.11926569E+00  0.00000000E+00  0.54931892E-01  0.00000000E+00 
 0.72945729E+00      3  0.55738078E+00  0.00000000E+00  0.21363301E+00  0.00000000E+00  0.56343714E-01  0.00000000E+00  0.11839924E+00  0.00000000E+00  0.54243257E-01  0.00000000E+00 
 0.97260972E+00      4  0.56296762E+00  0.00000000E+00  0.20923170E+00  0.00000000E+00  0.57222277E-01  0.00000000E+00  0.11724152E+00  0.00000000E+00  0.53336885E-01  0.00000000E+00 
 0.12157621E+01      5  0.56977776E+00  0.00000000E+00  0.20379165E+00  0.00000000E+00  0.58417686E-01  0.00000000E+00  0.11579021E+00  0.00000000E+00  0.52222693E-01  0.00000000E+00 
 0.14589146E+01      6  0.57768331E+00  0.00000000E+00  0.19736965E+00  0.00000000E+00  0.59991984E-01  0.00000000E+00  0.11404224E+00  0.00000000E+00  0.50912818E-01  0.00000000E+00 
 0.17020670E+01      7  0.58651887E+00  0.00000000E+00  0.19004956E+00  0.00000000E+00  0.62016373E-01  0.00000000E+00  0.11199375E+00  0.00000000E+00  0.49421442E-01  0.00000000E+00 
 0.19452194E+01      8  0.59607559E+00  0.00000000E+00  0.18195080E+00  0.00000000E+00  0.64568872E-01  0.00000000E+00  0.10964016E+00  0.00000000E+00  0.47764580E-01  0.00000000E+00 
 0.21883719E+01      9  0.60609468E+00  0.00000000E+00  0.17323787E+00  0.00000000E+00  0.67731146E-01  0.00000000E+00  0.10697647E+00  0.00000000E+00  0.45959824E-01  0.00000000E+00 
 0.24315243E+01     10  0.61626095E+00  0.00000000E+00  0.16413088E+00  0.00000000E+00  0.71584397E-01  0.00000000E+00  0.10399772E+00  0.00000000E+00  0.44026059E-01  0.00000000E+00 
 0.26746767E+01     11  0.62619659E+00  0.00000000E+00  0.15491630E+00  0.00000000E+00  0.76204224E-01  0.00000000E+00  0.10069976E+00  0.00000000E+00  0.41983124E-01  0.00000000E+00 
 0.29178292E+01     12  0.63545613E+00  0.00000000E+00  0.14595746E+00  0.00000000E+00  0.81654438E-01  0.00000000E+00  0.97080516E-01  0.00000000E+00  0.39851456E-01  0.00000000E+00 
 0.31609816E+01     13  0.64352312E+00  0.00000000E+00  0.13770367E+00  0.00000000E+00  0.87979940E-01  0.00000000E+00  0.93141580E-01  0.00000000E+00  0.37651693E-01  0.00000000E+00 
 0.34041340E+01     14  0.64980975E+00  0.00000000E+00  0.13069666E+00  0.00000000E+00  0.95198903E-01  0.00000000E+00  0.88890427E-01  0.00000000E+00  0.35404267E-01  0.00000000E+00 
 0.36472864E+01     15  0.65366052E+00  0.00000000E+00  0.12557257E+00  0.00000000E+00  0.10329474E+00  0.00000000E+00  0.84343169E-01  0.00000000E+00  0.33129009E-01  0.00000000E+00 
 0.38904389E+01     16  0.65436156E+00  0.00000000E+00  0.12305712E+00  0.00000000E+00  0.11220855E+00  0.00000000E+00  0.79527951E-01  0.00000000E+00  0.30844815E-01  0.00000000E+00 
 0.41335913E+01     17  0.65115687E+00  0.00000000E+00  0.12395135E+00  0.00000000E+00  0.12183294E+00  0.00000000E+00  0.74489251E-01  0.00000000E+00  0.28569594E-01  0.00000000E+00 
 0.43767437E+01     18  0.64327252E+00  0.00000000E+00  0.12910429E+00  0.00000000E+00  0.13200754E+00  0.00000000E+00  0.69294417E-01  0.00000000E+00  0.26321225E-01  0.00000000E+00 
 0.46198962E+01     19  0.62997192E+00  0.00000000E+00  0.13935588E+00  0.00000000E+00  0.14253046E+00  0.00000000E+00  0.64029003E-01  0.00000000E+00  0.24112735E-01  0.00000000E+00 
 0.48630486E+01     20  0.61059971E+00  0.00000000E+00  0.15548037E+00  0.00000000E+00  0.15317036E+00  0.00000000E+00  0.58797494E-01  0.00000000E+00  0.21952076E-01  0.00000000E+00 
 0.51062010E+01     21  0.58463168E+00  0.00000000E+00  0.17811287E+00  0.00000000E+00  0.16368321E+00  0.00000000E+00  0.53727800E-01  0.00000000E+00  0.19844441E-01  0.00000000E+00 
 0.53493534E+01     22  0.55174449E+00  0.00000000E+00  0.20764858E+00  0.00000000E+00  0.17384362E+00  0.00000000E+00  0.48970481E-01  0.00000000E+00  0.17792826E-01  0.00000000E+00 
 0.55925059E+01     23  0.51189607E+00  0.00000000E+00  0.24411960E+00  0.00000000E+00  0.18348945E+00  0.00000000E+00  0.44695784E-01  0.00000000E+00  0.15799096E-01  0.00000000E+00 
 0.58356583E+01     24  0.46541666E+00  0.00000000E+00  0.28704591E+00  0.00000000E+00  0.19258153E+00  0.00000000E+00  0.41089532E-01  0.00000000E+00  0.13866361E-01  0.00000000E+00 
 0.60788107E+01     25  0.41310156E+00  0.00000000E+00  0.33527662E+00  0.00000000E+00  0.20128077E+00  0.00000000E+00  0.38340905E-01  0.00000000E+00  0.12000145E-01  0.00000000E+00 
 0.63219632E+01     26  0.35624607E+00  0.00000000E+00  0.38691995E+00  0.00000000E+00  0.21002303E+00  0.00000000E+00  0.36608132E-01  0.00000000E+00  0.10202816E-01  0.00000000E+00 
 0.65651156E+01     27  0.29667983E+00  0.00000000E+00  0.43924592E+00  0.00000000E+00  0.21958120E+00  0.00000000E+00  0.36012137E-01  0.00000000E+00  0.84809094E-02  0.00000000E+00 
 0.68082680E+01     28  0.23677041E+00  0.00000000E+00  0.48864537E+00  0.00000000E+00  0.23111704E+00  0.00000000E+00  0.36618374E-01  0.00000000E+00  0.68488079E-02  0.00000000E+00 
 0.70514205E+01     29  0.17938121E+00  0.00000000E+00  0.53067468E+00  0.00000000E+00  0.24619634E+00  0.00000000E+00  0.38415656E-01  0.00000000E+00  0.53321170E-02  0.00000000E+00 
 0.72945729E+01     30  0.12767330E+00  0.00000000E+00  0.56043004E+00  0.00000000E+00  0.26666801E+00  0.00000000E+00  0.41268589E-01  0.00000000E+00  0.39600568E-02  0.00000000E+00 
 0.75377253E+01     31  0.84948654E-01  0.00000000E+00  0.57298524E+00  0.00000000E+00  0.29441003E+00  0.00000000E+00  0.44888486E-01  0.00000000E+00  0.27675873E-02  0.00000000E+00 
 0.77808777E+01     32  0.54589023E-01  0.00000000E+00  0.56396710E+00  0.00000000E+00  0.33085148E+00  0.00000000E+00  0.48796150E-01  0.00000000E+00  0.17962504E-02  0.00000000E+00 
 0.80240302E+01     33  0.40178491E-01  0.00000000E+00  0.53052317E+00  0.00000000E+00  0.37599482E+00  0.00000000E+00  0.52222969E-01  0.00000000E+00  0.10805509E-02  0.00000000E+00 
 0.82671826E+01     34  0.46421599E-01  0.00000000E+00  0.47221380E+00  0.00000000E+00  0.42674387E+00  0.00000000E+00  0.53982355E-01  0.00000000E+00  0.63837194E-03  0.00000000E+00 
 0.85103350E+01     35  0.81529800E-01  0.00000000E+00  0.39128298E+00  0.00000000E+00  0.47426328E+00  0.00000000E+00  0.52460582E-01  0.00000000E+00  0.46335122E-03  0.00000000E+00 
 0.87534875E+01     36  0.16057872E+00  0.00000000E+00  0.29167720E+00  0.00000000E+00  0.50113617E+00  0.00000000E+00  0.46102059E-01  0.00000000E+00  0.50585077E-03  0.00000000E+00 
 0.89966399E+01     37  0.30270097E+00  0.00000000E+00  0.17659464E+00  0.00000000E+00  0.48526670E+00  0.00000000E+00  0.34794625E-01  0.00000000E+00  0.64306776E-03  0.00000000E+00 
 0.92397923E+01     38  0.49338797E+00  0.00000000E+00  0.66473127E-01  0.00000000E+00  0.41888589E+00  0.00000000E+00  0.20542738E-01  0.00000000E+00  0.71027666E-03  0.00000000E+00 
 0.94829447E+01     39  0.63336843E+00  0.00000000E+00  0.49429156E-01  0.00000000E+00  0.30927043E+00  0.00000000E+00  0.73700214E-02  0.00000000E+00  0.56196333E-03  0.00000000E+00 
 0.97260972E+01     40  0.45111982E+00  0.00000000E+00  0.35099848E+00  0.00000000E+00  0.19565856E+00  0.00000000E+00  0.20395582E-02  0.00000000E+00  0.18358976E-03  0.00000000E+00 
 0.99692496E+01     41  0.39497365E-01  0.00000000E+00  0.92258563E+00  0.00000000E+00  0.37916528E-01  0.00000000E+00  0.47964814E-06  0.00000000E+00  0.37305363E-13  0.00000000E+00 
 0.10212402E+02     42  0.37000741E+00  0.00000000E+00  0.61941619E+00  0.00000000E+00  0.10576010E-01  0.00000000E+00  0.38431285E-06  0.00000000E+00  0.26089888E-13  0.00000000E+00 
 0.10455554E+02     43  0.58529156E+00  0.00000000E+00  0.41119409E+00  0.00000000E+00  0.35142756E-02  0.00000000E+00  0.81315964E-07  0.00000000E+00  0.27322782E-14  0.00000000E+00 
 0.10698707E+02     44  0.71653911E+00  0.00000000E+00  0.28212856E+00  0.00000000E+00  0.13323060E-02  0.00000000E+00  0.16599250E-07  0.00000000E+00  0.23293703E-15  0.00000000E+00 
 0.10941859E+02     45  0.80026470E+00  0.00000000E+00  0.19918438E+00  0.00000000E+00  0.55091723E-03  0.00000000E+00  0.35212259E-08  0.00000000E+00  0.71443839E-16  0.00000000E+00 
 0.11185012E+02     46  0.85590575E+00  0.00000000E+00  0.14385219E+00  0.00000000E+00  0.24205612E-03  0.00000000E+00  0.77787017E-09  0.00000000E+00  0.27833191E-16  0.00000000E+00 
 0.11428164E+02     47  0.89410627E+00  0.00000000E+00  0.10578255E+00  0.00000000E+00  0.11117979E-03  0.00000000E+00  0.17903576E-09  0.00000000E+00  0.89958684E-17  0.00000000E+00 
 0.11671317E+02     48  0.92101977E+00  0.00000000E+00  0.78927419E-01  0.00000000E+00  0.52809120E-04  0.00000000E+00  0.43762707E-10  0.00000000E+00  0.25391274E-17  0.00000000E+00 
 0.11914469E+02     49  0.94038033E+00  0.00000000E+00  0.59593928E-01  0.00000000E+00  0.25743226E-04  0.00000000E+00  0.11981888E-10  0.00000000E+00  0.65957774E-18  0.00000000E+00 
 0.12157621E+02     50  0.95454715E+00  0.00000000E+00  0.45440041E-01  0.00000000E+00  0.12808235E-04  0.00000000E+00  0.39655158E-11  0.00000000E+00  0.16626787E-18  0.00000000E+00 
 0.12400774E+02     51  0.96506142E+00  0.00000000E+00  0.34932101E-01  0.00000000E+00  0.64777157E-05  0.00000000E+00  0.16347798E-11  0.00000000E+00  0.45278143E-19  0.00000000E+00 
 0.12643926E+02     52  0.97295838E+00  0.00000000E+00  0.27038301E-01  0.00000000E+00  0.33203719E-05  0.00000000E+00  0.79183226E-12  0.00000000E+00  0.16049610E-19  0.00000000E+00 
 0.12887079E+02     53  0.97894990E+00  0.00000000E+00  0.21048376E-01  0.00000000E+00  0.17216551E-05  0.00000000E+00  0.41422575E-12  0.00000000E+00  0.79787627E-20  0.00000000E+00 
 0.13130231E+02     54  0.98353535E+00  0.00000000E+00  0.16463749E-01  0.00000000E+00  0.90221188E-06  0.00000000E+00  0.22175589E-12  0.00000000E+00  0.47745099E-20  0.00000000E+00 
 0.13373384E+02     55  0.98707104E+00  0.00000000E+00  0.12928487E-01  0.00000000E+00  0.47796285E-06  0.00000000E+00  0.11871801E-12  0.00000000E+00  0.29601977E-20  0.00000000E+00 
 0.13616536E+02     56  0.98981500E+00  0.00000000E+00  0.10184746E-01  0.00000000E+00  0.25641537E-06  0.00000000E+00  0.63139061E-13  0.00000000E+00  0.17949415E-20  0.00000000E+00 
 0.13859688E+02     57  0.99195652E+00  0.00000000E+00  0.80433441E-02  0.00000000E+00  0.13977899E-06  0.00000000E+00  0.33386620E-13  0.00000000E+00  0.10588240E-20  0.00000000E+00 
 0.14102841E+02     58  0.99363602E+00  0.00000000E+00  0.63639058E-02  0.00000000E+00  0.77834979E-07  0.00000000E+00  0.17628514E-13  0.00000000E+00  0.61541634E-21  0.00000000E+00 
 0.14345993E+02     59  0.99495872E+00  0.00000000E+00  0.50412325E-02  0.00000000E+00  0.44576468E-07  0.00000000E+00  0.93543694E-14  0.00000000E+00  0.35635453E-21  0.00000000E+00 
 0.14589146E+02     60  0.99600419E+00  0.00000000E+00  0.39957856E-02  0.00000000E+00  0.26448934E-07  0.00000000E+00  0.50284469E-14  0.00000000E+00  0.20245478E-21  0.00000000E+00 
 0.14832298E+02     61  0.99683303E+00  0.00000000E+00  0.31669494E-02  0.00000000E+00  0.16354443E-07  0.00000000E+00  0.27626443E-14  0.00000000E+00  0.10886921E-21  0.00000000E+00 
 0.15075451E+02     62  0.99749179E+00  0.00000000E+00  0.25081980E-02  0.00000000E+00  0.10562864E-07  0.00000000E+00  0.15644462E-14  0.00000000E+00  0.55194887E-22  0.00000000E+00 
 0.15318603E+02     63  0.99801640E+00  0.00000000E+00  0.19835892E-02  0.00000000E+00  0.71078468E-08  0.00000000E+00  0.91862210E-15  0.00000000E+00  0.29055421E-22  0.00000000E+00 
 0.15561755E+02     64  0.99843480E+00  0.00000000E+00  0.15651929E-02  0.00000000E+00  0.49488894E-08  0.00000000E+00  0.56004265E-15  0.00000000E+00  0.17318338E-22  0.00000000E+00 
 0.15804908E+02     65  0.99876881E+00  0.00000000E+00  0.12311893E-02  0.00000000E+00  0.35319234E-08  0.00000000E+00  0.35288447E-15  0.00000000E+00  0.99499015E-23  0.00000000E+00 
 0.16048060E+02     66  0.99903555E+00  0.00000000E+00  0.96444820E-03  0.00000000E+00  0.25584585E-08  0.00000000E+00  0.22766820E-15  0.00000000E+00  0.47165077E-23  0.00000000E+00 
 0.16291213E+02     67  0.99924854E+00  0.00000000E+00  0.75146246E-03  0.00000000E+00  0.18643265E-08  0.00000000E+00  0.14882903E-15  0.00000000E+00  0.27919605E-23  0.00000000E+00 
 0.16534365E+02     68  0.99941846E+00  0.00000000E+00  0.58153915E-03  0.00000000E+00  0.13561448E-08  0.00000000E+00  0.97971878E-16  0.00000000E+00  0.24838481E-23  0.00000000E+00 
 0.16777518E+02     69  0.99955381E+00  0.00000000E+00  0.44618446E-03  0.00000000E+00  0.97816793E-09  0.00000000E+00  0.65052844E-16  0.00000000E+00  0.17435915E-23  0.00000000E+00 
 0.17020670E+02     70  0.99966137E+00  0.00000000E+00  0.33863234E-03  0.00000000E+00  0.69510512E-09  0.00000000E+00  0.43825175E-16  0.00000000E+00  0.13671477E-23  0.00000000E+00 
 0.17263822E+02     71  0.99974652E+00  0.00000000E+00  0.25348171E-03  0.00000000E+00  0.48325501E-09  0.00000000E+00  0.29841992E-16  0.00000000E+00  0.14958814E-23  0.00000000E+00 
 0.17506975E+02     72  0.99981358E+00  0.00000000E+00  0.18641557E-03  0.00000000E+00  0.32591059E-09  0.00000000E+00  0.19975636E-16  0.00000000E+00  0.10902578E-23  0.00000000E+00 
 0.17750127E+02     73  0.99986602E+00  0.00000000E+00  0.13398200E-03  0.00000000E+00  0.21087941E-09  0.00000000E+00  0.12511972E-16  0.00000000E+00  0.92567247E-24  0.00000000E+00 
 0.17993280E+02     74  0.99990658E+00  0.00000000E+00  0.93421608E-04  0.00000000E+00  0.12899617E-09  0.00000000E+00  0.70155667E-17  0.00000000E+00  0.10618314E-23  0.00000000E+00 
 0.18236432E+02     75  0.99993747E+00  0.00000000E+00  0.62529211E-04  0.00000000E+00  0.73093007E-10  0.00000000E+00  0.35813561E-17  0.00000000E+00  0.52623750E-24  0.00000000E+00 
 0.18479585E+02     76  0.99996046E+00  0.00000000E+00  0.39539798E-04  0.00000000E+00  0.37242088E-10  0.00000000E+00  0.18962716E-17  0.00000000E+00  0.65253486E-24  0.00000000E+00 
 0.18722737E+02     77  0.99997697E+00  0.00000000E+00  0.23030025E-04  0.00000000E+00  0.16274742E-10  0.00000000E+00  0.10520658E-17  0.00000000E+00  0.30009234E-24  0.00000000E+00 
 0.18965889E+02     78  0.99998817E+00  0.00000000E+00  0.11827339E-04  0.00000000E+00  0.56051513E-11  0.00000000E+00  0.38520087E-18  0.00000000E+00  0.32680252E-24  0.00000000E+00 
 0.19209042E+02     79  0.99999508E+00  0.00000000E+00  0.49188609E-05  0.00000000E+00  0.12837277E-11  0.00000000E+00  0.77092951E-19  0.00000000E+00  0.11942776E-24  0.00000000E+00 
 0.19452194E+02     80  0.99999865E+00  0.00000000E+00  0.13517011E-05  0.00000000E+00  0.13904871E-12  0.00000000E+00  0.43777091E-19  0.00000000E+00  0.46266977E-25  0.00000000E+00 
 0.19695347E+02     81  0.99999988E+00  0.00000000E+00  0.11538216E-06  0.00000000E+00  0.75541861E-14  0.00000000E+00  0.52832547E-20  0.00000000E+00  0.23474121E-25  0.00000000E+00 
 0.19938499E+02     82  0.10000000E+01  0.00000000E+00  0.00000000E+00  0.00000000E+00  0.00000000E+00  0.00000000E+00  0.00000000E+00  0.00000000E+00  0.00000000E+00  0.00000000E+00 
 
