STATE= 1
j12= 0
m12= 0
ENERGY#1, U(i)= 100.000 cm^-1
J_TOTAL  CHANNEL=     1  CHANNEL=     2  CHANNEL=     3  CHANNEL=     4  CHANNEL=     5  CHANNEL=     6  CHANNEL=     7  CHANNEL=     8  CHANNEL=     9  CHANNEL=    10  
    0    0.28543561E-01  0.00000000E+00  0.11458543E-01  0.00000000E+00  0.28689020E-02  0.00000000E+00  0.62483183E-02  0.00000000E+00  0.28933719E-02  0.00000000E+00 
    1    0.85857110E-01  0.00000000E+00  0.34201401E-01  0.00000000E+00  0.86358186E-02  0.00000000E+00  0.18699992E-01  0.00000000E+00  0.86437662E-02  0.00000000E+00 
    2    0.14384446E+00  0.00000000E+00  0.56423042E-01  0.00000000E+00  0.14493544E-01  0.00000000E+00  0.31016650E-01  0.00000000E+00  0.14285779E-01  0.00000000E+00 
    3    0.20293614E+00  0.00000000E+00  0.77781400E-01  0.00000000E+00  0.20514119E-01  0.00000000E+00  0.43107845E-01  0.00000000E+00  0.19749366E-01  0.00000000E+00 
    4    0.26353317E+00  0.00000000E+00  0.97944342E-01  0.00000000E+00  0.26786564E-01  0.00000000E+00  0.54882426E-01  0.00000000E+00  0.24967757E-01  0.00000000E+00 
    5    0.32599245E+00  0.00000000E+00  0.11659728E+00  0.00000000E+00  0.33423075E-01  0.00000000E+00  0.66248171E-01  0.00000000E+00  0.29878673E-01  0.00000000E+00 
    6    0.39060926E+00  0.00000000E+00  0.13345446E+00  0.00000000E+00  0.40564482E-01  0.00000000E+00  0.77111378E-01  0.00000000E+00  0.34425468E-01  0.00000000E+00 
    7    0.45759642E+00  0.00000000E+00  0.14827485E+00  0.00000000E+00  0.48384581E-01  0.00000000E+00  0.87376451E-01  0.00000000E+00  0.38558136E-01  0.00000000E+00 
    8    0.52705947E+00  0.00000000E+00  0.16088378E+00  0.00000000E+00  0.57092818E-01  0.00000000E+00  0.96945566E-01  0.00000000E+00  0.42234197E-01  0.00000000E+00 
    9    0.59896775E+00  0.00000000E+00  0.17120081E+00  0.00000000E+00  0.66934710E-01  0.00000000E+00  0.10571856E+00  0.00000000E+00  0.45419393E-01  0.00000000E+00 
   10    0.67312126E+00  0.00000000E+00  0.17927468E+00  0.00000000E+00  0.78189247E-01  0.00000000E+00  0.11359323E+00  0.00000000E+00  0.48088194E-01  0.00000000E+00 
   11    0.74911397E+00  0.00000000E+00  0.18532514E+00  0.00000000E+00  0.91162503E-01  0.00000000E+00  0.12046632E+00  0.00000000E+00  0.50224076E-01  0.00000000E+00 
   12    0.82629466E+00  0.00000000E+00  0.18979103E+00  0.00000000E+00  0.10617669E+00  0.00000000E+00  0.12623548E+00  0.00000000E+00  0.51819542E-01  0.00000000E+00 
   13    0.90372706E+00  0.00000000E+00  0.19338315E+00  0.00000000E+00  0.12355399E+00  0.00000000E+00  0.13080271E+00  0.00000000E+00  0.52875884E-01  0.00000000E+00 
   14    0.98015234E+00  0.00000000E+00  0.19713868E+00  0.00000000E+00  0.14359500E+00  0.00000000E+00  0.13407949E+00  0.00000000E+00  0.53402670E-01  0.00000000E+00 
   15    0.10539580E+01  0.00000000E+00  0.20247240E+00  0.00000000E+00  0.16655177E+00  0.00000000E+00  0.13599438E+00  0.00000000E+00  0.53417001E-01  0.00000000E+00 
   16    0.11231586E+01  0.00000000E+00  0.21121757E+00  0.00000000E+00  0.19259689E+00  0.00000000E+00  0.13650328E+00  0.00000000E+00  0.52942626E-01  0.00000000E+00 
   17    0.11853948E+01  0.00000000E+00  0.22564653E+00  0.00000000E+00  0.22179008E+00  0.00000000E+00  0.13560354E+00  0.00000000E+00  0.52009357E-01  0.00000000E+00 
   18    0.12379585E+01  0.00000000E+00  0.24845730E+00  0.00000000E+00  0.25404453E+00  0.00000000E+00  0.13335501E+00  0.00000000E+00  0.50654401E-01  0.00000000E+00 
   19    0.12778950E+01  0.00000000E+00  0.28268273E+00  0.00000000E+00  0.28912234E+00  0.00000000E+00  0.12988252E+00  0.00000000E+00  0.48912566E-01  0.00000000E+00 
   20    0.13021164E+01  0.00000000E+00  0.33156507E+00  0.00000000E+00  0.32663893E+00  0.00000000E+00  0.12538686E+00  0.00000000E+00  0.46813252E-01  0.00000000E+00 
   21    0.13075556E+01  0.00000000E+00  0.39835762E+00  0.00000000E+00  0.36608502E+00  0.00000000E+00  0.12016469E+00  0.00000000E+00  0.44383004E-01  0.00000000E+00 
   22    0.12913973E+01  0.00000000E+00  0.48601632E+00  0.00000000E+00  0.40689338E+00  0.00000000E+00  0.11461890E+00  0.00000000E+00  0.41645377E-01  0.00000000E+00 
   23    0.12513794E+01  0.00000000E+00  0.59677398E+00  0.00000000E+00  0.44855770E+00  0.00000000E+00  0.10926317E+00  0.00000000E+00  0.38622418E-01  0.00000000E+00 
   24    0.11861712E+01  0.00000000E+00  0.73157154E+00  0.00000000E+00  0.49081756E+00  0.00000000E+00  0.10472169E+00  0.00000000E+00  0.35340115E-01  0.00000000E+00 
   25    0.10958128E+01  0.00000000E+00  0.88937069E+00  0.00000000E+00  0.53392692E+00  0.00000000E+00  0.10170491E+00  0.00000000E+00  0.31832155E-01  0.00000000E+00 
   26    0.98205388E+00  0.00000000E+00  0.10666117E+01  0.00000000E+00  0.57896479E+00  0.00000000E+00  0.10091665E+00  0.00000000E+00  0.28125827E-01  0.00000000E+00 
   27    0.84871148E+00  0.00000000E+00  0.12565500E+01  0.00000000E+00  0.62815557E+00  0.00000000E+00  0.10301986E+00  0.00000000E+00  0.24261323E-01  0.00000000E+00 
   28    0.70195883E+00  0.00000000E+00  0.14486985E+01  0.00000000E+00  0.68519817E+00  0.00000000E+00  0.10856336E+00  0.00000000E+00  0.20304823E-01  0.00000000E+00 
   29    0.55047592E+00  0.00000000E+00  0.16285074E+01  0.00000000E+00  0.75551479E+00  0.00000000E+00  0.11788801E+00  0.00000000E+00  0.16362929E-01  0.00000000E+00 
   30    0.40507860E+00  0.00000000E+00  0.17781181E+01  0.00000000E+00  0.84607744E+00  0.00000000E+00  0.13093593E+00  0.00000000E+00  0.12564367E-01  0.00000000E+00 
   31    0.27835974E+00  0.00000000E+00  0.18775579E+01  0.00000000E+00  0.96472275E+00  0.00000000E+00  0.14709058E+00  0.00000000E+00  0.90688296E-02  0.00000000E+00 
   32    0.18455595E+00  0.00000000E+00  0.19066742E+01  0.00000000E+00  0.11185510E+01  0.00000000E+00  0.16497125E+00  0.00000000E+00  0.60728088E-02  0.00000000E+00 
   33    0.14001604E+00  0.00000000E+00  0.18487940E+01  0.00000000E+00  0.13102858E+01  0.00000000E+00  0.18198925E+00  0.00000000E+00  0.37655585E-02  0.00000000E+00 
   34    0.16660136E+00  0.00000000E+00  0.16947168E+01  0.00000000E+00  0.15315308E+01  0.00000000E+00  0.19373598E+00  0.00000000E+00  0.22910377E-02  0.00000000E+00 
   35    0.30108151E+00  0.00000000E+00  0.14449695E+01  0.00000000E+00  0.17514075E+01  0.00000000E+00  0.19373176E+00  0.00000000E+00  0.17111104E-02  0.00000000E+00 
   36    0.60970566E+00  0.00000000E+00  0.11074770E+01  0.00000000E+00  0.19027773E+01  0.00000000E+00  0.17504614E+00  0.00000000E+00  0.19206783E-02  0.00000000E+00 
   37    0.11808220E+01  0.00000000E+00  0.68888724E+00  0.00000000E+00  0.18930022E+01  0.00000000E+00  0.13573217E+00  0.00000000E+00  0.25085766E-02  0.00000000E+00 
   38    0.19760078E+01  0.00000000E+00  0.26622338E+00  0.00000000E+00  0.16776286E+01  0.00000000E+00  0.82273206E-01  0.00000000E+00  0.28446421E-02  0.00000000E+00 
   39    0.26025127E+01  0.00000000E+00  0.20310455E+00  0.00000000E+00  0.12707931E+01  0.00000000E+00  0.30283440E-01  0.00000000E+00  0.23091090E-02  0.00000000E+00 
   40    0.19005806E+01  0.00000000E+00  0.14787665E+01  0.00000000E+00  0.82431505E+00  0.00000000E+00  0.85927165E-02  0.00000000E+00  0.77346885E-03  0.00000000E+00 
   41    0.17051225E+00  0.00000000E+00  0.39828518E+01  0.00000000E+00  0.16368769E+00  0.00000000E+00  0.20706668E-05  0.00000000E+00  0.16104926E-12  0.00000000E+00 
   42    0.16358321E+01  0.00000000E+00  0.27384880E+01  0.00000000E+00  0.46757378E-01  0.00000000E+00  0.16990775E-05  0.00000000E+00  0.11534546E-12  0.00000000E+00 
   43    0.26485055E+01  0.00000000E+00  0.18606962E+01  0.00000000E+00  0.15902464E-01  0.00000000E+00  0.36796324E-06  0.00000000E+00  0.12363845E-13  0.00000000E+00 
   44    0.33169527E+01  0.00000000E+00  0.13060098E+01  0.00000000E+00  0.61674175E-02  0.00000000E+00  0.76840086E-07  0.00000000E+00  0.10782958E-14  0.00000000E+00 
   45    0.37877771E+01  0.00000000E+00  0.94277062E+00  0.00000000E+00  0.26075768E-02  0.00000000E+00  0.16666509E-07  0.00000000E+00  0.33815479E-15  0.00000000E+00 
   46    0.41401708E+01  0.00000000E+00  0.69583906E+00  0.00000000E+00  0.11708692E-02  0.00000000E+00  0.37626986E-08  0.00000000E+00  0.13463417E-15  0.00000000E+00 
   47    0.44179634E+01  0.00000000E+00  0.52269339E+00  0.00000000E+00  0.54936224E-03  0.00000000E+00  0.88465258E-09  0.00000000E+00  0.44450440E-16  0.00000000E+00 
   48    0.46467580E+01  0.00000000E+00  0.39820710E+00  0.00000000E+00  0.26643423E-03  0.00000000E+00  0.22079299E-09  0.00000000E+00  0.12810486E-16  0.00000000E+00 
   49    0.48422599E+01  0.00000000E+00  0.30686445E+00  0.00000000E+00  0.13255849E-03  0.00000000E+00  0.61697818E-10  0.00000000E+00  0.33963352E-17  0.00000000E+00 
   50    0.50145056E+01  0.00000000E+00  0.23870936E+00  0.00000000E+00  0.67285274E-04  0.00000000E+00  0.20831974E-10  0.00000000E+00  0.87345207E-18  0.00000000E+00 
   51    0.51701310E+01  0.00000000E+00  0.18714201E+00  0.00000000E+00  0.34703116E-04  0.00000000E+00  0.87580184E-11  0.00000000E+00  0.24256894E-18  0.00000000E+00 
   52    0.53136498E+01  0.00000000E+00  0.14766517E+00  0.00000000E+00  0.18133657E-04  0.00000000E+00  0.43244597E-11  0.00000000E+00  0.87652265E-19  0.00000000E+00 
   53    0.54482071E+01  0.00000000E+00  0.11714175E+00  0.00000000E+00  0.95816279E-05  0.00000000E+00  0.23053148E-11  0.00000000E+00  0.44404674E-19  0.00000000E+00 
   54    0.55760394E+01  0.00000000E+00  0.93339315E-01  0.00000000E+00  0.51149855E-05  0.00000000E+00  0.12572193E-11  0.00000000E+00  0.27068529E-19  0.00000000E+00 
   55    0.56987650E+01  0.00000000E+00  0.74641446E-01  0.00000000E+00  0.27594752E-05  0.00000000E+00  0.68540765E-12  0.00000000E+00  0.17090433E-19  0.00000000E+00 
   56    0.58175730E+01  0.00000000E+00  0.59860180E-01  0.00000000E+00  0.15070646E-05  0.00000000E+00  0.37109571E-12  0.00000000E+00  0.10549651E-19  0.00000000E+00 
   57    0.59333483E+01  0.00000000E+00  0.48110942E-01  0.00000000E+00  0.83608242E-06  0.00000000E+00  0.19970073E-12  0.00000000E+00  0.63333136E-20  0.00000000E+00 
   58    0.60467575E+01  0.00000000E+00  0.38727456E-01  0.00000000E+00  0.47366363E-06  0.00000000E+00  0.10727806E-12  0.00000000E+00  0.37451072E-20  0.00000000E+00 
   59    0.61583078E+01  0.00000000E+00  0.31202763E-01  0.00000000E+00  0.27590653E-06  0.00000000E+00  0.57898971E-13  0.00000000E+00  0.22056602E-20  0.00000000E+00 
   60    0.62683884E+01  0.00000000E+00  0.25147621E-01  0.00000000E+00  0.16645732E-06  0.00000000E+00  0.31646713E-13  0.00000000E+00  0.12741565E-20  0.00000000E+00 
   61    0.63773007E+01  0.00000000E+00  0.20260754E-01  0.00000000E+00  0.10462855E-06  0.00000000E+00  0.17674187E-13  0.00000000E+00  0.69649745E-21  0.00000000E+00 
   62    0.64852797E+01  0.00000000E+00  0.16307268E-01  0.00000000E+00  0.68675382E-07  0.00000000E+00  0.10171383E-13  0.00000000E+00  0.35885436E-21  0.00000000E+00 
   63    0.65925095E+01  0.00000000E+00  0.13102821E-01  0.00000000E+00  0.46951681E-07  0.00000000E+00  0.60680615E-14  0.00000000E+00  0.19192885E-21  0.00000000E+00 
   64    0.66991359E+01  0.00000000E+00  0.10501878E-01  0.00000000E+00  0.33205255E-07  0.00000000E+00  0.37576833E-14  0.00000000E+00  0.11619978E-21  0.00000000E+00 
   65    0.68052742E+01  0.00000000E+00  0.83889088E-02  0.00000000E+00  0.24065336E-07  0.00000000E+00  0.24044359E-14  0.00000000E+00  0.67795277E-22  0.00000000E+00 
   66    0.69110168E+01  0.00000000E+00  0.66717523E-02  0.00000000E+00  0.17698619E-07  0.00000000E+00  0.15749377E-14  0.00000000E+00  0.32627331E-22  0.00000000E+00 
   67    0.70164374E+01  0.00000000E+00  0.52765544E-02  0.00000000E+00  0.13090767E-07  0.00000000E+00  0.10450349E-14  0.00000000E+00  0.19604348E-22  0.00000000E+00 
   68    0.71215954E+01  0.00000000E+00  0.41438964E-02  0.00000000E+00  0.96635346E-08  0.00000000E+00  0.69812207E-15  0.00000000E+00  0.17699254E-22  0.00000000E+00 
   69    0.72265389E+01  0.00000000E+00  0.32258087E-02  0.00000000E+00  0.70719240E-08  0.00000000E+00  0.47031676E-15  0.00000000E+00  0.12605757E-22  0.00000000E+00 
   70    0.73313067E+01  0.00000000E+00  0.24834585E-02  0.00000000E+00  0.50977551E-08  0.00000000E+00  0.32140463E-15  0.00000000E+00  0.10026374E-22  0.00000000E+00 
   71    0.74359302E+01  0.00000000E+00  0.18853502E-02  0.00000000E+00  0.35943616E-08  0.00000000E+00  0.22195923E-15  0.00000000E+00  0.11126090E-22  0.00000000E+00 
   72    0.75404350E+01  0.00000000E+00  0.14059166E-02  0.00000000E+00  0.24579658E-08  0.00000000E+00  0.15065307E-15  0.00000000E+00  0.82225512E-23  0.00000000E+00 
   73    0.76448419E+01  0.00000000E+00  0.10244085E-02  0.00000000E+00  0.16123558E-08  0.00000000E+00  0.95664862E-16  0.00000000E+00  0.70775680E-23  0.00000000E+00 
   74    0.77491677E+01  0.00000000E+00  0.72400734E-03  0.00000000E+00  0.99970634E-09  0.00000000E+00  0.54369882E-16  0.00000000E+00  0.82290782E-23  0.00000000E+00 
   75    0.78534260E+01  0.00000000E+00  0.49109924E-03  0.00000000E+00  0.57406642E-09  0.00000000E+00  0.28127674E-16  0.00000000E+00  0.41330257E-23  0.00000000E+00 
   76    0.79576278E+01  0.00000000E+00  0.31465544E-03  0.00000000E+00  0.29637039E-09  0.00000000E+00  0.15090421E-16  0.00000000E+00  0.51928348E-23  0.00000000E+00 
   77    0.80617822E+01  0.00000000E+00  0.18566732E-03  0.00000000E+00  0.13120645E-09  0.00000000E+00  0.84817203E-17  0.00000000E+00  0.24193348E-23  0.00000000E+00 
   78    0.81658967E+01  0.00000000E+00  0.96581968E-04  0.00000000E+00  0.45771628E-10  0.00000000E+00  0.31455477E-17  0.00000000E+00  0.26686672E-23  0.00000000E+00 
   79    0.82699780E+01  0.00000000E+00  0.40679071E-04  0.00000000E+00  0.10616452E-10  0.00000000E+00  0.63756014E-18  0.00000000E+00  0.98766979E-24  0.00000000E+00 
   80    0.83740327E+01  0.00000000E+00  0.11319204E-04  0.00000000E+00  0.11644001E-11  0.00000000E+00  0.36659129E-18  0.00000000E+00  0.38744170E-24  0.00000000E+00 
   81    0.84780685E+01  0.00000000E+00  0.97821799E-06  0.00000000E+00  0.64044915E-13  0.00000000E+00  0.44791800E-19  0.00000000E+00  0.19901522E-24  0.00000000E+00 
   82    0.85820948E+01  0.00000000E+00  0.00000000E+00  0.00000000E+00  0.00000000E+00  0.00000000E+00  0.00000000E+00  0.00000000E+00  0.00000000E+00  0.00000000E+00 
