STATE= 1
j12= 0
m12= 0
ENERGY#1, U(i)= 100.000 cm^-1
B_IMPACT            L   TOT_ELAST_PROB TOT_INELAST_PROB
 0.00000000E+00      0  0.10000000E+01  0.45121936E+00
 0.24315243E+00      1  0.10000000E+01  0.44976825E+00
 0.48630486E+00      2  0.10000000E+01  0.44688711E+00
 0.72945729E+00      3  0.10000000E+01  0.44261922E+00
 0.97260972E+00      4  0.10000000E+01  0.43703238E+00
 0.12157621E+01      5  0.10000000E+01  0.43022224E+00
 0.14589146E+01      6  0.10000000E+01  0.42231669E+00
 0.17020670E+01      7  0.10000000E+01  0.41348113E+00
 0.19452194E+01      8  0.10000000E+01  0.40392441E+00
 0.21883719E+01      9  0.10000000E+01  0.39390532E+00
 0.24315243E+01     10  0.10000000E+01  0.38373905E+00
 0.26746767E+01     11  0.10000000E+01  0.37380341E+00
 0.29178292E+01     12  0.10000000E+01  0.36454387E+00
 0.31609816E+01     13  0.10000000E+01  0.35647688E+00
 0.34041340E+01     14  0.10000000E+01  0.35019025E+00
 0.36472864E+01     15  0.10000000E+01  0.34633948E+00
 0.38904389E+01     16  0.10000000E+01  0.34563844E+00
 0.41335913E+01     17  0.10000000E+01  0.34884313E+00
 0.43767437E+01     18  0.10000000E+01  0.35672748E+00
 0.46198962E+01     19  0.10000000E+01  0.37002808E+00
 0.48630486E+01     20  0.10000000E+01  0.38940029E+00
 0.51062010E+01     21  0.10000000E+01  0.41536832E+00
 0.53493534E+01     22  0.10000000E+01  0.44825551E+00
 0.55925059E+01     23  0.10000000E+01  0.48810393E+00
 0.58356583E+01     24  0.10000000E+01  0.53458334E+00
 0.60788107E+01     25  0.10000000E+01  0.58689844E+00
 0.63219632E+01     26  0.10000000E+01  0.64375393E+00
 0.65651156E+01     27  0.10000000E+01  0.70332017E+00
 0.68082680E+01     28  0.10000000E+01  0.76322959E+00
 0.70514205E+01     29  0.10000000E+01  0.82061879E+00
 0.72945729E+01     30  0.10000000E+01  0.87232670E+00
 0.75377253E+01     31  0.10000000E+01  0.91505135E+00
 0.77808777E+01     32  0.10000000E+01  0.94541098E+00
 0.80240302E+01     33  0.10000000E+01  0.95982151E+00
 0.82671826E+01     34  0.10000000E+01  0.95357840E+00
 0.85103350E+01     35  0.10000000E+01  0.91847020E+00
 0.87534875E+01     36  0.10000000E+01  0.83942128E+00
 0.89966399E+01     37  0.10000000E+01  0.69729903E+00
 0.92397923E+01     38  0.10000000E+01  0.50661203E+00
 0.94829447E+01     39  0.10000000E+01  0.36663157E+00
 0.97260972E+01     40  0.10000000E+01  0.54888018E+00
 0.99692496E+01     41  0.10000000E+01  0.96050264E+00
 0.10212402E+02     42  0.10000000E+01  0.62999259E+00
 0.10455554E+02     43  0.10000000E+01  0.41470844E+00
 0.10698707E+02     44  0.10000000E+01  0.28346089E+00
 0.10941859E+02     45  0.10000000E+01  0.19973530E+00
 0.11185012E+02     46  0.10000000E+01  0.14409425E+00
 0.11428164E+02     47  0.10000000E+01  0.10589373E+00
 0.11671317E+02     48  0.10000000E+01  0.78980229E-01
 0.11914469E+02     49  0.10000000E+01  0.59619672E-01
 0.12157621E+02     50  0.10000000E+01  0.45452849E-01
 0.12400774E+02     51  0.10000000E+01  0.34938579E-01
 0.12643926E+02     52  0.10000000E+01  0.27041621E-01
 0.12887079E+02     53  0.10000000E+01  0.21050097E-01
 0.13130231E+02     54  0.10000000E+01  0.16464652E-01
 0.13373384E+02     55  0.10000000E+01  0.12928965E-01
 0.13616536E+02     56  0.10000000E+01  0.10185003E-01
 0.13859688E+02     57  0.10000000E+01  0.80434839E-02
 0.14102841E+02     58  0.10000000E+01  0.63639836E-02
 0.14345993E+02     59  0.10000000E+01  0.50412771E-02
 0.14589146E+02     60  0.10000000E+01  0.39958120E-02
 0.14832298E+02     61  0.10000000E+01  0.31669657E-02
 0.15075451E+02     62  0.10000000E+01  0.25082086E-02
 0.15318603E+02     63  0.10000000E+01  0.19835963E-02
 0.15561755E+02     64  0.10000000E+01  0.15651979E-02
 0.15804908E+02     65  0.10000000E+01  0.12311928E-02
 0.16048060E+02     66  0.10000000E+01  0.96445076E-03
 0.16291213E+02     67  0.10000000E+01  0.75146432E-03
 0.16534365E+02     68  0.10000000E+01  0.58154051E-03
 0.16777518E+02     69  0.10000000E+01  0.44618544E-03
 0.17020670E+02     70  0.10000000E+01  0.33863303E-03
 0.17263822E+02     71  0.10000000E+01  0.25348219E-03
 0.17506975E+02     72  0.10000000E+01  0.18641590E-03
 0.17750127E+02     73  0.10000000E+01  0.13398221E-03
 0.17993280E+02     74  0.10000000E+01  0.93421737E-04
 0.18236432E+02     75  0.10000000E+01  0.62529284E-04
 0.18479585E+02     76  0.10000000E+01  0.39539836E-04
 0.18722737E+02     77  0.10000000E+01  0.23030041E-04
 0.18965889E+02     78  0.10000000E+01  0.11827344E-04
 0.19209042E+02     79  0.10000000E+01  0.49188622E-05
 0.19452194E+02     80  0.10000000E+01  0.13517012E-05
 0.19695347E+02     81  0.10000000E+01  0.11538217E-06
 0.19938499E+02     82  0.10000000E+01  0.00000000E+00
 
