MQCT paths: /mmfs1/home/8101lukmani/pure-MQCT/EXAMPLES_IO/SYS_TYPE_4/H2O_He/MQCT_PATHS.txt -> /mmfs1/home/8101lukmani/pure-MQCT/bin/mqct_H2O_He.exe
 MPI INITIALIZED
 PARSERING OF USER INPUT
 ARRAY_INI_STARTED
 STATES_SIZE_FOUND          35
 number_of_channels           9
 jmax_included           2
 BASIS ARRAYS CREATED
ARRAYS ALLOCATION TOOK TIME, s =             0.000
 TOTAL_SIZE_OF_M =          147
  MAKING AN EQUIDIST GRID	
THE SIZE OF THE Mij COMPUTED BY EACH PROCESSOR= 4
 MATRIX_INI_STARTED
 COMPUTING MATRIX ELEMENTS STARTED
 THE GRID INI
 Using Equidistant Grid for Angle Gamma
 
 
 
 
 
 
 
 
 
 
 
 
 
 
 
 
 
 
 
 
 
 
 
 
 
 
 
 
 
 
 
 
proc_id =     4, Progress =   100%, Time(sec.) =        0.193
proc_id =    20, Progress =   100%, Time(sec.) =        0.187
proc_id =     5, Progress =   100%, Time(sec.) =        0.193
proc_id =    26, Progress =   100%, Time(sec.) =        0.195
 GAUSS-LEGENDRE GRID DONE
Truncation #1 at #R = 1, R = 6.000, and #2 at #R = 1, R = 6.000
proc_id =     8, Progress =   100%, Time(sec.) =        0.203
proc_id =    30, Progress =   100%, Time(sec.) =        0.195
proc_id =    10, Progress =   100%, Time(sec.) =        0.201
proc_id =     0, Progress =   100%, Time(sec.) =        0.205
proc_id =    22, Progress =   100%, Time(sec.) =        0.199
proc_id =    18, Progress =   100%, Time(sec.) =        0.200
proc_id =    24, Progress =   100%, Time(sec.) =        0.200
proc_id =    12, Progress =   100%, Time(sec.) =        0.201
proc_id =     2, Progress =   100%, Time(sec.) =        0.206
proc_id =    28, Progress =   100%, Time(sec.) =        0.200
proc_id =    14, Progress =   100%, Time(sec.) =        0.200
proc_id =    16, Progress =   100%, Time(sec.) =        0.207
proc_id =     6, Progress =   100%, Time(sec.) =        0.201
proc_id =    17, Progress =   100%, Time(sec.) =        0.202
proc_id =    27, Progress =   100%, Time(sec.) =        0.202
proc_id =    19, Progress =   100%, Time(sec.) =        0.203
proc_id =    25, Progress =   100%, Time(sec.) =        0.203
proc_id =     3, Progress =   100%, Time(sec.) =        0.203
proc_id =    31, Progress =   100%, Time(sec.) =        0.203
proc_id =     1, Progress =   100%, Time(sec.) =        0.204
proc_id =    13, Progress =   100%, Time(sec.) =        0.204
proc_id =    15, Progress =   100%, Time(sec.) =        0.204
proc_id =     9, Progress =   100%, Time(sec.) =        0.204
proc_id =    21, Progress =   100%, Time(sec.) =        0.205
proc_id =     7, Progress =   100%, Time(sec.) =        0.204
proc_id =    23, Progress =   100%, Time(sec.) =        0.205
proc_id =    29, Progress =   100%, Time(sec.) =        0.206
proc_id =    11, Progress =   100%, Time(sec.) =        0.205
 SPLINING OF Mij STARTED
 SPLINING OF Mij FINISHED
 COMPUTING THE RESIDUE OF Mij
 SPLINING RESIDUE OF Mij
 SYSTEM_SETUP_DONE
MATRIX HAS BEEN SAVED INTO THE FILE  "   MTRX.DAT "
TIME SPENT ON MATRIX Mij READING/COMPUTING/SAVING ON DISK ,s       0.0
        TIME SPENT ON MATRIX Mij SAVING ON DISK ,s       0.0
 ALL WORK ON MATRIX IS DONE
--------------------------------------------------------------------------
mpirun has exited due to process rank 0 with PID 3336358 on
node raj-cn29 exiting improperly. There are three reasons this could occur:

1. this process did not call "init" before exiting, but others in
the job did. This can cause a job to hang indefinitely while it waits
for all processes to call "init". By rule, if one process calls "init",
then ALL processes must call "init" prior to termination.

2. this process called "init", but exited without calling "finalize".
By rule, all processes that call "init" MUST call "finalize" prior to
exiting or it will be considered an "abnormal termination"

3. this process called "MPI_Abort" or "orte_abort" and the mca parameter
orte_create_session_dirs is set to false. In this case, the run-time cannot
detect that the abort call was an abnormal termination. Hence, the only
error message you will receive is this one.

This may have caused other processes in the application to be
terminated by signals sent by mpirun (as reported here).

You can avoid this message by specifying -quiet on the mpirun command line.
--------------------------------------------------------------------------

real	0m2.612s
user	0m0.723s
sys	0m0.348s
