energy#1, (U= 800.000 cm^-1)
state= 1
j12= 0
m12= 0
L_ORB  B_IMPACT(a.u.)     DEFLCT_ANGLE(rad)    SCAT_PHASE(rad)       FINISH_TIME(a.u.)    ENERGY_ERROR(%)      NORM_ERROR(%)    LOOPS   OSCIL
   0   0.00000000E+00      0.31415927E+01      -0.45872110E+02        0.34978714E+05      0.48329580E-07      0.17946513E-06       0       0
   1   0.20374097E+00      0.30063548E+01      -0.42798136E+02        0.34984837E+05      0.36095903E-06      0.17809330E-06       0       0
   2   0.40748194E+00      0.29072553E+01      -0.39841331E+02        0.34997085E+05      0.28291754E-06      0.17538326E-06       0       0
   3   0.61122291E+00      0.28099802E+01      -0.36982713E+02        0.35021580E+05      0.44954798E-06      0.17135866E-06       0       0
   4   0.81496387E+00      0.27131217E+01      -0.34221162E+02        0.35052198E+05      0.47296953E-06      0.16608082E-06       0       0
   5   0.10187048E+01      0.26162709E+01      -0.31556466E+02        0.35088941E+05      0.67110206E-06      0.15962136E-06       0       0
   6   0.12224458E+01      0.25192346E+01      -0.28988713E+02        0.35131807E+05      0.29641747E-06      0.15208157E-06       0       0
   7   0.14261868E+01      0.24218894E+01      -0.26518151E+02        0.35186920E+05      0.32863730E-06      0.14358656E-06       0       0
   8   0.16299277E+01      0.23241401E+01      -0.24145137E+02        0.35242034E+05      0.40899144E-06      0.13426016E-06       0       0
   9   0.18336687E+01      0.22259044E+01      -0.21870114E+02        0.35315518E+05      0.65705276E-06      0.12425840E-06       0       0
  10   0.20374097E+01      0.21271070E+01      -0.19693609E+02        0.35389003E+05      0.58241854E-06      0.11375063E-06       0       0
  11   0.22411507E+01      0.20276764E+01      -0.17616217E+02        0.35474735E+05      0.28881477E-07      0.10292343E-06       0       0
  12   0.24448916E+01      0.19275428E+01      -0.15638607E+02        0.35566591E+05      0.22982055E-06      0.91953800E-07       0       0
  13   0.26486326E+01      0.18266349E+01      -0.13761519E+02        0.35664571E+05      0.72500729E-06      0.81040707E-07       0       0
  14   0.28523736E+01      0.17248629E+01      -0.11985770E+02        0.35774798E+05      0.64461063E-06      0.70354123E-07       0       0
  15   0.30561145E+01      0.16221225E+01      -0.10312277E+02        0.35897272E+05      0.14966408E-06      0.60081340E-07       0       0
  16   0.32598555E+01      0.15183366E+01      -0.87420473E+01        0.36025870E+05      0.64176470E-06      0.50396287E-07       0       0
  17   0.34635965E+01      0.14134430E+01      -0.72761576E+01        0.36166716E+05      0.81274109E-06      0.41451442E-07       0       0
  18   0.36673374E+01      0.13074039E+01      -0.59157341E+01        0.36319809E+05      0.70282592E-06      0.33366154E-07       0       0
  19   0.38710784E+01      0.12002168E+01      -0.46619237E+01        0.36485150E+05      0.56612789E-06      0.26223357E-07       0       0
  20   0.40748194E+01      0.10919144E+01      -0.35158581E+01        0.36662738E+05      0.46811497E-06      0.20062196E-07       0       0
  21   0.42785603E+01      0.98246505E+00      -0.24786684E+01        0.36852573E+05      0.10420058E-06      0.14872814E-07       0       0
  22   0.44823013E+01      0.87172500E+00      -0.15515734E+01        0.37060780E+05      0.28449593E-07      0.10625567E-07       0       0
  23   0.46860423E+01      0.75993232E+00      -0.73574472E+00        0.37287358E+05      0.58511231E-06      0.72787554E-08       0       0
  24   0.48897832E+01      0.64761924E+00      -0.31968937E-01        0.37526183E+05      0.28256720E-07      0.47494897E-08       0       0
  25   0.50935242E+01      0.53543311E+00       0.55955724E+00        0.37783379E+05      0.23143732E-06      0.29225733E-08       0       0
  26   0.52972652E+01      0.42381944E+00       0.10391835E+01        0.38058947E+05      0.12676029E-06      0.16712631E-08       0       0
  27   0.55010062E+01      0.31464219E+00       0.14084143E+01        0.38340638E+05      0.43805819E-06      0.87789775E-09       0       0
  28   0.57047471E+01      0.21013313E+00       0.16708020E+01        0.38628453E+05      0.22348348E-06      0.41631143E-09       0       0
  29   0.59084881E+01      0.11261259E+00       0.18321749E+01        0.38916268E+05      0.33991347E-06      0.17639223E-09       0       0
  30   0.61122291E+01      0.26383818E-01       0.19016731E+01        0.39179588E+05      0.50408846E-07      0.69499961E-10       0       0
  31   0.63159700E+01     -0.45360151E-01       0.18921849E+01        0.39412290E+05      0.29543570E-06      0.33262282E-10       0       0
  32   0.65197110E+01     -0.99055941E-01       0.18199769E+01        0.39589878E+05      0.71810684E-08      0.24824587E-10       0       0
  33   0.67234520E+01     -0.13392724E+00       0.17034853E+01        0.39706229E+05      0.39195485E-06      0.25401903E-10       0       0
  34   0.69271929E+01     -0.15273823E+00       0.15601525E+01        0.39761342E+05      0.40134012E-06      0.25157654E-10       0       0
  35   0.71309339E+01     -0.15633897E+00       0.14056139E+01        0.39755219E+05      0.13911781E-06      0.22049029E-10       0       0
  36   0.73346749E+01     -0.15009095E+00       0.12523990E+01        0.39693981E+05      0.14273916E-07      0.18407498E-10       0       0
  37   0.75384158E+01     -0.13905152E+00       0.11078277E+01        0.39608249E+05      0.21677152E-06      0.14388490E-10       0       0
  38   0.77421568E+01     -0.12522614E+00       0.97568890E+00        0.39504146E+05      0.29640487E-06      0.10991208E-10       0       0
  39   0.79458978E+01     -0.11127622E+00       0.85743772E+00        0.39387795E+05      0.22831575E-06      0.83266727E-11       0       0
  40   0.81496387E+01     -0.97868760E-01       0.75286523E+00        0.39271444E+05      0.44732505E-06      0.61062266E-11       0       0
  41   0.83533797E+01     -0.85595103E-01       0.66113330E+00        0.39148970E+05      0.36272817E-06      0.45297099E-11       0       0
  42   0.85571207E+01     -0.74611756E-01       0.58102987E+00        0.39026495E+05      0.65836286E-08      0.30864200E-11       0       0
  43   0.87608617E+01     -0.64817571E-01       0.51131521E+00        0.38910145E+05      0.15865482E-06      0.20872193E-11       0       0
  44   0.89646026E+01     -0.56191741E-01       0.45081055E+00        0.38787670E+05      0.47034505E-06      0.16209256E-11       0       0
  45   0.91683436E+01     -0.48671227E-01       0.39837907E+00        0.38665196E+05      0.22765568E-06      0.15543122E-11       0       0
  46   0.93720846E+01     -0.42187194E-01       0.35294986E+00        0.38548845E+05      0.24643124E-06      0.79936058E-12       0       0
  47   0.95758255E+01     -0.36659411E-01       0.31352655E+00        0.38432494E+05      0.35333173E-06      0.10436096E-11       0       0
  48   0.97795665E+01     -0.31985988E-01       0.27920386E+00        0.38316143E+05      0.13520039E-06      0.11102230E-11       0       0
  49   0.99833075E+01     -0.28026167E-01       0.24919778E+00        0.38199793E+05      0.27003639E-06      0.97699626E-12       0       0
  50   0.10187048E+02     -0.24577592E-01       0.22289590E+00        0.38089566E+05      0.31359314E-08      0.78825835E-12       0       0
  51   0.10390789E+02     -0.21567649E-01       0.19982328E+00        0.37973215E+05      0.14492749E-06      0.48849813E-12       0       0
  52   0.10594530E+02     -0.18970096E-01       0.17955440E+00        0.37856864E+05      0.13350476E-06      0.57731597E-12       0       0
  53   0.10798271E+02     -0.16742638E-01       0.16169804E+00        0.37740513E+05      0.56894534E-07      0.43298698E-12       0       0
  54   0.11002012E+02     -0.14819716E-01       0.14591686E+00        0.37618039E+05      0.58111495E-07      0.77715612E-12       0       0
  55   0.11205753E+02     -0.13134491E-01       0.13193976E+00        0.37501688E+05      0.37601442E-06      0.42188475E-12       0       0
  56   0.11409494E+02     -0.11655626E-01       0.11954470E+00        0.37379213E+05      0.26860529E-06      0.69944051E-12       0       0
  57   0.11613235E+02     -0.10375667E-01       0.10852905E+00        0.37256739E+05      0.17179716E-06      0.10214052E-11       0       0
  58   0.11816976E+02     -0.92719937E-02       0.98705221E-01        0.37134265E+05      0.48633539E-06      0.53290705E-12       0       0
  59   0.12020717E+02     -0.83069211E-02       0.89915763E-01        0.37011790E+05      0.15532063E-06      0.73274720E-12       0       0
  60   0.12224458E+02     -0.74531175E-02       0.82035744E-01        0.36883192E+05      0.21047915E-06      0.35527137E-12       0       0
  61   0.12428199E+02     -0.66965832E-02       0.74960893E-01        0.36754594E+05      0.34124825E-07      0.12989609E-11       0       0
  62   0.12631940E+02     -0.60318076E-02       0.68596698E-01        0.36619872E+05      0.13138266E-06      0.56621374E-12       0       0
  63   0.12835681E+02     -0.54490412E-02       0.62856274E-01        0.36485150E+05      0.24820352E-06      0.86597396E-12       0       0
  64   0.13039422E+02     -0.49326766E-02       0.57665415E-01        0.36350428E+05      0.37405455E-07      0.53290705E-12       0       0
  65   0.13243163E+02     -0.44695900E-02       0.52964281E-01        0.36215706E+05      0.30633954E-06      0.39968029E-12       0       0
  66   0.13446904E+02     -0.40558740E-02       0.48701550E-01        0.36074860E+05      0.49573313E-06      0.11102230E-11       0       0
  67   0.13650645E+02     -0.36879840E-02       0.44829621E-01        0.35934015E+05      0.54773923E-07      0.71054274E-12       0       0
  68   0.13854386E+02     -0.33605676E-02       0.41305345E-01        0.35787045E+05      0.48407195E-06      0.46629367E-12       0       0
  69   0.14058127E+02     -0.30661224E-02       0.38092000E-01        0.35640076E+05      0.47347078E-06      0.84376950E-12       0       0
  70   0.14261868E+02     -0.27978689E-02       0.35160004E-01        0.35486983E+05      0.20863210E-06      0.52180482E-12       0       0
  71   0.14465609E+02     -0.25600341E-02       0.32481053E-01        0.35340013E+05      0.19073548E-06      0.62172489E-12       0       0
  72   0.14669350E+02     -0.23475130E-02       0.30027279E-01        0.35180796E+05      0.20960590E-06      0.88817842E-12       0       0
  73   0.14873091E+02     -0.21541533E-02       0.27776446E-01        0.35021580E+05      0.12497794E-06      0.10769163E-11       0       0
  74   0.15076832E+02     -0.19783976E-02       0.25710170E-01        0.34862363E+05      0.25592938E-06      0.43298698E-12       0       0
  75   0.15280573E+02     -0.18190500E-02       0.23811447E-01        0.34697022E+05      0.21866045E-06      0.37747583E-12       0       0
  76   0.15484314E+02     -0.16744596E-02       0.22064692E-01        0.34531682E+05      0.40369490E-07      0.57731597E-12       0       0
  77   0.15688055E+02     -0.15430085E-02       0.20455958E-01        0.34366341E+05      0.21872853E-08      0.73274720E-12       0       0
  78   0.15891796E+02     -0.14233719E-02       0.18972768E-01        0.34194877E+05      0.18736111E-06      0.79936058E-12       0       0
  79   0.16095537E+02     -0.13143356E-02       0.17603914E-01        0.34017289E+05      0.40864619E-06      0.46629367E-12       0       0
  80   0.16299277E+02     -0.12148540E-02       0.16339319E-01        0.33839701E+05      0.23171951E-06      0.53290705E-12       0       0
  81   0.16503018E+02     -0.11239814E-02       0.15169901E-01        0.33655989E+05      0.21153523E-06      0.44408921E-12       0       0
  82   0.16706759E+02     -0.10408759E-02       0.14087473E-01        0.33472277E+05      0.42514104E-06      0.64392935E-12       0       0
  83   0.16910500E+02     -0.96477840E-03       0.13084646E-01        0.33282442E+05      0.75896118E-07      0.55511151E-12       0       0
  84   0.17114241E+02     -0.89503207E-03       0.12154740E-01        0.33092606E+05      0.23482365E-06      0.56621374E-12       0       0
  85   0.17317982E+02     -0.83103590E-03       0.11291706E-01        0.32896647E+05      0.13250479E-06      0.51070259E-12       0       0
  86   0.17521723E+02     -0.77225638E-03       0.10490060E-01        0.32700688E+05      0.33132337E-06      0.64392935E-12       0       0
  87   0.17725464E+02     -0.71820488E-03       0.97448296E-02        0.32498605E+05      0.15432692E-06      0.97699626E-12       0       0
  88   0.17929205E+02     -0.66845960E-03       0.90514973E-02        0.32296522E+05      0.14745113E-06      0.39968029E-12       0       0
  89   0.18132946E+02     -0.62262988E-03       0.84059526E-02        0.32088316E+05      0.70102064E-07      0.42188475E-12       0       0
  90   0.18336687E+02     -0.58036507E-03       0.78044551E-02        0.31873985E+05      0.39651930E-06      0.49960036E-12       0       0
  91   0.18540428E+02     -0.54135446E-03       0.72435954E-02        0.31659655E+05      0.17223608E-06      0.34416914E-12       0       0
  92   0.18744169E+02     -0.50531102E-03       0.67202626E-02        0.31439201E+05      0.31178075E-06      0.65503158E-12       0       0
  93   0.18947910E+02     -0.47198050E-03       0.62316169E-02        0.31212623E+05      0.11801313E-07      0.99920072E-12       0       0
  94   0.19151651E+02     -0.44113610E-03       0.57750586E-02        0.30986045E+05      0.27030898E-06      0.35527137E-12       0       0
  95   0.19355392E+02     -0.41256103E-03       0.53482100E-02        0.30753344E+05      0.90804666E-07      0.33306691E-12       0       0
  96   0.19559133E+02     -0.38607237E-03       0.49488933E-02        0.30520642E+05      0.57309916E-07      0.12656542E-11       0       0
  97   0.19762874E+02     -0.36148731E-03       0.45751134E-02        0.30275693E+05      0.15226506E-06      0.53290705E-12       0       0
  98   0.19966615E+02     -0.33866076E-03       0.42250394E-02        0.30030744E+05      0.17194142E-06      0.35527137E-12       0       0
  99   0.20170356E+02     -0.31744967E-03       0.38969842E-02        0.29785795E+05      0.93867105E-07      0.48849813E-12       0       0
 100   0.20374097E+02     -0.29771280E-03       0.35894030E-02        0.29528599E+05      0.10480219E-06      0.68833828E-12       0       0
 101   0.20577838E+02     -0.27934578E-03       0.33008737E-02        0.29271402E+05      0.43694725E-06      0.14432899E-11       0       0
 102   0.20781579E+02     -0.26223456E-03       0.30300835E-02        0.29008082E+05      0.35751209E-06      0.35527137E-12       0       0
 103   0.20985320E+02     -0.24628042E-03       0.27758260E-02        0.28738638E+05      0.35538326E-06      0.69944051E-12       0       0
 104   0.21189061E+02     -0.23139397E-03       0.25369888E-02        0.28463071E+05      0.61951469E-08      0.28865799E-12       0       0
 105   0.21392802E+02     -0.21750072E-03       0.23125415E-02        0.28187503E+05      0.10247905E-06      0.23314684E-12       0       0
 106   0.21596543E+02     -0.20451249E-03       0.21015349E-02        0.27899688E+05      0.91966577E-07      0.37747583E-12       0       0
 107   0.21800284E+02     -0.19237343E-03       0.19030919E-02        0.27611873E+05      0.23110632E-06      0.10103030E-11       0       0
 108   0.22004025E+02     -0.18100739E-03       0.17164015E-02        0.27311811E+05      0.19363440E-06      0.38857806E-12       0       0
 109   0.22207766E+02     -0.17037079E-03       0.15407124E-02        0.27011748E+05      0.23137662E-06      0.39968029E-12       0       0
 110   0.22411507E+02     -0.16040393E-03       0.13753250E-02        0.26705562E+05      0.13898813E-06      0.42188475E-12       0       0
 111   0.22615248E+02     -0.15105096E-03       0.12195976E-02        0.26387128E+05      0.38626950E-07      0.47739590E-12       0       0
 112   0.22818988E+02     -0.14228098E-03       0.10729316E-02        0.26068695E+05      0.22644813E-06      0.51070259E-12       0       0
 113   0.23022729E+02     -0.13403944E-03       0.93477142E-03        0.25738013E+05      0.13356779E-06      0.35527137E-12       0       0
 114   0.23226470E+02     -0.12629542E-03       0.80460399E-03        0.25401209E+05      0.80119351E-07      0.87707619E-12       0       0
 115   0.23430211E+02     -0.11901387E-03       0.68194934E-03        0.25058280E+05      0.34118924E-07      0.15543122E-11       0       0
 116   0.23633952E+02     -0.11216264E-03       0.56636109E-03        0.24709228E+05      0.31831544E-06      0.57731597E-12       0       0
 117   0.23837693E+02     -0.10570518E-03       0.45742718E-03        0.24347928E+05      0.78987148E-07      0.75495166E-12       0       0
 118   0.24041434E+02     -0.99621350E-04       0.35476391E-03        0.23980505E+05      0.40963075E-07      0.33306691E-12       0       0
 119   0.24245175E+02     -0.93885830E-04       0.25801032E-03        0.23606957E+05      0.23077897E-06      0.48849813E-12       0       0
 120   0.24448916E+02     -0.88467801E-04       0.16683351E-03        0.23221163E+05      0.21215257E-06      0.73274720E-12       0       0
 121   0.24652657E+02     -0.83345839E-04       0.80926689E-04        0.22823121E+05      0.84915062E-07      0.26645353E-12       0       0
 122   0.24856398E+02     -0.78507538E-04       0.00000000E+00        0.22418955E+05      0.28399664E-06      0.44408921E-12       0       0
 
