MQCT paths: /mmfs1/home/8101lukmani/pure-MQCT/EXAMPLES_IO/SYS_TYPE_8/H2O_H2/MQCT_PATHS.txt -> /mmfs1/home/8101lukmani/pure-MQCT/bin/mqct_H2OH2.exe
 MPI INITIALIZED
 PARSERING OF USER INPUT
 ARRAY_INI_STARTED
 STATES_SIZE_FOUND         104
 number_of_channels          10
 jmax_included           3
 BASIS ARRAYS CREATED
ARRAYS ALLOCATION TOOK TIME, s =             0.000
 TOTAL_SIZE_OF_M =          891
  MAKING AN EQUIDIST GRID	
 MTRX.DAT READING STARTED
 FORMATTED READING DONE
Truncation #1 at #R = 12, R = 5.970, and #2 at #R = 20, R = 8.130
THE SIZE OF NON_ZERO PART OF Mij =        591
 MPI TASK PER TRAJECTORY WILL BE USED
MPI TASKS WHICH ARE ASSOCIATED WITH ONE TRAJECTORY =     4
 Mij ROOT PROC DISTRIBUTION STARTED
 Mij ROOT PROC DISTRIBUTION DONE
 Mij ALL PROC DISTRIBUTION STARTED
 Mij ALL PROC DISTRIBUTION DONE
 MPI_COMMUNICATORS_CREATION STARTED
 MPI_COMMUNICATORS_CREATION DONE
TIME SPENT ON MATRIX Mij READING/COMPUTING/SAVING ON DISK ,s       0.3
 NUMBER OF TRAJECTORIES PER PROC_GROUP MIN          15
  
 SCATTERING CALCULATIONS STARTED
TOTAL J RANGE: FROM    0 TO  122
TOTAL L RANGE: FROM    0 TO  122
l_range1/2/3 =      0     0     0  total =    123
 NUMBER OF TRAJECTORIES PER PROC_GROUP MAX          16
 TOTAL NUMBER OF TRAJECTORIES         123
TIME IT TOOK TO SETUP ARRAYS, s     0
CALCULATIONS START FOR M =    0
TRAJECTORY DONE FOR L=     1 TIME_SPENT=        0.809 SEC.
TRAJECTORY DONE FOR L=     3 TIME_SPENT=        0.811 SEC.
TRAJECTORY DONE FOR L=     2 TIME_SPENT=        0.811 SEC.
TRAJECTORY DONE FOR L=     5 TIME_SPENT=        0.812 SEC.
TRAJECTORY DONE FOR L=     4 TIME_SPENT=        0.809 SEC.
TRAJECTORY DONE FOR L=     7 TIME_SPENT=        0.827 SEC.
TRAJECTORY DONE FOR L=     0 TIME_SPENT=        0.837 SEC.
TRAJECTORY DONE FOR L=     6 TIME_SPENT=        0.893 SEC.
TRAJECTORY DONE FOR L=     9 TIME_SPENT=        0.824 SEC.
TRAJECTORY DONE FOR L=    10 TIME_SPENT=        0.824 SEC.
TRAJECTORY DONE FOR L=    11 TIME_SPENT=        0.827 SEC.
TRAJECTORY DONE FOR L=    13 TIME_SPENT=        0.832 SEC.
TRAJECTORY DONE FOR L=    12 TIME_SPENT=        0.828 SEC.
TRAJECTORY DONE FOR L=     8 TIME_SPENT=        0.826 SEC.
TRAJECTORY DONE FOR L=    15 TIME_SPENT=        0.916 SEC.
TRAJECTORY DONE FOR L=    14 TIME_SPENT=        1.182 SEC.
TRAJECTORY DONE FOR L=    17 TIME_SPENT=        0.833 SEC.
TRAJECTORY DONE FOR L=    18 TIME_SPENT=        0.840 SEC.
TRAJECTORY DONE FOR L=    19 TIME_SPENT=        0.842 SEC.
TRAJECTORY DONE FOR L=    20 TIME_SPENT=        0.842 SEC.
TRAJECTORY DONE FOR L=    21 TIME_SPENT=        0.848 SEC.
TRAJECTORY DONE FOR L=    16 TIME_SPENT=        0.919 SEC.
TRAJECTORY DONE FOR L=    23 TIME_SPENT=        1.004 SEC.
TRAJECTORY DONE FOR L=    22 TIME_SPENT=        0.868 SEC.
TRAJECTORY DONE FOR L=    25 TIME_SPENT=        0.870 SEC.
TRAJECTORY DONE FOR L=    27 TIME_SPENT=        0.882 SEC.
TRAJECTORY DONE FOR L=    26 TIME_SPENT=        0.891 SEC.
TRAJECTORY DONE FOR L=    29 TIME_SPENT=        0.895 SEC.
TRAJECTORY DONE FOR L=    28 TIME_SPENT=        0.900 SEC.
TRAJECTORY DONE FOR L=    24 TIME_SPENT=        0.868 SEC.
TRAJECTORY DONE FOR L=    31 TIME_SPENT=        0.915 SEC.
TRAJECTORY DONE FOR L=    30 TIME_SPENT=        0.917 SEC.
TRAJECTORY DONE FOR L=    33 TIME_SPENT=        0.916 SEC.
TRAJECTORY DONE FOR L=    35 TIME_SPENT=        0.917 SEC.
TRAJECTORY DONE FOR L=    34 TIME_SPENT=        0.918 SEC.
TRAJECTORY DONE FOR L=    37 TIME_SPENT=        0.912 SEC.
TRAJECTORY DONE FOR L=    36 TIME_SPENT=        0.912 SEC.
TRAJECTORY DONE FOR L=    32 TIME_SPENT=        0.913 SEC.
TRAJECTORY DONE FOR L=    39 TIME_SPENT=        0.931 SEC.
TRAJECTORY DONE FOR L=    38 TIME_SPENT=        0.945 SEC.
TRAJECTORY DONE FOR L=    41 TIME_SPENT=        0.906 SEC.
TRAJECTORY DONE FOR L=    43 TIME_SPENT=        0.898 SEC.
TRAJECTORY DONE FOR L=    42 TIME_SPENT=        0.902 SEC.
TRAJECTORY DONE FOR L=    45 TIME_SPENT=        0.897 SEC.
TRAJECTORY DONE FOR L=    44 TIME_SPENT=        0.899 SEC.
TRAJECTORY DONE FOR L=    40 TIME_SPENT=        0.917 SEC.
TRAJECTORY DONE FOR L=    47 TIME_SPENT=        0.939 SEC.
TRAJECTORY DONE FOR L=    46 TIME_SPENT=        0.924 SEC.
TRAJECTORY DONE FOR L=    51 TIME_SPENT=        0.879 SEC.
TRAJECTORY DONE FOR L=    49 TIME_SPENT=        0.903 SEC.
TRAJECTORY DONE FOR L=    50 TIME_SPENT=        0.882 SEC.
TRAJECTORY DONE FOR L=    53 TIME_SPENT=        0.882 SEC.
TRAJECTORY DONE FOR L=    52 TIME_SPENT=        0.884 SEC.
TRAJECTORY DONE FOR L=    48 TIME_SPENT=        0.909 SEC.
TRAJECTORY DONE FOR L=    55 TIME_SPENT=        0.917 SEC.
TRAJECTORY DONE FOR L=    54 TIME_SPENT=        0.937 SEC.
TRAJECTORY DONE FOR L=    59 TIME_SPENT=        0.892 SEC.
TRAJECTORY DONE FOR L=    58 TIME_SPENT=        0.895 SEC.
TRAJECTORY DONE FOR L=    61 TIME_SPENT=        0.892 SEC.
TRAJECTORY DONE FOR L=    60 TIME_SPENT=        0.895 SEC.
TRAJECTORY DONE FOR L=    57 TIME_SPENT=        0.921 SEC.
TRAJECTORY DONE FOR L=    56 TIME_SPENT=        0.933 SEC.
TRAJECTORY DONE FOR L=    63 TIME_SPENT=        0.892 SEC.
TRAJECTORY DONE FOR L=    62 TIME_SPENT=        0.889 SEC.
TRAJECTORY DONE FOR L=    69 TIME_SPENT=        0.835 SEC.
TRAJECTORY DONE FOR L=    67 TIME_SPENT=        0.867 SEC.
TRAJECTORY DONE FOR L=    68 TIME_SPENT=        0.836 SEC.
TRAJECTORY DONE FOR L=    66 TIME_SPENT=        0.868 SEC.
TRAJECTORY DONE FOR L=    65 TIME_SPENT=        0.861 SEC.
TRAJECTORY DONE FOR L=    64 TIME_SPENT=        0.858 SEC.
TRAJECTORY DONE FOR L=    71 TIME_SPENT=        0.827 SEC.
TRAJECTORY DONE FOR L=    70 TIME_SPENT=        0.829 SEC.
TRAJECTORY DONE FOR L=    77 TIME_SPENT=        0.799 SEC.
TRAJECTORY DONE FOR L=    76 TIME_SPENT=        0.802 SEC.
TRAJECTORY DONE FOR L=    75 TIME_SPENT=        0.832 SEC.
TRAJECTORY DONE FOR L=    74 TIME_SPENT=        0.836 SEC.
TRAJECTORY DONE FOR L=    73 TIME_SPENT=        0.844 SEC.
TRAJECTORY DONE FOR L=    72 TIME_SPENT=        0.856 SEC.
TRAJECTORY DONE FOR L=    79 TIME_SPENT=        0.815 SEC.
TRAJECTORY DONE FOR L=    78 TIME_SPENT=        0.825 SEC.
TRAJECTORY DONE FOR L=    85 TIME_SPENT=        0.822 SEC.
TRAJECTORY DONE FOR L=    84 TIME_SPENT=        0.827 SEC.
TRAJECTORY DONE FOR L=    83 TIME_SPENT=        0.824 SEC.
TRAJECTORY DONE FOR L=    82 TIME_SPENT=        0.826 SEC.
TRAJECTORY DONE FOR L=    81 TIME_SPENT=        0.838 SEC.
TRAJECTORY DONE FOR L=    80 TIME_SPENT=        0.835 SEC.
TRAJECTORY DONE FOR L=    87 TIME_SPENT=        0.803 SEC.
TRAJECTORY DONE FOR L=    86 TIME_SPENT=        0.799 SEC.
TRAJECTORY DONE FOR L=    93 TIME_SPENT=        0.766 SEC.
TRAJECTORY DONE FOR L=    92 TIME_SPENT=        0.772 SEC.
TRAJECTORY DONE FOR L=    91 TIME_SPENT=        0.751 SEC.
TRAJECTORY DONE FOR L=    90 TIME_SPENT=        0.752 SEC.
TRAJECTORY DONE FOR L=    89 TIME_SPENT=        0.769 SEC.
TRAJECTORY DONE FOR L=    88 TIME_SPENT=        0.779 SEC.
TRAJECTORY DONE FOR L=    95 TIME_SPENT=        0.746 SEC.
TRAJECTORY DONE FOR L=    94 TIME_SPENT=        0.754 SEC.
TRAJECTORY DONE FOR L=   101 TIME_SPENT=        0.763 SEC.
TRAJECTORY DONE FOR L=    99 TIME_SPENT=        0.740 SEC.
TRAJECTORY DONE FOR L=   100 TIME_SPENT=        0.768 SEC.
TRAJECTORY DONE FOR L=    98 TIME_SPENT=        0.746 SEC.
TRAJECTORY DONE FOR L=    97 TIME_SPENT=        0.741 SEC.
TRAJECTORY DONE FOR L=    96 TIME_SPENT=        0.752 SEC.
TRAJECTORY DONE FOR L=   103 TIME_SPENT=        0.708 SEC.
TRAJECTORY DONE FOR L=   102 TIME_SPENT=        0.720 SEC.
TRAJECTORY DONE FOR L=   109 TIME_SPENT=        0.676 SEC.
TRAJECTORY DONE FOR L=   107 TIME_SPENT=        0.677 SEC.
TRAJECTORY DONE FOR L=   108 TIME_SPENT=        0.680 SEC.
TRAJECTORY DONE FOR L=   106 TIME_SPENT=        0.680 SEC.
TRAJECTORY DONE FOR L=   105 TIME_SPENT=        0.678 SEC.
TRAJECTORY DONE FOR L=   111 TIME_SPENT=        0.637 SEC.
TRAJECTORY DONE FOR L=   104 TIME_SPENT=        0.681 SEC.
TRAJECTORY DONE FOR L=   110 TIME_SPENT=        0.634 SEC.
TRAJECTORY DONE FOR L=   117 TIME_SPENT=        0.564 SEC.
TRAJECTORY DONE FOR L=   115 TIME_SPENT=        0.588 SEC.
TRAJECTORY DONE FOR L=   116 TIME_SPENT=        0.571 SEC.
TRAJECTORY DONE FOR L=   114 TIME_SPENT=        0.596 SEC.
TRAJECTORY DONE FOR L=   113 TIME_SPENT=        0.604 SEC.
TRAJECTORY DONE FOR L=   119 TIME_SPENT=        0.555 SEC.
TRAJECTORY DONE FOR L=   112 TIME_SPENT=        0.615 SEC.
TRAJECTORY DONE FOR L=   118 TIME_SPENT=        0.573 SEC.
TRAJECTORY DONE FOR L=   122 TIME_SPENT=        0.535 SEC.
TRAJECTORY DONE FOR L=   121 TIME_SPENT=        0.537 SEC.
TRAJECTORY DONE FOR L=   120 TIME_SPENT=        0.558 SEC.
ALL TRAJECTORIES DONE FOR ENER_NUM =   1 AND M12 =    0  J12=     0
TIME IT TOOK TO PROPOGATE,s         13
 DATA FROM ALL TRAJECTORIES GATHERED
 INELASTIC CROSS SECTION CALCULATED FOR M           0
  
 CROSS SECTION CALCULATED FOR ENERGY=           1
  
 Trajectory Propagation Time:   13.0821640440000     
  
TOTAL TIME SPENT ON PROPAGATION,sec =      419
THE AVERAGE TIME PER MPI TASK SPENT ON PROPAGATION =    0  h   0   m 13.1  s
TIME SPENT ON INITIALIZATION TOOK WALL CLOCK TIME =    0  h   0   m  0.3  s
TIME SPENT ON MIJ.DAT READING TOOK WALL CLOCK TIME =    0  h   0   m  0.1  s
TIME SPENT ON MIJ DISTRIBUTION TOOK WALL CLOCK TIME =    0  h   0   m  0.3  s
TIME SPENT ON MIJ REALLOCATION TOOK WALL CLOCK TIME =    0  h   0   m  0.1  s
 ALL WORK DONE

real	0m15.079s
user	7m17.825s
sys	0m8.274s
