 FOR ENERGY=           1
 MAXIMUM PROBABILITY ERROR
 B_IMP  0.000000000000000E+000
 L_ORB  0.000000000000000E+000
 R_FIN   30.0056620137160     
 PHI_FIN  0.000000000000000E+000
 PROBAB_SURV  0.134335756796778     
 ERROR_ENERG  4.832957972755433E-008
 ERROR_PROBAB  1.794651316444629E-007
 STATE           1
 #NTRAJECT           1
 #NPROC           0
 
 MAXIMUM ENERGY ERROR
 B_IMP   3.56401136127921     
 L_ORB   17.0000000000000     
 R_FIN   30.0044905485991     
 PHI_FIN   1.48866938859664     
 PROBAB_SURV  0.508486948778692     
 ERROR_ENERG  8.127410911581467E-007
 ERROR_PROBAB  4.145144227862829E-008
 STATE           1
 #NTRAJECT           3
 #NPROC           4
 -------------------------
