STATE= 1
j12= 0
m12= 0
ENERGY#1, U(i)= 800.000 cm^-1
J_TOTAL  CHANNEL=     1  CHANNEL=     2  CHANNEL=     3  CHANNEL=     4  CHANNEL=     5  CHANNEL=     6  CHANNEL=     7  CHANNEL=     8  CHANNEL=     9  CHANNEL=    10  
    0    0.49056945E-02  0.31050767E-01  0.56169707E-03  0.00000000E+00  0.00000000E+00  0.00000000E+00  0.00000000E+00  0.00000000E+00  0.00000000E+00  0.00000000E+00 
    1    0.14919631E-01  0.92966451E-01  0.16679154E-02  0.47872969E-06  0.00000000E+00  0.00000000E+00  0.00000000E+00  0.00000000E+00  0.00000000E+00  0.00000000E+00 
    2    0.25547404E-01  0.15431812E+00  0.27228998E-02  0.23653719E-05  0.00000000E+00  0.00000000E+00  0.00000000E+00  0.00000000E+00  0.00000000E+00  0.00000000E+00 
    3    0.37218671E-01  0.21470843E+00  0.36935042E-02  0.65053565E-05  0.00000000E+00  0.00000000E+00  0.00000000E+00  0.00000000E+00  0.00000000E+00  0.00000000E+00 
    4    0.50393021E-01  0.27370860E+00  0.45482027E-02  0.13608118E-04  0.00000000E+00  0.00000000E+00  0.00000000E+00  0.00000000E+00  0.00000000E+00  0.00000000E+00 
    5    0.65570451E-01  0.33084715E+00  0.52579469E-02  0.24200266E-04  0.00000000E+00  0.00000000E+00  0.00000000E+00  0.00000000E+00  0.00000000E+00  0.00000000E+00 
    6    0.83300288E-01  0.38559997E+00  0.57972211E-02  0.38586340E-04  0.00000000E+00  0.00000000E+00  0.00000000E+00  0.00000000E+00  0.00000000E+00  0.00000000E+00 
    7    0.10418799E+00  0.43738223E+00  0.61453396E-02  0.56819330E-04  0.00000000E+00  0.00000000E+00  0.00000000E+00  0.00000000E+00  0.00000000E+00  0.00000000E+00 
    8    0.12889911E+00  0.48554289E+00  0.62880166E-02  0.78683064E-04  0.00000000E+00  0.00000000E+00  0.00000000E+00  0.00000000E+00  0.00000000E+00  0.00000000E+00 
    9    0.15815959E+00  0.52936251E+00  0.62192218E-02  0.10368848E-03  0.00000000E+00  0.00000000E+00  0.00000000E+00  0.00000000E+00  0.00000000E+00  0.00000000E+00 
   10    0.19275113E+00  0.56805580E+00  0.59433198E-02  0.13108569E-03  0.00000000E+00  0.00000000E+00  0.00000000E+00  0.00000000E+00  0.00000000E+00  0.00000000E+00 
   11    0.23349965E+00  0.60078066E+00  0.54774546E-02  0.15989402E-03  0.00000000E+00  0.00000000E+00  0.00000000E+00  0.00000000E+00  0.00000000E+00  0.00000000E+00 
   12    0.28125345E+00  0.62665745E+00  0.48541157E-02  0.18895282E-03  0.00000000E+00  0.00000000E+00  0.00000000E+00  0.00000000E+00  0.00000000E+00  0.00000000E+00 
   13    0.33684254E+00  0.64480694E+00  0.41237954E-02  0.21700116E-03  0.00000000E+00  0.00000000E+00  0.00000000E+00  0.00000000E+00  0.00000000E+00  0.00000000E+00 
   14    0.40097794E+00  0.65444783E+00  0.33579992E-02  0.24283234E-03  0.00000000E+00  0.00000000E+00  0.00000000E+00  0.00000000E+00  0.00000000E+00  0.00000000E+00 
   15    0.47422056E+00  0.65492857E+00  0.26484175E-02  0.26537186E-03  0.00000000E+00  0.00000000E+00  0.00000000E+00  0.00000000E+00  0.00000000E+00  0.00000000E+00 
   16    0.55708531E+00  0.64562768E+00  0.21026796E-02  0.28355965E-03  0.00000000E+00  0.00000000E+00  0.00000000E+00  0.00000000E+00  0.00000000E+00  0.00000000E+00 
   17    0.64991525E+00  0.62608003E+00  0.18438017E-02  0.29647220E-03  0.00000000E+00  0.00000000E+00  0.00000000E+00  0.00000000E+00  0.00000000E+00  0.00000000E+00 
   18    0.75281241E+00  0.59605106E+00  0.20050393E-02  0.30336326E-03  0.00000000E+00  0.00000000E+00  0.00000000E+00  0.00000000E+00  0.00000000E+00  0.00000000E+00 
   19    0.86555075E+00  0.55563257E+00  0.27211743E-02  0.30369919E-03  0.00000000E+00  0.00000000E+00  0.00000000E+00  0.00000000E+00  0.00000000E+00  0.00000000E+00 
   20    0.98743555E+00  0.50539669E+00  0.41150247E-02  0.29723673E-03  0.00000000E+00  0.00000000E+00  0.00000000E+00  0.00000000E+00  0.00000000E+00  0.00000000E+00 
   21    0.11169450E+01  0.44677581E+00  0.62756642E-02  0.28438036E-03  0.00000000E+00  0.00000000E+00  0.00000000E+00  0.00000000E+00  0.00000000E+00  0.00000000E+00 
   22    0.12517059E+01  0.38211752E+00  0.92275670E-02  0.26613417E-03  0.00000000E+00  0.00000000E+00  0.00000000E+00  0.00000000E+00  0.00000000E+00  0.00000000E+00 
   23    0.13895273E+01  0.31366992E+00  0.12913518E-01  0.24267169E-03  0.00000000E+00  0.00000000E+00  0.00000000E+00  0.00000000E+00  0.00000000E+00  0.00000000E+00 
   24    0.15278158E+01  0.24418837E+00  0.17171490E-01  0.21415013E-03  0.00000000E+00  0.00000000E+00  0.00000000E+00  0.00000000E+00  0.00000000E+00  0.00000000E+00 
   25    0.16632429E+01  0.17728976E+00  0.21712039E-01  0.18143839E-03  0.00000000E+00  0.00000000E+00  0.00000000E+00  0.00000000E+00  0.00000000E+00  0.00000000E+00 
   26    0.17918928E+01  0.11732548E+00  0.26097571E-01  0.14656309E-03  0.00000000E+00  0.00000000E+00  0.00000000E+00  0.00000000E+00  0.00000000E+00  0.00000000E+00 
   27    0.19109835E+01  0.67650880E-01  0.29753489E-01  0.11083596E-03  0.00000000E+00  0.00000000E+00  0.00000000E+00  0.00000000E+00  0.00000000E+00  0.00000000E+00 
   28    0.20181567E+01  0.31236183E-01  0.32065258E-01  0.76886393E-04  0.00000000E+00  0.00000000E+00  0.00000000E+00  0.00000000E+00  0.00000000E+00  0.00000000E+00 
   29    0.21124667E+01  0.95707573E-02  0.32485907E-01  0.48019152E-04  0.00000000E+00  0.00000000E+00  0.00000000E+00  0.00000000E+00  0.00000000E+00  0.00000000E+00 
   30    0.21953731E+01  0.15103647E-02  0.30697833E-01  0.26372431E-04  0.00000000E+00  0.00000000E+00  0.00000000E+00  0.00000000E+00  0.00000000E+00  0.00000000E+00 
   31    0.22701976E+01  0.35499543E-02  0.26883563E-01  0.12842095E-04  0.00000000E+00  0.00000000E+00  0.00000000E+00  0.00000000E+00  0.00000000E+00  0.00000000E+00 
   32    0.23413891E+01  0.10583086E-01  0.21702159E-01  0.59395630E-05  0.00000000E+00  0.00000000E+00  0.00000000E+00  0.00000000E+00  0.00000000E+00  0.00000000E+00 
   33    0.24128038E+01  0.17776170E-01  0.16133551E-01  0.30640281E-05  0.00000000E+00  0.00000000E+00  0.00000000E+00  0.00000000E+00  0.00000000E+00  0.00000000E+00 
   34    0.24865243E+01  0.22127954E-01  0.11098775E-01  0.19267828E-05  0.00000000E+00  0.00000000E+00  0.00000000E+00  0.00000000E+00  0.00000000E+00  0.00000000E+00 
   35    0.25627418E+01  0.22949036E-01  0.70971060E-02  0.13050736E-05  0.00000000E+00  0.00000000E+00  0.00000000E+00  0.00000000E+00  0.00000000E+00  0.00000000E+00 
   36    0.26402758E+01  0.21251637E-01  0.42972846E-02  0.85832327E-06  0.00000000E+00  0.00000000E+00  0.00000000E+00  0.00000000E+00  0.00000000E+00  0.00000000E+00 
   37    0.27181296E+01  0.18240676E-01  0.24910451E-02  0.53528230E-06  0.00000000E+00  0.00000000E+00  0.00000000E+00  0.00000000E+00  0.00000000E+00  0.00000000E+00 
   38    0.27956148E+01  0.14894093E-01  0.13890245E-02  0.31907128E-06  0.00000000E+00  0.00000000E+00  0.00000000E+00  0.00000000E+00  0.00000000E+00  0.00000000E+00 
   39    0.28723863E+01  0.11798484E-01  0.74955709E-03  0.18561151E-06  0.00000000E+00  0.00000000E+00  0.00000000E+00  0.00000000E+00  0.00000000E+00  0.00000000E+00 
   40    0.29484150E+01  0.91640308E-02  0.39174636E-03  0.10646237E-06  0.00000000E+00  0.00000000E+00  0.00000000E+00  0.00000000E+00  0.00000000E+00  0.00000000E+00 
   41    0.30237750E+01  0.70330608E-02  0.19902202E-03  0.60674828E-07  0.00000000E+00  0.00000000E+00  0.00000000E+00  0.00000000E+00  0.00000000E+00  0.00000000E+00 
   42    0.30985966E+01  0.53479758E-02  0.98846522E-04  0.34440460E-07  0.00000000E+00  0.00000000E+00  0.00000000E+00  0.00000000E+00  0.00000000E+00  0.00000000E+00 
   43    0.31729879E+01  0.40438860E-02  0.48012316E-04  0.19546149E-07  0.00000000E+00  0.00000000E+00  0.00000000E+00  0.00000000E+00  0.00000000E+00  0.00000000E+00 
   44    0.32470382E+01  0.30554043E-02  0.22463610E-04  0.11162071E-07  0.00000000E+00  0.00000000E+00  0.00000000E+00  0.00000000E+00  0.00000000E+00  0.00000000E+00 
   45    0.33208274E+01  0.23151076E-02  0.98998434E-05  0.64415963E-08  0.00000000E+00  0.00000000E+00  0.00000000E+00  0.00000000E+00  0.00000000E+00  0.00000000E+00 
   46    0.33944230E+01  0.17616777E-02  0.41109461E-05  0.37591795E-08  0.00000000E+00  0.00000000E+00  0.00000000E+00  0.00000000E+00  0.00000000E+00  0.00000000E+00 
   47    0.34678771E+01  0.13462510E-02  0.17079194E-05  0.22164544E-08  0.00000000E+00  0.00000000E+00  0.00000000E+00  0.00000000E+00  0.00000000E+00  0.00000000E+00 
   48    0.35412282E+01  0.10323713E-02  0.86350744E-06  0.13192043E-08  0.00000000E+00  0.00000000E+00  0.00000000E+00  0.00000000E+00  0.00000000E+00  0.00000000E+00 
   49    0.36145036E+01  0.79344213E-03  0.68528731E-06  0.79205475E-09  0.00000000E+00  0.00000000E+00  0.00000000E+00  0.00000000E+00  0.00000000E+00  0.00000000E+00 
   50    0.36877224E+01  0.61088372E-03  0.77324558E-06  0.47961281E-09  0.00000000E+00  0.00000000E+00  0.00000000E+00  0.00000000E+00  0.00000000E+00  0.00000000E+00 
   51    0.37608976E+01  0.47181119E-03  0.93556201E-06  0.29318202E-09  0.00000000E+00  0.00000000E+00  0.00000000E+00  0.00000000E+00  0.00000000E+00  0.00000000E+00 
   52    0.38340395E+01  0.36607552E-03  0.10783556E-05  0.18108062E-09  0.00000000E+00  0.00000000E+00  0.00000000E+00  0.00000000E+00  0.00000000E+00  0.00000000E+00 
   53    0.39071561E+01  0.28566070E-03  0.11681573E-05  0.11305103E-09  0.00000000E+00  0.00000000E+00  0.00000000E+00  0.00000000E+00  0.00000000E+00  0.00000000E+00 
   54    0.39802537E+01  0.22439746E-03  0.12015356E-05  0.71342231E-10  0.00000000E+00  0.00000000E+00  0.00000000E+00  0.00000000E+00  0.00000000E+00  0.00000000E+00 
   55    0.40533368E+01  0.17759589E-03  0.11854379E-05  0.45493381E-10  0.00000000E+00  0.00000000E+00  0.00000000E+00  0.00000000E+00  0.00000000E+00  0.00000000E+00 
   56    0.41264092E+01  0.14158087E-03  0.11331417E-05  0.29294051E-10  0.00000000E+00  0.00000000E+00  0.00000000E+00  0.00000000E+00  0.00000000E+00  0.00000000E+00 
   57    0.41994739E+01  0.11328808E-03  0.10701788E-05  0.19023375E-10  0.00000000E+00  0.00000000E+00  0.00000000E+00  0.00000000E+00  0.00000000E+00  0.00000000E+00 
   58    0.42725327E+01  0.90840728E-04  0.10043256E-05  0.12447887E-10  0.00000000E+00  0.00000000E+00  0.00000000E+00  0.00000000E+00  0.00000000E+00  0.00000000E+00 
   59    0.43455868E+01  0.73108061E-04  0.93014676E-06  0.82033141E-11  0.00000000E+00  0.00000000E+00  0.00000000E+00  0.00000000E+00  0.00000000E+00  0.00000000E+00 
   60    0.44186373E+01  0.59075925E-04  0.85071556E-06  0.54426791E-11  0.00000000E+00  0.00000000E+00  0.00000000E+00  0.00000000E+00  0.00000000E+00  0.00000000E+00 
   61    0.44916848E+01  0.47950905E-04  0.76959914E-06  0.36348839E-11  0.00000000E+00  0.00000000E+00  0.00000000E+00  0.00000000E+00  0.00000000E+00  0.00000000E+00 
   62    0.45647300E+01  0.39096326E-04  0.69023610E-06  0.24425827E-11  0.00000000E+00  0.00000000E+00  0.00000000E+00  0.00000000E+00  0.00000000E+00  0.00000000E+00 
   63    0.46377735E+01  0.32000656E-04  0.61571402E-06  0.16504258E-11  0.00000000E+00  0.00000000E+00  0.00000000E+00  0.00000000E+00  0.00000000E+00  0.00000000E+00 
   64    0.47108156E+01  0.26276077E-04  0.54775281E-06  0.11206618E-11  0.00000000E+00  0.00000000E+00  0.00000000E+00  0.00000000E+00  0.00000000E+00  0.00000000E+00 
   65    0.47838567E+01  0.21644719E-04  0.48621913E-06  0.76456290E-12  0.00000000E+00  0.00000000E+00  0.00000000E+00  0.00000000E+00  0.00000000E+00  0.00000000E+00 
   66    0.48568968E+01  0.17889019E-04  0.43063764E-06  0.52402775E-12  0.00000000E+00  0.00000000E+00  0.00000000E+00  0.00000000E+00  0.00000000E+00  0.00000000E+00 
   67    0.49299362E+01  0.14830630E-04  0.38071491E-06  0.36071396E-12  0.00000000E+00  0.00000000E+00  0.00000000E+00  0.00000000E+00  0.00000000E+00  0.00000000E+00 
   68    0.50029751E+01  0.12326367E-04  0.33621048E-06  0.24927096E-12  0.00000000E+00  0.00000000E+00  0.00000000E+00  0.00000000E+00  0.00000000E+00  0.00000000E+00 
   69    0.50760135E+01  0.10266766E-04  0.29673872E-06  0.17289539E-12  0.00000000E+00  0.00000000E+00  0.00000000E+00  0.00000000E+00  0.00000000E+00  0.00000000E+00 
   70    0.51490515E+01  0.85722767E-05  0.26167917E-06  0.12038312E-12  0.00000000E+00  0.00000000E+00  0.00000000E+00  0.00000000E+00  0.00000000E+00  0.00000000E+00 
   71    0.52220893E+01  0.71758629E-05  0.23068083E-06  0.84163674E-13  0.00000000E+00  0.00000000E+00  0.00000000E+00  0.00000000E+00  0.00000000E+00  0.00000000E+00 
   72    0.52951268E+01  0.60179175E-05  0.20360708E-06  0.59081675E-13  0.00000000E+00  0.00000000E+00  0.00000000E+00  0.00000000E+00  0.00000000E+00  0.00000000E+00 
   73    0.53681641E+01  0.50554734E-05  0.17989645E-06  0.41634763E-13  0.00000000E+00  0.00000000E+00  0.00000000E+00  0.00000000E+00  0.00000000E+00  0.00000000E+00 
   74    0.54412012E+01  0.42547124E-05  0.15903865E-06  0.29449590E-13  0.00000000E+00  0.00000000E+00  0.00000000E+00  0.00000000E+00  0.00000000E+00  0.00000000E+00 
   75    0.55142382E+01  0.35874064E-05  0.14066365E-06  0.20906968E-13  0.00000000E+00  0.00000000E+00  0.00000000E+00  0.00000000E+00  0.00000000E+00  0.00000000E+00 
   76    0.55872751E+01  0.30301064E-05  0.12447049E-06  0.14895237E-13  0.00000000E+00  0.00000000E+00  0.00000000E+00  0.00000000E+00  0.00000000E+00  0.00000000E+00 
   77    0.56603119E+01  0.25637682E-05  0.11019220E-06  0.10649034E-13  0.00000000E+00  0.00000000E+00  0.00000000E+00  0.00000000E+00  0.00000000E+00  0.00000000E+00 
   78    0.57333486E+01  0.21728040E-05  0.97595698E-07  0.76391094E-14  0.00000000E+00  0.00000000E+00  0.00000000E+00  0.00000000E+00  0.00000000E+00  0.00000000E+00 
   79    0.58063853E+01  0.18444162E-05  0.86477647E-07  0.54980504E-14  0.00000000E+00  0.00000000E+00  0.00000000E+00  0.00000000E+00  0.00000000E+00  0.00000000E+00 
   80    0.58794219E+01  0.15680906E-05  0.76659842E-07  0.39698457E-14  0.00000000E+00  0.00000000E+00  0.00000000E+00  0.00000000E+00  0.00000000E+00  0.00000000E+00 
   81    0.59524585E+01  0.13351652E-05  0.67986268E-07  0.28754383E-14  0.00000000E+00  0.00000000E+00  0.00000000E+00  0.00000000E+00  0.00000000E+00  0.00000000E+00 
   82    0.60254950E+01  0.11384879E-05  0.60320154E-07  0.20891393E-14  0.00000000E+00  0.00000000E+00  0.00000000E+00  0.00000000E+00  0.00000000E+00  0.00000000E+00 
   83    0.60985315E+01  0.97214151E-06  0.53541504E-07  0.15224100E-14  0.00000000E+00  0.00000000E+00  0.00000000E+00  0.00000000E+00  0.00000000E+00  0.00000000E+00 
   84    0.61715679E+01  0.83122091E-06  0.47544992E-07  0.11126670E-14  0.00000000E+00  0.00000000E+00  0.00000000E+00  0.00000000E+00  0.00000000E+00  0.00000000E+00 
   85    0.62446044E+01  0.71165270E-06  0.42238112E-07  0.81552502E-15  0.00000000E+00  0.00000000E+00  0.00000000E+00  0.00000000E+00  0.00000000E+00  0.00000000E+00 
   86    0.63176408E+01  0.61004685E-06  0.37539565E-07  0.59940041E-15  0.00000000E+00  0.00000000E+00  0.00000000E+00  0.00000000E+00  0.00000000E+00  0.00000000E+00 
   87    0.63906772E+01  0.52357675E-06  0.33377858E-07  0.44174693E-15  0.00000000E+00  0.00000000E+00  0.00000000E+00  0.00000000E+00  0.00000000E+00  0.00000000E+00 
   88    0.64637136E+01  0.44988154E-06  0.29690096E-07  0.32641919E-15  0.00000000E+00  0.00000000E+00  0.00000000E+00  0.00000000E+00  0.00000000E+00  0.00000000E+00 
   89    0.65367500E+01  0.38698613E-06  0.26420926E-07  0.24181992E-15  0.00000000E+00  0.00000000E+00  0.00000000E+00  0.00000000E+00  0.00000000E+00  0.00000000E+00 
   90    0.66097864E+01  0.33323499E-06  0.23521602E-07  0.17959355E-15  0.00000000E+00  0.00000000E+00  0.00000000E+00  0.00000000E+00  0.00000000E+00  0.00000000E+00 
   91    0.66828227E+01  0.28723804E-06  0.20949182E-07  0.13370225E-15  0.00000000E+00  0.00000000E+00  0.00000000E+00  0.00000000E+00  0.00000000E+00  0.00000000E+00 
   92    0.67558591E+01  0.24782625E-06  0.18665815E-07  0.99770449E-16  0.00000000E+00  0.00000000E+00  0.00000000E+00  0.00000000E+00  0.00000000E+00  0.00000000E+00 
   93    0.68288954E+01  0.21401506E-06  0.16638136E-07  0.74618266E-16  0.00000000E+00  0.00000000E+00  0.00000000E+00  0.00000000E+00  0.00000000E+00  0.00000000E+00 
   94    0.69019318E+01  0.18497382E-06  0.14836713E-07  0.55928293E-16  0.00000000E+00  0.00000000E+00  0.00000000E+00  0.00000000E+00  0.00000000E+00  0.00000000E+00 
   95    0.69749681E+01  0.16000062E-06  0.13235576E-07  0.42007071E-16  0.00000000E+00  0.00000000E+00  0.00000000E+00  0.00000000E+00  0.00000000E+00  0.00000000E+00 
   96    0.70480045E+01  0.13850147E-06  0.11811802E-07  0.31613800E-16  0.00000000E+00  0.00000000E+00  0.00000000E+00  0.00000000E+00  0.00000000E+00  0.00000000E+00 
   97    0.71210408E+01  0.11997306E-06  0.10545150E-07  0.23836978E-16  0.00000000E+00  0.00000000E+00  0.00000000E+00  0.00000000E+00  0.00000000E+00  0.00000000E+00 
   98    0.71940771E+01  0.10398824E-06  0.94177449E-08  0.18005277E-16  0.00000000E+00  0.00000000E+00  0.00000000E+00  0.00000000E+00  0.00000000E+00  0.00000000E+00 
   99    0.72671135E+01  0.90183971E-07  0.84137880E-08  0.13623017E-16  0.00000000E+00  0.00000000E+00  0.00000000E+00  0.00000000E+00  0.00000000E+00  0.00000000E+00 
  100    0.73401498E+01  0.78251262E-07  0.75193169E-08  0.10323309E-16  0.00000000E+00  0.00000000E+00  0.00000000E+00  0.00000000E+00  0.00000000E+00  0.00000000E+00 
  101    0.74131861E+01  0.67926851E-07  0.67219875E-08  0.78339369E-17  0.00000000E+00  0.00000000E+00  0.00000000E+00  0.00000000E+00  0.00000000E+00  0.00000000E+00 
  102    0.74862225E+01  0.58986099E-07  0.60108819E-08  0.59524521E-17  0.00000000E+00  0.00000000E+00  0.00000000E+00  0.00000000E+00  0.00000000E+00  0.00000000E+00 
  103    0.75592588E+01  0.51237063E-07  0.53763412E-08  0.45279412E-17  0.00000000E+00  0.00000000E+00  0.00000000E+00  0.00000000E+00  0.00000000E+00  0.00000000E+00 
  104    0.76322951E+01  0.44515542E-07  0.48098171E-08  0.34476540E-17  0.00000000E+00  0.00000000E+00  0.00000000E+00  0.00000000E+00  0.00000000E+00  0.00000000E+00 
  105    0.77053314E+01  0.38680916E-07  0.43037436E-08  0.26271683E-17  0.00000000E+00  0.00000000E+00  0.00000000E+00  0.00000000E+00  0.00000000E+00  0.00000000E+00 
  106    0.77783678E+01  0.33612601E-07  0.38514210E-08  0.20031356E-17  0.00000000E+00  0.00000000E+00  0.00000000E+00  0.00000000E+00  0.00000000E+00  0.00000000E+00 
  107    0.78514041E+01  0.29207072E-07  0.34469154E-08  0.15279208E-17  0.00000000E+00  0.00000000E+00  0.00000000E+00  0.00000000E+00  0.00000000E+00  0.00000000E+00 
  108    0.79244404E+01  0.25375342E-07  0.30849693E-08  0.11656317E-17  0.00000000E+00  0.00000000E+00  0.00000000E+00  0.00000000E+00  0.00000000E+00  0.00000000E+00 
  109    0.79974767E+01  0.22040852E-07  0.27609240E-08  0.88917118E-18  0.00000000E+00  0.00000000E+00  0.00000000E+00  0.00000000E+00  0.00000000E+00  0.00000000E+00 
  110    0.80705130E+01  0.19137657E-07  0.24706500E-08  0.67804255E-18  0.00000000E+00  0.00000000E+00  0.00000000E+00  0.00000000E+00  0.00000000E+00  0.00000000E+00 
  111    0.81435494E+01  0.16608892E-07  0.22104855E-08  0.51671329E-18  0.00000000E+00  0.00000000E+00  0.00000000E+00  0.00000000E+00  0.00000000E+00  0.00000000E+00 
  112    0.82165857E+01  0.14405465E-07  0.19771824E-08  0.39339185E-18  0.00000000E+00  0.00000000E+00  0.00000000E+00  0.00000000E+00  0.00000000E+00  0.00000000E+00 
  113    0.82896220E+01  0.12484964E-07  0.17678592E-08  0.29911159E-18  0.00000000E+00  0.00000000E+00  0.00000000E+00  0.00000000E+00  0.00000000E+00  0.00000000E+00 
  114    0.83626583E+01  0.10810709E-07  0.15799584E-08  0.22704305E-18  0.00000000E+00  0.00000000E+00  0.00000000E+00  0.00000000E+00  0.00000000E+00  0.00000000E+00 
  115    0.84356946E+01  0.93509387E-08  0.14112091E-08  0.17197656E-18  0.00000000E+00  0.00000000E+00  0.00000000E+00  0.00000000E+00  0.00000000E+00  0.00000000E+00 
  116    0.85087310E+01  0.80781321E-08  0.12595940E-08  0.12993244E-18  0.00000000E+00  0.00000000E+00  0.00000000E+00  0.00000000E+00  0.00000000E+00  0.00000000E+00 
  117    0.85817673E+01  0.69684187E-08  0.11233203E-08  0.97866590E-19  0.00000000E+00  0.00000000E+00  0.00000000E+00  0.00000000E+00  0.00000000E+00  0.00000000E+00 
  118    0.86548036E+01  0.60010771E-08  0.10007941E-08  0.73447813E-19  0.00000000E+00  0.00000000E+00  0.00000000E+00  0.00000000E+00  0.00000000E+00  0.00000000E+00 
  119    0.87278399E+01  0.51581017E-08  0.89059664E-09  0.54888889E-19  0.00000000E+00  0.00000000E+00  0.00000000E+00  0.00000000E+00  0.00000000E+00  0.00000000E+00 
  120    0.88008762E+01  0.44238330E-08  0.79146489E-09  0.40818399E-19  0.00000000E+00  0.00000000E+00  0.00000000E+00  0.00000000E+00  0.00000000E+00  0.00000000E+00 
  121    0.88739126E+01  0.37846418E-08  0.70227309E-09  0.30183214E-19  0.00000000E+00  0.00000000E+00  0.00000000E+00  0.00000000E+00  0.00000000E+00  0.00000000E+00 
  122    0.89469489E+01  0.32286565E-08  0.62201721E-09  0.22174174E-19  0.00000000E+00  0.00000000E+00  0.00000000E+00  0.00000000E+00  0.00000000E+00  0.00000000E+00 
