MQCT paths: /mmfs1/home/8101lukmani/pure-MQCT/EXAMPLES_IO/SYS_TYPE_3/C6H6_He/MQCT_PATHS.txt -> /mmfs1/home/8101lukmani/pure-MQCT/bin/mqct_C6H6_He.exe
 MPI INITIALIZED
 PARSERING OF USER INPUT
rm: cannot remove 'AT_APPROX_TRAJS/100.00000/*': No such file or directory
 ARRAY_INI_STARTED
 STATES_SIZE_FOUND           1
 number_of_channels           1
 jmax_included           0
 BASIS ARRAYS CREATED
ARRAYS ALLOCATION TOOK TIME, s =             0.000
 TOTAL_SIZE_OF_M =            1
  MAKING AN EQUIDIST GRID	
 NUMBER OF CPUS > SIZE OF Mij
 MATRIX_INI_STARTED
 COMPUTING THE RESIDUE OF Mij
 THE GRID INI
 Using Equidistant Grid for Angle Gamma
 Initialization of PES Done.
 GAUSS-LEGENDRE GRID DONE
Truncation #1 at #R = 12, R = 6.000, and #2 at #R = 19, R = 7.909
 SPLINING RESIDUE OF Mij
 MPI TASK PER TRAJECTORY WILL BE USED
MPI TASKS WHICH ARE ASSOCIATED WITH ONE TRAJECTORY =     1
 Mij ROOT PROC DISTRIBUTION STARTED
 Mij ROOT PROC DISTRIBUTION DONE
 Mij ALL PROC DISTRIBUTION STARTED
 Mij ALL PROC DISTRIBUTION DONE
 MPI_COMMUNICATORS_CREATION STARTED
 MPI_COMMUNICATORS_CREATION DONE
TIME SPENT ON MATRIX Mij READING/COMPUTING/SAVING ON DISK ,s     131.8
 NUMBER OF TRAJECTORIES PER PROC_GROUP MIN           2
  
 SCATTERING CALCULATIONS STARTED
TOTAL J RANGE: FROM    0 TO   75
TOTAL L RANGE: FROM    0 TO   75
l_range1/2/3 =      0     0     0  total =     76
 NUMBER OF TRAJECTORIES PER PROC_GROUP MAX           3
 TOTAL NUMBER OF TRAJECTORIES          76
TIME IT TOOK TO SETUP ARRAYS, s     0
CALCULATIONS START FOR M =    0
TRAJECTORY DONE FOR L=    15 TIME_SPENT=        0.201 SEC.
TRAJECTORY DONE FOR L=     4 TIME_SPENT=        0.184 SEC.
TRAJECTORY DONE FOR L=    11 TIME_SPENT=        0.217 SEC.
TRAJECTORY DONE FOR L=     2 TIME_SPENT=        0.212 SEC.
TRAJECTORY DONE FOR L=     9 TIME_SPENT=        0.227 SEC.
TRAJECTORY DONE FOR L=     3 TIME_SPENT=        0.227 SEC.
TRAJECTORY DONE FOR L=     7 TIME_SPENT=        0.214 SEC.
TRAJECTORY DONE FOR L=     1 TIME_SPENT=        0.221 SEC.
TRAJECTORY DONE FOR L=     6 TIME_SPENT=        0.210 SEC.
TRAJECTORY DONE FOR L=    16 TIME_SPENT=        0.183 SEC.
TRAJECTORY DONE FOR L=    10 TIME_SPENT=        0.223 SEC.
TRAJECTORY DONE FOR L=     5 TIME_SPENT=        0.223 SEC.
TRAJECTORY DONE FOR L=    21 TIME_SPENT=        0.224 SEC.
TRAJECTORY DONE FOR L=    17 TIME_SPENT=        0.227 SEC.
TRAJECTORY DONE FOR L=     0 TIME_SPENT=        0.176 SEC.
TRAJECTORY DONE FOR L=    13 TIME_SPENT=        0.224 SEC.
TRAJECTORY DONE FOR L=     8 TIME_SPENT=        0.217 SEC.
TRAJECTORY DONE FOR L=    19 TIME_SPENT=        0.231 SEC.
TRAJECTORY DONE FOR L=    12 TIME_SPENT=        0.223 SEC.
TRAJECTORY DONE FOR L=    14 TIME_SPENT=        0.229 SEC.
TRAJECTORY DONE FOR L=    20 TIME_SPENT=        0.212 SEC.
TRAJECTORY DONE FOR L=    18 TIME_SPENT=        0.227 SEC.
TRAJECTORY DONE FOR L=    23 TIME_SPENT=        0.227 SEC.
TRAJECTORY DONE FOR L=    29 TIME_SPENT=        0.239 SEC.
TRAJECTORY DONE FOR L=    22 TIME_SPENT=        0.218 SEC.
TRAJECTORY DONE FOR L=    25 TIME_SPENT=        0.239 SEC.
TRAJECTORY DONE FOR L=    30 TIME_SPENT=        0.216 SEC.
TRAJECTORY DONE FOR L=    31 TIME_SPENT=        0.230 SEC.
TRAJECTORY DONE FOR L=    28 TIME_SPENT=        0.222 SEC.
TRAJECTORY DONE FOR L=    24 TIME_SPENT=        0.210 SEC.
TRAJECTORY DONE FOR L=    26 TIME_SPENT=        0.239 SEC.
TRAJECTORY DONE FOR L=    27 TIME_SPENT=        0.250 SEC.
TRAJECTORY DONE FOR L=    47 TIME_SPENT=        0.070 SEC.
TRAJECTORY DONE FOR L=    63 TIME_SPENT=        0.046 SEC.
TRAJECTORY DONE FOR L=    61 TIME_SPENT=        0.059 SEC.
TRAJECTORY DONE FOR L=    34 TIME_SPENT=        0.082 SEC.
TRAJECTORY DONE FOR L=    37 TIME_SPENT=        0.076 SEC.
TRAJECTORY DONE FOR L=    38 TIME_SPENT=        0.078 SEC.
TRAJECTORY DONE FOR L=    36 TIME_SPENT=        0.091 SEC.
TRAJECTORY DONE FOR L=    43 TIME_SPENT=        0.084 SEC.
WARNING: COLLISION IMPACT PARAMETER, b,  EXCEEDS RMAX FOR TRAJECTORY L = 75. THIS TRAJECTORY IS NOT PROPAGATED.
TRAJECTORY DONE FOR L=    75 TIME_SPENT=        0.000 SEC.
TRAJECTORY DONE FOR L=    42 TIME_SPENT=        0.079 SEC.
TRAJECTORY DONE FOR L=    49 TIME_SPENT=        0.079 SEC.
TRAJECTORY DONE FOR L=    62 TIME_SPENT=        0.068 SEC.
TRAJECTORY DONE FOR L=    33 TIME_SPENT=        0.082 SEC.
TRAJECTORY DONE FOR L=    55 TIME_SPENT=        0.072 SEC.
TRAJECTORY DONE FOR L=    40 TIME_SPENT=        0.079 SEC.
TRAJECTORY DONE FOR L=    48 TIME_SPENT=        0.082 SEC.
TRAJECTORY DONE FOR L=    53 TIME_SPENT=        0.081 SEC.
TRAJECTORY DONE FOR L=    41 TIME_SPENT=        0.090 SEC.
TRAJECTORY DONE FOR L=    56 TIME_SPENT=        0.066 SEC.
TRAJECTORY DONE FOR L=    44 TIME_SPENT=        0.082 SEC.
TRAJECTORY DONE FOR L=    59 TIME_SPENT=        0.064 SEC.
TRAJECTORY DONE FOR L=    57 TIME_SPENT=        0.076 SEC.
TRAJECTORY DONE FOR L=    50 TIME_SPENT=        0.081 SEC.
TRAJECTORY DONE FOR L=    52 TIME_SPENT=        0.084 SEC.
TRAJECTORY DONE FOR L=    51 TIME_SPENT=        0.089 SEC.
TRAJECTORY DONE FOR L=    54 TIME_SPENT=        0.081 SEC.
TRAJECTORY DONE FOR L=    46 TIME_SPENT=        0.090 SEC.
TRAJECTORY DONE FOR L=    35 TIME_SPENT=        0.098 SEC.
TRAJECTORY DONE FOR L=    39 TIME_SPENT=        0.097 SEC.
TRAJECTORY DONE FOR L=    60 TIME_SPENT=        0.078 SEC.
TRAJECTORY DONE FOR L=    32 TIME_SPENT=        0.094 SEC.
TRAJECTORY DONE FOR L=    45 TIME_SPENT=        0.095 SEC.
TRAJECTORY DONE FOR L=    58 TIME_SPENT=        0.078 SEC.
TRAJECTORY DONE FOR L=    74 TIME_SPENT=        0.027 SEC.
TRAJECTORY DONE FOR L=    73 TIME_SPENT=        0.029 SEC.
TRAJECTORY DONE FOR L=    72 TIME_SPENT=        0.035 SEC.
TRAJECTORY DONE FOR L=    70 TIME_SPENT=        0.041 SEC.
TRAJECTORY DONE FOR L=    68 TIME_SPENT=        0.051 SEC.
TRAJECTORY DONE FOR L=    69 TIME_SPENT=        0.052 SEC.
TRAJECTORY DONE FOR L=    66 TIME_SPENT=        0.057 SEC.
TRAJECTORY DONE FOR L=    71 TIME_SPENT=        0.037 SEC.
TRAJECTORY DONE FOR L=    65 TIME_SPENT=        0.056 SEC.
TRAJECTORY DONE FOR L=    67 TIME_SPENT=        0.045 SEC.
TRAJECTORY DONE FOR L=    64 TIME_SPENT=        0.057 SEC.
ALL TRAJECTORIES DONE FOR ENER_NUM =   1 AND M12 =    0  J12=     0
TIME IT TOOK TO PROPOGATE,s          0
 DATA FROM ALL TRAJECTORIES GATHERED
 INELASTIC CROSS SECTION CALCULATED FOR M           0
  
 CROSS SECTION CALCULATED FOR ENERGY=           1
  
 Trajectory Propagation Time:  0.470639527000003     
  
TOTAL TIME SPENT ON PROPAGATION,sec =       17
THE AVERAGE TIME PER MPI TASK SPENT ON PROPAGATION =    0  h   0   m  0.6  s
TIME SPENT ON INITIALIZATION TOOK WALL CLOCK TIME =    0  h   2   m 12.0  s
TIME SPENT ON MIJ DISTRIBUTION TOOK WALL CLOCK TIME =    0  h   2   m 11.8  s
TIME SPENT ON MIJ REALLOCATION TOOK WALL CLOCK TIME =    0  h   0   m  0.0  s
 ALL WORK DONE

real	2m15.489s
user	35m11.481s
sys	0m11.226s
