energy#1, (U= 100.000 cm^-1)
state= 1
j12= 0
m12= 0
L_ORB  B_IMPACT(a.u.)     DEFLCT_ANGLE(rad)    SCAT_PHASE(rad)       FINISH_TIME(a.u.)    ENERGY_ERROR(%)      NORM_ERROR(%)    LOOPS   OSCIL
   0   0.00000000E+00      0.31415927E+01      -0.36567793E+02        0.12150336E+06      0.73363373E-03      0.12339533E-04       0       0
   1   0.39763452E+00      0.29958454E+01      -0.33499074E+02        0.12158997E+06      0.14908800E-02      0.12222941E-04       0       0
   2   0.79526904E+00      0.28888912E+01      -0.30556706E+02        0.12176317E+06      0.99734928E-03      0.11965496E-04       0       0
   3   0.11929036E+01      0.27836647E+01      -0.27720428E+02        0.12193638E+06      0.24402176E-03      0.11603934E-04       0       0
   4   0.15905381E+01      0.26785465E+01      -0.24989322E+02        0.12219618E+06      0.52347748E-04      0.11128840E-04       0       0
   5   0.19881726E+01      0.25729859E+01      -0.22363556E+02        0.12254259E+06      0.59830238E-03      0.10552736E-04       0       0
   6   0.23858071E+01      0.24666563E+01      -0.19843735E+02        0.12288900E+06      0.64457974E-03      0.98782363E-05       0       0
   7   0.27834417E+01      0.23592893E+01      -0.17430762E+02        0.12340862E+06      0.29584418E-04      0.91467494E-05       0       0
   8   0.31810762E+01      0.22506351E+01      -0.15125800E+02        0.12392824E+06      0.79966543E-03      0.83448658E-05       0       0
   9   0.35787107E+01      0.21404317E+01      -0.12930267E+02        0.12462106E+06      0.62865600E-03      0.75149417E-05       0       0
  10   0.39763452E+01      0.20284048E+01      -0.10845848E+02        0.12531388E+06      0.14036767E-02      0.66534749E-05       0       0
  11   0.43739797E+01      0.19142448E+01      -0.88745235E+01        0.12617990E+06      0.94283994E-03      0.57951490E-05       0       0
  12   0.47716143E+01      0.17976149E+01      -0.70185936E+01        0.12704593E+06      0.92138016E-03      0.49452768E-05       0       0
  13   0.51692488E+01      0.16781227E+01      -0.52807248E+01        0.12808516E+06      0.10023950E-02      0.41334286E-05       0       0
  14   0.55668833E+01      0.15553216E+01      -0.36640027E+01        0.12929759E+06      0.87750845E-03      0.33729338E-05       0       0
  15   0.59645178E+01      0.14286929E+01      -0.21719954E+01        0.13051003E+06      0.13339034E-04      0.26721828E-05       0       0
  16   0.63621524E+01      0.12975601E+01      -0.80886885E+00        0.13198227E+06      0.81906268E-03      0.20469467E-05       0       0
  17   0.67597869E+01      0.11610594E+01       0.42044093E+00        0.13362772E+06      0.14416911E-02      0.15026188E-05       0       0
  18   0.71574214E+01      0.10182175E+01       0.15100794E+01        0.13544637E+06      0.94352578E-03      0.10493303E-05       0       0
  19   0.75550559E+01      0.86787761E+00       0.24531269E+01        0.13752483E+06      0.11691484E-02      0.68744290E-06       0       0
  20   0.79526904E+01      0.70864324E+00       0.32413874E+01        0.13986310E+06      0.67508308E-03      0.41456807E-06       0       0
  21   0.83503250E+01      0.53832372E+00       0.38648708E+01        0.14254778E+06      0.12522348E-03      0.22278017E-06       0       0
  22   0.87479595E+01      0.35427921E+00       0.43111723E+01        0.14575208E+06      0.54264492E-03      0.10148742E-06       0       0
  23   0.91455940E+01      0.15427139E+00       0.45654476E+01        0.14938938E+06      0.22871166E-03      0.36399705E-07       0       0
  24   0.95432285E+01     -0.64565433E-01       0.46103006E+01        0.15371951E+06      0.25834465E-05      0.98023145E-08       0       0
  25   0.99408631E+01     -0.29630239E+00       0.44298667E+01        0.15865585E+06      0.49281714E-03      0.40886849E-08       0       0
  26   0.10338498E+02     -0.49917939E+00       0.40321258E+01        0.16350560E+06      0.43147290E-03      0.43344439E-08       0       0
  27   0.10736132E+02     -0.54288961E+00       0.35110913E+01        0.16506444E+06      0.83551555E-05      0.33068437E-08       0       0
  28   0.11133767E+02     -0.40224850E+00       0.30385222E+01        0.16160034E+06      0.93029689E-03      0.16564972E-08       0       0
  29   0.11531401E+02     -0.25440185E+00       0.27101971E+01        0.15727021E+06      0.18768449E-03      0.69080297E-09       0       0
  30   0.11929036E+02     -0.15389878E+00       0.25060467E+01        0.15371951E+06      0.95503521E-04      0.26871838E-09       0       0
  31   0.12326670E+02     -0.90418314E-01       0.23838882E+01        0.15094823E+06      0.13456011E-02      0.10911272E-09       0       0
  32   0.12724305E+02     -0.51426905E-01       0.23129656E+01        0.14878316E+06      0.16270610E-03      0.59330318E-10       0       0
  33   0.13121939E+02     -0.28718050E-01       0.22728931E+01        0.14696451E+06      0.19146518E-04      0.50270899E-10       0       0
  34   0.13519574E+02     -0.17147308E-01       0.22499604E+01        0.14557887E+06      0.89363454E-03      0.53446136E-10       0       0
  35   0.13917208E+02     -0.13314032E-01       0.22347297E+01        0.14427983E+06      0.13267305E-02      0.55777605E-10       0       0
  36   0.14314843E+02     -0.14923282E-01       0.22206111E+01        0.14315400E+06      0.44071830E-03      0.56132876E-10       0       0
  37   0.14712477E+02     -0.20318847E-01       0.22029900E+01        0.14220137E+06      0.34184844E-03      0.54245497E-10       0       0
  38   0.15110112E+02     -0.28257821E-01       0.21787017E+01        0.14124874E+06      0.79435199E-04      0.52025051E-10       0       0
  39   0.15507746E+02     -0.37810971E-01       0.21456673E+01        0.14046932E+06      0.85534460E-03      0.50848215E-10       0       0
  40   0.15905381E+02     -0.48205437E-01       0.21026591E+01        0.13960330E+06      0.18972683E-03      0.50826010E-10       0       0
  41   0.16303015E+02     -0.58850746E-01       0.20491310E+01        0.13873727E+06      0.30913264E-03      0.51980642E-10       0       0
  42   0.16700650E+02     -0.69256068E-01       0.19850776E+01        0.13787124E+06      0.32426338E-05      0.54201088E-10       0       0
  43   0.17098284E+02     -0.79007875E-01       0.19109456E+01        0.13691862E+06      0.86973790E-03      0.56910032E-10       0       0
  44   0.17495919E+02     -0.87775170E-01       0.18275541E+01        0.13596599E+06      0.36488961E-03      0.59197092E-10       0       0
  45   0.17893553E+02     -0.95248813E-01       0.17360421E+01        0.13484016E+06      0.72689136E-03      0.61861627E-10       0       0
  46   0.18291188E+02     -0.10120293E+00       0.16378162E+01        0.13362772E+06      0.31717213E-04      0.62772010E-10       0       0
  47   0.18688823E+02     -0.10547061E+00       0.15344795E+01        0.13232868E+06      0.38053959E-03      0.62350125E-10       0       0
  48   0.19086457E+02     -0.10797115E+00       0.14277586E+01        0.13094304E+06      0.54488020E-03      0.60662586E-10       0       0
  49   0.19484092E+02     -0.10869638E+00       0.13194248E+01        0.12929759E+06      0.80123779E-03      0.57509553E-10       0       0
  50   0.19881726E+02     -0.10776711E+00       0.12111931E+01        0.12756554E+06      0.22633518E-03      0.53335114E-10       0       0
  51   0.20279361E+02     -0.10535011E+00       0.11046345E+01        0.12566029E+06      0.19833789E-03      0.48228088E-10       0       0
  52   0.20676995E+02     -0.10167389E+00       0.10011225E+01        0.12358183E+06      0.77941344E-03      0.42499337E-10       0       0
  53   0.21074630E+02     -0.97006566E-01       0.90178223E+00        0.12141676E+06      0.37345135E-03      0.37037040E-10       0       0
  54   0.21472264E+02     -0.91597597E-01       0.80748015E+00        0.11907849E+06      0.63621141E-03      0.31863401E-10       0       0
  55   0.21869899E+02     -0.85692846E-01       0.71883493E+00        0.11656702E+06      0.53054664E-05      0.26889602E-10       0       0
  56   0.22267533E+02     -0.79520890E-01       0.63622806E+00        0.11396894E+06      0.41597778E-03      0.22670754E-10       0       0
  57   0.22665168E+02     -0.73253480E-01       0.55984087E+00        0.11119766E+06      0.24123735E-03      0.18762769E-10       0       0
  58   0.23062802E+02     -0.67048567E-01       0.48968985E+00        0.10833978E+06      0.57622185E-06      0.15054624E-10       0       0
  59   0.23460437E+02     -0.61005777E-01       0.42566268E+00        0.10530869E+06      0.46553657E-03      0.12345680E-10       0       0
  60   0.23858071E+02     -0.55217654E-01       0.36755096E+00        0.10219100E+06      0.59700524E-03      0.10125234E-10       0       0
  61   0.24255706E+02     -0.49738527E-01       0.31507287E+00        0.98986704E+05      0.55451952E-03      0.79936058E-11       0       0
  62   0.24653340E+02     -0.44576352E-01       0.26791543E+00        0.95522602E+05      0.54643091E-03      0.63504757E-11       0       0
  63   0.25050975E+02     -0.39772272E-01       0.22574112E+00        0.91971898E+05      0.82456995E-03      0.49293902E-11       0       0
  64   0.25448609E+02     -0.35317505E-01       0.18819623E+00        0.88247989E+05      0.84287406E-04      0.39523940E-11       0       0
  65   0.25846244E+02     -0.31193460E-01       0.15494075E+00        0.84264272E+05      0.37642831E-03      0.29753977E-11       0       0
  66   0.26243878E+02     -0.27401766E-01       0.12564314E+00        0.80107350E+05      0.60830586E-03      0.25091040E-11       0       0
  67   0.26641513E+02     -0.23913770E-01       0.99985369E-01        0.75690620E+05      0.18810894E-04      0.17097435E-11       0       0
  68   0.27039148E+02     -0.20698177E-01       0.77679396E-01        0.70927481E+05      0.57620264E-04      0.13988810E-11       0       0
  69   0.27436782E+02     -0.17722731E-01       0.58468941E-01        0.65731328E+05      0.71110309E-04      0.99920072E-12       0       0
  70   0.27834417E+02     -0.14969855E-01       0.42122648E-01        0.60102163E+05      0.18501130E-03      0.79936058E-12       0       0
  71   0.28232051E+02     -0.12395895E-01       0.28439774E-01        0.53866780E+05      0.88370068E-04      0.64392935E-12       0       0
  72   0.28629686E+02     -0.99312917E-02       0.17276180E-01        0.46678769E+05      0.17209047E-03      0.22204460E-12       0       0
  73   0.29027320E+02     -0.74814143E-02       0.85698273E-02        0.38018515E+05      0.33822427E-03      0.33306691E-12       0       0
  74   0.29424955E+02     -0.48291202E-02       0.24145601E-02        0.26586980E+05      0.17003107E-03      0.22204460E-12       0       0
  75   0.29822589E+02      0.00000000E+00       0.00000000E+00        0.00000000E+00      0.00000000E+00      0.00000000E+00       0       0
 
