 FOR ENERGY=           1
 MAXIMUM PROBABILITY ERROR
 B_IMP  0.000000000000000E+000
 L_ORB  0.000000000000000E+000
 R_FIN   30.0073230178208     
 PHI_FIN  0.000000000000000E+000
 PROBAB_SURV  0.999999996894501     
 ERROR_ENERG  7.336337312321413E-004
 ERROR_PROBAB  1.233953292878454E-005
 STATE           1
 #NTRAJECT           1
 #NPROC           0
 
 MAXIMUM ENERGY ERROR
 B_IMP  0.562340134189620     
 L_ORB   1.00000000000000     
 R_FIN   30.0153014641804     
 PHI_FIN  0.108265393380626     
 PROBAB_SURV  0.999999996965731     
 ERROR_ENERG  1.490880022207690E-003
 ERROR_PROBAB  1.222294070402086E-005
 STATE           1
 #NTRAJECT           1
 #NPROC           1
 -------------------------
