STATE= 1
j12= 0
m12= 0
ENERGY#1, U(i)= 100.000 cm^-1
J_TOTAL  CHANNEL=     1  
    0    0.13909781E+00 
    1    0.41729344E+00 
    2    0.69548906E+00 
    3    0.97368469E+00 
    4    0.12518803E+01 
    5    0.15300759E+01 
    6    0.18082716E+01 
    7    0.20864672E+01 
    8    0.23646628E+01 
    9    0.26428585E+01 
   10    0.29210541E+01 
   11    0.31992497E+01 
   12    0.34774453E+01 
   13    0.37556410E+01 
   14    0.40338366E+01 
   15    0.43120322E+01 
   16    0.45902278E+01 
   17    0.48684235E+01 
   18    0.51466191E+01 
   19    0.54248147E+01 
   20    0.57030103E+01 
   21    0.59812060E+01 
   22    0.62594016E+01 
   23    0.65375972E+01 
   24    0.68157929E+01 
   25    0.70939885E+01 
   26    0.73721841E+01 
   27    0.76503797E+01 
   28    0.79285754E+01 
   29    0.82067710E+01 
   30    0.84849666E+01 
   31    0.87631622E+01 
   32    0.90413579E+01 
   33    0.93195535E+01 
   34    0.95977491E+01 
   35    0.98759448E+01 
   36    0.10154140E+02 
   37    0.10432336E+02 
   38    0.10710532E+02 
   39    0.10988727E+02 
   40    0.11266923E+02 
   41    0.11545119E+02 
   42    0.11823314E+02 
   43    0.12101510E+02 
   44    0.12379705E+02 
   45    0.12657901E+02 
   46    0.12936097E+02 
   47    0.13214292E+02 
   48    0.13492488E+02 
   49    0.13770684E+02 
   50    0.14048879E+02 
   51    0.14327075E+02 
   52    0.14605270E+02 
   53    0.14883466E+02 
   54    0.15161662E+02 
   55    0.15439857E+02 
   56    0.15718053E+02 
   57    0.15996249E+02 
   58    0.16274444E+02 
   59    0.16552640E+02 
   60    0.16830835E+02 
   61    0.17109031E+02 
   62    0.17387227E+02 
   63    0.17665422E+02 
   64    0.17943618E+02 
   65    0.18221814E+02 
   66    0.18500009E+02 
   67    0.18778205E+02 
   68    0.19056400E+02 
   69    0.19334596E+02 
   70    0.19612792E+02 
   71    0.19890987E+02 
   72    0.20169183E+02 
   73    0.20447379E+02 
   74    0.20725574E+02 
   75    0.21003770E+02 
