Loading openmpi-geib-cuda10.2-intel/4.0.5
  Loading requirement: hpcx/2.10 intel/psxe/intel64/2020.4
    cuda10.2/toolkit/10.2.89 ucx/1.14.1
MQCT paths: /mmfs1/home/8101lukmani/pure-MQCT/EXAMPLES_IO/SYS_TYPE_0/H2O_H2O/MQCT_PATHS.txt -> /mmfs1/home/8101lukmani/pure-MQCT/bin/mqct_H2OH2O.exe
 MPI INITIALIZED
 PARSERING OF USER INPUT
 rows in Input          78
 ARRAY_INI_STARTED
 STATES_SIZE_FOUND          81
 number_of_channels           9
 jmax_included           2
 BASIS ARRAYS CREATED
ARRAYS ALLOCATION TOOK TIME, s =             0.000
 TOTAL_SIZE_OF_M =          594
THE SIZE OF THE Mij COMPUTED BY EACH PROCESSOR= 594
 MATRIX_INI_STARTED
 COMPUTING MATRIX ELEMENTS STARTED
proc_id =     0, Progress =     0%, Time(sec.) =        0.000
 USER TERM FILE IS BEING READ 
 TERMS ARE BEING READ
 TERMS HAVE BEEN READ
 TERM MATRIX CREATED 
Truncation #1 at #R = 20, R = 6.000, and #2 at #R = 29, R = 8.090
proc_id =     0, Progress =     9%, Time(sec.) =        0.027
proc_id =     0, Progress =    19%, Time(sec.) =        0.032
proc_id =     0, Progress =    29%, Time(sec.) =        0.037
proc_id =     0, Progress =    39%, Time(sec.) =        0.048
proc_id =     0, Progress =    49%, Time(sec.) =        0.060
proc_id =     0, Progress =    59%, Time(sec.) =        0.078
proc_id =     0, Progress =    69%, Time(sec.) =        0.103
proc_id =     0, Progress =    79%, Time(sec.) =        0.129
proc_id =     0, Progress =    89%, Time(sec.) =        0.156
proc_id =     0, Progress =    99%, Time(sec.) =        0.188
proc_id =     0, Progress =   100%, Time(sec.) =        0.189
 SPLINING OF Mij STARTED
 SPLINING OF Mij FINISHED
 TERMS ARE BEING READ
 TERMS HAVE BEEN READ
 SYSTEM_SETUP_DONE
MATRIX HAS BEEN SAVED INTO THE FILE  "   MTRX.DAT "
 MPI TASK PER TRAJECTORY WILL BE USED
MPI TASKS WHICH ARE ASSOCIATED WITH ONE TRAJECTORY =     1
 Mij ROOT PROC DISTRIBUTION STARTED
 Mij ROOT PROC DISTRIBUTION DONE
 Mij ALL PROC DISTRIBUTION STARTED
 Mij ALL PROC DISTRIBUTION DONE
 MPI_COMMUNICATORS_CREATION STARTED
 MPI_COMMUNICATORS_CREATION DONE
TIME SPENT ON MATRIX Mij READING/COMPUTING/SAVING ON DISK ,s       0.8
        TIME SPENT ON MATRIX Mij SAVING ON DISK ,s       0.6
  
 SCATTERING CALCULATIONS STARTED
 NUMBER OF TRAJECTORIES PER PROC_GROUP          50
 TOTAL NUMBER OF TRAJECTORIES          50
TIME IT TOOK TO SETUP ARRAYS, s     0
 MONTE_CARLO INTEGRATION IS USED
 MONTE_CARLO COVERAGE      19.231%
rm: cannot remove 'MC_TRAJ_DATA/E_500/MC_InitialCond.dat': No such file or directory
 New #trajectories per PROC_GROUP =           50
TRAJECTORY DONE FOR J12 =     0, M12 =     0, L =      87, TIME_SPENT =      0.626 SEC.
TRAJECTORY DONE FOR J12 =     0, M12 =     0, L =      50, TIME_SPENT =      0.560 SEC.
TRAJECTORY DONE FOR J12 =     0, M12 =     0, L =      45, TIME_SPENT =      0.538 SEC.
TRAJECTORY DONE FOR J12 =     0, M12 =     0, L =       5, TIME_SPENT =      0.506 SEC.
TRAJECTORY DONE FOR J12 =     0, M12 =     0, L =      95, TIME_SPENT =      0.599 SEC.
TRAJECTORY DONE FOR J12 =     0, M12 =     0, L =     110, TIME_SPENT =      0.534 SEC.
TRAJECTORY DONE FOR J12 =     0, M12 =     0, L =     213, TIME_SPENT =      0.323 SEC.
TRAJECTORY DONE FOR J12 =     0, M12 =     0, L =      66, TIME_SPENT =      0.535 SEC.
TRAJECTORY DONE FOR J12 =     0, M12 =     0, L =     227, TIME_SPENT =      0.272 SEC.
TRAJECTORY DONE FOR J12 =     0, M12 =     0, L =     247, TIME_SPENT =      0.174 SEC.
TRAJECTORY DONE FOR J12 =     0, M12 =     0, L =     205, TIME_SPENT =      0.345 SEC.
TRAJECTORY DONE FOR J12 =     0, M12 =     0, L =      63, TIME_SPENT =      0.519 SEC.
TRAJECTORY DONE FOR J12 =     0, M12 =     0, L =     191, TIME_SPENT =      0.362 SEC.
TRAJECTORY DONE FOR J12 =     0, M12 =     0, L =     249, TIME_SPENT =      0.140 SEC.
TRAJECTORY DONE FOR J12 =     0, M12 =     0, L =     132, TIME_SPENT =      0.447 SEC.
TRAJECTORY DONE FOR J12 =     0, M12 =     0, L =     200, TIME_SPENT =      0.347 SEC.
TRAJECTORY DONE FOR J12 =     0, M12 =     0, L =     123, TIME_SPENT =      0.486 SEC.
TRAJECTORY DONE FOR J12 =     0, M12 =     0, L =       4, TIME_SPENT =      0.443 SEC.
TRAJECTORY DONE FOR J12 =     0, M12 =     0, L =     176, TIME_SPENT =      0.396 SEC.
TRAJECTORY DONE FOR J12 =     0, M12 =     0, L =     190, TIME_SPENT =      0.366 SEC.
TRAJECTORY DONE FOR J12 =     0, M12 =     0, L =     113, TIME_SPENT =      0.495 SEC.
TRAJECTORY DONE FOR J12 =     0, M12 =     0, L =      94, TIME_SPENT =      0.523 SEC.
TRAJECTORY DONE FOR J12 =     0, M12 =     0, L =     121, TIME_SPENT =      0.470 SEC.
TRAJECTORY DONE FOR J12 =     0, M12 =     0, L =     244, TIME_SPENT =      0.174 SEC.
TRAJECTORY DONE FOR J12 =     0, M12 =     0, L =     151, TIME_SPENT =      0.413 SEC.
TRAJECTORY DONE FOR J12 =     0, M12 =     0, L =     170, TIME_SPENT =      0.385 SEC.
TRAJECTORY DONE FOR J12 =     0, M12 =     0, L =      14, TIME_SPENT =      0.417 SEC.
TRAJECTORY DONE FOR J12 =     0, M12 =     0, L =     226, TIME_SPENT =      0.250 SEC.
TRAJECTORY DONE FOR J12 =     0, M12 =     0, L =      99, TIME_SPENT =      0.494 SEC.
TRAJECTORY DONE FOR J12 =     0, M12 =     0, L =     188, TIME_SPENT =      0.348 SEC.
TRAJECTORY DONE FOR J12 =     0, M12 =     0, L =      41, TIME_SPENT =      0.432 SEC.
TRAJECTORY DONE FOR J12 =     0, M12 =     0, L =     233, TIME_SPENT =      0.222 SEC.
TRAJECTORY DONE FOR J12 =     0, M12 =     0, L =     120, TIME_SPENT =      0.456 SEC.
TRAJECTORY DONE FOR J12 =     0, M12 =     0, L =     116, TIME_SPENT =      0.528 SEC.
TRAJECTORY DONE FOR J12 =     0, M12 =     0, L =     187, TIME_SPENT =      0.427 SEC.
TRAJECTORY DONE FOR J12 =     0, M12 =     0, L =     165, TIME_SPENT =      0.469 SEC.
TRAJECTORY DONE FOR J12 =     0, M12 =     0, L =     220, TIME_SPENT =      0.321 SEC.
TRAJECTORY DONE FOR J12 =     0, M12 =     0, L =      34, TIME_SPENT =      0.489 SEC.
TRAJECTORY DONE FOR J12 =     0, M12 =     0, L =      49, TIME_SPENT =      0.472 SEC.
TRAJECTORY DONE FOR J12 =     0, M12 =     0, L =     217, TIME_SPENT =      0.295 SEC.
TRAJECTORY DONE FOR J12 =     0, M12 =     0, L =      98, TIME_SPENT =      0.530 SEC.
TRAJECTORY DONE FOR J12 =     0, M12 =     0, L =     222, TIME_SPENT =      0.281 SEC.
TRAJECTORY DONE FOR J12 =     0, M12 =     0, L =     230, TIME_SPENT =      0.251 SEC.
TRAJECTORY DONE FOR J12 =     0, M12 =     0, L =     212, TIME_SPENT =      0.313 SEC.
TRAJECTORY DONE FOR J12 =     0, M12 =     0, L =      43, TIME_SPENT =      0.466 SEC.
TRAJECTORY DONE FOR J12 =     0, M12 =     0, L =     141, TIME_SPENT =      0.422 SEC.
TRAJECTORY DONE FOR J12 =     0, M12 =     0, L =      90, TIME_SPENT =      0.536 SEC.
TRAJECTORY DONE FOR J12 =     0, M12 =     0, L =     118, TIME_SPENT =      0.482 SEC.
TRAJECTORY DONE FOR J12 =     0, M12 =     0, L =     104, TIME_SPENT =      0.506 SEC.
TRAJECTORY DONE FOR J12 =     0, M12 =     0, L =     210, TIME_SPENT =      0.310 SEC.
MONTE CARLO INTEGRATION DONE FOR ENER_NUM =   1
 DATA FROM ALL TRAJECTORIES GATHERED
MAXIMUM STAT ERROR ESTIMATE,%       5.18
 CROSS SECTION CALCULATED FOR ENERGY=           1
  
 Trajectory Propagation Time:   20.7427355440000     
  
TOTAL TIME SPENT ON PROPAGATION,sec =       20
THE AVERAGE TIME PER MPI TASK SPENT ON PROPAGATION =    0  h   0   m 20.7  s
TIME SPENT ON INITIALIZATION TOOK WALL CLOCK TIME =    0  h   0   m  0.8  s
TIME SPENT ON MIJ DISTRIBUTION TOOK WALL CLOCK TIME =    0  h   0   m  0.8  s
TIME SPENT ON MIJ REALLOCATION TOOK WALL CLOCK TIME =    0  h   0   m  0.0  s
 ALL WORK DONE

real	0m22.073s
user	0m20.987s
sys	0m0.632s
