Evolution of average Monte Carlo cross-section (in Angstrom^2) for each inelastic channel during the trajectories sampling procedure.
Traj#          Ch#1                 Ch#2                 Ch#3                 Ch#4                 Ch#5                 Ch#6                 Ch#7                 Ch#8                 Ch#9
    1   0.829914809383E+03   0.144369233984E-01   0.235970550914E+00   0.153028249567E-01   0.386796334012E+01   0.579735751952E-02   0.234518282253E+00   0.165049633660E-01   0.115946472854E-02
    2   0.940201632904E+03   0.745775856017E-02   0.311844611170E+00   0.786552935241E-02   0.352016739074E+01   0.335089692002E-02   0.313637964945E+00   0.173842417013E-01   0.108481322815E-02
    3   0.114919297185E+04   0.497438461646E-02   0.214500346766E+00   0.533520825699E-02   0.459941773760E+01   0.223949884786E-02   0.215196853973E+00   0.140743850748E-01   0.159972578641E-02
    4   0.117136887359E+04   0.374838384057E-02   0.211181910391E+00   0.400543349759E-02   0.483589523758E+01   0.179850585983E-02   0.211906767176E+00   0.143140718028E-01   0.134155373903E-02
    5   0.112176779854E+04   0.399077318195E-02   0.246070270034E+00   0.384800471025E-02   0.426455609078E+01   0.181451110033E-02   0.247600437998E+00   0.150130304709E-01   0.118858033929E-02
    6   0.100951868159E+04   0.104963967180E+02   0.218566199053E+00   0.987254208949E+01   0.380948626148E+01   0.554447352308E-01   0.236161897834E+00   0.608461566296E-01   0.279592256867E-01
    7   0.922870255093E+03   0.101292202601E+02   0.213529098746E+00   0.100967276831E+02   0.334749978730E+01   0.694664215956E-01   0.258784998057E+00   0.739029554668E-01   0.524470779464E-01
    9   0.929552890708E+03   0.787882805337E+01   0.254852892091E+00   0.785364469188E+01   0.324423505691E+01   0.543554118284E-01   0.291395845079E+00   0.603168028450E-01   0.409351469664E-01
   10   0.962972835088E+03   0.709095029765E+01   0.248297049339E+00   0.706828193305E+01   0.334642125687E+01   0.489646282024E-01   0.281192775789E+00   0.562036604927E-01   0.369275739838E-01
   11   0.101783074764E+04   0.644631975050E+01   0.227902510762E+00   0.642573177510E+01   0.320120055657E+01   0.445153352837E-01   0.257668964645E+00   0.544177269769E-01   0.336682569798E-01
   12   0.933548905245E+03   0.625187771273E+01   0.237115229345E+00   0.618834699046E+01   0.294832299757E+01   0.449487014034E-01   0.254568731356E+00   0.513017501733E-01   0.310613306810E-01
   13   0.959443018839E+03   0.577096760873E+01   0.233250916120E+00   0.571232165235E+01   0.302806896658E+01   0.415248821114E-01   0.249353996208E+00   0.489808016634E-01   0.287432882149E-01
   14   0.936869366119E+03   0.596298251046E+01   0.246375433479E+00   0.589698158804E+01   0.290999692382E+01   0.437250428023E-01   0.264288062562E+00   0.506707265077E-01   0.300572218908E-01
   15   0.896658784821E+03   0.692986272650E+01   0.254992656601E+00   0.713632943208E+01   0.275101373098E+01   0.451431070001E-01   0.265609555325E+00   0.573823839001E-01   0.422203198054E-01
   17   0.958318337165E+03   0.611458703228E+01   0.237567366651E+00   0.629676864843E+01   0.316234714962E+01   0.398560712284E-01   0.246596106077E+00   0.544065116384E-01   0.373756131339E-01
   18   0.986431005877E+03   0.577488884444E+01   0.228947916658E+00   0.594695095656E+01   0.329678190230E+01   0.376504302508E-01   0.237341695758E+00   0.525765232827E-01   0.353457530043E-01
   21   0.957108982217E+03   0.495969734712E+01   0.223781072891E+00   0.511542197996E+01   0.334239640259E+01   0.339497202274E-01   0.230940977788E+00   0.479827989535E-01   0.306539910472E-01
   22   0.936476326152E+03   0.676893302479E+01   0.219703107560E+00   0.680988243723E+01   0.325566644937E+01   0.440011658055E-01   0.230299889860E+00   0.537424989874E-01   0.354930348907E-01
   24   0.858544124914E+03   0.627349861457E+01   0.207033279393E+00   0.630189023709E+01   0.298714301640E+01   0.411666551816E-01   0.214791487080E+00   0.495453733923E-01   0.325747722399E-01
   25   0.864475392150E+03   0.602259039548E+01   0.214572724884E+00   0.604986292718E+01   0.302609799497E+01   0.395633672289E-01   0.222277010937E+00   0.480433520817E-01   0.313074282201E-01
   26   0.873784823021E+03   0.579096436881E+01   0.220064603007E+00   0.581717956579E+01   0.299829487045E+01   0.380702064094E-01   0.227590129333E+00   0.469548974134E-01   0.301430167838E-01
   27   0.846714965500E+03   0.693675583863E+01   0.283503483792E+00   0.713146263391E+01   0.295339157488E+01   0.467316850419E-01   0.244433162672E+00   0.542727762221E-01   0.327624298274E-01
   28   0.870318021003E+03   0.668901545889E+01   0.275925263305E+00   0.687677137040E+01   0.303264866526E+01   0.450662189385E-01   0.238134292577E+00   0.534658774514E-01   0.316747256590E-01
   29   0.842056770932E+03   0.747820576753E+01   0.352345937912E+00   0.769077675862E+01   0.297406126203E+01   0.537192933047E-01   0.278230217858E+00   0.574825664119E-01   0.315706469337E-01
   30   0.852442080225E+03   0.722893890737E+01   0.350517969070E+00   0.743441865797E+01   0.301212404735E+01   0.519495486318E-01   0.278948379189E+00   0.562478997548E-01   0.305423856708E-01
   31   0.867124503175E+03   0.699574820498E+01   0.344756644530E+00   0.719459966666E+01   0.302200910749E+01   0.502856877941E-01   0.275462450142E+00   0.554691732831E-01   0.295977702734E-01
   32   0.879920057554E+03   0.677713239973E+01   0.339751364590E+00   0.696976900347E+01   0.304358949534E+01   0.487276787474E-01   0.272613928038E+00   0.544744161991E-01   0.287041280392E-01
   33   0.896491858995E+03   0.657176534542E+01   0.332579894881E+00   0.675856590794E+01   0.314352935988E+01   0.472569715040E-01   0.267392167993E+00   0.537057015061E-01   0.278649917635E-01
   34   0.904562491245E+03   0.637848291847E+01   0.330779840895E+00   0.655978528824E+01   0.320280875764E+01   0.458842129843E-01   0.267572431212E+00   0.527468220417E-01   0.270612548445E-01
   35   0.898270468639E+03   0.629939753663E+01   0.331742125605E+00   0.645461249968E+01   0.316372056097E+01   0.458723127518E-01   0.271398245077E+00   0.527449824969E-01   0.268958519719E-01
   36   0.873640909947E+03   0.632926866997E+01   0.339469510849E+00   0.645511411935E+01   0.308412338184E+01   0.470615827681E-01   0.274818907480E+00   0.521394449806E-01   0.262696571277E-01
   37   0.871787326475E+03   0.615872539301E+01   0.335499073041E+00   0.628201923447E+01   0.311651130957E+01   0.460104339861E-01   0.272545197054E+00   0.512019743910E-01   0.256056216488E-01
   38   0.876158709715E+03   0.599666779872E+01   0.336953067478E+00   0.611671845830E+01   0.312664323175E+01   0.448246102564E-01   0.275800702744E+00   0.502911475221E-01   0.249577404847E-01
   39   0.877825372606E+03   0.584299034986E+01   0.338456049601E+00   0.595995949413E+01   0.310990696822E+01   0.437163544767E-01   0.279013141226E+00   0.493759984449E-01   0.243333209061E-01
   40   0.857843555510E+03   0.663663061672E+01   0.401445003378E+00   0.685506483476E+01   0.308105640464E+01   0.505316553405E-01   0.304616425800E+00   0.540190414242E-01   0.251632237039E-01
   41   0.842030901193E+03   0.740106716329E+01   0.422243775629E+00   0.787690901249E+01   0.303044207394E+01   0.522175897258E-01   0.302745141721E+00   0.558663774308E-01   0.284642454459E-01
   42   0.823330245682E+03   0.798619538250E+01   0.475497193757E+00   0.849398520451E+01   0.299406657609E+01   0.582771712550E-01   0.329752482682E+00   0.590567643264E-01   0.286100305437E-01
   43   0.819740091963E+03   0.791896537183E+01   0.473641897217E+00   0.840149755101E+01   0.296302287998E+01   0.581654666694E-01   0.332251941340E+00   0.592861219481E-01   0.286189660687E-01
   44   0.825556512679E+03   0.773899785940E+01   0.471478739772E+00   0.821055939698E+01   0.295305806794E+01   0.568622947016E-01   0.333394707905E+00   0.583974985715E-01   0.279922205140E-01
   45   0.808276499552E+03   0.819579226391E+01   0.514231831432E+00   0.866803293993E+01   0.291522901380E+01   0.620232962038E-01   0.356408804154E+00   0.606311276957E-01   0.279482145131E-01
   46   0.793654516628E+03   0.882666129429E+01   0.547600686242E+00   0.938462850094E+01   0.289229329085E+01   0.667556850883E-01   0.364658895787E+00   0.647396666457E-01   0.294389097174E-01
   47   0.801435975944E+03   0.863886395653E+01   0.542095205301E+00   0.918495620245E+01   0.292556642044E+01   0.653483659650E-01   0.363093586482E+00   0.638020451766E-01   0.288265852551E-01
   48   0.802161383825E+03   0.845918960971E+01   0.536019074411E+00   0.899382724103E+01   0.294030633599E+01   0.640977354133E-01   0.360722581636E+00   0.628251352682E-01   0.282479327583E-01
   49   0.806089654410E+03   0.828657305161E+01   0.533180955004E+00   0.881031123221E+01   0.296014143153E+01   0.628130905248E-01   0.361596575607E+00   0.617642664991E-01   0.276885440874E-01
   50   0.815752120291E+03   0.812084229951E+01   0.526115971039E+00   0.863410543593E+01   0.296781282942E+01   0.615649731819E-01   0.357951182057E+00   0.610991033458E-01   0.271573804381E-01
   52   0.785615048880E+03   0.857448546490E+01   0.570684627900E+00   0.902114001099E+01   0.288502158756E+01   0.678129518111E-01   0.383980429001E+00   0.625018022534E-01   0.266555427166E-01
   55   0.777334496249E+03   0.865313318954E+01   0.561972292849E+00   0.907238429238E+01   0.281043928931E+01   0.684227066641E-01   0.387671944207E+00   0.628080358798E-01   0.282164450528E-01
   56   0.787954949537E+03   0.849861325720E+01   0.554311442318E+00   0.891037844052E+01   0.286733301030E+01   0.672058261616E-01   0.383078593213E+00   0.619674221948E-01   0.277360975508E-01
   57   0.779554062754E+03   0.873459839300E+01   0.551204264932E+00   0.926412376154E+01   0.282565753591E+01   0.672235223605E-01   0.381018197813E+00   0.637909147807E-01   0.310815904207E-01
   58   0.772882807623E+03   0.875293957820E+01   0.546543936525E+00   0.933761160250E+01   0.278698570647E+01   0.684092135580E-01   0.382016016628E+00   0.653599613562E-01   0.339831801151E-01
