Loading openmpi-geib-cuda10.2-intel/4.0.5
  Loading requirement: hpcx/2.10 cuda10.2/toolkit/10.2.89
MQCT paths: /mmfs1/home/8101lukmani/pure-MQCT/EXAMPLES_IO/SYS_TYPE_4/H2O_He/MQCT_PATHS.txt -> /mmfs1/home/8101lukmani/pure-MQCT/bin/mqct_H2O_He.exe
 MPI INITIALIZED
 PARSERING OF USER INPUT
 
 
 
 
 
 
 
 
 
 
 
 
 
 
 
 
 
 
 
 
 
 
 
 ARRAY_INI_STARTED
 STATES_SIZE_FOUND           4
 number_of_channels           2
 jmax_included           1
 BASIS ARRAYS CREATED
ARRAYS ALLOCATION TOOK TIME, s =             0.000
 TOTAL_SIZE_OF_M =            5
  MAKING AN EQUIDIST GRID	
 
 
 
 
 
 
 
 
 EXPANSION WILL BE COMPUTED
  USER DEFINED EXPANSION TERMS WILL BE COMPUTED
 THE GRID INI
 Using Equidistant Grid for Angle Gamma
 
 GAUSS-LEGENDRE GRID DONE
 EXPANSION TERMS COMPUTING STARTED
 PROGRESS WILL BE PRINTED INTO PROGRESS_EXPAN.tmp FILE
 TERMS HAVE BEEN COMPUTED
 TIME TOOK TO COMPUTE EXPANSION TERMS =    4.55302003200000      SEC
 EXPANSION HAS BEEN COMPUTED,PROGRAM HAS BEEN STOPED
--------------------------------------------------------------------------
mpirun has exited due to process rank 5 with PID 2883716 on
node raj-cn38 exiting improperly. There are three reasons this could occur:

1. this process did not call "init" before exiting, but others in
the job did. This can cause a job to hang indefinitely while it waits
for all processes to call "init". By rule, if one process calls "init",
then ALL processes must call "init" prior to termination.

2. this process called "init", but exited without calling "finalize".
By rule, all processes that call "init" MUST call "finalize" prior to
exiting or it will be considered an "abnormal termination"

3. this process called "MPI_Abort" or "orte_abort" and the mca parameter
orte_create_session_dirs is set to false. In this case, the run-time cannot
detect that the abort call was an abnormal termination. Hence, the only
error message you will receive is this one.

This may have caused other processes in the application to be
terminated by signals sent by mpirun (as reported here).

You can avoid this message by specifying -quiet on the mpirun command line.
--------------------------------------------------------------------------

real	0m7.420s
user	0m9.352s
sys	0m0.670s
