MQCT paths: /mmfs1/home/8101lukmani/pure-MQCT/EXAMPLES_IO/SYS_TYPE_6/CO_H2/MQCT_PATHS.txt -> /mmfs1/home/8101lukmani/pure-MQCT/bin/mqct_COH2.exe
 MPI INITIALIZED
 PARSERING OF USER INPUT
 Molecule #1
 Equilibrium bond distance is not specified in the input
 Equilibrium bond distance:   2.13693044538053      a.u.
 Molecule #2
 Equilibrium bond distance is not specified in the input
 Equilibrium bond distance:   1.42463058904386      a.u.
 ARRAY_INI_STARTED
 STATES_SIZE_FOUND           8
 number_of_channels           4
 jmax_included           1
 BASIS ARRAYS CREATED
ARRAYS ALLOCATION TOOK TIME, s =             0.000
 TOTAL_SIZE_OF_M =           16
 NUMBER OF CPUS > SIZE OF Mij
 Matrix Info Reading Started
 Current size of the non-zero Matrix =           16
 MPI TASK PER TRAJECTORY WILL BE USED
MPI TASKS WHICH ARE ASSOCIATED WITH ONE TRAJECTORY =     1
 Mij ROOT PROC DISTRIBUTION STARTED
 Parallel Matrix Reading Started
 Matrix Reading Finished  7.028558299999998E-002
 Mij_Splining_Started
 Mij_Splining_finished
 Mij ROOT PROC DISTRIBUTION DONE
 Mij ALL PROC DISTRIBUTION STARTED
 Mij ALL PROC DISTRIBUTION DONE
 MPI_COMMUNICATORS_CREATION STARTED
 MPI_COMMUNICATORS_CREATION DONE
  
 SCATTERING CALCULATIONS STARTED
 NUMBER OF TRAJECTORIES PER PROC_GROUP MIN           1
TOTAL J RANGE: FROM    0 TO  139
TOTAL L RANGE: FROM    0 TO  139
l_range1/2/3 =      0     0     0  total =     47
 NUMBER OF TRAJECTORIES PER PROC_GROUP MAX           2
 TOTAL NUMBER OF TRAJECTORIES          47
TIME IT TOOK TO SETUP ARRAYS, s     0
CALCULATIONS START FOR M =    0
TRAJECTORY DONE FOR L=    94 TIME_SPENT=        0.110 SEC.
TRAJECTORY DONE FOR L=    91 TIME_SPENT=        0.113 SEC.
TRAJECTORY DONE FOR L=    10 TIME_SPENT=        0.203 SEC.
TRAJECTORY DONE FOR L=     4 TIME_SPENT=        0.206 SEC.
TRAJECTORY DONE FOR L=     7 TIME_SPENT=        0.208 SEC.
TRAJECTORY DONE FOR L=     1 TIME_SPENT=        0.212 SEC.
TRAJECTORY DONE FOR L=    16 TIME_SPENT=        0.216 SEC.
TRAJECTORY DONE FOR L=    22 TIME_SPENT=        0.219 SEC.
TRAJECTORY DONE FOR L=    82 TIME_SPENT=        0.221 SEC.
TRAJECTORY DONE FOR L=    88 TIME_SPENT=        0.223 SEC.
TRAJECTORY DONE FOR L=    13 TIME_SPENT=        0.223 SEC.
TRAJECTORY DONE FOR L=    25 TIME_SPENT=        0.223 SEC.
TRAJECTORY DONE FOR L=    85 TIME_SPENT=        0.224 SEC.
TRAJECTORY DONE FOR L=    19 TIME_SPENT=        0.224 SEC.
TRAJECTORY DONE FOR L=    79 TIME_SPENT=        0.230 SEC.
TRAJECTORY DONE FOR L=    76 TIME_SPENT=        0.237 SEC.
TRAJECTORY DONE FOR L=    28 TIME_SPENT=        0.237 SEC.
TRAJECTORY DONE FOR L=    31 TIME_SPENT=        0.238 SEC.
TRAJECTORY DONE FOR L=    70 TIME_SPENT=        0.241 SEC.
TRAJECTORY DONE FOR L=    73 TIME_SPENT=        0.242 SEC.
TRAJECTORY DONE FOR L=    34 TIME_SPENT=        0.242 SEC.
TRAJECTORY DONE FOR L=    67 TIME_SPENT=        0.247 SEC.
TRAJECTORY DONE FOR L=    37 TIME_SPENT=        0.250 SEC.
TRAJECTORY DONE FOR L=    64 TIME_SPENT=        0.252 SEC.
TRAJECTORY DONE FOR L=    61 TIME_SPENT=        0.254 SEC.
TRAJECTORY DONE FOR L=    52 TIME_SPENT=        0.256 SEC.
TRAJECTORY DONE FOR L=    43 TIME_SPENT=        0.257 SEC.
TRAJECTORY DONE FOR L=    55 TIME_SPENT=        0.258 SEC.
TRAJECTORY DONE FOR L=    40 TIME_SPENT=        0.258 SEC.
TRAJECTORY DONE FOR L=    58 TIME_SPENT=        0.259 SEC.
TRAJECTORY DONE FOR L=    49 TIME_SPENT=        0.270 SEC.
TRAJECTORY DONE FOR L=    46 TIME_SPENT=        0.274 SEC.
TRAJECTORY DONE FOR L=   127 TIME_SPENT=        0.139 SEC.
TRAJECTORY DONE FOR L=   121 TIME_SPENT=        0.155 SEC.
TRAJECTORY DONE FOR L=   139 TIME_SPENT=        0.121 SEC.
TRAJECTORY DONE FOR L=   115 TIME_SPENT=        0.157 SEC.
TRAJECTORY DONE FOR L=   109 TIME_SPENT=        0.163 SEC.
TRAJECTORY DONE FOR L=   103 TIME_SPENT=        0.177 SEC.
TRAJECTORY DONE FOR L=    97 TIME_SPENT=        0.180 SEC.
TRAJECTORY DONE FOR L=   106 TIME_SPENT=        0.205 SEC.
TRAJECTORY DONE FOR L=   133 TIME_SPENT=        0.159 SEC.
TRAJECTORY DONE FOR L=   118 TIME_SPENT=        0.197 SEC.
TRAJECTORY DONE FOR L=   112 TIME_SPENT=        0.201 SEC.
TRAJECTORY DONE FOR L=   124 TIME_SPENT=        0.185 SEC.
TRAJECTORY DONE FOR L=   136 TIME_SPENT=        0.166 SEC.
TRAJECTORY DONE FOR L=   100 TIME_SPENT=        0.217 SEC.
TRAJECTORY DONE FOR L=   130 TIME_SPENT=        0.181 SEC.
ALL TRAJECTORIES DONE FOR ENER_NUM =   1 AND M12 =    0  J12=     0
TIME IT TOOK TO PROPOGATE,s          0
 DATA FROM ALL TRAJECTORIES GATHERED
 INELASTIC CROSS SECTION CALCULATED FOR M           0
  
 CROSS SECTION CALCULATED FOR ENERGY=           1
  
 Trajectory Propagation Time:  0.494958968000000     
  
TOTAL TIME SPENT ON PROPAGATION,sec =       16
THE AVERAGE TIME PER MPI TASK SPENT ON PROPAGATION =    0  h   0   m  0.5  s
TIME SPENT ON INITIALIZATION TOOK WALL CLOCK TIME =    0  h   0   m  0.2  s
TIME SPENT ON MIJ.DAT READING TOOK WALL CLOCK TIME =    0  h   0   m  0.1  s
TIME SPENT ON MIJ DISTRIBUTION TOOK WALL CLOCK TIME =    0  h   0   m  0.1  s
TIME SPENT ON MIJ REALLOCATION TOOK WALL CLOCK TIME =    0  h   0   m  0.0  s
 ALL WORK DONE

real	0m2.508s
user	0m24.283s
sys	0m8.638s
