energy#1, (U= 1000.000 cm^-1)
state= 1
j12= 0
m12= 0
L_ORB  B_IMPACT(a.u.)     DEFLCT_ANGLE(rad)    SCAT_PHASE(rad)       FINISH_TIME(a.u.)    ENERGY_ERROR(%)      NORM_ERROR(%)    LOOPS   OSCIL
   1   0.17893078E+00      0.30398510E+01      -0.47986411E+02        0.30376693E+05      0.55878535E-08      0.47304776E-06       0       0
   4   0.71572311E+00      0.28194318E+01      -0.39197487E+02        0.30415034E+05      0.71969892E-06      0.45578923E-06       0       0
   7   0.12525154E+01      0.26010759E+01      -0.31066725E+02        0.30497192E+05      0.84736441E-06      0.42244905E-06       0       0
  10   0.17893078E+01      0.23809680E+01      -0.23593659E+02        0.30617691E+05      0.18387011E-06      0.37555825E-06       0       0
  13   0.23261001E+01      0.21578128E+01      -0.16785488E+02        0.30787485E+05      0.37347081E-06      0.31874074E-06       0       0
  16   0.28628925E+01      0.19304171E+01      -0.10653143E+02        0.31001097E+05      0.58941824E-06      0.25657865E-06       0       0
  19   0.33996848E+01      0.16974759E+01      -0.52113039E+01        0.31269481E+05      0.84505166E-06      0.19418596E-06       0       0
  22   0.39364771E+01      0.14575381E+01      -0.47878296E+00        0.31598114E+05      0.97653554E-07      0.13649384E-06       0       0
  25   0.44732695E+01      0.12088520E+01       0.35208022E+01        0.31992475E+05      0.67919838E-06      0.87495344E-07       0       0
  28   0.50100618E+01      0.94945922E+00       0.67582690E+01        0.32468993E+05      0.12476989E-06      0.49773030E-07       0       0
  31   0.55468541E+01      0.67713190E+00       0.91981557E+01        0.33033147E+05      0.51677813E-07      0.23989322E-07       0       0
  34   0.60836465E+01      0.39003476E+00       0.10798906E+02        0.33717801E+05      0.24129492E-06      0.90204066E-08       0       0
  37   0.66204388E+01      0.88310504E-01       0.11516424E+02        0.34528430E+05      0.61751996E-06      0.22308155E-08       0       0
  40   0.71572311E+01     -0.21989609E+00       0.11319045E+02        0.35481467E+05      0.36365669E-06      0.48655524E-09       0       0
  43   0.76940235E+01     -0.49974324E+00       0.10239586E+02        0.36500231E+05      0.16044372E-07      0.48799853E-09       0       0
  46   0.82308158E+01     -0.65926515E+00       0.85010736E+01        0.37283474E+05      0.29431833E-06      0.28965719E-09       0       0
  49   0.87676081E+01     -0.62148847E+00       0.65799432E+01        0.37376587E+05      0.24880448E-06      0.21809221E-09       0       0
  52   0.93044005E+01     -0.48300590E+00       0.49232016E+01        0.36916500E+05      0.18555040E-06      0.11954882E-09       0       0
  55   0.98411928E+01     -0.35396695E+00       0.36677423E+01        0.36324960E+05      0.13596710E-06      0.59197092E-10       0       0
  58   0.10377985E+02     -0.25831651E+00       0.27493171E+01        0.35755329E+05      0.75908482E-07      0.28954616E-10       0       0
  61   0.10914777E+02     -0.19030733E+00       0.20763814E+01        0.35240469E+05      0.39095558E-07      0.14699353E-10       0       0
  64   0.11451570E+02     -0.14175935E+00       0.15782813E+01        0.34769428E+05      0.51916569E-06      0.81268325E-11       0       0
  67   0.11988362E+02     -0.10661733E+00       0.12057163E+01        0.34325773E+05      0.21079463E-06      0.35749181E-11       0       0
  70   0.12525154E+02     -0.80807197E-01       0.92457949E+00        0.33904026E+05      0.22729081E-06      0.21760371E-11       0       0
  73   0.13061947E+02     -0.61614104E-01       0.71094754E+00        0.33487757E+05      0.23306625E-06      0.11324275E-11       0       0
  76   0.13598739E+02     -0.47196048E-01       0.54773231E+00        0.33076965E+05      0.11967084E-06      0.77715612E-12       0       0
  79   0.14135531E+02     -0.36277873E-01       0.42252143E+00        0.32666173E+05      0.17455866E-06      0.77715612E-12       0       0
  82   0.14672324E+02     -0.27956897E-01       0.32616928E+00        0.32255381E+05      0.13354494E-06      0.10658141E-11       0       0
  85   0.15209116E+02     -0.21586358E-01       0.25185439E+00        0.31828158E+05      0.32618294E-07      0.39968029E-12       0       0
  88   0.15745908E+02     -0.16690957E-01       0.19443842E+00        0.31395457E+05      0.25751812E-06      0.10214052E-11       0       0
  91   0.16282701E+02     -0.12918056E-01       0.15002490E+00        0.30951802E+05      0.98172558E-07      0.47739590E-12       0       0
  94   0.16819493E+02     -0.10004495E-01       0.11564107E+00        0.30491715E+05      0.22609161E-06      0.44408921E-12       0       0
  97   0.17356285E+02     -0.77512942E-02       0.89007390E-01        0.30009719E+05      0.11140871E-07      0.41078252E-12       0       0
 100   0.17893078E+02     -0.60069487E-02       0.68370025E-01        0.29516769E+05      0.13589084E-06      0.88817842E-12       0       0
 103   0.18429870E+02     -0.46555211E-02       0.52376321E-01        0.28996432E+05      0.24259342E-06      0.57731597E-12       0       0
 106   0.18966663E+02     -0.36080029E-02       0.39981035E-01        0.28459664E+05      0.24089394E-06      0.42188475E-12       0       0
 109   0.19503455E+02     -0.27958093E-02       0.30375316E-01        0.27900987E+05      0.15123777E-06      0.71054274E-12       0       0
 112   0.20040247E+02     -0.21659680E-02       0.22932650E-01        0.27309447E+05      0.97897370E-07      0.10880186E-11       0       0
 115   0.20577040E+02     -0.16775214E-02       0.17167416E-01        0.26695997E+05      0.38993539E-06      0.59952043E-12       0       0
 118   0.21113832E+02     -0.12987102E-02       0.12703069E-01        0.26049685E+05      0.42158131E-06      0.33306691E-12       0       0
 121   0.21650624E+02     -0.10049151E-02       0.92476311E-02        0.25370509E+05      0.76226844E-07      0.26645353E-12       0       0
 124   0.22187417E+02     -0.77710288E-03       0.65746042E-02        0.24658470E+05      0.44588081E-06      0.79936058E-12       0       0
 127   0.22724209E+02     -0.60052925E-03       0.45081560E-02        0.23908090E+05      0.61334658E-07      0.57731597E-12       0       0
 130   0.23261001E+02     -0.46369000E-03       0.29118271E-02        0.23113892E+05      0.10592563E-06      0.89928065E-12       0       0
 133   0.23797794E+02     -0.35762286E-03       0.16798578E-02        0.22270399E+05      0.21287423E-06      0.57731597E-12       0       0
 136   0.24334586E+02     -0.27535617E-03       0.73038926E-03        0.21372134E+05      0.48194337E-07      0.88817842E-12       0       0
 139   0.24871378E+02     -0.21157000E-03       0.00000000E+00        0.20419097E+05      0.33786429E-06      0.23314684E-12       0       0
 
