 FOR ENERGY=           1
 MAXIMUM PROBABILITY ERROR
 B_IMP  0.253046333453888     
 L_ORB   1.00000000000000     
 R_FIN   30.0080755830691     
 PHI_FIN  8.487392483575681E-002
 PROBAB_SURV  0.999997594273684     
 ERROR_ENERG  5.587853492738009E-009
 ERROR_PROBAB  4.730477565217939E-007
 STATE           1
 #NTRAJECT           1
 #NPROC           0
 
 MAXIMUM ENERGY ERROR
 B_IMP   1.33899533699143     
 L_ORB   7.00000000000000     
 R_FIN   30.0078264850731     
 PHI_FIN  0.451232332885868     
 PROBAB_SURV  0.999998170962905     
 ERROR_ENERG  8.473644079952306E-007
 ERROR_PROBAB  4.224490535165160E-007
 STATE           1
 #NTRAJECT           1
 #NPROC           2
 -------------------------
