STATE= 1
j12= 0
m12= 0
ENERGY#1, U(i)= 1000.000 cm^-1
    B_IMPACT        L   CHANNEL=     1  CHANNEL=     2  CHANNEL=     3  CHANNEL=     4  
 0.17893078E+00      1  0.99999759E+00  0.29247194E-09  0.24051516E-05  0.91908957E-13 
 0.71572311E+00      4  0.99999780E+00  0.26706967E-09  0.21978440E-05  0.83718009E-13 
 0.12525154E+01      7  0.99999817E+00  0.22121829E-09  0.18286166E-05  0.69286786E-13 
 0.17893078E+01     10  0.99999862E+00  0.16365748E-09  0.13749459E-05  0.51836769E-13 
 0.23261001E+01     13  0.99999908E+00  0.10484615E-09  0.92296295E-06  0.34641216E-13 
 0.28628925E+01     16  0.99999946E+00  0.54578186E-10  0.54047232E-06  0.20003755E-13 
 0.33996848E+01     19  0.99999973E+00  0.19782490E-10  0.26725262E-06  0.97294914E-14 
 0.39364771E+01     22  0.99999989E+00  0.26866285E-11  0.10825668E-06  0.39815472E-14 
 0.44732695E+01     25  0.99999997E+00  0.68232998E-12  0.32910867E-07  0.11915090E-14 
 0.50100618E+01     28  0.99999999E+00  0.74827925E-11  0.70323569E-08  0.26291319E-15 
 0.55468541E+01     31  0.10000000E+01  0.15454397E-10  0.83350082E-09  0.31321962E-16 
 0.60836465E+01     34  0.10000000E+01  0.18633692E-10  0.40331178E-10  0.15742612E-17 
 0.66204388E+01     37  0.10000000E+01  0.15241808E-10  0.61141851E-12  0.26116195E-19 
 0.71572311E+01     40  0.10000000E+01  0.82197771E-11  0.10536514E-13  0.24160358E-21 
 0.76940235E+01     43  0.10000000E+01  0.25273119E-11  0.21691947E-13  0.26618453E-22 
 0.82308158E+01     46  0.10000000E+01  0.36664351E-12  0.90057532E-14  0.14186326E-25 
 0.87676081E+01     49  0.10000000E+01  0.28834070E-13  0.18689235E-14  0.14625858E-24 
 0.93044005E+01     52  0.10000000E+01  0.21815233E-14  0.10596441E-16  0.74591679E-26 
 0.98411928E+01     55  0.10000000E+01  0.21651536E-15  0.24051475E-17  0.11056801E-25 
 0.10377985E+02     58  0.10000000E+01  0.27955014E-16  0.26492736E-21  0.69101319E-27 
 0.10914777E+02     61  0.10000000E+01  0.43953166E-17  0.10833226E-16  0.98320879E-27 
 0.11451570E+02     64  0.10000000E+01  0.79690710E-18  0.70567855E-17  0.56686020E-27 
 0.11988362E+02     67  0.10000000E+01  0.16300662E-18  0.59932790E-18  0.12321836E-27 
 0.12525154E+02     70  0.10000000E+01  0.36218276E-19  0.43850967E-18  0.23914171E-27 
 0.13061947E+02     73  0.10000000E+01  0.84571702E-20  0.68105055E-18  0.18711749E-28 
 0.13598739E+02     76  0.10000000E+01  0.22761471E-20  0.21820526E-18  0.42750576E-28 
 0.14135531E+02     79  0.10000000E+01  0.54723266E-21  0.48499413E-19  0.50844481E-28 
 0.14672324E+02     82  0.10000000E+01  0.13344329E-21  0.15474268E-17  0.16401204E-28 
 0.15209116E+02     85  0.10000000E+01  0.38579050E-22  0.69995384E-19  0.56529560E-28 
 0.15745908E+02     88  0.10000000E+01  0.59042368E-23  0.30890661E-18  0.33978122E-28 
 0.16282701E+02     91  0.10000000E+01  0.10960980E-23  0.45062764E-18  0.16088394E-28 
 0.16819493E+02     94  0.10000000E+01  0.71163709E-25  0.17185974E-18  0.39460455E-28 
 0.17356285E+02     97  0.10000000E+01  0.24727884E-24  0.84571160E-19  0.43561740E-28 
 0.17893078E+02    100  0.10000000E+01  0.84334523E-24  0.52283960E-18  0.21438695E-28 
 0.18429870E+02    103  0.10000000E+01  0.62450210E-24  0.56544644E-18  0.52594861E-29 
 0.18966663E+02    106  0.10000000E+01  0.92639731E-25  0.30681348E-18  0.25606011E-28 
 0.19503455E+02    109  0.10000000E+01  0.61680817E-24  0.86049638E-19  0.32819665E-28 
 0.20040247E+02    112  0.10000000E+01  0.37482544E-24  0.90223431E-20  0.31694634E-28 
 0.20577040E+02    115  0.10000000E+01  0.12121944E-25  0.41247791E-24  0.21533505E-28 
 0.21113832E+02    118  0.10000000E+01  0.69965333E-24  0.93996345E-22  0.25585056E-28 
 0.21650624E+02    121  0.10000000E+01  0.33958018E-23  0.15447741E-19  0.27486991E-28 
 0.22187417E+02    124  0.10000000E+01  0.21272121E-23  0.10815944E-18  0.14470094E-28 
 0.22724209E+02    127  0.10000000E+01  0.23672010E-23  0.30068131E-18  0.16312651E-28 
 0.23261001E+02    130  0.10000000E+01  0.19955809E-23  0.34432272E-18  0.22946182E-28 
 0.23797794E+02    133  0.10000000E+01  0.29868486E-23  0.43959037E-19  0.29091289E-28 
 0.24334586E+02    136  0.10000000E+01  0.37884900E-23  0.17476746E-18  0.35910045E-28 
 0.24871378E+02    139  0.10000000E+01  0.20628128E-23  0.13828537E-18  0.19743851E-28 
 
