STATE= 1
j12= 0
m12= 0
ENERGY#1, U(i)= 1000.000 cm^-1
J_TOTAL  CHANNEL=     1  CHANNEL=     2  CHANNEL=     3  CHANNEL=     4  
    0    0.28165740E-01  0.85344744E-11  0.70159843E-07  0.26842806E-14 
    1    0.84497226E-01  0.24713127E-10  0.20322912E-06  0.77660706E-14 
    2    0.14082872E+00  0.40061923E-10  0.32951399E-06  0.12579244E-13 
    3    0.19716022E+00  0.54552565E-10  0.44878783E-06  0.17115398E-13 
    4    0.25349173E+00  0.67700100E-10  0.55713651E-06  0.21221870E-13 
    5    0.30982326E+00  0.78771048E-10  0.64867718E-06  0.24670300E-13 
    6    0.36615480E+00  0.87389721E-10  0.72062346E-06  0.27356906E-13 
    7    0.42248637E+00  0.93461883E-10  0.77256702E-06  0.29272776E-13 
    8    0.47881796E+00  0.97028863E-10  0.80514034E-06  0.30450101E-13 
    9    0.53514957E+00  0.98112456E-10  0.81852840E-06  0.30903690E-13 
   10    0.59148119E+00  0.96800457E-10  0.81325577E-06  0.30660516E-13 
   11    0.64781283E+00  0.93234716E-10  0.79058021E-06  0.29770830E-13 
   12    0.70414449E+00  0.87483065E-10  0.75257627E-06  0.28302413E-13 
   13    0.76047616E+00  0.79733075E-10  0.70189197E-06  0.26343843E-13 
   14    0.81680784E+00  0.70448504E-10  0.64143681E-06  0.23999354E-13 
   15    0.87313953E+00  0.60512426E-10  0.57396244E-06  0.21376708E-13 
   16    0.92947122E+00  0.50728880E-10  0.50235373E-06  0.18592924E-13 
   17    0.98580291E+00  0.41340074E-10  0.42968543E-06  0.15782321E-13 
   18    0.10421346E+01  0.31614262E-10  0.35920555E-06  0.13107871E-13 
   19    0.10984663E+01  0.21730404E-10  0.29356807E-06  0.10687521E-13 
   20    0.11547980E+01  0.13022657E-10  0.23442322E-06  0.85638002E-14 
   21    0.12111296E+01  0.69440341E-11  0.18220726E-06  0.66910867E-14 
   22    0.12674613E+01  0.34051980E-11  0.13721116E-06  0.50464575E-14 
   23    0.13237930E+01  0.16510168E-11  0.99723687E-07  0.36475473E-14 
   24    0.13801246E+01  0.99638690E-12  0.69907096E-07  0.25376056E-14 
   25    0.14364562E+01  0.98013720E-12  0.47275023E-07  0.17115505E-14 
   26    0.14927879E+01  0.18366044E-11  0.30795274E-07  0.11229071E-14 
   27    0.15491195E+01  0.48597631E-11  0.19168075E-07  0.70795522E-15 
   28    0.16054511E+01  0.12013258E-10  0.11290105E-07  0.42209429E-15 
   29    0.16617828E+01  0.20246566E-10  0.62281869E-08  0.23436973E-15 
   30    0.17181144E+01  0.25141585E-10  0.31772178E-08  0.11969988E-15 
   31    0.17744460E+01  0.27422993E-10  0.14790022E-08  0.55579131E-16 
   32    0.18307776E+01  0.30225444E-10  0.62082159E-09  0.23266675E-16 
   33    0.18871092E+01  0.33583705E-10  0.23355534E-09  0.88259559E-17 
   34    0.19434409E+01  0.36213479E-10  0.78381260E-10  0.30594835E-17 
   35    0.19997725E+01  0.36775902E-10  0.23271596E-10  0.96366033E-18 
   36    0.20561041E+01  0.35244575E-10  0.59744852E-11  0.25919846E-18 
   37    0.21124357E+01  0.32197339E-10  0.12915823E-11  0.55168783E-19 
   38    0.21687673E+01  0.28234773E-10  0.24572954E-12  0.93419618E-20 
   39    0.22250990E+01  0.23644360E-10  0.57042059E-13  0.17532612E-20 
   40    0.22814306E+01  0.18752851E-10  0.24038326E-13  0.55120179E-21 
   41    0.23377622E+01  0.13968704E-10  0.23450517E-13  0.35277509E-21 
   42    0.23940938E+01  0.96847866E-11  0.36434124E-13  0.23344515E-21 
   43    0.24504254E+01  0.61929894E-11  0.53154499E-13  0.65226536E-22 
   44    0.25067571E+01  0.36265192E-11  0.49268472E-13  0.46334198E-23 
   45    0.25630887E+01  0.19464868E-11  0.34035614E-13  0.23814144E-24 
   46    0.26194203E+01  0.96039346E-12  0.23589853E-13  0.37159949E-25 
   47    0.26757519E+01  0.43873029E-12  0.19467418E-13  0.45580726E-25 
   48    0.27320835E+01  0.19011369E-12  0.13713230E-13  0.16494839E-24 
   49    0.27884152E+01  0.80401357E-13  0.52113347E-14  0.40782965E-24 
   50    0.28447468E+01  0.34043336E-13  0.84579054E-15  0.24228836E-24 
   51    0.29010784E+01  0.14631085E-13  0.11423489E-15  0.64698396E-25 
   52    0.29574100E+01  0.64516590E-14  0.31338021E-16  0.22059818E-25 
   53    0.30137416E+01  0.29439425E-14  0.28651102E-16  0.20114761E-25 
   54    0.30700733E+01  0.13896829E-14  0.29258396E-16  0.30349965E-25 
   55    0.31264049E+01  0.67691468E-15  0.75194648E-17  0.34568038E-25 
   56    0.31827365E+01  0.33938521E-15  0.21498701E-18  0.17201213E-25 
   57    0.32390681E+01  0.17471288E-15  0.44780022E-20  0.56067873E-26 
   58    0.32953997E+01  0.92122946E-16  0.87304154E-21  0.22771647E-26 
   59    0.33517314E+01  0.49632901E-16  0.86114750E-20  0.18456789E-26 
   60    0.34080630E+01  0.27259616E-16  0.72770161E-18  0.24030414E-26 
   61    0.34643946E+01  0.15227111E-16  0.37530570E-16  0.34062232E-26 
   62    0.35207262E+01  0.86337697E-17  0.15895306E-15  0.38123776E-26 
   63    0.35770578E+01  0.49654490E-17  0.94665772E-16  0.32047772E-26 
   64    0.36333894E+01  0.28954739E-17  0.25640050E-16  0.20596239E-26 
   65    0.36897211E+01  0.17110914E-17  0.83281516E-17  0.10800682E-26 
   66    0.37460527E+01  0.10238934E-17  0.37804829E-17  0.59617968E-27 
   67    0.38023843E+01  0.61981381E-18  0.22788750E-17  0.46852356E-27 
   68    0.38587159E+01  0.37900745E-18  0.17370854E-17  0.61801234E-27 
   69    0.39150475E+01  0.23323935E-18  0.16083901E-17  0.93095425E-27 
   70    0.39713792E+01  0.14383651E-18  0.17414882E-17  0.94972239E-27 
   71    0.40277108E+01  0.88731715E-19  0.20980999E-17  0.46823021E-27 
   72    0.40840424E+01  0.55207096E-19  0.25541078E-17  0.16692318E-27 
   73    0.41403740E+01  0.35015848E-19  0.28198040E-17  0.77473640E-28 
   74    0.41967056E+01  0.22775049E-19  0.25597617E-17  0.71892103E-28 
   75    0.42530373E+01  0.14991518E-19  0.18034999E-17  0.10841886E-27 
   76    0.43093689E+01  0.98087575E-20  0.94032694E-18  0.18422800E-27 
   77    0.43657005E+01  0.62891370E-20  0.38332960E-18  0.25917069E-27 
   78    0.44220321E+01  0.39550120E-20  0.19461623E-18  0.27979166E-27 
   79    0.44783637E+01  0.24507069E-20  0.21719801E-18  0.22770008E-27 
   80    0.45346954E+01  0.15090460E-20  0.71936612E-18  0.14451329E-27 
   81    0.45910270E+01  0.94570706E-21  0.32671598E-17  0.91014109E-28 
   82    0.46473586E+01  0.62015883E-21  0.71914473E-17  0.76222276E-28 
   83    0.47036902E+01  0.42966197E-21  0.38290758E-17  0.10242244E-27 
   84    0.47600218E+01  0.29536564E-21  0.97912343E-18  0.17515537E-27 
   85    0.48163535E+01  0.18581034E-21  0.33712251E-18  0.27226634E-27 
   86    0.48726851E+01  0.10195891E-21  0.33344778E-18  0.29741690E-27 
   87    0.49290167E+01  0.53063697E-22  0.67765484E-18  0.24239634E-27 
   88    0.49853483E+01  0.29434677E-22  0.15400070E-17  0.16939277E-27 
   89    0.50416799E+01  0.18545996E-22  0.24122907E-17  0.11618760E-27 
   90    0.50980116E+01  0.11441401E-22  0.26415270E-17  0.88121281E-28 
   91    0.51543432E+01  0.56496650E-23  0.23226895E-17  0.82925105E-28 
   92    0.52106748E+01  0.20222908E-23  0.18413351E-17  0.10340440E-27 
   93    0.52670064E+01  0.71589858E-24  0.13489186E-17  0.14974260E-27 
   94    0.53233380E+01  0.37882848E-24  0.91486749E-18  0.21006134E-27 
   95    0.53796696E+01  0.39996595E-24  0.59570696E-18  0.24818756E-27 
   96    0.54360013E+01  0.68397194E-24  0.44329057E-18  0.25344069E-27 
   97    0.54923329E+01  0.13581377E-23  0.46449296E-18  0.23925558E-27 
   98    0.55486645E+01  0.23846840E-23  0.77176915E-18  0.21756165E-27 
   99    0.56049961E+01  0.35903269E-23  0.15977671E-17  0.17879491E-27 
  100    0.56613277E+01  0.47744537E-23  0.29599663E-17  0.12137148E-27 
  101    0.57176594E+01  0.56334019E-23  0.38281469E-17  0.66570577E-28 
  102    0.57739910E+01  0.53585519E-23  0.37549793E-17  0.37860363E-28 
  103    0.58303226E+01  0.36410487E-23  0.32967352E-17  0.30664501E-28 
  104    0.58866542E+01  0.17183581E-23  0.29262962E-17  0.43388549E-28 
  105    0.59429858E+01  0.79404914E-24  0.24891404E-17  0.83724399E-28 
  106    0.59993175E+01  0.55577515E-24  0.18406715E-17  0.15361859E-27 
  107    0.60556491E+01  0.79004707E-24  0.11338051E-17  0.20396255E-27 
  108    0.61119807E+01  0.17264069E-23  0.69364518E-18  0.21167242E-27 
  109    0.61683123E+01  0.38046654E-23  0.53078104E-18  0.20244195E-27 
  110    0.62246439E+01  0.58262780E-23  0.53015487E-18  0.20248665E-27 
  111    0.62809756E+01  0.51960306E-23  0.34015908E-18  0.20633707E-27 
  112    0.63373072E+01  0.23753840E-23  0.57177360E-19  0.20085863E-27 
  113    0.63936388E+01  0.57302468E-24  0.16247296E-20  0.17933114E-27 
  114    0.64499704E+01  0.14049658E-24  0.31566861E-22  0.15498210E-27 
  115    0.65063020E+01  0.78869029E-25  0.26837058E-23  0.14010348E-27 
  116    0.65626337E+01  0.17439230E-24  0.37247457E-23  0.14030644E-27 
  117    0.66189653E+01  0.88900706E-24  0.36366540E-22  0.15206960E-27 
  118    0.66752969E+01  0.46703937E-23  0.62745351E-21  0.17078785E-27 
  119    0.67316285E+01  0.13352312E-22  0.62239057E-20  0.19008617E-27 
  120    0.67879601E+01  0.21363996E-22  0.32483479E-19  0.19962478E-27 
  121    0.68442918E+01  0.23241858E-22  0.10572885E-18  0.18812898E-27 
  122    0.69006234E+01  0.20634035E-22  0.25029368E-18  0.15535888E-27 
  123    0.69569550E+01  0.17091426E-22  0.47113817E-18  0.12199346E-27 
  124    0.70132866E+01  0.14918748E-22  0.75855318E-18  0.10148291E-27 
  125    0.70696182E+01  0.14939841E-22  0.11164720E-17  0.96980172E-28 
  126    0.71259498E+01  0.16128740E-22  0.15644732E-17  0.10359813E-27 
  127    0.71822815E+01  0.17001904E-22  0.21595778E-17  0.11716205E-27 
  128    0.72386131E+01  0.16343651E-22  0.29216591E-17  0.13382660E-27 
  129    0.72949447E+01  0.15125394E-22  0.32942775E-17  0.15164958E-27 
  130    0.73512763E+01  0.14670067E-22  0.25312114E-17  0.16868373E-27 
  131    0.74076079E+01  0.15868492E-22  0.12141442E-17  0.18330481E-27 
  132    0.74639396E+01  0.18604695E-22  0.52480186E-18  0.19827166E-27 
  133    0.75202712E+01  0.22461911E-22  0.33058388E-18  0.21877438E-27 
  134    0.75766028E+01  0.26562007E-22  0.41888473E-18  0.24841006E-27 
  135    0.76329344E+01  0.29397696E-22  0.78189511E-18  0.27483145E-27 
  136    0.76892660E+01  0.29130707E-22  0.13438335E-17  0.27612189E-27 
  137    0.77455977E+01  0.25230957E-22  0.15052131E-17  0.24088985E-27 
  138    0.78019293E+01  0.20224198E-22  0.12789739E-17  0.19333021E-27 
  139    0.78582609E+01  0.16210121E-22  0.10866826E-17  0.15515233E-27 
