STATE= 1
j12= 0
m12= 0
ENERGY#1, U(i)= 1000.000 cm^-1
B_IMPACT            L      DEF_FUNCTION  CHANNEL=     1  CHANNEL=     2  CHANNEL=     3  CHANNEL=     4  
 0.00000000E+00      0       3.1132      0.99999752E+00  0.30300831E-09  0.24909578E-05  0.95302804E-13 
 0.17893078E+00      1       3.0399      0.99999759E+00  0.29247194E-09  0.24051516E-05  0.91908957E-13 
 0.35786156E+00      2       2.9663      0.99999766E+00  0.28447202E-09  0.23398155E-05  0.89322791E-13 
 0.53679234E+00      3       2.8927      0.99999772E+00  0.27669091E-09  0.22762544E-05  0.86809395E-13 
 0.71572311E+00      4       2.8194      0.99999780E+00  0.26706967E-09  0.21978440E-05  0.83718009E-13 
 0.89465389E+00      5       2.7465      0.99999791E+00  0.25424458E-09  0.20936963E-05  0.79626843E-13 
 0.10735847E+01      6       2.6738      0.99999803E+00  0.23866831E-09  0.19680802E-05  0.74713897E-13 
 0.12525154E+01      7       2.6011      0.99999817E+00  0.22121829E-09  0.18286166E-05  0.69286786E-13 
 0.14314462E+01      8       2.5280      0.99999832E+00  0.20264215E-09  0.16815138E-05  0.63594210E-13 
 0.16103770E+01      9       2.4547      0.99999847E+00  0.18333623E-09  0.15295297E-05  0.57747673E-13 
 0.17893078E+01     10       2.3810      0.99999862E+00  0.16365748E-09  0.13749459E-05  0.51836769E-13 
 0.19682386E+01     11       2.3070      0.99999878E+00  0.14392213E-09  0.12203822E-05  0.45955856E-13 
 0.21471693E+01     12       2.2326      0.99999893E+00  0.12424009E-09  0.10687799E-05  0.40193999E-13 
 0.23261001E+01     13       2.1578      0.99999908E+00  0.10484615E-09  0.92296295E-06  0.34641216E-13 
 0.25050309E+01     14       2.0826      0.99999921E+00  0.86248498E-10  0.78529646E-06  0.29381863E-13 
 0.26839617E+01     15       2.0068      0.99999934E+00  0.69304371E-10  0.65735435E-06  0.24482563E-13 
 0.28628925E+01     16       1.9304      0.99999946E+00  0.54578186E-10  0.54047232E-06  0.20003755E-13 
 0.30418232E+01     17       1.8535      0.99999956E+00  0.41935417E-10  0.43587338E-06  0.16009604E-13 
 0.32207540E+01     18       1.7758      0.99999965E+00  0.30336053E-10  0.34468238E-06  0.12577902E-13 
 0.33996848E+01     19       1.6975      0.99999973E+00  0.19782490E-10  0.26725262E-06  0.97294914E-14 
 0.35786156E+01     20       1.6184      0.99999980E+00  0.11276998E-10  0.20299930E-06  0.74158413E-14 
 0.37575463E+01     21       1.5384      0.99999985E+00  0.57335176E-11  0.15044404E-06  0.55246652E-14 
 0.39364771E+01     22       1.4575      0.99999989E+00  0.26866285E-11  0.10825668E-06  0.39815472E-14 
 0.41154079E+01     23       1.3757      0.99999992E+00  0.12471865E-11  0.75331780E-07  0.27553757E-14 
 0.42943387E+01     24       1.2928      0.99999995E+00  0.72195427E-12  0.50652739E-07  0.18386785E-14 
 0.44732695E+01     25       1.2089      0.99999997E+00  0.68232998E-12  0.32910867E-07  0.11915090E-14 
 0.46522002E+01     26       1.1237      0.99999998E+00  0.12303183E-11  0.20629370E-07  0.75222147E-15 
 0.48311310E+01     27       1.0373      0.99999999E+00  0.31371131E-11  0.12373528E-07  0.45700490E-15 
 0.50100618E+01     28       0.9495      0.99999999E+00  0.74827925E-11  0.70323569E-08  0.26291319E-15 
 0.51889926E+01     29       0.8602      0.10000000E+01  0.12183642E-10  0.37478947E-08  0.14103512E-15 
 0.53679234E+01     30       0.7695      0.10000000E+01  0.14633243E-10  0.18492470E-08  0.69669332E-16 
 0.55468541E+01     31       0.6771      0.10000000E+01  0.15454397E-10  0.83350082E-09  0.31321962E-16 
 0.57257849E+01     32       0.5831      0.10000000E+01  0.16509621E-10  0.33910267E-09  0.12708630E-16 
 0.59047157E+01     33       0.4874      0.10000000E+01  0.17796376E-10  0.12376355E-09  0.46769713E-17 
 0.60836465E+01     34       0.3900      0.10000000E+01  0.18633692E-10  0.40331178E-10  0.15742612E-17 
 0.62625772E+01     35       0.2909      0.10000000E+01  0.18390043E-10  0.11637122E-10  0.48188498E-18 
 0.64415080E+01     36       0.1903      0.10000000E+01  0.17141435E-10  0.29057309E-11  0.12606290E-18 
 0.66204388E+01     37       0.0883      0.10000000E+01  0.15241808E-10  0.61141851E-12  0.26116195E-19 
 0.67993696E+01     38      -0.0146      0.10000000E+01  0.13018812E-10  0.11330378E-12  0.43074984E-20 
 0.69783004E+01     39      -0.1177      0.10000000E+01  0.10626206E-10  0.25635740E-13  0.78794754E-21 
 0.71572311E+01     40      -0.2199      0.10000000E+01  0.82197771E-11  0.10536514E-13  0.24160358E-21 
 0.73361619E+01     41      -0.3199      0.10000000E+01  0.59752460E-11  0.10031181E-13  0.15090290E-21 
 0.75150927E+01     42      -0.4144      0.10000000E+01  0.40452828E-11  0.15218336E-13  0.97508775E-22 
 0.76940235E+01     43      -0.4997      0.10000000E+01  0.25273119E-11  0.21691947E-13  0.26618453E-22 
 0.78729542E+01     44      -0.5720      0.10000000E+01  0.14466975E-11  0.19654267E-13  0.18483721E-23 
 0.80518850E+01     45      -0.6268      0.10000000E+01  0.75943015E-12  0.13279140E-13  0.92911902E-25 
 0.82308158E+01     46      -0.6593      0.10000000E+01  0.36664351E-12  0.90057532E-14  0.14186326E-25 
 0.84097466E+01     47      -0.6665      0.10000000E+01  0.16396523E-12  0.72754943E-14  0.17034736E-25 
 0.85886774E+01     48      -0.6521      0.10000000E+01  0.69585608E-13  0.50193303E-14  0.60374576E-25 
 0.87676081E+01     49      -0.6215      0.10000000E+01  0.28834070E-13  0.18689235E-14  0.14625858E-24 
 0.89465389E+01     50      -0.5799      0.10000000E+01  0.11967088E-13  0.29731664E-15  0.85170447E-25 
 0.91254697E+01     51      -0.5322      0.10000000E+01  0.50433265E-14  0.39376698E-16  0.22301499E-25 
 0.93044005E+01     52      -0.4830      0.10000000E+01  0.21815233E-14  0.10596441E-16  0.74591679E-26 
 0.94833313E+01     53      -0.4364      0.10000000E+01  0.97683972E-15  0.95068208E-17  0.66743480E-26 
 0.96622620E+01     54      -0.3933      0.10000000E+01  0.45265465E-15  0.95301947E-17  0.98857463E-26 
 0.98411928E+01     55      -0.3540      0.10000000E+01  0.21651536E-15  0.24051475E-17  0.11056801E-25 
 0.10020124E+02     56      -0.3185      0.10000000E+01  0.10663315E-15  0.67547852E-19  0.54045358E-26 
 0.10199054E+02     57      -0.2867      0.10000000E+01  0.53939241E-16  0.13824971E-20  0.17309878E-26 
 0.10377985E+02     58      -0.2583      0.10000000E+01  0.27955014E-16  0.26492736E-21  0.69101319E-27 
 0.10556916E+02     59      -0.2330      0.10000000E+01  0.14808138E-16  0.25692617E-20  0.55066434E-27 
 0.10735847E+02     60      -0.2104      0.10000000E+01  0.79985657E-17  0.21352352E-18  0.70510476E-27 
 0.10914777E+02     61      -0.1903      0.10000000E+01  0.43953166E-17  0.10833226E-16  0.98320879E-27 
 0.11093708E+02     62      -0.1723      0.10000000E+01  0.24522696E-17  0.45147806E-16  0.10828384E-26 
 0.11272639E+02     63      -0.1562      0.10000000E+01  0.13881377E-17  0.26464703E-16  0.89592545E-27 
 0.11451570E+02     64      -0.1418      0.10000000E+01  0.79690710E-18  0.70567855E-17  0.56686020E-27 
 0.11630501E+02     65      -0.1288      0.10000000E+01  0.46374546E-18  0.22571223E-17  0.29272354E-27 
 0.11809431E+02     66      -0.1171      0.10000000E+01  0.27332595E-18  0.10091911E-17  0.15914877E-27 
 0.11988362E+02     67      -0.1066      0.10000000E+01  0.16300662E-18  0.59932790E-18  0.12321836E-27 
 0.12167293E+02     68      -0.0971      0.10000000E+01  0.98221133E-19  0.45017188E-18  0.16016010E-27 
 0.12346224E+02     69      -0.0886      0.10000000E+01  0.59575101E-19  0.41082262E-18  0.23778875E-27 
 0.12525154E+02     70      -0.0808      0.10000000E+01  0.36218276E-19  0.43850967E-18  0.23914171E-27 
 0.12704085E+02     71      -0.0738      0.10000000E+01  0.22030309E-19  0.52091622E-18  0.11625219E-27 
 0.12883016E+02     72      -0.0674      0.10000000E+01  0.13517758E-19  0.62538720E-18  0.40872048E-28 
 0.13061947E+02     73      -0.0616      0.10000000E+01  0.84571702E-20  0.68105055E-18  0.18711749E-28 
 0.13240878E+02     74      -0.0563      0.10000000E+01  0.54268873E-20  0.60994550E-18  0.17130604E-28 
 0.13419808E+02     75      -0.0516      0.10000000E+01  0.35248969E-20  0.42404988E-18  0.25492103E-28 
 0.13598739E+02     76      -0.0472      0.10000000E+01  0.22761471E-20  0.21820526E-18  0.42750576E-28 
 0.13777670E+02     77      -0.0432      0.10000000E+01  0.14405791E-20  0.87804833E-19  0.59365201E-28 
 0.13956601E+02     78      -0.0396      0.10000000E+01  0.89438790E-21  0.44010587E-19  0.63272192E-28 
 0.14135531E+02     79      -0.0363      0.10000000E+01  0.54723266E-21  0.48499413E-19  0.50844481E-28 
 0.14314462E+02     80      -0.0333      0.10000000E+01  0.33277782E-21  0.15863604E-18  0.31868357E-28 
 0.14493393E+02     81      -0.0305      0.10000000E+01  0.20599031E-21  0.71164029E-18  0.19824346E-28 
 0.14672324E+02     82      -0.0280      0.10000000E+01  0.13344329E-21  0.15474268E-17  0.16401204E-28 
 0.14851255E+02     83      -0.0256      0.10000000E+01  0.91345721E-22  0.81405782E-18  0.21774911E-28 
 0.15030185E+02     84      -0.0235      0.10000000E+01  0.62051320E-22  0.20569726E-18  0.36797179E-28 
 0.15209116E+02     85      -0.0216      0.10000000E+01  0.38579050E-22  0.69995384E-19  0.56529560E-28 
 0.15388047E+02     86      -0.0198      0.10000000E+01  0.20924584E-22  0.68432040E-19  0.61037578E-28 
 0.15566978E+02     87      -0.0182      0.10000000E+01  0.10765575E-22  0.13748277E-18  0.49177423E-28 
 0.15745908E+02     88      -0.0167      0.10000000E+01  0.59042368E-23  0.30890661E-18  0.33978122E-28 
 0.15924839E+02     89      -0.0153      0.10000000E+01  0.36785350E-23  0.47846963E-18  0.23045414E-28 
 0.16103770E+02     90      -0.0141      0.10000000E+01  0.22442870E-23  0.51814849E-18  0.17285422E-28 
 0.16282701E+02     91      -0.0129      0.10000000E+01  0.10960980E-23  0.45062764E-18  0.16088394E-28 
 0.16461632E+02     92      -0.0119      0.10000000E+01  0.38810535E-24  0.35337748E-18  0.19844723E-28 
 0.16640562E+02     93      -0.0109      0.10000000E+01  0.13592134E-24  0.25610727E-18  0.28430305E-28 
 0.16819493E+02     94      -0.0100      0.10000000E+01  0.71163709E-25  0.17185974E-18  0.39460455E-28 
 0.16998424E+02     95      -0.0092      0.10000000E+01  0.74347679E-25  0.11073300E-18  0.46134350E-28 
 0.17177355E+02     96      -0.0084      0.10000000E+01  0.12582262E-24  0.81547179E-19  0.46622633E-28 
 0.17356285E+02     97      -0.0078      0.10000000E+01  0.24727884E-24  0.84571160E-19  0.43561740E-28 
 0.17535216E+02     98      -0.0071      0.10000000E+01  0.42977621E-24  0.13909097E-18  0.39209732E-28 
 0.17714147E+02     99      -0.0065      0.10000000E+01  0.64055832E-24  0.28506123E-18  0.31899202E-28 
 0.17893078E+02    100      -0.0060      0.10000000E+01  0.84334523E-24  0.52283960E-18  0.21438695E-28 
 0.18072009E+02    101      -0.0055      0.10000000E+01  0.98526365E-24  0.66953042E-18  0.11642977E-28 
 0.18250939E+02    102      -0.0051      0.10000000E+01  0.92804993E-24  0.65032649E-18  0.65570526E-29 
 0.18429870E+02    103      -0.0047      0.10000000E+01  0.62450210E-24  0.56544644E-18  0.52594861E-29 
 0.18608801E+02    104      -0.0043      0.10000000E+01  0.29190743E-24  0.49710686E-18  0.73706637E-29 
 0.18787732E+02    105      -0.0039      0.10000000E+01  0.13361114E-24  0.41883667E-18  0.14087935E-28 
 0.18966663E+02    106      -0.0036      0.10000000E+01  0.92639731E-25  0.30681348E-18  0.25606011E-28 
 0.19145593E+02    107      -0.0033      0.10000000E+01  0.13046447E-24  0.18723097E-18  0.33681369E-28 
 0.19324524E+02    108      -0.0030      0.10000000E+01  0.28246275E-24  0.11348943E-18  0.34632376E-28 
 0.19503455E+02    109      -0.0028      0.10000000E+01  0.61680817E-24  0.86049638E-19  0.32819665E-28 
 0.19682386E+02    110      -0.0026      0.10000000E+01  0.93600181E-24  0.85170312E-19  0.32529836E-28 
 0.19861316E+02    111      -0.0024      0.10000000E+01  0.82726490E-24  0.54157046E-19  0.32851119E-28 
 0.20040247E+02    112      -0.0022      0.10000000E+01  0.37482544E-24  0.90223431E-20  0.31694634E-28 
 0.20219178E+02    113      -0.0020      0.10000000E+01  0.89624188E-25  0.25411657E-21  0.28048369E-28 
 0.20398109E+02    114      -0.0018      0.10000000E+01  0.21782515E-25  0.48941094E-23  0.24028343E-28 
 0.20577040E+02    115      -0.0017      0.10000000E+01  0.12121944E-25  0.41247791E-24  0.21533505E-28 
 0.20755970E+02    116      -0.0015      0.10000000E+01  0.26573524E-25  0.56756874E-24  0.21379593E-28 
 0.20934901E+02    117      -0.0014      0.10000000E+01  0.13431209E-24  0.54942939E-23  0.22974829E-28 
 0.21113832E+02    118      -0.0013      0.10000000E+01  0.69965333E-24  0.93996345E-22  0.25585056E-28 
 0.21292763E+02    119      -0.0012      0.10000000E+01  0.19835189E-23  0.92457652E-21  0.28237768E-28 
 0.21471693E+02    120      -0.0011      0.10000000E+01  0.31473367E-23  0.47854552E-20  0.29408655E-28 
 0.21650624E+02    121      -0.0010      0.10000000E+01  0.33958018E-23  0.15447741E-19  0.27486991E-28 
 0.21829555E+02    122      -0.0009      0.10000000E+01  0.29901697E-23  0.36271169E-19  0.22513745E-28 
 0.22008486E+02    123      -0.0008      0.10000000E+01  0.24567395E-23  0.67721894E-19  0.17535467E-28 
 0.22187417E+02    124      -0.0008      0.10000000E+01  0.21272121E-23  0.10815944E-18  0.14470094E-28 
 0.22366347E+02    125      -0.0007      0.10000000E+01  0.21132458E-23  0.15792535E-18  0.13717880E-28 
 0.22545278E+02    126      -0.0007      0.10000000E+01  0.22633811E-23  0.21954591E-18  0.14538150E-28 
 0.22724209E+02    127      -0.0006      0.10000000E+01  0.23672010E-23  0.30068131E-18  0.16312651E-28 
 0.22903140E+02    128      -0.0006      0.10000000E+01  0.22578429E-23  0.40362139E-18  0.18487879E-28 
 0.23082070E+02    129      -0.0005      0.10000000E+01  0.20734076E-23  0.45158362E-18  0.20788310E-28 
 0.23261001E+02    130      -0.0005      0.10000000E+01  0.19955809E-23  0.34432272E-18  0.22946182E-28 
 0.23439932E+02    131      -0.0004      0.10000000E+01  0.21421884E-23  0.16390503E-18  0.24745479E-28 
 0.23618863E+02    132      -0.0004      0.10000000E+01  0.24926106E-23  0.70311643E-19  0.26563942E-28 
 0.23797794E+02    133      -0.0004      0.10000000E+01  0.29868486E-23  0.43959037E-19  0.29091289E-28 
 0.23976724E+02    134      -0.0003      0.10000000E+01  0.35057937E-23  0.55286616E-19  0.32786470E-28 
 0.24155655E+02    135      -0.0003      0.10000000E+01  0.38514278E-23  0.10243703E-18  0.36006002E-28 
 0.24334586E+02    136      -0.0003      0.10000000E+01  0.37884900E-23  0.17476746E-18  0.35910045E-28 
 0.24513517E+02    137      -0.0003      0.10000000E+01  0.32574578E-23  0.19433144E-18  0.31100228E-28 
 0.24692447E+02    138      -0.0002      0.10000000E+01  0.25922048E-23  0.16393046E-18  0.24779795E-28 
 0.24871378E+02    139      -0.0002      0.10000000E+01  0.20628128E-23  0.13828537E-18  0.19743851E-28 
 
