MQCT paths: /mmfs1/home/8101lukmani/pure-MQCT/EXAMPLES_IO/SYS_TYPE_0/H2O_H2O/MQCT_PATHS.txt -> /mmfs1/home/8101lukmani/pure-MQCT/bin/mqct_H2OH2O.exe
 MPI INITIALIZED
 PARSERING OF USER INPUT
proc_id =     8, Progress =     0%, Time(sec.) =        0.000
proc_id =    12, Progress =     0%, Time(sec.) =        0.000
proc_id =    28, Progress =     0%, Time(sec.) =        0.000
proc_id =    30, Progress =     0%, Time(sec.) =        0.000
proc_id =    24, Progress =     0%, Time(sec.) =        0.000
proc_id =    22, Progress =     0%, Time(sec.) =        0.000
proc_id =    10, Progress =     0%, Time(sec.) =        0.000
proc_id =    20, Progress =     0%, Time(sec.) =        0.000
proc_id =    16, Progress =     0%, Time(sec.) =        0.000
proc_id =    17, Progress =     0%, Time(sec.) =        0.000
proc_id =    19, Progress =     0%, Time(sec.) =        0.000
proc_id =    21, Progress =     0%, Time(sec.) =        0.000
proc_id =    15, Progress =     0%, Time(sec.) =        0.000
proc_id =    14, Progress =     0%, Time(sec.) =        0.000
proc_id =    13, Progress =     0%, Time(sec.) =        0.000
proc_id =    11, Progress =     0%, Time(sec.) =        0.000
proc_id =    29, Progress =     0%, Time(sec.) =        0.000
proc_id =    18, Progress =     0%, Time(sec.) =        0.000
proc_id =    26, Progress =     0%, Time(sec.) =        0.000
proc_id =    31, Progress =     0%, Time(sec.) =        0.000
proc_id =    27, Progress =     0%, Time(sec.) =        0.000
proc_id =    25, Progress =     0%, Time(sec.) =        0.000
proc_id =     9, Progress =     0%, Time(sec.) =        0.000
proc_id =    23, Progress =     0%, Time(sec.) =        0.000
proc_id =     5, Progress =     0%, Time(sec.) =        0.000
proc_id =     3, Progress =     0%, Time(sec.) =        0.000
proc_id =     7, Progress =     0%, Time(sec.) =        0.000
 ARRAY_INI_STARTED
 STATES_SIZE_FOUND          81
 number_of_channels           9
 jmax_included           2
 BASIS ARRAYS CREATED
ARRAYS ALLOCATION TOOK TIME, s =             0.000
 TOTAL_SIZE_OF_M =          594
THE SIZE OF THE Mij COMPUTED BY EACH PROCESSOR= 18
 MATRIX_INI_STARTED
 COMPUTING MATRIX ELEMENTS STARTED
proc_id =     0, Progress =     0%, Time(sec.) =        0.000
 USER TERM FILE IS BEING READ 
 TERMS ARE BEING READ
proc_id =     1, Progress =     0%, Time(sec.) =        0.000
proc_id =     2, Progress =     0%, Time(sec.) =        0.000
proc_id =     4, Progress =     0%, Time(sec.) =        0.000
proc_id =     6, Progress =     0%, Time(sec.) =        0.000
 TERMS HAVE BEEN READ
 TERM MATRIX CREATED 
Truncation #1 at #R = 20, R = 6.000, and #2 at #R = 29, R = 8.090
proc_id =     7, Progress =     5%, Time(sec.) =        0.025
proc_id =     1, Progress =     5%, Time(sec.) =        0.017
proc_id =     2, Progress =     5%, Time(sec.) =        0.012
proc_id =     1, Progress =    11%, Time(sec.) =        0.017
proc_id =     1, Progress =    17%, Time(sec.) =        0.017
proc_id =     0, Progress =     5%, Time(sec.) =        0.024
proc_id =    11, Progress =     5%, Time(sec.) =        0.025
proc_id =    16, Progress =     5%, Time(sec.) =        0.025
proc_id =     9, Progress =     5%, Time(sec.) =        0.025
proc_id =     9, Progress =    11%, Time(sec.) =        0.025
proc_id =     7, Progress =    11%, Time(sec.) =        0.025
proc_id =     8, Progress =     5%, Time(sec.) =        0.025
proc_id =    10, Progress =     5%, Time(sec.) =        0.025
proc_id =    10, Progress =    11%, Time(sec.) =        0.025
proc_id =    27, Progress =     5%, Time(sec.) =        0.025
proc_id =    18, Progress =     5%, Time(sec.) =        0.025
proc_id =    14, Progress =     5%, Time(sec.) =        0.025
proc_id =    13, Progress =     5%, Time(sec.) =        0.025
proc_id =     4, Progress =     5%, Time(sec.) =        0.013
proc_id =     4, Progress =    11%, Time(sec.) =        0.013
proc_id =    26, Progress =     5%, Time(sec.) =        0.025
proc_id =    26, Progress =    11%, Time(sec.) =        0.025
proc_id =     5, Progress =     5%, Time(sec.) =        0.025
proc_id =     5, Progress =    11%, Time(sec.) =        0.025
proc_id =     3, Progress =     5%, Time(sec.) =        0.025
proc_id =     3, Progress =    11%, Time(sec.) =        0.025
proc_id =    29, Progress =     5%, Time(sec.) =        0.025
proc_id =     7, Progress =    17%, Time(sec.) =        0.025
proc_id =     7, Progress =    23%, Time(sec.) =        0.025
proc_id =     7, Progress =    29%, Time(sec.) =        0.025
proc_id =     6, Progress =     5%, Time(sec.) =        0.013
proc_id =     6, Progress =    11%, Time(sec.) =        0.013
proc_id =    16, Progress =    11%, Time(sec.) =        0.025
proc_id =    16, Progress =    17%, Time(sec.) =        0.025
proc_id =    16, Progress =    23%, Time(sec.) =        0.025
proc_id =    22, Progress =     5%, Time(sec.) =        0.025
proc_id =     1, Progress =    23%, Time(sec.) =        0.018
proc_id =     1, Progress =    29%, Time(sec.) =        0.018
proc_id =     1, Progress =    35%, Time(sec.) =        0.018
proc_id =     1, Progress =    41%, Time(sec.) =        0.018
proc_id =     1, Progress =    47%, Time(sec.) =        0.018
proc_id =     1, Progress =    52%, Time(sec.) =        0.018
proc_id =    11, Progress =    11%, Time(sec.) =        0.025
proc_id =    11, Progress =    17%, Time(sec.) =        0.025
proc_id =    11, Progress =    23%, Time(sec.) =        0.025
proc_id =     9, Progress =    17%, Time(sec.) =        0.025
proc_id =     9, Progress =    23%, Time(sec.) =        0.025
proc_id =     9, Progress =    29%, Time(sec.) =        0.025
proc_id =     9, Progress =    35%, Time(sec.) =        0.025
proc_id =     9, Progress =    41%, Time(sec.) =        0.025
proc_id =    15, Progress =     5%, Time(sec.) =        0.025
proc_id =    15, Progress =    11%, Time(sec.) =        0.025
proc_id =     2, Progress =    11%, Time(sec.) =        0.013
proc_id =     2, Progress =    17%, Time(sec.) =        0.013
proc_id =     2, Progress =    23%, Time(sec.) =        0.013
proc_id =     2, Progress =    29%, Time(sec.) =        0.013
proc_id =     8, Progress =    11%, Time(sec.) =        0.025
proc_id =     8, Progress =    17%, Time(sec.) =        0.025
proc_id =    18, Progress =    11%, Time(sec.) =        0.025
proc_id =    18, Progress =    17%, Time(sec.) =        0.025
proc_id =    17, Progress =     5%, Time(sec.) =        0.025
proc_id =    27, Progress =    11%, Time(sec.) =        0.025
proc_id =    27, Progress =    17%, Time(sec.) =        0.025
proc_id =    10, Progress =    17%, Time(sec.) =        0.025
proc_id =    10, Progress =    23%, Time(sec.) =        0.025
proc_id =    10, Progress =    29%, Time(sec.) =        0.025
proc_id =    10, Progress =    35%, Time(sec.) =        0.025
proc_id =     4, Progress =    17%, Time(sec.) =        0.013
proc_id =     4, Progress =    23%, Time(sec.) =        0.013
proc_id =    12, Progress =     5%, Time(sec.) =        0.025
proc_id =    14, Progress =    11%, Time(sec.) =        0.025
proc_id =    19, Progress =     5%, Time(sec.) =        0.025
proc_id =    26, Progress =    17%, Time(sec.) =        0.025
proc_id =    26, Progress =    23%, Time(sec.) =        0.025
proc_id =     5, Progress =    17%, Time(sec.) =        0.025
proc_id =    28, Progress =     5%, Time(sec.) =        0.025
proc_id =     6, Progress =    17%, Time(sec.) =        0.013
proc_id =     6, Progress =    23%, Time(sec.) =        0.013
proc_id =     3, Progress =    17%, Time(sec.) =        0.025
proc_id =     3, Progress =    23%, Time(sec.) =        0.025
proc_id =     3, Progress =    29%, Time(sec.) =        0.025
proc_id =    25, Progress =     5%, Time(sec.) =        0.025
proc_id =     1, Progress =    58%, Time(sec.) =        0.018
proc_id =     1, Progress =    64%, Time(sec.) =        0.018
proc_id =     9, Progress =    47%, Time(sec.) =        0.025
proc_id =     9, Progress =    52%, Time(sec.) =        0.025
proc_id =     8, Progress =    23%, Time(sec.) =        0.025
proc_id =     8, Progress =    29%, Time(sec.) =        0.026
proc_id =     2, Progress =    35%, Time(sec.) =        0.013
proc_id =     2, Progress =    41%, Time(sec.) =        0.013
proc_id =    13, Progress =    11%, Time(sec.) =        0.025
proc_id =     7, Progress =    35%, Time(sec.) =        0.025
proc_id =    10, Progress =    41%, Time(sec.) =        0.025
proc_id =    10, Progress =    47%, Time(sec.) =        0.026
proc_id =    14, Progress =    17%, Time(sec.) =        0.025
proc_id =    11, Progress =    29%, Time(sec.) =        0.025
proc_id =    17, Progress =    11%, Time(sec.) =        0.025
proc_id =     5, Progress =    23%, Time(sec.) =        0.025
proc_id =     5, Progress =    29%, Time(sec.) =        0.026
proc_id =     5, Progress =    35%, Time(sec.) =        0.026
proc_id =    20, Progress =     5%, Time(sec.) =        0.025
proc_id =     3, Progress =    35%, Time(sec.) =        0.025
proc_id =     3, Progress =    41%, Time(sec.) =        0.026
proc_id =    29, Progress =    11%, Time(sec.) =        0.025
proc_id =    15, Progress =    17%, Time(sec.) =        0.025
proc_id =    15, Progress =    23%, Time(sec.) =        0.026
proc_id =    16, Progress =    29%, Time(sec.) =        0.026
proc_id =    28, Progress =    11%, Time(sec.) =        0.026
proc_id =     4, Progress =    29%, Time(sec.) =        0.013
proc_id =     8, Progress =    35%, Time(sec.) =        0.026
proc_id =     8, Progress =    41%, Time(sec.) =        0.026
proc_id =     1, Progress =    70%, Time(sec.) =        0.018
proc_id =     1, Progress =    76%, Time(sec.) =        0.018
proc_id =     2, Progress =    47%, Time(sec.) =        0.013
proc_id =     2, Progress =    52%, Time(sec.) =        0.013
proc_id =     9, Progress =    58%, Time(sec.) =        0.026
proc_id =     9, Progress =    64%, Time(sec.) =        0.026
proc_id =     6, Progress =    29%, Time(sec.) =        0.013
proc_id =     6, Progress =    35%, Time(sec.) =        0.013
proc_id =     6, Progress =    41%, Time(sec.) =        0.013
proc_id =     7, Progress =    41%, Time(sec.) =        0.026
proc_id =    10, Progress =    52%, Time(sec.) =        0.026
proc_id =    10, Progress =    58%, Time(sec.) =        0.026
proc_id =    10, Progress =    64%, Time(sec.) =        0.026
proc_id =    12, Progress =    11%, Time(sec.) =        0.026
proc_id =    12, Progress =    17%, Time(sec.) =        0.026
proc_id =    21, Progress =     5%, Time(sec.) =        0.026
proc_id =     5, Progress =    41%, Time(sec.) =        0.026
proc_id =     5, Progress =    47%, Time(sec.) =        0.026
proc_id =     1, Progress =    82%, Time(sec.) =        0.018
proc_id =     1, Progress =    88%, Time(sec.) =        0.018
proc_id =    27, Progress =    23%, Time(sec.) =        0.026
proc_id =    18, Progress =    23%, Time(sec.) =        0.026
proc_id =    23, Progress =     5%, Time(sec.) =        0.026
proc_id =     2, Progress =    58%, Time(sec.) =        0.013
proc_id =     2, Progress =    64%, Time(sec.) =        0.013
proc_id =     2, Progress =    70%, Time(sec.) =        0.013
proc_id =    30, Progress =     5%, Time(sec.) =        0.026
proc_id =     4, Progress =    35%, Time(sec.) =        0.013
proc_id =     4, Progress =    41%, Time(sec.) =        0.013
proc_id =     4, Progress =    47%, Time(sec.) =        0.013
proc_id =     8, Progress =    47%, Time(sec.) =        0.026
proc_id =     8, Progress =    52%, Time(sec.) =        0.026
proc_id =     8, Progress =    58%, Time(sec.) =        0.026
proc_id =    20, Progress =    11%, Time(sec.) =        0.026
proc_id =     9, Progress =    70%, Time(sec.) =        0.026
proc_id =     9, Progress =    76%, Time(sec.) =        0.026
proc_id =     9, Progress =    82%, Time(sec.) =        0.026
proc_id =     9, Progress =    88%, Time(sec.) =        0.026
proc_id =    22, Progress =    11%, Time(sec.) =        0.026
proc_id =    19, Progress =    11%, Time(sec.) =        0.026
proc_id =     3, Progress =    47%, Time(sec.) =        0.026
proc_id =     3, Progress =    52%, Time(sec.) =        0.026
proc_id =     3, Progress =    58%, Time(sec.) =        0.026
proc_id =    11, Progress =    35%, Time(sec.) =        0.026
proc_id =     7, Progress =    47%, Time(sec.) =        0.026
proc_id =     7, Progress =    52%, Time(sec.) =        0.026
proc_id =    16, Progress =    35%, Time(sec.) =        0.026
proc_id =     6, Progress =    47%, Time(sec.) =        0.013
proc_id =     6, Progress =    52%, Time(sec.) =        0.013
proc_id =    14, Progress =    23%, Time(sec.) =        0.026
proc_id =     1, Progress =    94%, Time(sec.) =        0.018
proc_id =     1, Progress =   100%, Time(sec.) =        0.018
proc_id =     1, Progress =   100%, Time(sec.) =        0.018
proc_id =    31, Progress =     5%, Time(sec.) =        0.026
proc_id =    24, Progress =     5%, Time(sec.) =        0.026
proc_id =    24, Progress =    11%, Time(sec.) =        0.026
proc_id =    17, Progress =    17%, Time(sec.) =        0.026
proc_id =    13, Progress =    17%, Time(sec.) =        0.026
proc_id =    13, Progress =    23%, Time(sec.) =        0.026
proc_id =    13, Progress =    29%, Time(sec.) =        0.026
proc_id =     5, Progress =    52%, Time(sec.) =        0.026
proc_id =     5, Progress =    58%, Time(sec.) =        0.026
proc_id =    26, Progress =    29%, Time(sec.) =        0.026
proc_id =     8, Progress =    64%, Time(sec.) =        0.026
proc_id =     8, Progress =    70%, Time(sec.) =        0.026
proc_id =     8, Progress =    76%, Time(sec.) =        0.026
proc_id =     8, Progress =    82%, Time(sec.) =        0.026
proc_id =     4, Progress =    52%, Time(sec.) =        0.013
proc_id =     4, Progress =    58%, Time(sec.) =        0.013
proc_id =     2, Progress =    76%, Time(sec.) =        0.013
proc_id =     2, Progress =    82%, Time(sec.) =        0.013
proc_id =     2, Progress =    88%, Time(sec.) =        0.013
proc_id =    15, Progress =    29%, Time(sec.) =        0.026
proc_id =     3, Progress =    64%, Time(sec.) =        0.026
proc_id =     3, Progress =    70%, Time(sec.) =        0.026
proc_id =     3, Progress =    76%, Time(sec.) =        0.026
proc_id =     9, Progress =    94%, Time(sec.) =        0.026
proc_id =     9, Progress =   100%, Time(sec.) =        0.026
proc_id =     9, Progress =   100%, Time(sec.) =        0.026
proc_id =    29, Progress =    17%, Time(sec.) =        0.026
proc_id =    25, Progress =    11%, Time(sec.) =        0.026
proc_id =    10, Progress =    70%, Time(sec.) =        0.026
proc_id =    11, Progress =    41%, Time(sec.) =        0.026
proc_id =    28, Progress =    17%, Time(sec.) =        0.026
proc_id =    16, Progress =    41%, Time(sec.) =        0.026
proc_id =    27, Progress =    29%, Time(sec.) =        0.026
proc_id =     6, Progress =    58%, Time(sec.) =        0.014
proc_id =     6, Progress =    64%, Time(sec.) =        0.014
proc_id =     6, Progress =    70%, Time(sec.) =        0.014
proc_id =    13, Progress =    35%, Time(sec.) =        0.026
proc_id =    13, Progress =    41%, Time(sec.) =        0.026
proc_id =     2, Progress =    94%, Time(sec.) =        0.014
proc_id =     2, Progress =   100%, Time(sec.) =        0.014
proc_id =     2, Progress =   100%, Time(sec.) =        0.014
proc_id =     8, Progress =    88%, Time(sec.) =        0.026
proc_id =     8, Progress =    94%, Time(sec.) =        0.026
proc_id =    18, Progress =    29%, Time(sec.) =        0.026
proc_id =     7, Progress =    58%, Time(sec.) =        0.026
proc_id =     7, Progress =    64%, Time(sec.) =        0.026
proc_id =     7, Progress =    70%, Time(sec.) =        0.026
proc_id =     4, Progress =    64%, Time(sec.) =        0.014
proc_id =     5, Progress =    64%, Time(sec.) =        0.026
proc_id =    12, Progress =    23%, Time(sec.) =        0.026
proc_id =    12, Progress =    29%, Time(sec.) =        0.026
proc_id =    14, Progress =    29%, Time(sec.) =        0.026
proc_id =     3, Progress =    82%, Time(sec.) =        0.026
proc_id =     3, Progress =    88%, Time(sec.) =        0.026
proc_id =    10, Progress =    76%, Time(sec.) =        0.026
proc_id =    17, Progress =    23%, Time(sec.) =        0.026
proc_id =    24, Progress =    17%, Time(sec.) =        0.026
proc_id =    19, Progress =    17%, Time(sec.) =        0.026
proc_id =    15, Progress =    35%, Time(sec.) =        0.026
proc_id =    15, Progress =    41%, Time(sec.) =        0.026
proc_id =     6, Progress =    76%, Time(sec.) =        0.014
proc_id =     6, Progress =    82%, Time(sec.) =        0.014
proc_id =     8, Progress =   100%, Time(sec.) =        0.026
proc_id =     8, Progress =   100%, Time(sec.) =        0.026
proc_id =     4, Progress =    70%, Time(sec.) =        0.014
proc_id =     4, Progress =    76%, Time(sec.) =        0.014
proc_id =    17, Progress =    29%, Time(sec.) =        0.026
proc_id =    11, Progress =    47%, Time(sec.) =        0.026
proc_id =     5, Progress =    70%, Time(sec.) =        0.026
proc_id =     7, Progress =    76%, Time(sec.) =        0.026
proc_id =    22, Progress =    17%, Time(sec.) =        0.026
proc_id =    26, Progress =    35%, Time(sec.) =        0.026
proc_id =    15, Progress =    47%, Time(sec.) =        0.026
proc_id =    15, Progress =    52%, Time(sec.) =        0.026
proc_id =    12, Progress =    35%, Time(sec.) =        0.026
proc_id =    16, Progress =    47%, Time(sec.) =        0.026
proc_id =    13, Progress =    47%, Time(sec.) =        0.026
proc_id =    20, Progress =    17%, Time(sec.) =        0.026
proc_id =    23, Progress =    11%, Time(sec.) =        0.026
proc_id =     3, Progress =    94%, Time(sec.) =        0.026
proc_id =     3, Progress =   100%, Time(sec.) =        0.026
proc_id =     3, Progress =   100%, Time(sec.) =        0.026
proc_id =    10, Progress =    82%, Time(sec.) =        0.026
proc_id =     4, Progress =    82%, Time(sec.) =        0.014
proc_id =     7, Progress =    82%, Time(sec.) =        0.026
proc_id =    21, Progress =    11%, Time(sec.) =        0.026
proc_id =    21, Progress =    17%, Time(sec.) =        0.027
proc_id =     5, Progress =    76%, Time(sec.) =        0.026
proc_id =     5, Progress =    82%, Time(sec.) =        0.026
proc_id =     6, Progress =    88%, Time(sec.) =        0.014
proc_id =    14, Progress =    35%, Time(sec.) =        0.026
proc_id =    28, Progress =    23%, Time(sec.) =        0.026
proc_id =    27, Progress =    35%, Time(sec.) =        0.026
proc_id =    30, Progress =    11%, Time(sec.) =        0.026
proc_id =    12, Progress =    41%, Time(sec.) =        0.026
proc_id =    29, Progress =    23%, Time(sec.) =        0.026
proc_id =    24, Progress =    23%, Time(sec.) =        0.027
proc_id =     4, Progress =    88%, Time(sec.) =        0.014
proc_id =     4, Progress =    94%, Time(sec.) =        0.014
proc_id =    18, Progress =    35%, Time(sec.) =        0.026
proc_id =    25, Progress =    17%, Time(sec.) =        0.026
proc_id =     7, Progress =    88%, Time(sec.) =        0.027
proc_id =     5, Progress =    88%, Time(sec.) =        0.027
proc_id =     5, Progress =    94%, Time(sec.) =        0.027
proc_id =    14, Progress =    41%, Time(sec.) =        0.027
proc_id =    13, Progress =    52%, Time(sec.) =        0.027
proc_id =    15, Progress =    58%, Time(sec.) =        0.027
proc_id =    11, Progress =    52%, Time(sec.) =        0.027
proc_id =     6, Progress =    94%, Time(sec.) =        0.014
proc_id =    19, Progress =    23%, Time(sec.) =        0.027
proc_id =     4, Progress =   100%, Time(sec.) =        0.014
proc_id =     4, Progress =   100%, Time(sec.) =        0.014
proc_id =    25, Progress =    23%, Time(sec.) =        0.027
proc_id =    16, Progress =    52%, Time(sec.) =        0.027
proc_id =    17, Progress =    35%, Time(sec.) =        0.027
proc_id =    10, Progress =    88%, Time(sec.) =        0.027
proc_id =    12, Progress =    47%, Time(sec.) =        0.027
proc_id =     7, Progress =    94%, Time(sec.) =        0.027
proc_id =    21, Progress =    23%, Time(sec.) =        0.027
proc_id =     5, Progress =   100%, Time(sec.) =        0.027
proc_id =     5, Progress =   100%, Time(sec.) =        0.027
proc_id =    25, Progress =    29%, Time(sec.) =        0.027
proc_id =     6, Progress =   100%, Time(sec.) =        0.014
proc_id =     6, Progress =   100%, Time(sec.) =        0.014
proc_id =    31, Progress =    11%, Time(sec.) =        0.027
proc_id =    19, Progress =    29%, Time(sec.) =        0.027
proc_id =    15, Progress =    64%, Time(sec.) =        0.027
proc_id =    26, Progress =    41%, Time(sec.) =        0.027
proc_id =    12, Progress =    52%, Time(sec.) =        0.027
proc_id =    13, Progress =    58%, Time(sec.) =        0.027
proc_id =    25, Progress =    35%, Time(sec.) =        0.027
proc_id =    24, Progress =    29%, Time(sec.) =        0.027
proc_id =     7, Progress =   100%, Time(sec.) =        0.027
proc_id =     7, Progress =   100%, Time(sec.) =        0.027
proc_id =    22, Progress =    23%, Time(sec.) =        0.027
proc_id =    11, Progress =    58%, Time(sec.) =        0.027
proc_id =    14, Progress =    47%, Time(sec.) =        0.027
proc_id =    27, Progress =    41%, Time(sec.) =        0.027
proc_id =    16, Progress =    58%, Time(sec.) =        0.027
proc_id =    10, Progress =    94%, Time(sec.) =        0.027
proc_id =    18, Progress =    41%, Time(sec.) =        0.027
proc_id =    11, Progress =    64%, Time(sec.) =        0.027
proc_id =    21, Progress =    29%, Time(sec.) =        0.027
proc_id =    24, Progress =    35%, Time(sec.) =        0.027
proc_id =    12, Progress =    58%, Time(sec.) =        0.027
proc_id =    12, Progress =    64%, Time(sec.) =        0.027
proc_id =    15, Progress =    70%, Time(sec.) =        0.027
proc_id =    20, Progress =    23%, Time(sec.) =        0.027
proc_id =    17, Progress =    41%, Time(sec.) =        0.027
proc_id =    10, Progress =   100%, Time(sec.) =        0.027
proc_id =    10, Progress =   100%, Time(sec.) =        0.027
proc_id =    16, Progress =    64%, Time(sec.) =        0.027
proc_id =    29, Progress =    29%, Time(sec.) =        0.027
proc_id =    13, Progress =    64%, Time(sec.) =        0.027
proc_id =    28, Progress =    29%, Time(sec.) =        0.027
proc_id =    25, Progress =    41%, Time(sec.) =        0.027
proc_id =    23, Progress =    17%, Time(sec.) =        0.027
proc_id =    12, Progress =    70%, Time(sec.) =        0.027
proc_id =    12, Progress =    76%, Time(sec.) =        0.027
proc_id =    19, Progress =    35%, Time(sec.) =        0.027
proc_id =    26, Progress =    47%, Time(sec.) =        0.027
proc_id =    15, Progress =    76%, Time(sec.) =        0.027
proc_id =    21, Progress =    35%, Time(sec.) =        0.027
proc_id =    30, Progress =    17%, Time(sec.) =        0.027
proc_id =    14, Progress =    52%, Time(sec.) =        0.027
proc_id =    11, Progress =    70%, Time(sec.) =        0.027
proc_id =    13, Progress =    70%, Time(sec.) =        0.027
proc_id =    14, Progress =    58%, Time(sec.) =        0.027
proc_id =    11, Progress =    76%, Time(sec.) =        0.027
proc_id =    12, Progress =    82%, Time(sec.) =        0.027
proc_id =    27, Progress =    47%, Time(sec.) =        0.027
proc_id =    25, Progress =    47%, Time(sec.) =        0.027
proc_id =    21, Progress =    41%, Time(sec.) =        0.027
proc_id =    17, Progress =    47%, Time(sec.) =        0.027
proc_id =    16, Progress =    70%, Time(sec.) =        0.028
proc_id =    24, Progress =    41%, Time(sec.) =        0.028
proc_id =    18, Progress =    47%, Time(sec.) =        0.027
proc_id =    11, Progress =    82%, Time(sec.) =        0.028
proc_id =    11, Progress =    88%, Time(sec.) =        0.028
proc_id =    17, Progress =    52%, Time(sec.) =        0.028
proc_id =    14, Progress =    64%, Time(sec.) =        0.028
proc_id =    22, Progress =    29%, Time(sec.) =        0.028
proc_id =    15, Progress =    82%, Time(sec.) =        0.028
proc_id =    12, Progress =    88%, Time(sec.) =        0.028
proc_id =    27, Progress =    52%, Time(sec.) =        0.028
proc_id =    17, Progress =    58%, Time(sec.) =        0.028
proc_id =    29, Progress =    35%, Time(sec.) =        0.028
proc_id =    29, Progress =    41%, Time(sec.) =        0.028
proc_id =    15, Progress =    88%, Time(sec.) =        0.028
proc_id =     0, Progress =    11%, Time(sec.) =        0.027
proc_id =     0, Progress =    17%, Time(sec.) =        0.027
proc_id =    20, Progress =    29%, Time(sec.) =        0.028
proc_id =    31, Progress =    17%, Time(sec.) =        0.028
proc_id =    13, Progress =    76%, Time(sec.) =        0.028
proc_id =    28, Progress =    35%, Time(sec.) =        0.028
proc_id =    11, Progress =    94%, Time(sec.) =        0.028
proc_id =    14, Progress =    70%, Time(sec.) =        0.028
proc_id =    19, Progress =    41%, Time(sec.) =        0.028
proc_id =     0, Progress =    23%, Time(sec.) =        0.027
proc_id =     0, Progress =    29%, Time(sec.) =        0.027
proc_id =     0, Progress =    35%, Time(sec.) =        0.027
proc_id =     0, Progress =    41%, Time(sec.) =        0.027
proc_id =    26, Progress =    52%, Time(sec.) =        0.028
proc_id =    13, Progress =    82%, Time(sec.) =        0.028
proc_id =    21, Progress =    47%, Time(sec.) =        0.028
proc_id =    29, Progress =    47%, Time(sec.) =        0.028
proc_id =    29, Progress =    52%, Time(sec.) =        0.028
proc_id =    25, Progress =    52%, Time(sec.) =        0.028
proc_id =    17, Progress =    64%, Time(sec.) =        0.028
proc_id =    16, Progress =    76%, Time(sec.) =        0.028
proc_id =    12, Progress =    94%, Time(sec.) =        0.028
proc_id =    24, Progress =    47%, Time(sec.) =        0.028
proc_id =    18, Progress =    52%, Time(sec.) =        0.028
proc_id =    11, Progress =   100%, Time(sec.) =        0.028
proc_id =    11, Progress =   100%, Time(sec.) =        0.028
proc_id =    14, Progress =    76%, Time(sec.) =        0.028
proc_id =    28, Progress =    41%, Time(sec.) =        0.028
proc_id =     0, Progress =    47%, Time(sec.) =        0.027
proc_id =     0, Progress =    52%, Time(sec.) =        0.027
proc_id =    15, Progress =    94%, Time(sec.) =        0.028
proc_id =    23, Progress =    23%, Time(sec.) =        0.028
proc_id =    17, Progress =    70%, Time(sec.) =        0.028
proc_id =    14, Progress =    82%, Time(sec.) =        0.028
proc_id =     0, Progress =    58%, Time(sec.) =        0.027
proc_id =    30, Progress =    23%, Time(sec.) =        0.028
proc_id =    18, Progress =    58%, Time(sec.) =        0.028
proc_id =    17, Progress =    76%, Time(sec.) =        0.028
proc_id =    12, Progress =   100%, Time(sec.) =        0.028
proc_id =    12, Progress =   100%, Time(sec.) =        0.028
proc_id =     0, Progress =    64%, Time(sec.) =        0.027
proc_id =    13, Progress =    88%, Time(sec.) =        0.028
proc_id =    30, Progress =    29%, Time(sec.) =        0.028
proc_id =    21, Progress =    52%, Time(sec.) =        0.028
proc_id =    27, Progress =    58%, Time(sec.) =        0.028
proc_id =     0, Progress =    70%, Time(sec.) =        0.027
proc_id =    29, Progress =    58%, Time(sec.) =        0.028
proc_id =    16, Progress =    82%, Time(sec.) =        0.028
proc_id =    28, Progress =    47%, Time(sec.) =        0.028
proc_id =     0, Progress =    76%, Time(sec.) =        0.027
proc_id =    25, Progress =    58%, Time(sec.) =        0.028
proc_id =    30, Progress =    35%, Time(sec.) =        0.028
proc_id =    16, Progress =    88%, Time(sec.) =        0.028
proc_id =     0, Progress =    82%, Time(sec.) =        0.027
proc_id =    22, Progress =    35%, Time(sec.) =        0.028
proc_id =    14, Progress =    88%, Time(sec.) =        0.028
proc_id =    19, Progress =    47%, Time(sec.) =        0.028
proc_id =    26, Progress =    58%, Time(sec.) =        0.028
proc_id =     0, Progress =    88%, Time(sec.) =        0.027
proc_id =    15, Progress =   100%, Time(sec.) =        0.028
proc_id =    15, Progress =   100%, Time(sec.) =        0.028
proc_id =    22, Progress =    41%, Time(sec.) =        0.028
proc_id =    16, Progress =    94%, Time(sec.) =        0.028
proc_id =    30, Progress =    41%, Time(sec.) =        0.028
proc_id =    17, Progress =    82%, Time(sec.) =        0.029
proc_id =     0, Progress =    94%, Time(sec.) =        0.027
proc_id =    14, Progress =    94%, Time(sec.) =        0.029
proc_id =    16, Progress =   100%, Time(sec.) =        0.029
proc_id =    16, Progress =   100%, Time(sec.) =        0.029
proc_id =    20, Progress =    35%, Time(sec.) =        0.029
proc_id =    22, Progress =    47%, Time(sec.) =        0.029
proc_id =     0, Progress =   100%, Time(sec.) =        0.027
proc_id =     0, Progress =   100%, Time(sec.) =        0.027
proc_id =    24, Progress =    52%, Time(sec.) =        0.029
proc_id =    30, Progress =    47%, Time(sec.) =        0.029
proc_id =    26, Progress =    64%, Time(sec.) =        0.029
proc_id =    29, Progress =    64%, Time(sec.) =        0.029
proc_id =    13, Progress =    94%, Time(sec.) =        0.029
proc_id =    22, Progress =    52%, Time(sec.) =        0.029
proc_id =    14, Progress =   100%, Time(sec.) =        0.029
proc_id =    14, Progress =   100%, Time(sec.) =        0.029
proc_id =    13, Progress =   100%, Time(sec.) =        0.029
proc_id =    13, Progress =   100%, Time(sec.) =        0.029
proc_id =    28, Progress =    52%, Time(sec.) =        0.029
proc_id =    17, Progress =    88%, Time(sec.) =        0.029
proc_id =    25, Progress =    64%, Time(sec.) =        0.029
proc_id =    22, Progress =    58%, Time(sec.) =        0.029
proc_id =    31, Progress =    23%, Time(sec.) =        0.029
proc_id =    18, Progress =    64%, Time(sec.) =        0.029
proc_id =    21, Progress =    58%, Time(sec.) =        0.029
proc_id =    24, Progress =    58%, Time(sec.) =        0.029
proc_id =    27, Progress =    64%, Time(sec.) =        0.029
proc_id =    21, Progress =    64%, Time(sec.) =        0.029
proc_id =    17, Progress =    94%, Time(sec.) =        0.029
proc_id =    25, Progress =    70%, Time(sec.) =        0.029
proc_id =    21, Progress =    70%, Time(sec.) =        0.029
proc_id =    28, Progress =    58%, Time(sec.) =        0.029
proc_id =    30, Progress =    52%, Time(sec.) =        0.029
proc_id =    23, Progress =    29%, Time(sec.) =        0.029
proc_id =    29, Progress =    70%, Time(sec.) =        0.029
proc_id =    19, Progress =    52%, Time(sec.) =        0.029
proc_id =    24, Progress =    64%, Time(sec.) =        0.029
proc_id =    17, Progress =   100%, Time(sec.) =        0.029
proc_id =    17, Progress =   100%, Time(sec.) =        0.029
proc_id =    21, Progress =    76%, Time(sec.) =        0.029
proc_id =    23, Progress =    35%, Time(sec.) =        0.029
proc_id =    19, Progress =    58%, Time(sec.) =        0.029
proc_id =    22, Progress =    64%, Time(sec.) =        0.029
proc_id =    23, Progress =    41%, Time(sec.) =        0.029
proc_id =    28, Progress =    64%, Time(sec.) =        0.029
proc_id =    19, Progress =    64%, Time(sec.) =        0.029
proc_id =    26, Progress =    70%, Time(sec.) =        0.029
proc_id =    23, Progress =    47%, Time(sec.) =        0.029
proc_id =    19, Progress =    70%, Time(sec.) =        0.029
proc_id =    21, Progress =    82%, Time(sec.) =        0.029
proc_id =    20, Progress =    41%, Time(sec.) =        0.029
proc_id =    18, Progress =    70%, Time(sec.) =        0.029
proc_id =    19, Progress =    76%, Time(sec.) =        0.029
proc_id =    24, Progress =    70%, Time(sec.) =        0.030
proc_id =    30, Progress =    58%, Time(sec.) =        0.030
proc_id =    29, Progress =    76%, Time(sec.) =        0.030
proc_id =    27, Progress =    70%, Time(sec.) =        0.030
proc_id =    28, Progress =    70%, Time(sec.) =        0.030
proc_id =    25, Progress =    76%, Time(sec.) =        0.030
proc_id =    20, Progress =    47%, Time(sec.) =        0.030
proc_id =    24, Progress =    76%, Time(sec.) =        0.030
proc_id =    22, Progress =    70%, Time(sec.) =        0.030
proc_id =    20, Progress =    52%, Time(sec.) =        0.030
proc_id =    23, Progress =    52%, Time(sec.) =        0.030
proc_id =    21, Progress =    88%, Time(sec.) =        0.030
proc_id =    24, Progress =    82%, Time(sec.) =        0.030
proc_id =    20, Progress =    58%, Time(sec.) =        0.030
proc_id =    19, Progress =    82%, Time(sec.) =        0.030
proc_id =    31, Progress =    29%, Time(sec.) =        0.030
proc_id =    28, Progress =    76%, Time(sec.) =        0.030
proc_id =    29, Progress =    82%, Time(sec.) =        0.030
proc_id =    30, Progress =    64%, Time(sec.) =        0.030
proc_id =    31, Progress =    35%, Time(sec.) =        0.030
proc_id =    23, Progress =    58%, Time(sec.) =        0.030
proc_id =    26, Progress =    76%, Time(sec.) =        0.030
proc_id =    31, Progress =    41%, Time(sec.) =        0.030
proc_id =    24, Progress =    88%, Time(sec.) =        0.030
proc_id =    20, Progress =    64%, Time(sec.) =        0.030
proc_id =    25, Progress =    82%, Time(sec.) =        0.030
proc_id =    22, Progress =    76%, Time(sec.) =        0.030
proc_id =    18, Progress =    76%, Time(sec.) =        0.030
proc_id =    21, Progress =    94%, Time(sec.) =        0.030
proc_id =    29, Progress =    88%, Time(sec.) =        0.030
proc_id =    31, Progress =    47%, Time(sec.) =        0.030
proc_id =    19, Progress =    88%, Time(sec.) =        0.030
proc_id =    27, Progress =    76%, Time(sec.) =        0.030
proc_id =    28, Progress =    82%, Time(sec.) =        0.030
proc_id =    28, Progress =    88%, Time(sec.) =        0.030
proc_id =    24, Progress =    94%, Time(sec.) =        0.030
proc_id =    20, Progress =    70%, Time(sec.) =        0.030
proc_id =    23, Progress =    64%, Time(sec.) =        0.030
proc_id =    30, Progress =    70%, Time(sec.) =        0.031
proc_id =    31, Progress =    52%, Time(sec.) =        0.031
proc_id =    21, Progress =   100%, Time(sec.) =        0.031
proc_id =    24, Progress =   100%, Time(sec.) =        0.031
proc_id =    21, Progress =   100%, Time(sec.) =        0.031
proc_id =    24, Progress =   100%, Time(sec.) =        0.031
proc_id =    22, Progress =    82%, Time(sec.) =        0.031
proc_id =    28, Progress =    94%, Time(sec.) =        0.031
proc_id =    25, Progress =    88%, Time(sec.) =        0.031
proc_id =    29, Progress =    94%, Time(sec.) =        0.031
proc_id =    19, Progress =    94%, Time(sec.) =        0.031
proc_id =    26, Progress =    82%, Time(sec.) =        0.031
proc_id =    31, Progress =    58%, Time(sec.) =        0.031
proc_id =    18, Progress =    82%, Time(sec.) =        0.031
proc_id =    20, Progress =    76%, Time(sec.) =        0.031
proc_id =    28, Progress =   100%, Time(sec.) =        0.031
proc_id =    28, Progress =   100%, Time(sec.) =        0.031
proc_id =    23, Progress =    70%, Time(sec.) =        0.031
proc_id =    18, Progress =    88%, Time(sec.) =        0.031
proc_id =    30, Progress =    76%, Time(sec.) =        0.031
proc_id =    18, Progress =    94%, Time(sec.) =        0.031
proc_id =    27, Progress =    82%, Time(sec.) =        0.031
proc_id =    22, Progress =    88%, Time(sec.) =        0.031
proc_id =    18, Progress =   100%, Time(sec.) =        0.031
proc_id =    18, Progress =   100%, Time(sec.) =        0.031
proc_id =    19, Progress =   100%, Time(sec.) =        0.031
proc_id =    19, Progress =   100%, Time(sec.) =        0.031
proc_id =    29, Progress =   100%, Time(sec.) =        0.031
proc_id =    29, Progress =   100%, Time(sec.) =        0.031
proc_id =    31, Progress =    64%, Time(sec.) =        0.031
proc_id =    20, Progress =    82%, Time(sec.) =        0.031
proc_id =    25, Progress =    94%, Time(sec.) =        0.031
proc_id =    23, Progress =    76%, Time(sec.) =        0.031
proc_id =    26, Progress =    88%, Time(sec.) =        0.032
proc_id =    30, Progress =    82%, Time(sec.) =        0.032
proc_id =    23, Progress =    82%, Time(sec.) =        0.032
proc_id =    22, Progress =    94%, Time(sec.) =        0.032
proc_id =    30, Progress =    88%, Time(sec.) =        0.032
proc_id =    31, Progress =    70%, Time(sec.) =        0.032
proc_id =    20, Progress =    88%, Time(sec.) =        0.032
proc_id =    22, Progress =   100%, Time(sec.) =        0.032
proc_id =    22, Progress =   100%, Time(sec.) =        0.032
proc_id =    27, Progress =    88%, Time(sec.) =        0.032
proc_id =    20, Progress =    94%, Time(sec.) =        0.032
proc_id =    27, Progress =    94%, Time(sec.) =        0.032
proc_id =    25, Progress =   100%, Time(sec.) =        0.032
proc_id =    25, Progress =   100%, Time(sec.) =        0.032
proc_id =    23, Progress =    88%, Time(sec.) =        0.032
proc_id =    27, Progress =   100%, Time(sec.) =        0.032
proc_id =    27, Progress =   100%, Time(sec.) =        0.032
proc_id =    31, Progress =    76%, Time(sec.) =        0.032
proc_id =    30, Progress =    94%, Time(sec.) =        0.033
proc_id =    31, Progress =    82%, Time(sec.) =        0.033
proc_id =    26, Progress =    94%, Time(sec.) =        0.033
proc_id =    20, Progress =   100%, Time(sec.) =        0.033
proc_id =    20, Progress =   100%, Time(sec.) =        0.033
proc_id =    23, Progress =    94%, Time(sec.) =        0.033
proc_id =    31, Progress =    88%, Time(sec.) =        0.033
proc_id =    30, Progress =   100%, Time(sec.) =        0.033
proc_id =    30, Progress =   100%, Time(sec.) =        0.033
proc_id =    23, Progress =   100%, Time(sec.) =        0.034
proc_id =    23, Progress =   100%, Time(sec.) =        0.034
proc_id =    26, Progress =   100%, Time(sec.) =        0.034
proc_id =    26, Progress =   100%, Time(sec.) =        0.034
proc_id =    31, Progress =    94%, Time(sec.) =        0.034
proc_id =    31, Progress =   100%, Time(sec.) =        0.034
proc_id =    31, Progress =   100%, Time(sec.) =        0.035
 SPLINING OF Mij STARTED
 SPLINING OF Mij FINISHED
 TERMS ARE BEING READ
 TERMS HAVE BEEN READ
 COMPUTING THE RESIDUE OF Mij
 SPLINING RESIDUE OF Mij
 SYSTEM_SETUP_DONE
MATRIX HAS BEEN SAVED INTO THE FILE  "   MTRX.DAT "
 MPI TASK PER TRAJECTORY WILL BE USED
MPI TASKS WHICH ARE ASSOCIATED WITH ONE TRAJECTORY =     1
 Mij ROOT PROC DISTRIBUTION STARTED
 Mij ROOT PROC DISTRIBUTION DONE
 Mij ALL PROC DISTRIBUTION STARTED
 Mij ALL PROC DISTRIBUTION DONE
 MPI_COMMUNICATORS_CREATION STARTED
 MPI_COMMUNICATORS_CREATION DONE
TIME SPENT ON MATRIX Mij READING/COMPUTING/SAVING ON DISK ,s       0.6
        TIME SPENT ON MATRIX Mij SAVING ON DISK ,s       0.5
  
 SCATTERING CALCULATIONS STARTED
 NUMBER OF TRAJECTORIES PER PROC_GROUP           2
 TOTAL NUMBER OF TRAJECTORIES          50
TIME IT TOOK TO SETUP ARRAYS, s     0
 MONTE_CARLO INTEGRATION IS USED
 MONTE_CARLO COVERAGE      19.231%
 #trajectories found from the previous run =           50
 #trajectories to be calculated in the current  run =            0
 New #trajectories per PROC_GROUP =            2
TRAJECTORY DONE FOR J12 =     0, M12 =     0, L =      59, TIME_SPENT =      0.004 SEC.
TRAJECTORY DONE FOR J12 =     0, M12 =     0, L =     233, TIME_SPENT =      0.004 SEC.
TRAJECTORY DONE FOR J12 =     0, M12 =     0, L =     225, TIME_SPENT =      0.004 SEC.
TRAJECTORY DONE FOR J12 =     0, M12 =     0, L =     111, TIME_SPENT =      0.005 SEC.
TRAJECTORY DONE FOR J12 =     0, M12 =     0, L =     240, TIME_SPENT =      0.000 SEC.
TRAJECTORY DONE FOR J12 =     0, M12 =     0, L =     176, TIME_SPENT =      0.004 SEC.
TRAJECTORY DONE FOR J12 =     0, M12 =     0, L =     189, TIME_SPENT =      0.005 SEC.
TRAJECTORY DONE FOR J12 =     0, M12 =     0, L =     128, TIME_SPENT =      0.004 SEC.
TRAJECTORY DONE FOR J12 =     0, M12 =     0, L =      21, TIME_SPENT =      0.005 SEC.
TRAJECTORY DONE FOR J12 =     0, M12 =     0, L =     190, TIME_SPENT =      0.004 SEC.
TRAJECTORY DONE FOR J12 =     0, M12 =     0, L =     214, TIME_SPENT =      0.000 SEC.
TRAJECTORY DONE FOR J12 =     0, M12 =     0, L =     137, TIME_SPENT =      0.004 SEC.
TRAJECTORY DONE FOR J12 =     0, M12 =     0, L =     170, TIME_SPENT =      0.005 SEC.
TRAJECTORY DONE FOR J12 =     0, M12 =     0, L =      97, TIME_SPENT =      0.000 SEC.
TRAJECTORY DONE FOR J12 =     0, M12 =     0, L =     181, TIME_SPENT =      0.004 SEC.
TRAJECTORY DONE FOR J12 =     0, M12 =     0, L =     108, TIME_SPENT =      0.005 SEC.
TRAJECTORY DONE FOR J12 =     0, M12 =     0, L =       2, TIME_SPENT =      0.005 SEC.
TRAJECTORY DONE FOR J12 =     0, M12 =     0, L =      36, TIME_SPENT =      0.005 SEC.
TRAJECTORY DONE FOR J12 =     0, M12 =     0, L =     154, TIME_SPENT =      0.000 SEC.
TRAJECTORY DONE FOR J12 =     0, M12 =     0, L =      62, TIME_SPENT =      0.000 SEC.
TRAJECTORY DONE FOR J12 =     0, M12 =     0, L =      27, TIME_SPENT =      0.005 SEC.
TRAJECTORY DONE FOR J12 =     0, M12 =     0, L =      37, TIME_SPENT =      0.000 SEC.
TRAJECTORY DONE FOR J12 =     0, M12 =     0, L =     208, TIME_SPENT =      0.000 SEC.
TRAJECTORY DONE FOR J12 =     0, M12 =     0, L =      12, TIME_SPENT =      0.005 SEC.
TRAJECTORY DONE FOR J12 =     0, M12 =     0, L =     257, TIME_SPENT =      0.005 SEC.
TRAJECTORY DONE FOR J12 =     0, M12 =     0, L =      69, TIME_SPENT =      0.005 SEC.
TRAJECTORY DONE FOR J12 =     0, M12 =     0, L =     211, TIME_SPENT =      0.005 SEC.
TRAJECTORY DONE FOR J12 =     0, M12 =     0, L =      18, TIME_SPENT =      0.005 SEC.
TRAJECTORY DONE FOR J12 =     0, M12 =     0, L =     207, TIME_SPENT =      0.005 SEC.
TRAJECTORY DONE FOR J12 =     0, M12 =     0, L =     107, TIME_SPENT =      0.005 SEC.
TRAJECTORY DONE FOR J12 =     0, M12 =     0, L =     136, TIME_SPENT =      0.005 SEC.
TRAJECTORY DONE FOR J12 =     0, M12 =     0, L =     192, TIME_SPENT =      0.005 SEC.
TRAJECTORY DONE FOR J12 =     0, M12 =     0, L =      68, TIME_SPENT =      0.005 SEC.
TRAJECTORY DONE FOR J12 =     0, M12 =     0, L =      49, TIME_SPENT =      0.000 SEC.
TRAJECTORY DONE FOR J12 =     0, M12 =     0, L =     256, TIME_SPENT =      0.000 SEC.
TRAJECTORY DONE FOR J12 =     0, M12 =     0, L =       4, TIME_SPENT =      0.005 SEC.
TRAJECTORY DONE FOR J12 =     0, M12 =     0, L =     163, TIME_SPENT =      0.005 SEC.
TRAJECTORY DONE FOR J12 =     0, M12 =     0, L =     247, TIME_SPENT =      0.005 SEC.
TRAJECTORY DONE FOR J12 =     0, M12 =     0, L =       0, TIME_SPENT =      0.005 SEC.
TRAJECTORY DONE FOR J12 =     0, M12 =     0, L =     203, TIME_SPENT =      0.000 SEC.
TRAJECTORY DONE FOR J12 =     0, M12 =     0, L =     156, TIME_SPENT =      0.000 SEC.
TRAJECTORY DONE FOR J12 =     0, M12 =     0, L =     172, TIME_SPENT =      0.000 SEC.
TRAJECTORY DONE FOR J12 =     0, M12 =     0, L =     151, TIME_SPENT =      0.005 SEC.
TRAJECTORY DONE FOR J12 =     0, M12 =     0, L =     209, TIME_SPENT =      0.005 SEC.
TRAJECTORY DONE FOR J12 =     0, M12 =     0, L =     113, TIME_SPENT =      0.000 SEC.
TRAJECTORY DONE FOR J12 =     0, M12 =     0, L =     132, TIME_SPENT =      0.000 SEC.
TRAJECTORY DONE FOR J12 =     0, M12 =     0, L =     165, TIME_SPENT =      0.000 SEC.
TRAJECTORY DONE FOR J12 =     0, M12 =     0, L =      19, TIME_SPENT =      0.000 SEC.
TRAJECTORY DONE FOR J12 =     0, M12 =     0, L =      94, TIME_SPENT =      0.000 SEC.
TRAJECTORY DONE FOR J12 =     0, M12 =     0, L =     234, TIME_SPENT =      0.000 SEC.
MONTE CARLO INTEGRATION DONE FOR ENER_NUM =   1
 DATA FROM ALL TRAJECTORIES GATHERED
MAXIMUM STAT ERROR ESTIMATE,%       3.85
 CROSS SECTION CALCULATED FOR ENERGY=           1
  
 Trajectory Propagation Time:  5.571175399999995E-002
  
TOTAL TIME SPENT ON PROPAGATION,sec =  1.851
THE AVERAGE TIME PER MPI TASK SPENT ON PROPAGATION =    0  h   0   m  0.1  s
TIME SPENT ON INITIALIZATION TOOK WALL CLOCK TIME =    0  h   0   m  0.6  s
TIME SPENT ON MIJ DISTRIBUTION TOOK WALL CLOCK TIME =    0  h   0   m  0.6  s
TIME SPENT ON MIJ REALLOCATION TOOK WALL CLOCK TIME =    0  h   0   m  0.0  s
 ALL WORK DONE

real	0m1.834s
user	0m23.510s
sys	0m9.948s
