 FOR ENERGY=           1
 MAXIMUM PROBABILITY ERROR
 B_IMP  0.000000000000000E+000
 L_ORB  0.000000000000000E+000
 R_FIN  0.000000000000000E+000
 PHI_FIN  0.000000000000000E+000
 PROBAB_SURV  0.000000000000000E+000
 ERROR_ENERG  0.000000000000000E+000
 ERROR_PROBAB  0.000000000000000E+000
 STATE           0
 #NTRAJECT           0
 #NPROC          -1
 
 MAXIMUM ENERGY ERROR
 B_IMP  0.000000000000000E+000
 L_ORB  0.000000000000000E+000
 R_FIN  0.000000000000000E+000
 PHI_FIN  0.000000000000000E+000
 PROBAB_SURV  0.000000000000000E+000
 ERROR_ENERG  0.000000000000000E+000
 ERROR_PROBAB  0.000000000000000E+000
 STATE           0
 #NTRAJECT           0
 #NPROC          -1
 -------------------------
