MQCT paths: /mmfs1/home/8101lukmani/pure-MQCT/EXAMPLES_IO/SYS_TYPE_0/H2O_H2O/MQCT_PATHS.txt -> /mmfs1/home/8101lukmani/pure-MQCT/bin/mqct_H2OH2O.exe
 MPI INITIALIZED
 PARSERING OF USER INPUT
rm: cannot remove 'AT_APPROX_TRAJS/500.00000/*': No such file or directory
 ARRAY_INI_STARTED
 STATES_SIZE_FOUND           1
 number_of_channels           1
 jmax_included           0
 BASIS ARRAYS CREATED
ARRAYS ALLOCATION TOOK TIME, s =             0.000
 TOTAL_SIZE_OF_M =            1
 NUMBER OF CPUS > SIZE OF Mij
 MATRIX_INI_STARTED
 TERMS ARE BEING READ
 TERMS HAVE BEEN READ
 COMPUTING THE RESIDUE OF Mij
 TERM MATRIX CREATED 
Truncation #1 at #R = 20, R = 6.000, and #2 at #R = 29, R = 8.090
 SPLINING RESIDUE OF Mij
 MPI TASK PER TRAJECTORY WILL BE USED
MPI TASKS WHICH ARE ASSOCIATED WITH ONE TRAJECTORY =     1
 Mij ROOT PROC DISTRIBUTION STARTED
 Mij ROOT PROC DISTRIBUTION DONE
 Mij ALL PROC DISTRIBUTION STARTED
 Mij ALL PROC DISTRIBUTION DONE
 MPI_COMMUNICATORS_CREATION STARTED
 MPI_COMMUNICATORS_CREATION DONE
TIME SPENT ON MATRIX Mij READING/COMPUTING/SAVING ON DISK ,s       1.2
 NUMBER OF TRAJECTORIES PER PROC_GROUP MIN           1
  
 SCATTERING CALCULATIONS STARTED
TOTAL J RANGE: FROM    0 TO  259
TOTAL L RANGE: FROM    0 TO  259
l_range1/2/3 =      0     0     0  total =     14
 NUMBER OF TRAJECTORIES PER PROC_GROUP MAX           1
 TOTAL NUMBER OF TRAJECTORIES          14
TIME IT TOOK TO SETUP ARRAYS, s     0
CALCULATIONS START FOR M =    0
TRAJECTORY DONE FOR L=   256 TIME_SPENT=        0.113 SEC.
TRAJECTORY DONE FOR L=   237 TIME_SPENT=        0.250 SEC.
TRAJECTORY DONE FOR L=   218 TIME_SPENT=        0.288 SEC.
TRAJECTORY DONE FOR L=   199 TIME_SPENT=        0.381 SEC.
TRAJECTORY DONE FOR L=   180 TIME_SPENT=        0.473 SEC.
TRAJECTORY DONE FOR L=    28 TIME_SPENT=        0.489 SEC.
TRAJECTORY DONE FOR L=   161 TIME_SPENT=        0.480 SEC.
TRAJECTORY DONE FOR L=   142 TIME_SPENT=        0.491 SEC.
TRAJECTORY DONE FOR L=     9 TIME_SPENT=        0.500 SEC.
TRAJECTORY DONE FOR L=   123 TIME_SPENT=        0.532 SEC.
TRAJECTORY DONE FOR L=    47 TIME_SPENT=        0.535 SEC.
TRAJECTORY DONE FOR L=    85 TIME_SPENT=        0.572 SEC.
TRAJECTORY DONE FOR L=   104 TIME_SPENT=        0.584 SEC.
TRAJECTORY DONE FOR L=    66 TIME_SPENT=        0.591 SEC.
ALL TRAJECTORIES DONE FOR ENER_NUM =   1 AND M12 =    0  J12=     0
TIME IT TOOK TO PROPOGATE,s          0
 DATA FROM ALL TRAJECTORIES GATHERED
 INELASTIC CROSS SECTION CALCULATED FOR M           0
  
 CROSS SECTION CALCULATED FOR ENERGY=           1
  
 Trajectory Propagation Time:  0.707050758000000     
  
TOTAL TIME SPENT ON PROPAGATION,sec =       10
THE AVERAGE TIME PER MPI TASK SPENT ON PROPAGATION =    0  h   0   m  0.7  s
TIME SPENT ON INITIALIZATION TOOK WALL CLOCK TIME =    0  h   0   m  1.3  s
TIME SPENT ON MIJ DISTRIBUTION TOOK WALL CLOCK TIME =    0  h   0   m  1.2  s
TIME SPENT ON MIJ REALLOCATION TOOK WALL CLOCK TIME =    0  h   0   m  0.0  s
 ALL WORK DONE

real	0m3.654s
user	0m13.360s
sys	0m2.675s
