MQCT paths: /mmfs1/home/8101lukmani/pure-MQCT/EXAMPLES_IO/SYS_TYPE_6/CO_H2/MQCT_PATHS.txt -> /mmfs1/home/8101lukmani/pure-MQCT/bin/mqct_COH2.exe
 MPI INITIALIZED
 PARSERING OF USER INPUT
 Molecule #1
 Equilibrium bond distance is not specified in the input
 Equilibrium bond distance:   2.13693044538053      a.u.
 Molecule #2
 Equilibrium bond distance is not specified in the input
 Equilibrium bond distance:   1.42463058904386      a.u.
 ARRAY_INI_STARTED
 STATES_SIZE_FOUND           8
 number_of_channels           4
 jmax_included           1
 BASIS ARRAYS CREATED
ARRAYS ALLOCATION TOOK TIME, s =             0.000
 TOTAL_SIZE_OF_M =           16
THE SIZE OF THE Mij COMPUTED BY EACH PROCESSOR= 1
rm: cannot remove 'MATRIX_FILES': No such file or directory
 COMPUTING MATRIX ELEMENTS STARTED
 THE GRID INI
 Using Equidistant Grid for Angle Gamma
 Molecule #1
 Morse Depth is not specified in the input
 Morse Depth: morse_de =  0.403532037912914      a.u.
 Morse Width is not specified in the input
 Morse Width: morse_a =   1.23037905553868      a.u.
 Molecule #2
 Morse Depth is not specified in the input
 Morse Depth: morse_de =  0.181844336801774      a.u.
 Morse Width is not specified in the input
 Morse Width: morse_a =   1.00390319854663      a.u.
 GAUSS-LEGENDRE GRID DONE
Truncation #1 at #R = 15, R = 6.020, and #2 at #R = 25, R = 8.062
 SYSTEM_SETUP_DONE
proc_id =     0, Progress =   100%, Time(sec.) =        0.000
proc_id =     6, Progress =   100%, Time(sec.) =        0.000
proc_id =     1, Progress =   100%, Time(sec.) =        0.000
proc_id =     3, Progress =   100%, Time(sec.) =        0.000
proc_id =    11, Progress =   100%, Time(sec.) =        0.000
proc_id =    13, Progress =   100%, Time(sec.) =        0.000
proc_id =    15, Progress =   100%, Time(sec.) =        0.000
proc_id =    10, Progress =   100%, Time(sec.) =        0.000
proc_id =     8, Progress =   100%, Time(sec.) =        0.000
proc_id =     7, Progress =   100%, Time(sec.) =        0.000
proc_id =     9, Progress =   100%, Time(sec.) =        0.000
proc_id =     2, Progress =   100%, Time(sec.) =        0.000
proc_id =    14, Progress =   100%, Time(sec.) =        0.000
proc_id =     5, Progress =   100%, Time(sec.) =        0.000
proc_id =     4, Progress =   100%, Time(sec.) =        0.000
proc_id =    12, Progress =   100%, Time(sec.) =        0.000
TIME SPENT ON MATRIX Mij READING/COMPUTING/SAVING ON DISK ,s     196.7
        TIME SPENT ON MATRIX Mij SAVING ON DISK ,s       0.0
 ALL WORK ON MATRIX IS DONE

real	52m29.432s
user	284m10.365s
sys	12m8.824s
