energy#1, (U= 50.000 cm^-1)
state= 1
j12= 0
m12= 0
L_ORB  B_IMPACT(a.u.)     DEFLCT_ANGLE(rad)    SCAT_PHASE(rad)       FINISH_TIME(a.u.)    ENERGY_ERROR(%)      NORM_ERROR(%)    LOOPS   OSCIL
   0   0.00000000E+00      0.31415927E+01      -0.20028347E+02        0.27395093E+06      0.15644916E-08      0.40188253E-07       0       0
   1   0.56644441E+00      0.29054698E+01      -0.17004816E+02        0.27417139E+06      0.12542351E-05      0.39322678E-07       0       0
   2   0.11328888E+01      0.27315414E+01      -0.14186310E+02        0.27466128E+06      0.14210620E-05      0.37633918E-07       0       0
   3   0.16993332E+01      0.25593756E+01      -0.11540852E+02        0.27539613E+06      0.26096960E-06      0.35196446E-07       0       0
   4   0.22657777E+01      0.23858710E+01      -0.90682286E+01        0.27637593E+06      0.81001375E-06      0.32121283E-07       0       0
   5   0.28322221E+01      0.22095818E+01      -0.67705022E+01        0.27764966E+06      0.83874173E-07      0.28553115E-07       0       0
   6   0.33986665E+01      0.20293131E+01      -0.46510547E+01        0.27921734E+06      0.16030602E-05      0.24652280E-07       0       0
   7   0.39651109E+01      0.18438154E+01      -0.27144905E+01        0.28110344E+06      0.13452997E-06      0.20597901E-07       0       0
   8   0.45315553E+01      0.16516363E+01      -0.96676464E+00        0.28335697E+06      0.44293867E-06      0.16567969E-07       0       0
   9   0.50979997E+01      0.14509684E+01       0.58453769E+00        0.28605141E+06      0.31735513E-06      0.12732637E-07       0       0
  10   0.56644441E+01      0.12393919E+01       0.19297178E+01        0.28921125E+06      0.31378636E-07      0.92462038E-08       0       0
  11   0.62308886E+01      0.10136544E+01       0.30562410E+01        0.29295897E+06      0.24187388E-06      0.62468031E-08       0       0
  12   0.67973330E+01      0.76917594E+00       0.39476561E+01        0.29744154E+06      0.16587768E-06      0.38347991E-08       0       0
  13   0.73637774E+01      0.49894415E+00       0.45817162E+01        0.30290390E+06      0.50754968E-06      0.20512037E-08       0       0
  14   0.79302218E+01      0.19083170E+00       0.49266041E+01        0.30971348E+06      0.15657166E-06      0.88147267E-09       0       0
  15   0.84966662E+01     -0.17699029E+00       0.49335248E+01        0.31855614E+06      0.36909738E-06      0.25917046E-09       0       0
  16   0.90631106E+01     -0.65515217E+00       0.45174536E+01        0.33107303E+06      0.22176817E-06      0.36348702E-10       0       0
  17   0.96295551E+01     -0.14053799E+01       0.34871875E+01        0.35253056E+06      0.98308184E-07      0.19828583E-10       0       0
  18   0.10195999E+02     -0.13045825E+01       0.21322064E+01        0.35777247E+06      0.18053789E-06      0.76827433E-11       0       0
  19   0.10762444E+02     -0.49836897E+00       0.12307306E+01        0.33398793E+06      0.71936823E-07      0.18429702E-11       0       0
  20   0.11328888E+02     -0.28604425E+00       0.83852404E+00        0.32629653E+06      0.13338945E-06      0.84376950E-12       0       0
  21   0.11895333E+02     -0.18551285E+00       0.60274549E+00        0.32176497E+06      0.26252623E-07      0.97699626E-12       0       0
  22   0.12461777E+02     -0.12807362E+00       0.44595226E+00        0.31848266E+06      0.71039324E-07      0.75495166E-12       0       0
  23   0.13028222E+02     -0.91982022E-01       0.33592444E+00        0.31581271E+06      0.82615808E-07      0.82156504E-12       0       0
  24   0.13594666E+02     -0.67941917E-01       0.25596247E+00        0.31343671E+06      0.25360337E-06      0.48849813E-12       0       0
  25   0.14161110E+02     -0.51276406E-01       0.19635331E+00        0.31125666E+06      0.36783004E-06      0.11324275E-11       0       0
  26   0.14727555E+02     -0.39377010E-01       0.15102660E+00        0.30915010E+06      0.44668332E-07      0.15210055E-11       0       0
  27   0.15293999E+02     -0.30682244E-01       0.11599697E+00        0.30711702E+06      0.17467547E-06      0.73274720E-12       0       0
  28   0.15860444E+02     -0.24208238E-01       0.88551730E-01        0.30505945E+06      0.36281482E-06      0.86597396E-12       0       0
  29   0.16426888E+02     -0.19310652E-01       0.66792285E-01        0.30300188E+06      0.41903287E-06      0.84376950E-12       0       0
  30   0.16993332E+02     -0.15554514E-01       0.49359702E-01        0.30091981E+06      0.23095761E-06      0.77715612E-12       0       0
  31   0.17559777E+02     -0.12638904E-01       0.35262994E-01        0.29878876E+06      0.11238070E-06      0.64392935E-12       0       0
  32   0.18126221E+02     -0.10351343E-01       0.23767870E-01        0.29660871E+06      0.26318137E-06      0.57731597E-12       0       0
  33   0.18692666E+02     -0.85391496E-02       0.14322624E-01        0.29435518E+06      0.31664896E-06      0.79936058E-12       0       0
  34   0.19259110E+02     -0.70909186E-02       0.65075899E-02        0.29202817E+06      0.25889526E-06      0.77715612E-12       0       0
  35   0.19825555E+02     -0.59242612E-02       0.00000000E+00        0.28965216E+06      0.21350925E-06      0.69944051E-12       0       0
 
