 FOR ENERGY=           1
 MAXIMUM PROBABILITY ERROR
 B_IMP  0.000000000000000E+000
 L_ORB  0.000000000000000E+000
 R_FIN   42.4049025698022     
 PHI_FIN  0.000000000000000E+000
 PROBAB_SURV  0.995897746838962     
 ERROR_ENERG  1.564491613694558E-009
 ERROR_PROBAB  4.018825272567028E-008
 STATE           1
 #NTRAJECT           1
 #NPROC           0
 
 MAXIMUM ENERGY ERROR
 B_IMP   3.67097937204826     
 L_ORB   6.00000000000000     
 R_FIN   42.4033867329577     
 PHI_FIN  0.938907691778158     
 PROBAB_SURV  0.996821239065318     
 ERROR_ENERG  1.603060205842585E-006
 ERROR_PROBAB  2.465228021719668E-008
 STATE           1
 #NTRAJECT           1
 #NPROC           6
 -------------------------
