STATE= 1
j12= 0
m12= 0
ENERGY#1, U(i)= 50.000 cm^-1
J_TOTAL  CHANNEL=     1  CHANNEL=     2  CHANNEL=     3  
    0    0.28111336E+00  0.13236071E-08  0.11579470E-02 
    1    0.84337848E+00  0.39271563E-08  0.34354377E-02 
    2    0.14057582E+01  0.64004031E-08  0.55983169E-02 
    3    0.19683270E+01  0.86587605E-08  0.75721510E-02 
    4    0.25311564E+01  0.10620978E-07  0.92853972E-02 
    5    0.30943139E+01  0.12210326E-07  0.10670434E-01 
    6    0.36578625E+01  0.13355690E-07  0.11664536E-01 
    7    0.42218586E+01  0.13992788E-07  0.12210961E-01 
    8    0.47863514E+01  0.14066256E-07  0.12260859E-01 
    9    0.53513757E+01  0.13536191E-07  0.11779148E-01 
   10    0.59169366E+01  0.12396542E-07  0.10760868E-01 
   11    0.64830229E+01  0.10658749E-07  0.92171984E-02 
   12    0.70495939E+01  0.83658521E-08  0.71887636E-02 
   13    0.76165311E+01  0.56458571E-08  0.47942663E-02 
   14    0.81835420E+01  0.28168601E-08  0.23259365E-02 
   15    0.87500395E+01  0.51386511E-09  0.37108616E-03 
   16    0.93144438E+01  0.45063712E-09  0.50933155E-03 
   17    0.98709533E+01  0.89410014E-08  0.85425083E-02 
   18    0.10434798E+02  0.99585268E-08  0.92400341E-02 
   19    0.11007449E+02  0.12149837E-08  0.11321027E-02 
   20    0.11572797E+02  0.35085652E-09  0.32711120E-03 
   21    0.12137545E+02  0.13017235E-09  0.12120501E-03 
   22    0.12702158E+02  0.54805627E-10  0.50908609E-04 
   23    0.13266728E+02  0.25008805E-10  0.23160166E-04 
   24    0.13831283E+02  0.12094937E-10  0.11162487E-04 
   25    0.14395831E+02  0.61195330E-11  0.56268663E-05 
   26    0.14960376E+02  0.32117282E-11  0.29416057E-05 
   27    0.15524920E+02  0.17379182E-11  0.15851990E-05 
   28    0.16089464E+02  0.96517693E-12  0.87654916E-06 
   29    0.16654007E+02  0.54818367E-12  0.49557134E-06 
   30    0.17218550E+02  0.31750611E-12  0.28564508E-06 
   31    0.17783092E+02  0.18710216E-12  0.16746321E-06 
   32    0.18347635E+02  0.11196224E-12  0.99663795E-07 
   33    0.18912178E+02  0.67924439E-13  0.60112443E-07 
   34    0.19476720E+02  0.41719354E-13  0.36693028E-07 
   35    0.20041263E+02  0.25910645E-13  0.22638860E-07 
