|----------------------------------------------------------------------------------------------------|
|                                              MQCT_2026                                             |
|                               THE PROGRAM IS TO PERFORM ROTATIONALLY                               |
|                        AND VIBRATIONALLY INELASTIC SCATTERING CALCULATIONS.                        |
|                                 TO CITE MQCT_2026 PLEASE REFER TO:                                 |
|                            D. BOSTAN, C. JOY, V. VIJAY and D. BABIKOV,                             |
|                                COMPUTER PHYSICS COMMUNICATIONS, 2026                               |
|----------------------------------------------------------------------------------------------------|
 
THIS RUN PERFORMED ON  6/25/2026 at   5 p.m. 51 minutes, LOCAL MACHINE TIME
YOUR JOB NAME: MF+He
 
REDUCED MASS,A.M.U.: MASS =    3.752
 
THE POTENTIAL RANGE: FROM Rmin =   3.00 TO Rmax = 42.40 BOHR
 
COLLISIONAL ENERGIES, CM-1:
E(   1)=   50.000;
 
MAX IMPACT PARAMETER IS,a.u =     20.000
ORBITAL ANGULAR MOMENTUM STEP_SIZE:=   1
 
 
ALL TRAJECTORIES WILL BE STOPPED AFTER TIME_LIMT=  0.3500E+07
 
TRAPPED TRAJECTORY WILL STOP AFTER   1 ROUNDS AND    1 OSCILLATIONS
 
PROPAGATOR TYPE: RUNGE-KUTTA 4-TH ORDER
TIME STEP IN RUNGE-KUTTA 4TH ORDER        10.00
 
COUPLED STATES APPROXIMATION WILL BE USED
THE COLLISIONAL SYSTEM: RIGID ASYMMETRIC TOP + ATOM
ROTATIONAL CONSTANTS ARE, CM-1: A =   0.67 ; B =    0.18; C =    0.23 ;
CHANNELS ENERGIES, CM-1:
#N =           J         KA         KC          E
    1          0          0          0      0.000
    2          1          0          1      0.408
    3          1          1          1      0.844
INITIAL STATE IS:J =    0; KA =    0; KC =    0
 
THE POTENTIAL R-UNITS ARE ANGSTROMS
THE POTENTIAL ENERGY IS IN CM-1
 
COULPING MATRIX WILL BE COMPUTED USING NUMERICAL  INTEGRATION OF POTENTIAL OVER THE WAVEFUNCTIONS
SCATTERING CALCULATIONS WILL BE PERFORMED
 
THE SYSTEM SETUP DONE SUCCESFULLY
