Evolution of average Monte Carlo cross-section (in Angstrom^2) for each inelastic channel during the trajectories sampling procedure.
Traj#          Ch#1                 Ch#2                 Ch#3                 Ch#4                 Ch#5                 Ch#6                 Ch#7                 Ch#8                 Ch#9
    1   0.300912928211E+03   0.111053940491E+03   0.223446196095E+00   0.112378691265E+03   0.780034428731E+00   0.395558490533E+00   0.221623410923E+00   0.258293121183E+00   0.223207488991E+00
    2   0.259645443126E+03   0.738781392231E+02   0.650192215113E+00   0.799330230434E+02   0.924600914881E+00   0.252770579552E+00   0.226754092511E+00   0.201067592062E+00   0.195342060143E+00
    3   0.235883876735E+03   0.616946594842E+02   0.957561791632E+00   0.686294333804E+02   0.895713712140E+00   0.227138296502E+00   0.237508832674E+00   0.173745510712E+00   0.175031458875E+00
    4   0.180459310660E+03   0.485202380733E+02   0.904553572607E+00   0.534547517072E+02   0.762706929893E+00   0.197256604334E+00   0.298195180897E+00   0.139889229492E+00   0.132618843350E+00
    5   0.237716084222E+03   0.501435562400E+02   0.741864780372E+00   0.533971746414E+02   0.101400923020E+01   0.214425690474E+00   0.279016751923E+00   0.165949017986E+00   0.136464693282E+00
    6   0.308242913560E+03   0.427921806555E+02   0.686340240601E+00   0.454287189321E+02   0.109538448818E+01   0.188510086450E+00   0.307701549061E+00   0.150593211146E+00   0.119387031851E+00
    7   0.450143173336E+03   0.366790162208E+02   0.613258922375E+00   0.389389057341E+02   0.140397468964E+01   0.161634714440E+00   0.288583288631E+00   0.133600895734E+00   0.102506831150E+00
    8   0.441334129512E+03   0.333411316293E+02   0.568663376571E+00   0.357579039876E+02   0.139264548480E+01   0.158980281894E+00   0.288873541940E+00   0.133518180089E+00   0.114734523464E+00
    9   0.546097791776E+03   0.296365633792E+02   0.519541348782E+00   0.317848093650E+02   0.191536361521E+01   0.141345073934E+00   0.270532383411E+00   0.121200326073E+00   0.102129074147E+00
   10   0.642248064557E+03   0.266729095619E+02   0.474718544920E+00   0.286063391541E+02   0.224108626425E+01   0.127220429955E+00   0.250285625071E+00   0.112248254530E+00   0.921468380433E-01
   11   0.697572194201E+03   0.242481050360E+02   0.449254013065E+00   0.260057643649E+02   0.248446419275E+01   0.115696982952E+00   0.245264059111E+00   0.103508211223E+00   0.838343094615E-01
   12   0.668406831561E+03   0.236339413585E+02   0.438066725494E+00   0.255424644935E+02   0.233769393868E+01   0.112483555933E+00   0.247997874003E+00   0.107241258989E+00   0.944089485488E-01
   13   0.706618492017E+03   0.218159592442E+02   0.425935414356E+00   0.235776616581E+02   0.252620195979E+01   0.103876940237E+00   0.250656393030E+00   0.100599687545E+00   0.871928705556E-01
   14   0.764465948467E+03   0.202576785853E+02   0.399773175871E+00   0.218935556630E+02   0.293910433203E+01   0.964627102354E-01   0.236811700485E+00   0.956400455863E-01   0.811454780379E-01
   15   0.767172106669E+03   0.189084445077E+02   0.385959184942E+00   0.204373588440E+02   0.302866249044E+01   0.905764680752E-01   0.233737028566E+00   0.904275780915E-01   0.758491357958E-01
   16   0.795402673690E+03   0.177266723069E+02   0.375241333982E+00   0.191600249171E+02   0.322437525313E+01   0.849464437829E-01   0.232615159145E+00   0.858090066549E-01   0.711348130124E-01
   17   0.792838764707E+03   0.167063087358E+02   0.368498912275E+00   0.180518656357E+02   0.314339449456E+01   0.811008889417E-01   0.234651447421E+00   0.819790065517E-01   0.672195115972E-01
   18   0.749436964209E+03   0.161878892692E+02   0.381911639061E+00   0.174085770341E+02   0.298532936220E+01   0.815222858526E-01   0.243534260986E+00   0.791438190716E-01   0.637269185964E-01
   19   0.766606734696E+03   0.153359158774E+02   0.381730130144E+00   0.164923476520E+02   0.296107892998E+01   0.772751076545E-01   0.250850019367E+00   0.760408124561E-01   0.604277208630E-01
   20   0.786245553185E+03   0.145691294045E+02   0.377085777737E+00   0.156677317930E+02   0.303583150255E+01   0.734419365864E-01   0.252861986323E+00   0.732723447132E-01   0.574393178193E-01
   21   0.781392988748E+03   0.140472896497E+02   0.376484540974E+00   0.150587320737E+02   0.297863580596E+01   0.721098303131E-01   0.259938840139E+00   0.722918729636E-01   0.557170719375E-01
   22   0.766251175480E+03   0.162705231403E+02   0.363055509300E+00   0.170658811846E+02   0.291297677455E+01   0.835410132935E-01   0.256258401816E+00   0.821882327118E-01   0.605395892324E-01
   23   0.765092399785E+03   0.155919655410E+02   0.360005091126E+00   0.163440534851E+02   0.284507468332E+01   0.809337563475E-01   0.258390279463E+00   0.794484164557E-01   0.581835279540E-01
   24   0.795334692553E+03   0.149423011514E+02   0.348234361886E+00   0.156630532124E+02   0.287781396668E+01   0.775667417275E-01   0.250729683659E+00   0.772901622953E-01   0.558140765410E-01
   25   0.800455844785E+03   0.143448075185E+02   0.349729935755E+00   0.150366598155E+02   0.284186938815E+01   0.745392133409E-01   0.256315501164E+00   0.749109104092E-01   0.536045809490E-01
   26   0.809588308046E+03   0.137931047990E+02   0.351307663674E+00   0.144583494280E+02   0.286724073292E+01   0.717088256070E-01   0.261697767014E+00   0.726678197541E-01   0.515807946591E-01
   27   0.780986445230E+03   0.141279871495E+02   0.410142112749E+00   0.147378329855E+02   0.279627643261E+01   0.783102769878E-01   0.295267005348E+00   0.743228714858E-01   0.503165516635E-01
   28   0.802312672465E+03   0.136234167924E+02   0.400127849133E+00   0.142114837466E+02   0.291313253828E+01   0.755231595410E-01   0.289260666133E+00   0.723430346882E-01   0.485662024985E-01
   29   0.793143098622E+03   0.143658535168E+02   0.396421863237E+00   0.148439070506E+02   0.282897960094E+01   0.803085361305E-01   0.291961475745E+00   0.749776968324E-01   0.510736731753E-01
   30   0.804966390371E+03   0.138869988703E+02   0.393417212598E+00   0.143491113985E+02   0.286075278198E+01   0.776530121090E-01   0.292515178440E+00   0.731524192972E-01   0.493972651278E-01
   31   0.784446435184E+03   0.145950151481E+02   0.433193254385E+00   0.152356961902E+02   0.281161806425E+01   0.826914501400E-01   0.298101101787E+00   0.772050810847E-01   0.515997907951E-01
   32   0.804331389702E+03   0.141389215287E+02   0.422995893061E+00   0.147595826458E+02   0.291898461817E+01   0.801136955401E-01   0.292035293503E+00   0.757951557282E-01   0.500198071171E-01
   33   0.802178325268E+03   0.137364556568E+02   0.419388558691E+00   0.143295262798E+02   0.286771789721E+01   0.784688775875E-01   0.292857113088E+00   0.740527864447E-01   0.487182156028E-01
   34   0.799357500760E+03   0.133934106666E+02   0.416783413832E+00   0.139495211749E+02   0.282812288074E+01   0.772425429886E-01   0.294773823525E+00   0.727201676634E-01   0.476690611035E-01
   35   0.809148662950E+03   0.130107483095E+02   0.413873537020E+00   0.135509646247E+02   0.284636966147E+01   0.750544048706E-01   0.295416883563E+00   0.712128608577E-01   0.463308511354E-01
   36   0.814639694696E+03   0.126493606658E+02   0.413363700344E+00   0.131745824820E+02   0.287733210089E+01   0.729996840788E-01   0.298375569673E+00   0.695679158513E-01   0.450686378189E-01
   37   0.828910805587E+03   0.123074865423E+02   0.406270530455E+00   0.128185141964E+02   0.293133392728E+01   0.710350033001E-01   0.294341052597E+00   0.681866620285E-01   0.438860190141E-01
   38   0.810273619182E+03   0.129906589733E+02   0.456346039576E+00   0.136049313863E+02   0.290618408174E+01   0.768755023370E-01   0.309021719859E+00   0.730393601799E-01   0.450475462868E-01
   39   0.794869801473E+03   0.136313735900E+02   0.476803696655E+00   0.145061043282E+02   0.285745805005E+01   0.779724116395E-01   0.306941516236E+00   0.744937308854E-01   0.480079967699E-01
   40   0.808130782295E+03   0.132905897841E+02   0.468935828831E+00   0.141434528069E+02   0.288427456060E+01   0.760314355549E-01   0.303284539916E+00   0.733308185559E-01   0.468406310750E-01
   41   0.801113130041E+03   0.139360527992E+02   0.462554853525E+00   0.147079074095E+02   0.283286751825E+01   0.800949404210E-01   0.302756793801E+00   0.752667393529E-01   0.488531786908E-01
   42   0.814283705396E+03   0.136042424261E+02   0.454953724492E+00   0.143577205663E+02   0.289576405334E+01   0.781949143915E-01   0.298910638924E+00   0.738014201522E-01   0.477211787765E-01
   43   0.827964450761E+03   0.132878651216E+02   0.447097810924E+00   0.140238212989E+02   0.297030075635E+01   0.763818773750E-01   0.294614784645E+00   0.728536367199E-01   0.466385339484E-01
   44   0.838588384852E+03   0.129858689230E+02   0.440969134975E+00   0.137050986262E+02   0.297695589701E+01   0.746549038366E-01   0.291934469460E+00   0.718887235915E-01   0.456054441762E-01
   45   0.823942731804E+03   0.135026603397E+02   0.466289462053E+00   0.143662302033E+02   0.293386456154E+01   0.775969239028E-01   0.293238273827E+00   0.737718292625E-01   0.473824727791E-01
   46   0.824762800582E+03   0.132094165093E+02   0.462834933722E+00   0.140539787752E+02   0.292751577320E+01   0.759921797563E-01   0.293554979184E+00   0.725757378391E-01   0.463684258773E-01
   47   0.815052879702E+03   0.147539867523E+02   0.456903721814E+00   0.156856506618E+02   0.287425943790E+01   0.800513835824E-01   0.290987660089E+00   0.792304334589E-01   0.498223230614E-01
   48   0.813075418402E+03   0.144751054852E+02   0.454011754731E+00   0.153772186100E+02   0.284024398647E+01   0.790321077602E-01   0.291984075080E+00   0.780030914375E-01   0.489764189727E-01
   49   0.808751868085E+03   0.145184141041E+02   0.452729834604E+00   0.153946711170E+02   0.283001524784E+01   0.793113958423E-01   0.295047494292E+00   0.779259907520E-01   0.496566034378E-01
   50   0.818235481024E+03   0.142280465979E+02   0.447321169627E+00   0.150867780884E+02   0.284332503915E+01   0.777335428690E-01   0.292783560248E+00   0.768909709926E-01   0.486848626243E-01
