Transition probabilites for each individual Monte Carlo trajectory.
Traj#          Ch#1                 Ch#2                 Ch#3                 Ch#4                 Ch#5                 Ch#6                 Ch#7                 Ch#8                 Ch#9
    1   0.562429404512E+00   0.215353674308E+00   0.447442033652E-03   0.217922605636E+00   0.156831803250E-02   0.820783655097E-03   0.443791979552E-03   0.535958087526E-03   0.477762119501E-03  
    2   0.707216927088E+00   0.123318637488E+00   0.373655419148E-02   0.159555936235E+00   0.372462666207E-02   0.395420259129E-03   0.804549413456E-03   0.517154807582E-03   0.621117609857E-03  
    3   0.677039839068E+00   0.139202232480E+00   0.605474902901E-02   0.171625910706E+00   0.323988491445E-02   0.701803646132E-03   0.997449555989E-03   0.475260063589E-03   0.553263495921E-03  
    4   0.421813645667E+00   0.277562080518E+00   0.237505499554E-01   0.244667094421E+00   0.116330342689E-01   0.355240235582E-02   0.152996104349E-01   0.126500786339E-02   0.183236102698E-03  
    5   0.799300035062E+00   0.100628714226E+00   0.167160126209E-03   0.944635055730E-01   0.371970370667E-02   0.538227224205E-03   0.371168315881E-03   0.513675678074E-03   0.297794707120E-03  
    6   0.978123343007E+00   0.926751179043E-02   0.648086339059E-03   0.857826101374E-02   0.239172623742E-02   0.968312264221E-04   0.715330922726E-03   0.121284009305E-03   0.576250549741E-04  
    7   0.997002950530E+00   0.235346015732E-07   0.143431120667E-03   0.210975772682E-07   0.268256564560E-02   0.325266694779E-06   0.142694734967E-03   0.269129158794E-04   0.107515585545E-05  
    8   0.933728902974E+00   0.254541457646E-01   0.675815851266E-03   0.344227354002E-01   0.347443579857E-02   0.383326811418E-03   0.766481855501E-03   0.362958825572E-03   0.564198354518E-03  
    9   0.995072885902E+00   0.129614851856E-07   0.974775317958E-04   0.390705985649E-07   0.471488333522E-02   0.210221590550E-06   0.953502946032E-04   0.180824183667E-04   0.105826588252E-05  
   10   0.996199454092E+00   0.172803736384E-07   0.504855695280E-04   0.735311921125E-07   0.367672610579E-02   0.723565953438E-07   0.481858181294E-04   0.232397083486E-04   0.174553831169E-05  
   11   0.995441986258E+00   0.493571760538E-07   0.165928994180E-03   0.136010856388E-07   0.421043159282E-02   0.408637377140E-06   0.166303899356E-03   0.142314730487E-04   0.646189497314E-06  
   12   0.895212374469E+00   0.451000734189E-01   0.869196048600E-03   0.546341915705E-01   0.200366820438E-02   0.220550798732E-03   0.767276727733E-03   0.424040636860E-03   0.621532154531E-03  
   13   0.995064936086E+00   0.154058997126E-06   0.256518472956E-03   0.244836216481E-07   0.439886697913E-02   0.566543008345E-06   0.258530420245E-03   0.198162193350E-04   0.586740629513E-06  
   14   0.994036168555E+00   0.204153335764E-07   0.419000203272E-04   0.120867424620E-06   0.585724594435E-02   0.565574040325E-07   0.399102366632E-04   0.226787150314E-04   0.189868853705E-05  
   15   0.993680321769E+00   0.245456310567E-04   0.254641706523E-03   0.648022374994E-04   0.568600907569E-02   0.111939457324E-04   0.252166622387E-03   0.239155887728E-04   0.240343301534E-05  
   16   0.994203052369E+00   0.755682055678E-07   0.187426618821E-03   0.135509713496E-07   0.540504674785E-02   0.449223902353E-06   0.188574517413E-03   0.149691089575E-04   0.392298096078E-06  
   17   0.995588699161E+00   0.522762564477E-03   0.369754037792E-03   0.441461964962E-03   0.263204598461E-02   0.287736227817E-04   0.379134642804E-03   0.304304623731E-04   0.693754186327E-05  
   18   0.421811667411E+00   0.278074807759E+00   0.237485949737E-01   0.244060429959E+00   0.116588508123E-01   0.357823416759E-02   0.153621745833E-01   0.124856996383E-02   0.181163604415E-03  
   19   0.996704880122E+00   0.379565088641E-06   0.375708093370E-03   0.210317985620E-06   0.251635159519E-02   0.849588928201E-06   0.379749162840E-03   0.207656972580E-04   0.110586315175E-05  
   20   0.995330268493E+00   0.166043599413E-06   0.265667762377E-03   0.271413792108E-07   0.411520359746E-02   0.582988261553E-06   0.267733808891E-03   0.197016301695E-04   0.648539102831E-06  
   21   0.986080491842E+00   0.539755651934E-02   0.562633575425E-03   0.430360692878E-02   0.284382452042E-02   0.727332865309E-04   0.619777069486E-03   0.842744728194E-04   0.351015760795E-04  
   22   0.775793418897E+00   0.113044235807E+00   0.150269488837E-03   0.106324590057E+00   0.285601698292E-02   0.621723358245E-03   0.331832064146E-03   0.557198428624E-03   0.320694222178E-03  
   23   0.995532535492E+00   0.926874276931E-03   0.422385371754E-03   0.647771922936E-03   0.195650513775E-02   0.352277536081E-04   0.440261214297E-03   0.286501946692E-04   0.978860379334E-05  
   24   0.997256874448E+00   0.140119483248E-07   0.555440104259E-04   0.325763846440E-07   0.261248600059E-02   0.931244358803E-07   0.534144758430E-04   0.205327579052E-04   0.100859546381E-05  
   25   0.996770769572E+00   0.555551534025E-05   0.445987782482E-03   0.360444870634E-05   0.229829280661E-02   0.225129299769E-05   0.451482963293E-03   0.213427144516E-04   0.712915959303E-06  
   26   0.995557404145E+00   0.534222851353E-06   0.401557210422E-03   0.586897986037E-06   0.361294362466E-02   0.101071425790E-05   0.407212964635E-03   0.176669886592E-04   0.108323842396E-05  
   27   0.421132165115E+00   0.267213266041E+00   0.234406300429E-01   0.257494527175E+00   0.115407588967E-01   0.312973616047E-02   0.141147013981E-01   0.146945651118E-02   0.225343320434E-03  
   28   0.995071546273E+00   0.128470647056E-07   0.100366018968E-03   0.406740300632E-07   0.471328269466E-02   0.217224425276E-06   0.983135452372E-04   0.151401772428E-04   0.108054691868E-05  
   29   0.881651375715E+00   0.599485998370E-01   0.515351606622E-03   0.555108342457E-01   0.835773330965E-03   0.391041876808E-03   0.647299925995E-03   0.271428088000E-03   0.228290229433E-03  
   30   0.995877510675E+00   0.192742002669E-06   0.284696727576E-03   0.337455836616E-07   0.352986979511E-02   0.619157329808E-06   0.286825534613E-03   0.194752177985E-04   0.776409255033E-06  
   31   0.665399517096E+00   0.146518269218E+00   0.686706299980E-02   0.171040820310E+00   0.567020761775E-02   0.102306982074E-02   0.196612099144E-02   0.869683863916E-03   0.531066838971E-03  
   32   0.995108837087E+00   0.140434295362E-07   0.801995717905E-04   0.456140793373E-07   0.470692432574E-02   0.158082144087E-06   0.780366163890E-04   0.249502342733E-04   0.834426687442E-06  
   33   0.995217887541E+00   0.120752918067E-02   0.441969685164E-03   0.799420860939E-03   0.179163954395E-02   0.389262412173E-04   0.464073677445E-03   0.275688185928E-04   0.109844089680E-04  
   34   0.991471506411E+00   0.301914684542E-02   0.497541534800E-03   0.205267473005E-02   0.229758101622E-02   0.573106187583E-04   0.538467654553E-03   0.447964409601E-04   0.209746391035E-04  
   35   0.996135407272E+00   0.206481206550E-06   0.294303401785E-03   0.379335523839E-07   0.325275196562E-02   0.636881245705E-06   0.296493077730E-03   0.193322175198E-04   0.830773840124E-06  
   36   0.994927796568E+00   0.813161420634E-06   0.418737328492E-03   0.123797443590E-05   0.421053399564E-02   0.118970729787E-05   0.425523787094E-03   0.131589890462E-04   0.100849654203E-05  
   37   0.995855150320E+00   0.139258661006E-07   0.119922245583E-03   0.430273783511E-07   0.388982486084E-02   0.252372032079E-06   0.118477632432E-03   0.152014496880E-04   0.111416842950E-05  
   38   0.572156983712E+00   0.188210339382E+00   0.117274344385E-01   0.210019308268E+00   0.100743512335E-01   0.154182817508E-02   0.432810280727E-02   0.132929603609E-02   0.477851861320E-03  
   39   0.692253741902E+00   0.130184508185E+00   0.443947503274E-02   0.167109757996E+00   0.357490557848E-02   0.438885837902E-03   0.806676003186E-03   0.475949712996E-03   0.607287976067E-03  
   40   0.996536296323E+00   0.166560770564E-07   0.130576825299E-03   0.339182821600E-07   0.317888486183E-02   0.278285783949E-06   0.129427638704E-03   0.233545558799E-04   0.113093721281E-05  
   41   0.864056529889E+00   0.684821257747E-01   0.368780650023E-03   0.642298631298E-01   0.138701655688E-02   0.447242947115E-03   0.501003417519E-03   0.281474466652E-03   0.245956482514E-03  
   42   0.995434769890E+00   0.130627552251E-07   0.112852340971E-03   0.457538521924E-07   0.432857161013E-02   0.239782539559E-06   0.111207172177E-03   0.111983909570E-04   0.110199876952E-05  
   43   0.995140564052E+00   0.134948756821E-07   0.890514834926E-04   0.383289322573E-07   0.465636788650E-02   0.184573540038E-06   0.868010234370E-04   0.260305675727E-04   0.948590560460E-06  
   44   0.996979128497E+00   0.258580728860E-07   0.146303542141E-03   0.189225918252E-07   0.270149054784E-02   0.337528175801E-06   0.145680886860E-03   0.259719399156E-04   0.104227916705E-05  
   45   0.674982741803E+00   0.141365380260E+00   0.636568573776E-02   0.169506771843E+00   0.419731915210E-02   0.864178035776E-03   0.141221734361E-02   0.653743696747E-03   0.540646790330E-03  
   46   0.995904485562E+00   0.161214076839E-04   0.380620934528E-03   0.319512196224E-05   0.328454525528E-02   0.484854275044E-05   0.381147894565E-03   0.240607124460E-04   0.974581997940E-06  
   47   0.665736185265E+00   0.160874208790E+00   0.356370314682E-03   0.170133094665E+00   0.825134616772E-03   0.535207510847E-03   0.334730763898E-03   0.773087772584E-03   0.431904958310E-03  
   48   0.993872409440E+00   0.195836841023E-02   0.470329890594E-03   0.126136456948E-02   0.184315987181E-02   0.476906251172E-04   0.500975963653E-03   0.311307080287E-04   0.145704518582E-04  
   49   0.940921522226E+00   0.269491846740E-01   0.655921452159E-03   0.263567940409E-01   0.393775774659E-02   0.161090589278E-03   0.741255376464E-03   0.128961739030E-03   0.147510640299E-03  
   50   0.996751587963E+00   0.312741111603E-07   0.151739378905E-03   0.158701683031E-07   0.292136768917E-02   0.361181779591E-06   0.151368310790E-03   0.225767112134E-04   0.951623545518E-06  
