Evolution of statistical error estimate (in % of cross-section value) for each inelastic channel during the trajectories sampling procedure.
Traj#      Ch#2      Ch#3      Ch#4      Ch#5      Ch#6      Ch#7      Ch#8      Ch#9
    2     11.40     27.18     78.61     15.46     40.74     34.97     28.90      1.79
    3      4.81     12.61     33.70      6.87     16.24     14.01     15.33      2.49
    4      6.32     10.93     35.42      5.79     25.71     30.98     47.91     15.65
    5      5.14      9.59     31.97      7.28     18.41     24.63     40.90     11.43
    6      5.06     11.80     28.62     10.54     15.22     22.74     35.15     11.96
    7      4.40     12.61     26.49     11.67     12.66     21.56     32.05     12.47
    8      3.63     11.97     24.25     10.98     10.38     18.81     28.46     10.42
    9      3.13     11.96     22.86     11.11      8.44     18.01     26.62     10.51
   10      2.71     11.80     21.70     11.05      7.20     17.27     25.14     10.39
   11      2.37     11.58     20.60     10.90      6.16     16.61     23.71     10.23
   12      2.06     10.53     19.20      9.82      5.76     15.34     21.73      8.77
   13      1.84     10.33     18.33      9.67      5.03     14.83     20.57      8.63
   14      1.65     10.12     17.66      9.51      4.43     14.37     19.78      8.46
   15      1.50      9.91     16.95      9.33      3.93     13.91     18.85      8.28
   16      1.36      9.71     16.33      9.16      3.52     13.52     18.07      8.11
   17      1.24      9.51     15.68      8.98      3.32     13.09     17.19      7.91
   18      1.38      8.38     12.60      7.88      3.53     11.15     13.41      7.32
   19      1.27      8.24     12.21      7.76      3.37     10.90     12.93      7.18
   20      1.18      8.10     11.87      7.63      3.13     10.66     12.52      7.05
   21      1.10      7.91     11.49      7.48      2.98     10.35     12.01      6.80
   22      1.03      7.11     11.21      6.76      2.84      9.53     11.64      6.13
   23      0.97      7.00     10.90      6.66      2.76      9.31     11.26      6.02
   24      0.91      6.90     10.68      6.57      2.65      9.14     11.02      5.92
   25      0.85      6.81     10.40      6.48      2.56      8.98     10.67      5.82
   26      0.81      6.71     10.14      6.40      2.42      8.83     10.36      5.73
   27      0.87      6.08      8.66      5.83      2.48      7.71      8.78      5.49
   28      0.82      6.01      8.51      5.76      2.34      7.59      8.62      5.41
   29      0.78      5.68      8.32      5.47      2.34      7.25      8.37      5.14
   30      0.74      5.62      8.16      5.41      2.24      7.15      8.19      5.07
   31      0.72      5.16      7.48      4.95      2.12      6.60      7.78      4.66
   32      0.69      5.10      7.37      4.90      2.01      6.51      7.65      4.60
   33      0.66      5.04      7.24      4.85      1.98      6.41      7.48      4.54
   34      0.63      4.98      7.10      4.80      1.93      6.30      7.30      4.47
   35      0.61      4.93      6.98      4.75      1.86      6.23      7.17      4.41
   36      0.58      4.88      6.86      4.71      1.78      6.15      7.02      4.37
   37      0.56      4.83      6.77      4.66      1.71      6.08      6.92      4.32
   38      0.56      4.47      6.11      4.32      1.69      5.56      6.40      4.08
   39      0.55      4.18      5.80      4.03      1.63      5.35      6.23      3.87
   40      0.53      4.14      5.73      4.00      1.59      5.30      6.15      3.83
   41      0.51      3.97      5.65      3.83      1.57      5.10      6.03      3.68
   42      0.49      3.93      5.58      3.80      1.52      5.05      5.96      3.65
   43      0.48      3.90      5.52      3.78      1.46      5.00      5.88      3.61
   44      0.46      3.87      5.46      3.75      1.43      4.95      5.81      3.58
   45      0.46      3.64      5.13      3.52      1.38      4.69      5.62      3.38
   46      0.44      3.62      5.07      3.50      1.34      4.64      5.53      3.35
   47      0.44      3.41      5.00      3.30      1.34      4.47      5.45      3.17
   48      0.42      3.38      4.94      3.28      1.33      4.42      5.35      3.14
   49      0.41      3.31      4.86      3.21      1.29      4.34      5.24      3.07
   50      0.40      3.29      4.81      3.19      1.26      4.30      5.18      3.05
