MQCT paths: /mmfs1/home/8101lukmani/pure-MQCT/EXAMPLES_IO/SYS_TYPE_0/H2O_H2O/MQCT_PATHS.txt -> /mmfs1/home/8101lukmani/pure-MQCT/bin/mqct_H2OH2O.exe
 MPI INITIALIZED
 PARSERING OF USER INPUT
proc_id =     3, Progress =     0%, Time(sec.) =        0.000
proc_id =     1, Progress =     0%, Time(sec.) =        0.000
proc_id =     7, Progress =     0%, Time(sec.) =        0.000
proc_id =     8, Progress =     0%, Time(sec.) =        0.000
proc_id =    10, Progress =     0%, Time(sec.) =        0.000
proc_id =    12, Progress =     0%, Time(sec.) =        0.000
proc_id =    13, Progress =     0%, Time(sec.) =        0.000
proc_id =     9, Progress =     0%, Time(sec.) =        0.000
proc_id =    11, Progress =     0%, Time(sec.) =        0.000
 ARRAY_INI_STARTED
 STATES_SIZE_FOUND          81
 number_of_channels           9
 jmax_included           2
 BASIS ARRAYS CREATED
ARRAYS ALLOCATION TOOK TIME, s =             0.000
 TOTAL_SIZE_OF_M =          594
THE SIZE OF THE Mij COMPUTED BY EACH PROCESSOR= 42
 MATRIX_INI_STARTED
 COMPUTING MATRIX ELEMENTS STARTED
proc_id =     0, Progress =     0%, Time(sec.) =        0.000
 USER TERM FILE IS BEING READ 
 TERMS ARE BEING READ
 TERMS HAVE BEEN READ
 TERM MATRIX CREATED 
Truncation #1 at #R = 20, R = 6.000, and #2 at #R = 29, R = 8.090
proc_id =     0, Progress =     9%, Time(sec.) =        0.003
proc_id =     3, Progress =     9%, Time(sec.) =        0.004
proc_id =     1, Progress =     9%, Time(sec.) =        0.004
proc_id =     0, Progress =    19%, Time(sec.) =        0.003
proc_id =     0, Progress =    29%, Time(sec.) =        0.003
proc_id =     1, Progress =    19%, Time(sec.) =        0.005
proc_id =     0, Progress =    39%, Time(sec.) =        0.003
proc_id =     1, Progress =    29%, Time(sec.) =        0.005
proc_id =     0, Progress =    48%, Time(sec.) =        0.004
proc_id =     3, Progress =    19%, Time(sec.) =        0.005
proc_id =     0, Progress =    58%, Time(sec.) =        0.004
proc_id =    10, Progress =     9%, Time(sec.) =        0.005
proc_id =     0, Progress =    68%, Time(sec.) =        0.004
proc_id =     1, Progress =    39%, Time(sec.) =        0.005
proc_id =    13, Progress =     9%, Time(sec.) =        0.005
proc_id =     3, Progress =    29%, Time(sec.) =        0.005
proc_id =     0, Progress =    78%, Time(sec.) =        0.004
proc_id =     1, Progress =    48%, Time(sec.) =        0.006
proc_id =    12, Progress =     9%, Time(sec.) =        0.006
proc_id =     0, Progress =    87%, Time(sec.) =        0.005
proc_id =     1, Progress =    58%, Time(sec.) =        0.006
proc_id =     8, Progress =     9%, Time(sec.) =        0.006
proc_id =     3, Progress =    39%, Time(sec.) =        0.006
proc_id =     9, Progress =     9%, Time(sec.) =        0.006
proc_id =     0, Progress =    97%, Time(sec.) =        0.005
proc_id =     0, Progress =   100%, Time(sec.) =        0.005
proc_id =     1, Progress =    68%, Time(sec.) =        0.006
proc_id =     3, Progress =    48%, Time(sec.) =        0.006
proc_id =     1, Progress =    78%, Time(sec.) =        0.006
proc_id =     3, Progress =    58%, Time(sec.) =        0.007
proc_id =    11, Progress =     9%, Time(sec.) =        0.007
proc_id =    10, Progress =    19%, Time(sec.) =        0.007
proc_id =     8, Progress =    19%, Time(sec.) =        0.007
proc_id =     1, Progress =    87%, Time(sec.) =        0.007
proc_id =     3, Progress =    68%, Time(sec.) =        0.007
proc_id =     9, Progress =    19%, Time(sec.) =        0.007
proc_id =     3, Progress =    78%, Time(sec.) =        0.007
proc_id =     1, Progress =    97%, Time(sec.) =        0.007
proc_id =     1, Progress =   100%, Time(sec.) =        0.007
proc_id =     3, Progress =    87%, Time(sec.) =        0.008
proc_id =    13, Progress =    19%, Time(sec.) =        0.007
proc_id =    12, Progress =    19%, Time(sec.) =        0.008
proc_id =     3, Progress =    97%, Time(sec.) =        0.008
proc_id =     3, Progress =   100%, Time(sec.) =        0.008
proc_id =     9, Progress =    29%, Time(sec.) =        0.008
proc_id =    11, Progress =    19%, Time(sec.) =        0.009
proc_id =     8, Progress =    29%, Time(sec.) =        0.009
proc_id =    12, Progress =    29%, Time(sec.) =        0.009
proc_id =     9, Progress =    39%, Time(sec.) =        0.010
proc_id =    10, Progress =    29%, Time(sec.) =        0.010
proc_id =    11, Progress =    29%, Time(sec.) =        0.010
proc_id =    12, Progress =    39%, Time(sec.) =        0.010
proc_id =    13, Progress =    29%, Time(sec.) =        0.010
proc_id =     8, Progress =    39%, Time(sec.) =        0.011
proc_id =    10, Progress =    39%, Time(sec.) =        0.011
proc_id =    12, Progress =    48%, Time(sec.) =        0.011
proc_id =     9, Progress =    48%, Time(sec.) =        0.011
proc_id =     8, Progress =    48%, Time(sec.) =        0.012
proc_id =    11, Progress =    39%, Time(sec.) =        0.012
proc_id =     4, Progress =     0%, Time(sec.) =        0.000
proc_id =     6, Progress =     0%, Time(sec.) =        0.000
proc_id =     2, Progress =     0%, Time(sec.) =        0.000
proc_id =     5, Progress =     0%, Time(sec.) =        0.000
proc_id =    10, Progress =    48%, Time(sec.) =        0.013
proc_id =     4, Progress =     9%, Time(sec.) =        0.001
proc_id =     2, Progress =     9%, Time(sec.) =        0.001
proc_id =     5, Progress =     9%, Time(sec.) =        0.001
proc_id =     4, Progress =    19%, Time(sec.) =        0.001
proc_id =     2, Progress =    19%, Time(sec.) =        0.001
proc_id =     8, Progress =    58%, Time(sec.) =        0.014
proc_id =     4, Progress =    29%, Time(sec.) =        0.001
proc_id =     6, Progress =     9%, Time(sec.) =        0.001
proc_id =    12, Progress =    58%, Time(sec.) =        0.014
proc_id =     4, Progress =    39%, Time(sec.) =        0.002
proc_id =     2, Progress =    29%, Time(sec.) =        0.002
proc_id =     7, Progress =     9%, Time(sec.) =        0.014
proc_id =     4, Progress =    48%, Time(sec.) =        0.002
proc_id =    13, Progress =    39%, Time(sec.) =        0.014
proc_id =     9, Progress =    58%, Time(sec.) =        0.014
proc_id =     2, Progress =    39%, Time(sec.) =        0.002
proc_id =    12, Progress =    68%, Time(sec.) =        0.015
proc_id =    10, Progress =    58%, Time(sec.) =        0.015
proc_id =     5, Progress =    19%, Time(sec.) =        0.002
proc_id =    11, Progress =    48%, Time(sec.) =        0.015
proc_id =     4, Progress =    58%, Time(sec.) =        0.002
proc_id =     9, Progress =    68%, Time(sec.) =        0.015
proc_id =     2, Progress =    48%, Time(sec.) =        0.003
proc_id =     6, Progress =    19%, Time(sec.) =        0.003
proc_id =     5, Progress =    29%, Time(sec.) =        0.003
proc_id =     2, Progress =    58%, Time(sec.) =        0.003
proc_id =     7, Progress =    19%, Time(sec.) =        0.016
proc_id =    10, Progress =    68%, Time(sec.) =        0.016
proc_id =     4, Progress =    68%, Time(sec.) =        0.003
proc_id =    13, Progress =    48%, Time(sec.) =        0.016
proc_id =     6, Progress =    29%, Time(sec.) =        0.004
proc_id =     2, Progress =    68%, Time(sec.) =        0.004
proc_id =     8, Progress =    68%, Time(sec.) =        0.016
proc_id =     7, Progress =    29%, Time(sec.) =        0.016
proc_id =     5, Progress =    39%, Time(sec.) =        0.004
proc_id =     2, Progress =    78%, Time(sec.) =        0.004
proc_id =    12, Progress =    78%, Time(sec.) =        0.016
proc_id =     4, Progress =    78%, Time(sec.) =        0.004
proc_id =     5, Progress =    48%, Time(sec.) =        0.004
proc_id =     2, Progress =    87%, Time(sec.) =        0.004
proc_id =     6, Progress =    39%, Time(sec.) =        0.004
proc_id =     9, Progress =    78%, Time(sec.) =        0.017
proc_id =     2, Progress =    97%, Time(sec.) =        0.005
proc_id =     4, Progress =    87%, Time(sec.) =        0.005
proc_id =     7, Progress =    39%, Time(sec.) =        0.017
proc_id =     6, Progress =    48%, Time(sec.) =        0.005
proc_id =     2, Progress =   100%, Time(sec.) =        0.005
proc_id =    10, Progress =    78%, Time(sec.) =        0.017
proc_id =    13, Progress =    58%, Time(sec.) =        0.018
proc_id =     5, Progress =    58%, Time(sec.) =        0.005
proc_id =     6, Progress =    58%, Time(sec.) =        0.006
proc_id =    10, Progress =    87%, Time(sec.) =        0.018
proc_id =     4, Progress =    97%, Time(sec.) =        0.006
proc_id =    12, Progress =    87%, Time(sec.) =        0.019
proc_id =     4, Progress =   100%, Time(sec.) =        0.006
proc_id =     6, Progress =    68%, Time(sec.) =        0.006
proc_id =     8, Progress =    78%, Time(sec.) =        0.019
proc_id =     5, Progress =    68%, Time(sec.) =        0.006
proc_id =     7, Progress =    48%, Time(sec.) =        0.019
proc_id =     9, Progress =    87%, Time(sec.) =        0.019
proc_id =    11, Progress =    58%, Time(sec.) =        0.019
proc_id =     5, Progress =    78%, Time(sec.) =        0.007
proc_id =     7, Progress =    58%, Time(sec.) =        0.020
proc_id =    11, Progress =    68%, Time(sec.) =        0.020
proc_id =     8, Progress =    87%, Time(sec.) =        0.020
proc_id =     6, Progress =    78%, Time(sec.) =        0.007
proc_id =    13, Progress =    68%, Time(sec.) =        0.020
proc_id =    10, Progress =    97%, Time(sec.) =        0.020
proc_id =     7, Progress =    68%, Time(sec.) =        0.020
proc_id =     5, Progress =    87%, Time(sec.) =        0.008
proc_id =    10, Progress =   100%, Time(sec.) =        0.021
proc_id =     7, Progress =    78%, Time(sec.) =        0.021
proc_id =     6, Progress =    87%, Time(sec.) =        0.009
proc_id =     8, Progress =    97%, Time(sec.) =        0.021
proc_id =     6, Progress =    97%, Time(sec.) =        0.009
proc_id =    11, Progress =    78%, Time(sec.) =        0.022
proc_id =     6, Progress =   100%, Time(sec.) =        0.009
proc_id =     5, Progress =    97%, Time(sec.) =        0.009
proc_id =     5, Progress =   100%, Time(sec.) =        0.009
proc_id =     8, Progress =   100%, Time(sec.) =        0.022
proc_id =    12, Progress =    97%, Time(sec.) =        0.022
proc_id =    12, Progress =   100%, Time(sec.) =        0.022
proc_id =     7, Progress =    87%, Time(sec.) =        0.022
proc_id =     9, Progress =    97%, Time(sec.) =        0.022
proc_id =    13, Progress =    78%, Time(sec.) =        0.023
proc_id =     9, Progress =   100%, Time(sec.) =        0.023
proc_id =    11, Progress =    87%, Time(sec.) =        0.024
proc_id =     7, Progress =    97%, Time(sec.) =        0.024
proc_id =     7, Progress =   100%, Time(sec.) =        0.025
proc_id =    13, Progress =    87%, Time(sec.) =        0.025
proc_id =    13, Progress =    97%, Time(sec.) =        0.027
proc_id =    11, Progress =    97%, Time(sec.) =        0.027
proc_id =    11, Progress =   100%, Time(sec.) =        0.027
proc_id =    13, Progress =   100%, Time(sec.) =        0.027
 SPLINING OF Mij STARTED
 SPLINING OF Mij FINISHED
 TERMS ARE BEING READ
 TERMS HAVE BEEN READ
 COMPUTING THE RESIDUE OF Mij
 SPLINING RESIDUE OF Mij
 MPI TASK PER TRAJECTORY WILL BE USED
MPI TASKS WHICH ARE ASSOCIATED WITH ONE TRAJECTORY =     1
 Mij ROOT PROC DISTRIBUTION STARTED
 Mij ROOT PROC DISTRIBUTION DONE
 Mij ALL PROC DISTRIBUTION STARTED
 Mij ALL PROC DISTRIBUTION DONE
 MPI_COMMUNICATORS_CREATION STARTED
 MPI_COMMUNICATORS_CREATION DONE
TIME SPENT ON MATRIX Mij READING/COMPUTING/SAVING ON DISK ,s       0.0
  
 SCATTERING CALCULATIONS STARTED
 NUMBER OF TRAJECTORIES PER PROC_GROUP MIN           1
TOTAL J RANGE: FROM    0 TO  259
TOTAL L RANGE: FROM    0 TO  259
l_range1/2/3 =      0     0     0  total =     14
 NUMBER OF TRAJECTORIES PER PROC_GROUP MAX           1
 TOTAL NUMBER OF TRAJECTORIES          14
TIME IT TOOK TO SETUP ARRAYS, s     0
CALCULATIONS START FOR M =    0
 Number of steps =        1724
TRAJECTORY DONE FOR L=   256 TIME_SPENT=        0.242 SEC.
 Number of steps =        4590
TRAJECTORY DONE FOR L=   237 TIME_SPENT=        0.632 SEC.
 Number of steps =        6145
TRAJECTORY DONE FOR L=   218 TIME_SPENT=        0.844 SEC.
 Number of steps =        7285
TRAJECTORY DONE FOR L=   199 TIME_SPENT=        1.001 SEC.
 Number of steps =        8153
TRAJECTORY DONE FOR L=   180 TIME_SPENT=        1.117 SEC.
 Number of steps =        8897
TRAJECTORY DONE FOR L=   161 TIME_SPENT=        1.223 SEC.
 Number of steps =        9430
TRAJECTORY DONE FOR L=     9 TIME_SPENT=        1.325 SEC.
 Number of steps =        9496
TRAJECTORY DONE FOR L=   142 TIME_SPENT=        1.327 SEC.
 Number of steps =        9660
TRAJECTORY DONE FOR L=    28 TIME_SPENT=        1.350 SEC.
 Number of steps =       10012
TRAJECTORY DONE FOR L=   123 TIME_SPENT=        1.384 SEC.
 Number of steps =       10262
TRAJECTORY DONE FOR L=    47 TIME_SPENT=        1.419 SEC.
 Number of steps =       10484
TRAJECTORY DONE FOR L=   104 TIME_SPENT=        1.462 SEC.
 Number of steps =       10950
TRAJECTORY DONE FOR L=    85 TIME_SPENT=        1.513 SEC.
 Number of steps =       11555
TRAJECTORY DONE FOR L=    66 TIME_SPENT=        1.610 SEC.
ALL TRAJECTORIES DONE FOR ENER_NUM =   1 AND M12 =    0  J12=     0
TIME IT TOOK TO PROPOGATE,s          1
 DATA FROM ALL TRAJECTORIES GATHERED
 INELASTIC CROSS SECTION CALCULATED FOR M           0
  
 CROSS SECTION CALCULATED FOR ENERGY=           1
  
 Trajectory Propagation Time:   1.62932338000000     
  
TOTAL TIME SPENT ON PROPAGATION,sec =       22
THE AVERAGE TIME PER MPI TASK SPENT ON PROPAGATION =    0  h   0   m  1.6  s
TIME SPENT ON INITIALIZATION TOOK WALL CLOCK TIME =    0  h   0   m  0.1  s
TIME SPENT ON MIJ DISTRIBUTION TOOK WALL CLOCK TIME =    0  h   0   m  0.0  s
TIME SPENT ON MIJ REALLOCATION TOOK WALL CLOCK TIME =    0  h   0   m  0.0  s
 ALL WORK DONE

real	0m2.613s
user	0m24.414s
sys	0m2.988s
