 FOR ENERGY=           1
 MAXIMUM PROBABILITY ERROR
 B_IMP   5.49128765843380     
 L_ORB   47.0000000000000     
 R_FIN   30.0001295429600     
 PHI_FIN   2.03068577527271     
 PROBAB_SURV  0.707046553055312     
 ERROR_ENERG   2.00982816763150     
 ERROR_PROBAB  5.625886090321330E-007
 STATE           1
 #NTRAJECT           1
 #NPROC           2
 
 MAXIMUM ENERGY ERROR
 B_IMP   7.68801135452570     
 L_ORB   66.0000000000000     
 R_FIN   30.0004464361203     
 PHI_FIN   3.20542121772255     
 PROBAB_SURV  0.372753074905717     
 ERROR_ENERG   4.33042469352158     
 ERROR_PROBAB  1.156763351772838E-007
 STATE           1
 #NTRAJECT           1
 #NPROC           3
 -------------------------
