STATE= 1
j12= 0
m12= 0
ENERGY#1, U(i)= 500.000 cm^-1
J_TOTAL  CHANNEL=     1  CHANNEL=     2  CHANNEL=     3  CHANNEL=     4  CHANNEL=     5  CHANNEL=     6  CHANNEL=     7  CHANNEL=     8  CHANNEL=     9  
    0    0.10836066E-01  0.34730815E-03  0.13016708E-05  0.51738083E-03  0.21704441E-04  0.45710479E-05  0.15378617E-04  0.49208185E-05  0.10125732E-04 
    1    0.32508198E-01  0.10419245E-02  0.39050123E-05  0.15521425E-02  0.65113323E-04  0.13713144E-04  0.46135850E-04  0.14762455E-04  0.30377195E-04 
    2    0.54180330E-01  0.17365408E-02  0.65083538E-05  0.25869041E-02  0.10852221E-03  0.22855240E-04  0.76893083E-04  0.24604092E-04  0.50628659E-04 
    3    0.75852463E-01  0.24311571E-02  0.91116953E-05  0.36216658E-02  0.15193109E-03  0.31997335E-04  0.10765032E-03  0.34445729E-04  0.70880123E-04 
    4    0.97524595E-01  0.31257734E-02  0.11715037E-04  0.46564275E-02  0.19533997E-03  0.41139431E-04  0.13840755E-03  0.44287366E-04  0.91131586E-04 
    5    0.11919673E+00  0.38203897E-02  0.14318378E-04  0.56911891E-02  0.23874885E-03  0.50281527E-04  0.16916478E-03  0.54129003E-04  0.11138305E-03 
    6    0.14086886E+00  0.45150060E-02  0.16921720E-04  0.67259508E-02  0.28215773E-03  0.59423623E-04  0.19992202E-03  0.63970640E-04  0.13163451E-03 
    7    0.16254099E+00  0.52096223E-02  0.19525061E-04  0.77607124E-02  0.32556662E-03  0.68565719E-04  0.23067925E-03  0.73812277E-04  0.15188598E-03 
    8    0.18421312E+00  0.59042386E-02  0.22128403E-04  0.87954741E-02  0.36897550E-03  0.77707815E-04  0.26143648E-03  0.83653914E-04  0.17213744E-03 
    9    0.20588526E+00  0.65988549E-02  0.24731744E-04  0.98302358E-02  0.41238438E-03  0.86849911E-04  0.29219371E-03  0.93495551E-04  0.19238890E-03 
   10    0.22755739E+00  0.72934713E-02  0.27335086E-04  0.10864997E-01  0.45579326E-03  0.95992006E-04  0.32295095E-03  0.10333719E-03  0.21264037E-03 
   11    0.24922952E+00  0.79880876E-02  0.29938427E-04  0.11899759E-01  0.49920214E-03  0.10513410E-03  0.35370818E-03  0.11317883E-03  0.23289183E-03 
   12    0.27090165E+00  0.86827039E-02  0.32541769E-04  0.12934521E-01  0.54261103E-03  0.11427620E-03  0.38446541E-03  0.12302046E-03  0.25314329E-03 
   13    0.29257378E+00  0.93773202E-02  0.35145110E-04  0.13969282E-01  0.58601991E-03  0.12341829E-03  0.41522265E-03  0.13286210E-03  0.27339476E-03 
   14    0.31424592E+00  0.10071936E-01  0.37748452E-04  0.15004044E-01  0.62942879E-03  0.13256039E-03  0.44597988E-03  0.14270374E-03  0.29364622E-03 
   15    0.33591805E+00  0.10766553E-01  0.40351793E-04  0.16038806E-01  0.67283767E-03  0.14170249E-03  0.47673711E-03  0.15254537E-03  0.31389769E-03 
   16    0.35759018E+00  0.11461169E-01  0.42955135E-04  0.17073567E-01  0.71624655E-03  0.15084458E-03  0.50749435E-03  0.16238701E-03  0.33414915E-03 
   17    0.37926231E+00  0.12155785E-01  0.45558477E-04  0.18108329E-01  0.75965544E-03  0.15998668E-03  0.53825158E-03  0.17222865E-03  0.35440061E-03 
   18    0.40093445E+00  0.12850402E-01  0.48161818E-04  0.19143091E-01  0.80306432E-03  0.16912877E-03  0.56900881E-03  0.18207028E-03  0.37465208E-03 
   19    0.37917682E+00  0.36776062E-01  0.26779511E-03  0.39915290E-01  0.91324951E-03  0.17196443E-03  0.70395383E-03  0.29388343E-03  0.37252235E-03 
   20    0.39862178E+00  0.38662014E-01  0.28152819E-03  0.41962228E-01  0.96008282E-03  0.18078312E-03  0.74005402E-03  0.30895437E-03  0.39162606E-03 
   21    0.41806675E+00  0.40547966E-01  0.29526127E-03  0.44009166E-01  0.10069161E-02  0.18960181E-03  0.77615422E-03  0.32402532E-03  0.41072977E-03 
   22    0.43751171E+00  0.42433917E-01  0.30899436E-03  0.46056103E-01  0.10537494E-02  0.19842050E-03  0.81225442E-03  0.33909626E-03  0.42983349E-03 
   23    0.45695668E+00  0.44319869E-01  0.32272744E-03  0.48103041E-01  0.11005827E-02  0.20723919E-03  0.84835461E-03  0.35416721E-03  0.44893720E-03 
   24    0.47640164E+00  0.46205821E-01  0.33646052E-03  0.50149979E-01  0.11474161E-02  0.21605788E-03  0.88445481E-03  0.36923815E-03  0.46804091E-03 
   25    0.49584661E+00  0.48091773E-01  0.35019360E-03  0.52196917E-01  0.11942494E-02  0.22487657E-03  0.92055501E-03  0.38430910E-03  0.48714462E-03 
   26    0.51529157E+00  0.49977725E-01  0.36392669E-03  0.54243855E-01  0.12410827E-02  0.23369526E-03  0.95665520E-03  0.39938004E-03  0.50624833E-03 
   27    0.53473654E+00  0.51863677E-01  0.37765977E-03  0.56290793E-01  0.12879160E-02  0.24251395E-03  0.99275540E-03  0.41445099E-03  0.52535204E-03 
   28    0.55418150E+00  0.53749629E-01  0.39139285E-03  0.58337731E-01  0.13347493E-02  0.25133264E-03  0.10288556E-02  0.42952193E-03  0.54445575E-03 
   29    0.57362647E+00  0.55635581E-01  0.40512593E-03  0.60384669E-01  0.13815826E-02  0.26015132E-03  0.10649558E-02  0.44459288E-03  0.56355946E-03 
   30    0.59307143E+00  0.57521532E-01  0.41885902E-03  0.62431607E-01  0.14284159E-02  0.26897001E-03  0.11010560E-02  0.45966382E-03  0.58266317E-03 
   31    0.61251640E+00  0.59407484E-01  0.43259210E-03  0.64478545E-01  0.14752492E-02  0.27778870E-03  0.11371562E-02  0.47473477E-03  0.60176688E-03 
   32    0.63196136E+00  0.61293436E-01  0.44632518E-03  0.66525483E-01  0.15220825E-02  0.28660739E-03  0.11732564E-02  0.48980571E-03  0.62087059E-03 
   33    0.65140633E+00  0.63179388E-01  0.46005826E-03  0.68572421E-01  0.15689158E-02  0.29542608E-03  0.12093566E-02  0.50487666E-03  0.63997430E-03 
   34    0.67085129E+00  0.65065340E-01  0.47379135E-03  0.70619359E-01  0.16157491E-02  0.30424477E-03  0.12454568E-02  0.51994760E-03  0.65907801E-03 
   35    0.69029626E+00  0.66951292E-01  0.48752443E-03  0.72666297E-01  0.16625824E-02  0.31306346E-03  0.12815570E-02  0.53501855E-03  0.67818172E-03 
   36    0.70974122E+00  0.68837244E-01  0.50125751E-03  0.74713235E-01  0.17094158E-02  0.32188215E-03  0.13176572E-02  0.55008949E-03  0.69728543E-03 
   37    0.72918619E+00  0.70723196E-01  0.51499059E-03  0.76760172E-01  0.17562491E-02  0.33070084E-03  0.13537574E-02  0.56516044E-03  0.71638914E-03 
   38    0.64017715E+00  0.12858041E+00  0.38711780E-03  0.13242384E+00  0.18771724E-02  0.50446636E-03  0.38723661E-03  0.58019074E-03  0.50673604E-03 
   39    0.65680512E+00  0.13192016E+00  0.39717281E-03  0.13586342E+00  0.19259301E-02  0.51756938E-03  0.39729470E-03  0.59526063E-03  0.51989801E-03 
   40    0.67343310E+00  0.13525991E+00  0.40722781E-03  0.13930300E+00  0.19746878E-02  0.53067241E-03  0.40735279E-03  0.61033052E-03  0.53305999E-03 
   41    0.69006108E+00  0.13859966E+00  0.41728282E-03  0.14274258E+00  0.20234456E-02  0.54377543E-03  0.41741089E-03  0.62540041E-03  0.54622196E-03 
   42    0.70668906E+00  0.14193941E+00  0.42733783E-03  0.14618216E+00  0.20722033E-02  0.55687845E-03  0.42746898E-03  0.64047030E-03  0.55938394E-03 
   43    0.72331704E+00  0.14527916E+00  0.43739284E-03  0.14962175E+00  0.21209610E-02  0.56998147E-03  0.43752707E-03  0.65554019E-03  0.57254591E-03 
   44    0.73994501E+00  0.14861891E+00  0.44744785E-03  0.15306133E+00  0.21697187E-02  0.58308450E-03  0.44758517E-03  0.67061008E-03  0.58570789E-03 
   45    0.75657299E+00  0.15195866E+00  0.45750285E-03  0.15650091E+00  0.22184765E-02  0.59618752E-03  0.45764326E-03  0.68567997E-03  0.59886986E-03 
   46    0.77320097E+00  0.15529841E+00  0.46755786E-03  0.15994049E+00  0.22672342E-02  0.60929054E-03  0.46770136E-03  0.70074986E-03  0.61203184E-03 
   47    0.78982895E+00  0.15863817E+00  0.47761287E-03  0.16338007E+00  0.23159919E-02  0.62239356E-03  0.47775945E-03  0.71581975E-03  0.62519381E-03 
   48    0.80645693E+00  0.16197792E+00  0.48766788E-03  0.16681965E+00  0.23647496E-02  0.63549658E-03  0.48781754E-03  0.73088964E-03  0.63835579E-03 
   49    0.82308490E+00  0.16531767E+00  0.49772288E-03  0.17025923E+00  0.24135074E-02  0.64859961E-03  0.49787564E-03  0.74595953E-03  0.65151776E-03 
   50    0.83971288E+00  0.16865742E+00  0.50777789E-03  0.17369881E+00  0.24622651E-02  0.66170263E-03  0.50793373E-03  0.76102942E-03  0.66467974E-03 
   51    0.85634086E+00  0.17199717E+00  0.51783290E-03  0.17713839E+00  0.25110228E-02  0.67480565E-03  0.51799182E-03  0.77609931E-03  0.67784171E-03 
   52    0.87296884E+00  0.17533692E+00  0.52788791E-03  0.18057797E+00  0.25597805E-02  0.68790867E-03  0.52804992E-03  0.79116920E-03  0.69100369E-03 
   53    0.88959681E+00  0.17867667E+00  0.53794292E-03  0.18401755E+00  0.26085383E-02  0.70101170E-03  0.53810801E-03  0.80623909E-03  0.70416566E-03 
   54    0.90622479E+00  0.18201642E+00  0.54799792E-03  0.18745713E+00  0.26572960E-02  0.71411472E-03  0.54816610E-03  0.82130898E-03  0.71732764E-03 
   55    0.92285277E+00  0.18535617E+00  0.55805293E-03  0.19089671E+00  0.27060537E-02  0.72721774E-03  0.55822420E-03  0.83637887E-03  0.73048961E-03 
   56    0.93948075E+00  0.18869592E+00  0.56810794E-03  0.19433629E+00  0.27548114E-02  0.74032076E-03  0.56828229E-03  0.85144875E-03  0.74365159E-03 
   57    0.50405799E+00  0.41151912E+00  0.38822016E-03  0.43318317E+00  0.10415306E-02  0.53731306E-03  0.39609183E-03  0.71683568E-03  0.41682860E-03 
   58    0.51282422E+00  0.41867597E+00  0.39497182E-03  0.44071679E+00  0.10596441E-02  0.54665764E-03  0.40298039E-03  0.72930239E-03  0.42407779E-03 
   59    0.52159045E+00  0.42583283E+00  0.40172347E-03  0.44825041E+00  0.10777577E-02  0.55600221E-03  0.40986894E-03  0.74176909E-03  0.43132698E-03 
   60    0.53035667E+00  0.43298968E+00  0.40847513E-03  0.45578403E+00  0.10958713E-02  0.56534679E-03  0.41675749E-03  0.75423580E-03  0.43857618E-03 
   61    0.53912290E+00  0.44014653E+00  0.41522678E-03  0.46331766E+00  0.11139849E-02  0.57469136E-03  0.42364605E-03  0.76670251E-03  0.44582537E-03 
   62    0.54788912E+00  0.44730339E+00  0.42197844E-03  0.47085128E+00  0.11320984E-02  0.58403594E-03  0.43053460E-03  0.77916922E-03  0.45307456E-03 
   63    0.55665535E+00  0.45446024E+00  0.42873009E-03  0.47838490E+00  0.11502120E-02  0.59338051E-03  0.43742315E-03  0.79163592E-03  0.46032376E-03 
   64    0.56542158E+00  0.46161710E+00  0.43548175E-03  0.48591852E+00  0.11683256E-02  0.60272509E-03  0.44431171E-03  0.80410263E-03  0.46757295E-03 
   65    0.57418780E+00  0.46877395E+00  0.44223340E-03  0.49345214E+00  0.11864392E-02  0.61206966E-03  0.45120026E-03  0.81656934E-03  0.47482214E-03 
   66    0.58295403E+00  0.47593080E+00  0.44898506E-03  0.50098576E+00  0.12045527E-02  0.62141424E-03  0.45808882E-03  0.82903605E-03  0.48207133E-03 
   67    0.59172025E+00  0.48308766E+00  0.45573671E-03  0.50851938E+00  0.12226663E-02  0.63075881E-03  0.46497737E-03  0.84150275E-03  0.48932053E-03 
   68    0.60048648E+00  0.49024451E+00  0.46248836E-03  0.51605300E+00  0.12407799E-02  0.64010339E-03  0.47186592E-03  0.85396946E-03  0.49656972E-03 
   69    0.60925271E+00  0.49740137E+00  0.46924002E-03  0.52358662E+00  0.12588935E-02  0.64944796E-03  0.47875448E-03  0.86643617E-03  0.50381891E-03 
   70    0.61801893E+00  0.50455822E+00  0.47599167E-03  0.53112024E+00  0.12770070E-02  0.65879254E-03  0.48564303E-03  0.87890288E-03  0.51106811E-03 
   71    0.62678516E+00  0.51171508E+00  0.48274333E-03  0.53865386E+00  0.12951206E-02  0.66813711E-03  0.49253158E-03  0.89136958E-03  0.51831730E-03 
   72    0.63555138E+00  0.51887193E+00  0.48949498E-03  0.54618748E+00  0.13132342E-02  0.67748169E-03  0.49942014E-03  0.90383629E-03  0.52556649E-03 
   73    0.64431761E+00  0.52602878E+00  0.49624664E-03  0.55372110E+00  0.13313478E-02  0.68682626E-03  0.50630869E-03  0.91630300E-03  0.53281569E-03 
   74    0.65308384E+00  0.53318564E+00  0.50299829E-03  0.56125472E+00  0.13494613E-02  0.69617084E-03  0.51319724E-03  0.92876971E-03  0.54006488E-03 
   75    0.66185006E+00  0.54034249E+00  0.50974995E-03  0.56878834E+00  0.13675749E-02  0.70551541E-03  0.52008580E-03  0.94123641E-03  0.54731407E-03 
   76    0.13307998E+01  0.23662352E+00  0.24774790E-03  0.22319396E+00  0.47744166E-02  0.10012686E-02  0.55853874E-03  0.12779690E-02  0.61264048E-03 
   77    0.13481959E+01  0.23971663E+00  0.25098644E-03  0.22611153E+00  0.48368273E-02  0.10143571E-02  0.56583990E-03  0.12946744E-02  0.62064885E-03 
   78    0.13655920E+01  0.24280975E+00  0.25422497E-03  0.22902910E+00  0.48992380E-02  0.10274456E-02  0.57314106E-03  0.13113799E-02  0.62865723E-03 
   79    0.13829881E+01  0.24590287E+00  0.25746351E-03  0.23194666E+00  0.49616486E-02  0.10405340E-02  0.58044222E-03  0.13280854E-02  0.63666560E-03 
   80    0.14003841E+01  0.24899599E+00  0.26070204E-03  0.23486423E+00  0.50240593E-02  0.10536225E-02  0.58774338E-03  0.13447909E-02  0.64467397E-03 
   81    0.14177802E+01  0.25208911E+00  0.26394058E-03  0.23778180E+00  0.50864700E-02  0.10667110E-02  0.59504454E-03  0.13614963E-02  0.65268234E-03 
   82    0.14351763E+01  0.25518222E+00  0.26717911E-03  0.24069937E+00  0.51488807E-02  0.10797995E-02  0.60234570E-03  0.13782018E-02  0.66069072E-03 
   83    0.14525724E+01  0.25827534E+00  0.27041765E-03  0.24361694E+00  0.52112913E-02  0.10928879E-02  0.60964686E-03  0.13949073E-02  0.66869909E-03 
   84    0.14699684E+01  0.26136846E+00  0.27365618E-03  0.24653450E+00  0.52737020E-02  0.11059764E-02  0.61694802E-03  0.14116128E-02  0.67670746E-03 
   85    0.14873645E+01  0.26446158E+00  0.27689472E-03  0.24945207E+00  0.53361127E-02  0.11190649E-02  0.62424918E-03  0.14283182E-02  0.68471583E-03 
   86    0.15047606E+01  0.26755470E+00  0.28013325E-03  0.25236964E+00  0.53985233E-02  0.11321534E-02  0.63155034E-03  0.14450237E-02  0.69272421E-03 
   87    0.15221567E+01  0.27064781E+00  0.28337179E-03  0.25528721E+00  0.54609340E-02  0.11452419E-02  0.63885150E-03  0.14617292E-02  0.70073258E-03 
   88    0.15395527E+01  0.27374093E+00  0.28661032E-03  0.25820478E+00  0.55233447E-02  0.11583303E-02  0.64615266E-03  0.14784347E-02  0.70874095E-03 
   89    0.15569488E+01  0.27683405E+00  0.28984885E-03  0.26112235E+00  0.55857554E-02  0.11714188E-02  0.65345382E-03  0.14951402E-02  0.71674932E-03 
   90    0.15743449E+01  0.27992717E+00  0.29308739E-03  0.26403991E+00  0.56481660E-02  0.11845073E-02  0.66075498E-03  0.15118456E-02  0.72475769E-03 
   91    0.15917410E+01  0.28302028E+00  0.29632592E-03  0.26695748E+00  0.57105767E-02  0.11975958E-02  0.66805614E-03  0.15285511E-02  0.73276607E-03 
   92    0.16091371E+01  0.28611340E+00  0.29956446E-03  0.26987505E+00  0.57729874E-02  0.12106843E-02  0.67535730E-03  0.15452566E-02  0.74077444E-03 
   93    0.16265331E+01  0.28920652E+00  0.30280299E-03  0.27279262E+00  0.58353981E-02  0.12237727E-02  0.68265846E-03  0.15619621E-02  0.74878281E-03 
   94    0.16439292E+01  0.29229964E+00  0.30604153E-03  0.27571019E+00  0.58978087E-02  0.12368612E-02  0.68995962E-03  0.15786675E-02  0.75679118E-03 
   95    0.21756891E+01  0.31746647E-01  0.13210073E-02  0.29875794E-01  0.50160579E-02  0.29121226E-03  0.14788614E-02  0.33270440E-03  0.17133483E-03 
   96    0.21984711E+01  0.32079073E-01  0.13348398E-02  0.30188629E-01  0.50685821E-02  0.29426161E-03  0.14943469E-02  0.33618822E-03  0.17312891E-03 
   97    0.22212532E+01  0.32411498E-01  0.13486724E-02  0.30501465E-01  0.51211063E-02  0.29731095E-03  0.15098323E-02  0.33967203E-03  0.17492299E-03 
   98    0.22440353E+01  0.32743924E-01  0.13625049E-02  0.30814300E-01  0.51736304E-02  0.30036029E-03  0.15253178E-02  0.34315585E-03  0.17671708E-03 
   99    0.22668174E+01  0.33076350E-01  0.13763374E-02  0.31127136E-01  0.52261546E-02  0.30340964E-03  0.15408033E-02  0.34663966E-03  0.17851116E-03 
  100    0.22895995E+01  0.33408775E-01  0.13901700E-02  0.31439972E-01  0.52786788E-02  0.30645898E-03  0.15562887E-02  0.35012348E-03  0.18030524E-03 
  101    0.23123816E+01  0.33741201E-01  0.14040025E-02  0.31752807E-01  0.53312029E-02  0.30950832E-03  0.15717742E-02  0.35360730E-03  0.18209932E-03 
  102    0.23351636E+01  0.34073626E-01  0.14178351E-02  0.32065643E-01  0.53837271E-02  0.31255767E-03  0.15872596E-02  0.35709111E-03  0.18389340E-03 
  103    0.23579457E+01  0.34406052E-01  0.14316676E-02  0.32378478E-01  0.54362513E-02  0.31560701E-03  0.16027451E-02  0.36057493E-03  0.18568749E-03 
  104    0.23807278E+01  0.34738478E-01  0.14455001E-02  0.32691314E-01  0.54887754E-02  0.31865635E-03  0.16182306E-02  0.36405874E-03  0.18748157E-03 
  105    0.24035099E+01  0.35070903E-01  0.14593327E-02  0.33004149E-01  0.55412996E-02  0.32170570E-03  0.16337160E-02  0.36754256E-03  0.18927565E-03 
  106    0.24262920E+01  0.35403329E-01  0.14731652E-02  0.33316985E-01  0.55938238E-02  0.32475504E-03  0.16492015E-02  0.37102637E-03  0.19106973E-03 
  107    0.24490741E+01  0.35735754E-01  0.14869977E-02  0.33629820E-01  0.56463479E-02  0.32780438E-03  0.16646869E-02  0.37451019E-03  0.19286381E-03 
  108    0.24718561E+01  0.36068180E-01  0.15008303E-02  0.33942656E-01  0.56988721E-02  0.33085372E-03  0.16801724E-02  0.37799401E-03  0.19465790E-03 
  109    0.24946382E+01  0.36400606E-01  0.15146628E-02  0.34255491E-01  0.57513963E-02  0.33390307E-03  0.16956579E-02  0.38147782E-03  0.19645198E-03 
  110    0.25174203E+01  0.36733031E-01  0.15284954E-02  0.34568327E-01  0.58039204E-02  0.33695241E-03  0.17111433E-02  0.38496164E-03  0.19824606E-03 
  111    0.25402024E+01  0.37065457E-01  0.15423279E-02  0.34881162E-01  0.58564446E-02  0.34000175E-03  0.17266288E-02  0.38844545E-03  0.20004014E-03 
  112    0.25629845E+01  0.37397883E-01  0.15561604E-02  0.35193998E-01  0.59089688E-02  0.34305110E-03  0.17421142E-02  0.39192927E-03  0.20183422E-03 
  113    0.25857666E+01  0.37730308E-01  0.15699930E-02  0.35506834E-01  0.59614929E-02  0.34610044E-03  0.17575997E-02  0.39541308E-03  0.20362831E-03 
  114    0.26770608E+01  0.69550361E-03  0.73060901E-03  0.91430894E-03  0.12446257E-01  0.62315103E-04  0.74416478E-03  0.88357939E-04  0.13101879E-04 
  115    0.27004413E+01  0.70157788E-03  0.73698987E-03  0.92229417E-03  0.12554958E-01  0.62859340E-04  0.75066404E-03  0.89129624E-04  0.13216306E-04 
  116    0.27238217E+01  0.70765214E-03  0.74337074E-03  0.93027940E-03  0.12663659E-01  0.63403577E-04  0.75716329E-03  0.89901309E-04  0.13330733E-04 
  117    0.27472022E+01  0.71372641E-03  0.74975160E-03  0.93826463E-03  0.12772360E-01  0.63947813E-04  0.76366255E-03  0.90672994E-04  0.13445160E-04 
  118    0.27705826E+01  0.71980068E-03  0.75613247E-03  0.94624986E-03  0.12881061E-01  0.64492050E-04  0.77016181E-03  0.91444679E-04  0.13559587E-04 
  119    0.27939631E+01  0.72587495E-03  0.76251333E-03  0.95423509E-03  0.12989762E-01  0.65036287E-04  0.77666106E-03  0.92216364E-04  0.13674014E-04 
  120    0.28173435E+01  0.73194921E-03  0.76889420E-03  0.96222032E-03  0.13098463E-01  0.65580523E-04  0.78316032E-03  0.92988049E-04  0.13788441E-04 
  121    0.28407239E+01  0.73802348E-03  0.77527506E-03  0.97020556E-03  0.13207164E-01  0.66124760E-04  0.78965957E-03  0.93759734E-04  0.13902867E-04 
  122    0.28641044E+01  0.74409775E-03  0.78165593E-03  0.97819079E-03  0.13315864E-01  0.66668997E-04  0.79615883E-03  0.94531419E-04  0.14017294E-04 
  123    0.28874848E+01  0.75017202E-03  0.78803679E-03  0.98617602E-03  0.13424565E-01  0.67213234E-04  0.80265809E-03  0.95303104E-04  0.14131721E-04 
  124    0.29108653E+01  0.75624628E-03  0.79441766E-03  0.99416125E-03  0.13533266E-01  0.67757470E-04  0.80915734E-03  0.96074790E-04  0.14246148E-04 
  125    0.29342457E+01  0.76232055E-03  0.80079852E-03  0.10021465E-02  0.13641967E-01  0.68301707E-04  0.81565660E-03  0.96846475E-04  0.14360575E-04 
  126    0.29576262E+01  0.76839482E-03  0.80717939E-03  0.10101317E-02  0.13750668E-01  0.68845944E-04  0.82215585E-03  0.97618160E-04  0.14475002E-04 
  127    0.29810066E+01  0.77446909E-03  0.81356025E-03  0.10181169E-02  0.13859369E-01  0.69390180E-04  0.82865511E-03  0.98389845E-04  0.14589429E-04 
  128    0.30043871E+01  0.78054335E-03  0.81994111E-03  0.10261022E-02  0.13968070E-01  0.69934417E-04  0.83515436E-03  0.99161530E-04  0.14703856E-04 
  129    0.30277675E+01  0.78661762E-03  0.82632198E-03  0.10340874E-02  0.14076771E-01  0.70478654E-04  0.84165362E-03  0.99933215E-04  0.14818283E-04 
  130    0.30511479E+01  0.79269189E-03  0.83270284E-03  0.10420726E-02  0.14185472E-01  0.71022891E-04  0.84815288E-03  0.10070490E-03  0.14932709E-04 
  131    0.30745284E+01  0.79876615E-03  0.83908371E-03  0.10500579E-02  0.14294173E-01  0.71567127E-04  0.85465213E-03  0.10147658E-03  0.15047136E-04 
  132    0.30979088E+01  0.80484042E-03  0.84546457E-03  0.10580431E-02  0.14402874E-01  0.72111364E-04  0.86115139E-03  0.10224827E-03  0.15161563E-04 
  133    0.31293647E+01  0.43140499E-04  0.13113768E-02  0.82334442E-05  0.74478697E-02  0.12436690E-04  0.13172796E-02  0.80590135E-04  0.25641415E-05 
  134    0.31528057E+01  0.43463649E-04  0.13211999E-02  0.82951180E-05  0.75036590E-02  0.12529849E-04  0.13271469E-02  0.81193806E-04  0.25833485E-05 
  135    0.31762466E+01  0.43786798E-04  0.13310229E-02  0.83567917E-05  0.75594483E-02  0.12623008E-04  0.13370141E-02  0.81797477E-04  0.26025556E-05 
  136    0.31996876E+01  0.44109948E-04  0.13408460E-02  0.84184655E-05  0.76152376E-02  0.12716166E-04  0.13468814E-02  0.82401149E-04  0.26217626E-05 
  137    0.32231285E+01  0.44433098E-04  0.13506690E-02  0.84801392E-05  0.76710269E-02  0.12809325E-04  0.13567487E-02  0.83004820E-04  0.26409697E-05 
  138    0.32465694E+01  0.44756248E-04  0.13604921E-02  0.85418129E-05  0.77268162E-02  0.12902484E-04  0.13666159E-02  0.83608492E-04  0.26601768E-05 
  139    0.32700104E+01  0.45079398E-04  0.13703151E-02  0.86034867E-05  0.77826055E-02  0.12995643E-04  0.13764832E-02  0.84212163E-04  0.26793838E-05 
  140    0.32934513E+01  0.45402547E-04  0.13801382E-02  0.86651604E-05  0.78383948E-02  0.13088801E-04  0.13863504E-02  0.84815834E-04  0.26985909E-05 
  141    0.33168922E+01  0.45725697E-04  0.13899612E-02  0.87268342E-05  0.78941840E-02  0.13181960E-04  0.13962177E-02  0.85419506E-04  0.27177979E-05 
  142    0.33403332E+01  0.46048847E-04  0.13997843E-02  0.87885079E-05  0.79499733E-02  0.13275119E-04  0.14060850E-02  0.86023177E-04  0.27370050E-05 
  143    0.33637741E+01  0.46371997E-04  0.14096073E-02  0.88501816E-05  0.80057626E-02  0.13368278E-04  0.14159522E-02  0.86626849E-04  0.27562120E-05 
  144    0.33872150E+01  0.46695147E-04  0.14194303E-02  0.89118554E-05  0.80615519E-02  0.13461436E-04  0.14258195E-02  0.87230520E-04  0.27754191E-05 
  145    0.34106560E+01  0.47018296E-04  0.14292534E-02  0.89735291E-05  0.81173412E-02  0.13554595E-04  0.14356868E-02  0.87834192E-04  0.27946261E-05 
  146    0.34340969E+01  0.47341446E-04  0.14390764E-02  0.90352029E-05  0.81731305E-02  0.13647754E-04  0.14455540E-02  0.88437863E-04  0.28138332E-05 
  147    0.34575378E+01  0.47664596E-04  0.14488995E-02  0.90968766E-05  0.82289198E-02  0.13740912E-04  0.14554213E-02  0.89041534E-04  0.28330402E-05 
  148    0.34809788E+01  0.47987746E-04  0.14587225E-02  0.91585503E-05  0.82847090E-02  0.13834071E-04  0.14652885E-02  0.89645206E-04  0.28522473E-05 
  149    0.35044197E+01  0.48310896E-04  0.14685456E-02  0.92202241E-05  0.83404983E-02  0.13927230E-04  0.14751558E-02  0.90248877E-04  0.28714543E-05 
  150    0.35278606E+01  0.48634045E-04  0.14783686E-02  0.92818978E-05  0.83962876E-02  0.14020389E-04  0.14850231E-02  0.90852549E-04  0.28906614E-05 
  151    0.35513016E+01  0.48957195E-04  0.14881917E-02  0.93435716E-05  0.84520769E-02  0.14113547E-04  0.14948903E-02  0.91456220E-04  0.29098684E-05 
  152    0.35682569E+01  0.42674202E-05  0.15482519E-02  0.68055067E-05  0.14978977E-01  0.48160101E-05  0.15745557E-02  0.43048733E-04  0.34134567E-05 
  153    0.35916553E+01  0.42954033E-05  0.15584044E-02  0.68501330E-05  0.15077200E-01  0.48475905E-05  0.15848806E-02  0.43331019E-04  0.34358400E-05 
  154    0.36150537E+01  0.43233864E-05  0.15685569E-02  0.68947593E-05  0.15175423E-01  0.48791709E-05  0.15952056E-02  0.43613306E-04  0.34582234E-05 
  155    0.36384521E+01  0.43513694E-05  0.15787093E-02  0.69393855E-05  0.15273645E-01  0.49107513E-05  0.16055306E-02  0.43895593E-04  0.34806067E-05 
  156    0.36618505E+01  0.43793525E-05  0.15888618E-02  0.69840118E-05  0.15371868E-01  0.49423317E-05  0.16158555E-02  0.44177880E-04  0.35029900E-05 
  157    0.36852489E+01  0.44073356E-05  0.15990143E-02  0.70286381E-05  0.15470091E-01  0.49739121E-05  0.16261805E-02  0.44460166E-04  0.35253733E-05 
  158    0.37086473E+01  0.44353187E-05  0.16091667E-02  0.70732644E-05  0.15568314E-01  0.50054924E-05  0.16365054E-02  0.44742453E-04  0.35477566E-05 
  159    0.37320457E+01  0.44633018E-05  0.16193192E-02  0.71178906E-05  0.15666537E-01  0.50370728E-05  0.16468304E-02  0.45024740E-04  0.35701400E-05 
  160    0.37554441E+01  0.44912849E-05  0.16294717E-02  0.71625169E-05  0.15764759E-01  0.50686532E-05  0.16571553E-02  0.45307027E-04  0.35925233E-05 
  161    0.37788425E+01  0.45192679E-05  0.16396242E-02  0.72071432E-05  0.15862982E-01  0.51002336E-05  0.16674803E-02  0.45589314E-04  0.36149066E-05 
  162    0.38022409E+01  0.45472510E-05  0.16497766E-02  0.72517695E-05  0.15961205E-01  0.51318140E-05  0.16778052E-02  0.45871600E-04  0.36372899E-05 
  163    0.38256394E+01  0.45752341E-05  0.16599291E-02  0.72963957E-05  0.16059428E-01  0.51633944E-05  0.16881302E-02  0.46153887E-04  0.36596733E-05 
  164    0.38490378E+01  0.46032172E-05  0.16700816E-02  0.73410220E-05  0.16157651E-01  0.51949748E-05  0.16984551E-02  0.46436174E-04  0.36820566E-05 
  165    0.38724362E+01  0.46312003E-05  0.16802340E-02  0.73856483E-05  0.16255873E-01  0.52265552E-05  0.17087801E-02  0.46718461E-04  0.37044399E-05 
  166    0.38958346E+01  0.46591834E-05  0.16903865E-02  0.74302745E-05  0.16354096E-01  0.52581356E-05  0.17191051E-02  0.47000747E-04  0.37268232E-05 
  167    0.39192330E+01  0.46871664E-05  0.17005390E-02  0.74749008E-05  0.16452319E-01  0.52897160E-05  0.17294300E-02  0.47283034E-04  0.37492065E-05 
  168    0.39426314E+01  0.47151495E-05  0.17106915E-02  0.75195271E-05  0.16550542E-01  0.53212964E-05  0.17397550E-02  0.47565321E-04  0.37715899E-05 
  169    0.39660298E+01  0.47431326E-05  0.17208439E-02  0.75641534E-05  0.16648765E-01  0.53528768E-05  0.17500799E-02  0.47847608E-04  0.37939732E-05 
  170    0.39894282E+01  0.47711157E-05  0.17309964E-02  0.76087796E-05  0.16746987E-01  0.53844572E-05  0.17604049E-02  0.48129895E-04  0.38163565E-05 
  171    0.40213525E+01  0.12452928E-05  0.14092810E-02  0.39047191E-06  0.89812487E-02  0.30383015E-05  0.14217592E-02  0.80038470E-04  0.43069111E-05 
  172    0.40448006E+01  0.12525540E-05  0.14174984E-02  0.39274872E-06  0.90336175E-02  0.30560176E-05  0.14300493E-02  0.80505166E-04  0.43320243E-05 
  173    0.40682487E+01  0.12598152E-05  0.14257158E-02  0.39502552E-06  0.90859863E-02  0.30737336E-05  0.14383395E-02  0.80971863E-04  0.43571375E-05 
  174    0.40916969E+01  0.12670764E-05  0.14339331E-02  0.39730233E-06  0.91383551E-02  0.30914497E-05  0.14466296E-02  0.81438560E-04  0.43822507E-05 
  175    0.41151450E+01  0.12743376E-05  0.14421505E-02  0.39957913E-06  0.91907239E-02  0.31091657E-05  0.14549197E-02  0.81905256E-04  0.44073639E-05 
  176    0.41385931E+01  0.12815988E-05  0.14503679E-02  0.40185593E-06  0.92430927E-02  0.31268818E-05  0.14632099E-02  0.82371953E-04  0.44324771E-05 
  177    0.41620412E+01  0.12888599E-05  0.14585853E-02  0.40413274E-06  0.92954615E-02  0.31445978E-05  0.14715000E-02  0.82838650E-04  0.44575902E-05 
  178    0.41854893E+01  0.12961211E-05  0.14668027E-02  0.40640954E-06  0.93478303E-02  0.31623139E-05  0.14797902E-02  0.83305346E-04  0.44827034E-05 
  179    0.42089375E+01  0.13033823E-05  0.14750201E-02  0.40868635E-06  0.94001991E-02  0.31800299E-05  0.14880803E-02  0.83772043E-04  0.45078166E-05 
  180    0.42323856E+01  0.13106435E-05  0.14832374E-02  0.41096315E-06  0.94525679E-02  0.31977459E-05  0.14963705E-02  0.84238739E-04  0.45329298E-05 
  181    0.42558337E+01  0.13179047E-05  0.14914548E-02  0.41323995E-06  0.95049367E-02  0.32154620E-05  0.15046606E-02  0.84705436E-04  0.45580430E-05 
  182    0.42792818E+01  0.13251658E-05  0.14996722E-02  0.41551676E-06  0.95573055E-02  0.32331780E-05  0.15129507E-02  0.85172133E-04  0.45831562E-05 
  183    0.43027299E+01  0.13324270E-05  0.15078896E-02  0.41779356E-06  0.96096743E-02  0.32508941E-05  0.15212409E-02  0.85638829E-04  0.46082693E-05 
  184    0.43261781E+01  0.13396882E-05  0.15161070E-02  0.42007037E-06  0.96620431E-02  0.32686101E-05  0.15295310E-02  0.86105526E-04  0.46333825E-05 
  185    0.43496262E+01  0.13469494E-05  0.15243243E-02  0.42234717E-06  0.97144119E-02  0.32863262E-05  0.15378212E-02  0.86572222E-04  0.46584957E-05 
  186    0.43730743E+01  0.13542106E-05  0.15325417E-02  0.42462398E-06  0.97667807E-02  0.33040422E-05  0.15461113E-02  0.87038919E-04  0.46836089E-05 
  187    0.43965224E+01  0.13614718E-05  0.15407591E-02  0.42690078E-06  0.98191495E-02  0.33217583E-05  0.15544014E-02  0.87505616E-04  0.47087221E-05 
  188    0.44199705E+01  0.13687329E-05  0.15489765E-02  0.42917758E-06  0.98715183E-02  0.33394743E-05  0.15626916E-02  0.87972312E-04  0.47338353E-05 
  189    0.44434186E+01  0.13759941E-05  0.15571939E-02  0.43145439E-06  0.99238870E-02  0.33571903E-05  0.15709817E-02  0.88439009E-04  0.47589485E-05 
  190    0.44537444E+01  0.36123430E-06  0.85952063E-03  0.59865701E-07  0.24543764E-01  0.20474243E-05  0.86512256E-03  0.69654610E-04  0.16832367E-05 
  191    0.44771236E+01  0.36313055E-06  0.86403255E-03  0.60179957E-07  0.24672603E-01  0.20581719E-05  0.86966388E-03  0.70020251E-04  0.16920726E-05 
  192    0.45005028E+01  0.36502679E-06  0.86854447E-03  0.60494212E-07  0.24801442E-01  0.20689195E-05  0.87420521E-03  0.70385892E-04  0.17009085E-05 
  193    0.45238821E+01  0.36692303E-06  0.87305639E-03  0.60808468E-07  0.24930280E-01  0.20796672E-05  0.87874654E-03  0.70751533E-04  0.17097444E-05 
  194    0.45472613E+01  0.36881928E-06  0.87756831E-03  0.61122724E-07  0.25059119E-01  0.20904148E-05  0.88328786E-03  0.71117174E-04  0.17185803E-05 
  195    0.45706406E+01  0.37071552E-06  0.88208023E-03  0.61436979E-07  0.25187958E-01  0.21011624E-05  0.88782919E-03  0.71482815E-04  0.17274162E-05 
  196    0.45940198E+01  0.37261176E-06  0.88659215E-03  0.61751235E-07  0.25316796E-01  0.21119101E-05  0.89237051E-03  0.71848456E-04  0.17362521E-05 
  197    0.46173990E+01  0.37450800E-06  0.89110407E-03  0.62065491E-07  0.25445635E-01  0.21226577E-05  0.89691184E-03  0.72214097E-04  0.17450880E-05 
  198    0.46407783E+01  0.37640425E-06  0.89561599E-03  0.62379746E-07  0.25574474E-01  0.21334053E-05  0.90145316E-03  0.72579738E-04  0.17539238E-05 
  199    0.46641575E+01  0.37830049E-06  0.90012790E-03  0.62694002E-07  0.25703312E-01  0.21441530E-05  0.90599449E-03  0.72945379E-04  0.17627597E-05 
  200    0.46875367E+01  0.38019673E-06  0.90463982E-03  0.63008257E-07  0.25832151E-01  0.21549006E-05  0.91053582E-03  0.73311020E-04  0.17715956E-05 
  201    0.47109160E+01  0.38209298E-06  0.90915174E-03  0.63322513E-07  0.25960989E-01  0.21656482E-05  0.91507714E-03  0.73676661E-04  0.17804315E-05 
  202    0.47342952E+01  0.38398922E-06  0.91366366E-03  0.63636769E-07  0.26089828E-01  0.21763959E-05  0.91961847E-03  0.74042302E-04  0.17892674E-05 
  203    0.47576744E+01  0.38588546E-06  0.91817558E-03  0.63951024E-07  0.26218667E-01  0.21871435E-05  0.92415979E-03  0.74407943E-04  0.17981033E-05 
  204    0.47810537E+01  0.38778171E-06  0.92268750E-03  0.64265280E-07  0.26347505E-01  0.21978911E-05  0.92870112E-03  0.74773584E-04  0.18069392E-05 
  205    0.48044329E+01  0.38967795E-06  0.92719942E-03  0.64579536E-07  0.26476344E-01  0.22086388E-05  0.93324244E-03  0.75139225E-04  0.18157751E-05 
  206    0.48278121E+01  0.39157419E-06  0.93171134E-03  0.64893791E-07  0.26605183E-01  0.22193864E-05  0.93778377E-03  0.75504866E-04  0.18246110E-05 
  207    0.48511914E+01  0.39347043E-06  0.93622326E-03  0.65208047E-07  0.26734021E-01  0.22301341E-05  0.94232510E-03  0.75870507E-04  0.18334468E-05 
  208    0.48745706E+01  0.39536668E-06  0.94073518E-03  0.65522303E-07  0.26862860E-01  0.22408817E-05  0.94686642E-03  0.76236148E-04  0.18422827E-05 
  209    0.49085361E+01  0.76133040E-07  0.62404863E-03  0.18703670E-06  0.17034518E-01  0.13171456E-05  0.61780229E-03  0.99764012E-04  0.55577737E-05 
  210    0.49319659E+01  0.76496444E-07  0.62702739E-03  0.18792948E-06  0.17115828E-01  0.13234327E-05  0.62075123E-03  0.10024021E-03  0.55843025E-05 
  211    0.49553956E+01  0.76859847E-07  0.63000614E-03  0.18882226E-06  0.17197138E-01  0.13297198E-05  0.62370017E-03  0.10071641E-03  0.56108312E-05 
  212    0.49788254E+01  0.77223251E-07  0.63298489E-03  0.18971503E-06  0.17278449E-01  0.13360069E-05  0.62664910E-03  0.10119261E-03  0.56373600E-05 
  213    0.50022552E+01  0.77586654E-07  0.63596364E-03  0.19060781E-06  0.17359759E-01  0.13422940E-05  0.62959804E-03  0.10166881E-03  0.56638887E-05 
  214    0.50256849E+01  0.77950058E-07  0.63894240E-03  0.19150059E-06  0.17441069E-01  0.13485811E-05  0.63254698E-03  0.10214501E-03  0.56904175E-05 
  215    0.50491147E+01  0.78313461E-07  0.64192115E-03  0.19239336E-06  0.17522380E-01  0.13548682E-05  0.63549591E-03  0.10262122E-03  0.57169462E-05 
  216    0.50725445E+01  0.78676865E-07  0.64489990E-03  0.19328614E-06  0.17603690E-01  0.13611553E-05  0.63844485E-03  0.10309742E-03  0.57434750E-05 
  217    0.50959742E+01  0.79040268E-07  0.64787865E-03  0.19417892E-06  0.17685000E-01  0.13674424E-05  0.64139379E-03  0.10357362E-03  0.57700037E-05 
  218    0.51194040E+01  0.79403672E-07  0.65085741E-03  0.19507169E-06  0.17766311E-01  0.13737294E-05  0.64434273E-03  0.10404982E-03  0.57965325E-05 
  219    0.51428338E+01  0.79767075E-07  0.65383616E-03  0.19596447E-06  0.17847621E-01  0.13800165E-05  0.64729166E-03  0.10452602E-03  0.58230612E-05 
  220    0.51662635E+01  0.80130479E-07  0.65681491E-03  0.19685725E-06  0.17928932E-01  0.13863036E-05  0.65024060E-03  0.10500222E-03  0.58495900E-05 
  221    0.51896933E+01  0.80493882E-07  0.65979366E-03  0.19775002E-06  0.18010242E-01  0.13925907E-05  0.65318954E-03  0.10547842E-03  0.58761188E-05 
  222    0.52131231E+01  0.80857286E-07  0.66277242E-03  0.19864280E-06  0.18091552E-01  0.13988778E-05  0.65613847E-03  0.10595462E-03  0.59026475E-05 
  223    0.52365528E+01  0.81220690E-07  0.66575117E-03  0.19953558E-06  0.18172863E-01  0.14051649E-05  0.65908741E-03  0.10643082E-03  0.59291763E-05 
  224    0.52599826E+01  0.81584093E-07  0.66872992E-03  0.20042835E-06  0.18254173E-01  0.14114520E-05  0.66203635E-03  0.10690702E-03  0.59557050E-05 
  225    0.52834124E+01  0.81947497E-07  0.67170867E-03  0.20132113E-06  0.18335483E-01  0.14177391E-05  0.66498528E-03  0.10738322E-03  0.59822338E-05 
  226    0.53068421E+01  0.82310900E-07  0.67468743E-03  0.20221391E-06  0.18416794E-01  0.14240262E-05  0.66793422E-03  0.10785942E-03  0.60087625E-05 
  227    0.53302719E+01  0.82674304E-07  0.67766618E-03  0.20310668E-06  0.18498104E-01  0.14303133E-05  0.67088316E-03  0.10833562E-03  0.60352913E-05 
  228    0.53473395E+01  0.77019422E-07  0.36198131E-03  0.26231627E-06  0.25610476E-01  0.71015901E-06  0.35214533E-03  0.83015258E-04  0.39712569E-05 
  229    0.53707414E+01  0.77356488E-07  0.36356547E-03  0.26346426E-06  0.25722557E-01  0.71326693E-06  0.35368645E-03  0.83378563E-04  0.39886366E-05 
  230    0.53941434E+01  0.77693553E-07  0.36514963E-03  0.26461225E-06  0.25834638E-01  0.71637485E-06  0.35522757E-03  0.83741868E-04  0.40060162E-05 
  231    0.54175453E+01  0.78030618E-07  0.36673380E-03  0.26576024E-06  0.25946718E-01  0.71948276E-06  0.35676868E-03  0.84105174E-04  0.40233959E-05 
  232    0.54409472E+01  0.78367684E-07  0.36831796E-03  0.26690824E-06  0.26058799E-01  0.72259068E-06  0.35830980E-03  0.84468479E-04  0.40407756E-05 
  233    0.54643491E+01  0.78704749E-07  0.36990212E-03  0.26805623E-06  0.26170880E-01  0.72569860E-06  0.35985092E-03  0.84831784E-04  0.40581553E-05 
  234    0.54877511E+01  0.79041814E-07  0.37148629E-03  0.26920422E-06  0.26282961E-01  0.72880652E-06  0.36139204E-03  0.85195090E-04  0.40755350E-05 
  235    0.55111530E+01  0.79378880E-07  0.37307045E-03  0.27035221E-06  0.26395042E-01  0.73191443E-06  0.36293315E-03  0.85558395E-04  0.40929146E-05 
  236    0.55345549E+01  0.79715945E-07  0.37465461E-03  0.27150021E-06  0.26507123E-01  0.73502235E-06  0.36447427E-03  0.85921700E-04  0.41102943E-05 
  237    0.55579568E+01  0.80053010E-07  0.37623878E-03  0.27264820E-06  0.26619204E-01  0.73813027E-06  0.36601539E-03  0.86285005E-04  0.41276740E-05 
  238    0.55813588E+01  0.80390075E-07  0.37782294E-03  0.27379619E-06  0.26731284E-01  0.74123818E-06  0.36755651E-03  0.86648311E-04  0.41450537E-05 
  239    0.56047607E+01  0.80727141E-07  0.37940710E-03  0.27494418E-06  0.26843365E-01  0.74434610E-06  0.36909762E-03  0.87011616E-04  0.41624334E-05 
  240    0.56281626E+01  0.81064206E-07  0.38099127E-03  0.27609217E-06  0.26955446E-01  0.74745402E-06  0.37063874E-03  0.87374921E-04  0.41798130E-05 
  241    0.56515645E+01  0.81401271E-07  0.38257543E-03  0.27724017E-06  0.27067527E-01  0.75056193E-06  0.37217986E-03  0.87738227E-04  0.41971927E-05 
  242    0.56749664E+01  0.81738337E-07  0.38415959E-03  0.27838816E-06  0.27179608E-01  0.75366985E-06  0.37372098E-03  0.88101532E-04  0.42145724E-05 
  243    0.56983684E+01  0.82075402E-07  0.38574376E-03  0.27953615E-06  0.27291689E-01  0.75677777E-06  0.37526209E-03  0.88464837E-04  0.42319521E-05 
  244    0.57217703E+01  0.82412467E-07  0.38732792E-03  0.28068414E-06  0.27403770E-01  0.75988568E-06  0.37680321E-03  0.88828142E-04  0.42493318E-05 
  245    0.57451722E+01  0.82749533E-07  0.38891208E-03  0.28183214E-06  0.27515850E-01  0.76299360E-06  0.37834433E-03  0.89191448E-04  0.42667114E-05 
  246    0.57685741E+01  0.83086598E-07  0.39049625E-03  0.28298013E-06  0.27627931E-01  0.76610152E-06  0.37988545E-03  0.89554753E-04  0.42840911E-05 
  247    0.58131387E+01  0.54712858E-07  0.95207750E-04  0.88887741E-06  0.71068682E-02  0.91796941E-07  0.89129450E-04  0.14941603E-03  0.46261625E-05 
  248    0.58366261E+01  0.54933921E-07  0.95592428E-04  0.89246884E-06  0.71355829E-02  0.92167837E-07  0.89489569E-04  0.15001973E-03  0.46448541E-05 
  249    0.58601135E+01  0.55154983E-07  0.95977106E-04  0.89606026E-06  0.71642975E-02  0.92538734E-07  0.89849688E-04  0.15062343E-03  0.46635457E-05 
  250    0.58836009E+01  0.55376045E-07  0.96361784E-04  0.89965169E-06  0.71930121E-02  0.92909631E-07  0.90209807E-04  0.15122713E-03  0.46822372E-05 
  251    0.59070884E+01  0.55597107E-07  0.96746461E-04  0.90324311E-06  0.72217267E-02  0.93280528E-07  0.90569926E-04  0.15183083E-03  0.47009288E-05 
  252    0.59305758E+01  0.55818169E-07  0.97131139E-04  0.90683453E-06  0.72504413E-02  0.93651424E-07  0.90930045E-04  0.15243454E-03  0.47196204E-05 
  253    0.59540632E+01  0.56039231E-07  0.97515817E-04  0.91042596E-06  0.72791560E-02  0.94022321E-07  0.91290164E-04  0.15303824E-03  0.47383119E-05 
  254    0.59775507E+01  0.56260293E-07  0.97900495E-04  0.91401738E-06  0.73078706E-02  0.94393218E-07  0.91650283E-04  0.15364194E-03  0.47570035E-05 
  255    0.60010381E+01  0.56481355E-07  0.98285172E-04  0.91760881E-06  0.73365852E-02  0.94764115E-07  0.92010402E-04  0.15424564E-03  0.47756951E-05 
  256    0.60245255E+01  0.56702417E-07  0.98669850E-04  0.92120023E-06  0.73652998E-02  0.95135011E-07  0.92370521E-04  0.15484934E-03  0.47943866E-05 
  257    0.60480129E+01  0.56923479E-07  0.99054528E-04  0.92479165E-06  0.73940144E-02  0.95505908E-07  0.92730640E-04  0.15545304E-03  0.48130782E-05 
  258    0.60715004E+01  0.57144541E-07  0.99439206E-04  0.92838308E-06  0.74227291E-02  0.95876805E-07  0.93090759E-04  0.15605674E-03  0.48317698E-05 
  259    0.60949878E+01  0.57365603E-07  0.99823884E-04  0.93197450E-06  0.74514437E-02  0.96247702E-07  0.93450878E-04  0.15666044E-03  0.48504613E-05 
